MINIMAP

FILES
0 *
1 <absolute>
2 <common>
3 <linker-defined>
4 FileCase.exp
5 FileCase.obj
6 FileCase.res
7 FileMix.obj
8 LIBCMT:alloca16.obj
9 LIBCMT:argv_mode.obj
10 LIBCMT:checkcfg.obj
11 LIBCMT:chkstk.obj
12 LIBCMT:cpu_disp.obj
13 LIBCMT:default_local_stdio_options.obj
14 LIBCMT:delete_array.obj
15 LIBCMT:delete_scalar.obj
16 LIBCMT:delete_scalar_size.obj
17 LIBCMT:dll_dllmain.obj
18 LIBCMT:dll_dllmain_stub.obj
19 LIBCMT:dyn_tls_init.obj
20 LIBCMT:ehprolg3.obj
21 LIBCMT:fltused.obj
22 LIBCMT:ftol2.obj
23 LIBCMT:gs_cookie.obj
24 LIBCMT:gs_report.obj
25 LIBCMT:gs_support.obj
26 LIBCMT:guard_support.obj
27 LIBCMT:initializers.obj
28 LIBCMT:initsect.obj
29 LIBCMT:loadcfg.obj
30 LIBCMT:new_array.obj
31 LIBCMT:new_scalar.obj
32 LIBCMT:pesect.obj
33 LIBCMT:secchk.obj
34 LIBCMT:sehprolg4.obj
35 LIBCMT:std_type_info_static.obj
36 LIBCMT:throw_bad_alloc.obj
37 LIBCMT:tncleanup.obj
38 LIBCMT:ucrt_detection.obj
39 LIBCMT:utility.obj
40 LIBCMT:utility_desktop.obj
41 LIBCMT:x86_exception_filter.obj
42 ProcessName.obj
43 filecvt.obj
44 kernel32:KERNEL32.dll
45 libcpmt:xthrow.obj
46 libucrt:87disp.obj
47 libucrt:87except.obj
48 libucrt:87tran.obj
49 libucrt:_fenvutils.obj
50 libucrt:_file.obj
51 libucrt:_freebuf.obj
52 libucrt:_sftbuf.obj
53 libucrt:_strnicm.obj
54 libucrt:abort.obj
55 libucrt:argv_data.obj
56 libucrt:argv_parsing.obj
57 libucrt:argv_wildcards.obj
58 libucrt:calloc.obj
59 libucrt:calloc_base.obj
60 libucrt:ceil.obj
61 libucrt:ceil_pentium4.obj
62 libucrt:close.obj
63 libucrt:closeall.obj
64 libucrt:commit.obj
65 libucrt:common.obj
66 libucrt:common_utf8.obj
67 libucrt:console_output_initializer.obj
68 libucrt:ctype.obj
69 libucrt:environment_initialization.obj
70 libucrt:errno.obj
71 libucrt:exception_filter.obj
72 libucrt:exit.obj
73 libucrt:fclose.obj
74 libucrt:fegetround.obj
75 libucrt:fflush.obj
76 libucrt:fileno.obj
77 libucrt:fp_flags.obj
78 libucrt:fpctrl.obj
79 libucrt:fpexcept.obj
80 libucrt:free.obj
81 libucrt:free_base.obj
82 libucrt:frnd.obj
83 libucrt:genexcep.obj
84 libucrt:get_environment_from_os.obj
85 libucrt:get_qualified_locale.obj
86 libucrt:getmodulefilenamea.obj
87 libucrt:getstringtypea.obj
88 libucrt:glstatus.obj
89 libucrt:heap_handle.obj
90 libucrt:ieeemisc.obj
91 libucrt:initcon.obj
92 libucrt:initialization.obj
93 libucrt:initmon.obj
94 libucrt:initnum.obj
95 libucrt:initterm.obj
96 libucrt:inittime.obj
97 libucrt:invalid_parameter.obj
98 libucrt:ioinit.obj
99 libucrt:isatty.obj
100 libucrt:ismbbyte.obj
101 libucrt:lcidtoname_downlevel.obj
102 libucrt:lcmapstringa.obj
103 libucrt:libm_error.obj
104 libucrt:locale_initializer.obj
105 libucrt:locale_refcounting.obj
106 libucrt:locale_update.obj
107 libucrt:localeconv.obj
108 libucrt:locks.obj
109 libucrt:log10_impl.obj
110 libucrt:log10_pentium4.obj
111 libucrt:log10_tables.obj
112 libucrt:lseek.obj
113 libucrt:malloc.obj
114 libucrt:malloc_base.obj
115 libucrt:matherr.obj
116 libucrt:mathfcns.obj
117 libucrt:mbctype.obj
118 libucrt:mbrtoc32.obj
119 libucrt:mbrtowc.obj
120 libucrt:mbsdec.obj
121 libucrt:mbtowc.obj
122 libucrt:msize.obj
123 libucrt:multibyte_initializer.obj
124 libucrt:multibytetowidechar.obj
125 libucrt:new_handler.obj
126 libucrt:new_mode.obj
127 libucrt:nlsdata.obj
128 libucrt:onexit.obj
129 libucrt:osfinfo.obj
130 libucrt:output.obj
131 libucrt:peb_access.obj
132 libucrt:per_thread_data.obj
133 libucrt:powhlp.obj
134 libucrt:putwch.obj
135 libucrt:qsort.obj
136 libucrt:read.obj
137 libucrt:realloc_base.obj
138 libucrt:recalloc.obj
139 libucrt:report_runtime_error.obj
140 libucrt:shared_initialization.obj
141 libucrt:signal.obj
142 libucrt:sse2_initializer.obj
143 libucrt:stdio_initializer.obj
144 libucrt:strcpy_s.obj
145 libucrt:stream.obj
146 libucrt:strncmp.obj
147 libucrt:strncnt.obj
148 libucrt:strncpy_s.obj
149 libucrt:strpbrk.obj
150 libucrt:terminate.obj
151 libucrt:util.obj
152 libucrt:wcsncmp.obj
153 libucrt:wcsnicmp.obj
154 libucrt:widechartomultibyte.obj
155 libucrt:win_policies.obj
156 libucrt:winapi_thunks.obj
157 libucrt:write.obj
158 libucrt:wsetlocale.obj
159 libvcruntime:chandler4.obj
160 libvcruntime:ehhelpers.obj
161 libvcruntime:ehstate.obj
162 libvcruntime:exsup.obj
163 libvcruntime:exsup4.obj
164 libvcruntime:frame.obj
165 libvcruntime:initialization.obj
166 libvcruntime:jbcxrval.obj
167 libvcruntime:locks.obj
168 libvcruntime:lowhelpr.obj
169 libvcruntime:memcpy.obj
170 libvcruntime:memset.obj
171 libvcruntime:per_thread_data.obj
172 libvcruntime:purevirt_data.obj
173 libvcruntime:std_exception.obj
174 libvcruntime:std_type_info.obj
175 libvcruntime:throw.obj
176 libvcruntime:trnsctrl.obj
177 libvcruntime:undname.obj
178 libvcruntime:unexpected.obj
179 libvcruntime:wcsrchr.obj
180 libvcruntime:winapi_downlevel.obj
181 vc_crt_fix.obj
182 vc_crt_fix_impl.obj

SYMBOLS
0 1 ___AbsoluteZero
E 1 ___safe_se_handler_count
100 1 ___guard_flags
1000 5 ??1PluginSettings@@QAE@XZ
1050 5 _GetGlobalInfoW@4
10E0 5 _SetStartupInfoW@4
1360 5 _OpenW@4
1370 5 _GetPluginInfoW@4
13B0 43 ??0exception@std@@QAE@ABV01@@Z
13E0 43 ?what@exception@std@@UBEPBDXZ
13F0 0 ??_Ebad_alloc@std@@UAEPAXI@Z
1420 43 ??1bad_alloc@std@@UAE@XZ
1440 43 ??0bad_array_new_length@std@@QAE@XZ
1460 43 ?_Throw_bad_array_new_length@std@@YAXXZ
1480 43 ??0bad_array_new_length@std@@QAE@ABV01@@Z
14C0 43 ??0bad_alloc@std@@QAE@ABV01@@Z
1500 43 ?_Xlen_string@std@@YAXXZ
1510 43 ?SaveValue@PluginCheckBoxBinding@@UAEXPBUFarDialogItem@@H@Z
1560 0 ??_EPluginCheckBoxBinding@@UAEPAXI@Z
1580 43 ?SaveValue@PluginRadioButtonBinding@@UAEXPBUFarDialogItem@@H@Z
15B0 0 ??_EPluginRadioButtonBinding@@UAEPAXI@Z
15D0 43 ?SaveValue@PluginEditFieldBinding@@UAEXPBUFarDialogItem@@H@Z
1670 43 ??0PluginDialogBuilder@@QAE@ABUPluginStartupInfo@@ABU_GUID@@1HPB_WP6GHPAXHH3@Z3_K@Z
1890 43 ??1PluginDialogBuilder@@QAE@XZ
1920 43 ?AddCheckbox@PluginDialogBuilder@@QAEPAUFarDialogItem@@HPAHH_N@Z
1A0C 43 $LN40
1A1C 43 $LN39
1A30 43 ?AddRadioButtons@PluginDialogBuilder@@QAEPAUFarDialogItem@@PAHHQBH_N@Z
1C64 43 $LN62
1C74 43 $LN61
1C80 43 ?AddButtons@PluginDialogBuilder@@QAEXHPBHHH@Z
1E84 43 $LN52
1E94 43 $LN51
1EA0 43 ?ShowDialogEx@PluginDialogBuilder@@QAEHXZ
2114 43 $LN76
2124 43 $LN75
2130 43 ?AddDialogItem@PluginDialogBuilder@@AAEPAUFarDialogItem@@W4FARDIALOGITEMTYPES@@PB_W@Z
2260 43 ?Set@PluginSettings@@QAE_NIPB_WH@Z
22B0 43 ?DlgProc@@YGHPAXHH0@Z
2300 43 ?CaseConvertion@@YAXXZ
2C04 43 $LN225
2C14 43 $LN224
2C20 43 $LN227
2C30 43 $LN226
2C40 43 ??$_Reallocate_for@V<lambda_1>@?1??assign@?$basic_string@_WU?$char_traits@_W@std@@V?$allocator@_W@2@@std@@QAEAAV34@QB_WI@Z@PB_W@?$basic_string@_WU?$char_traits@_W@std@@V?$allocator@_W@2@@std@@AAEAAV01@IV<lambda_1>@?1??assign@01@QAEAAV01@QB_WI@Z@PB_W@Z
2D50 7 ?IsCaseMixed@@YAHPB_W@Z
2DD0 7 ?CaseWord@@YAXPA_WH@Z
2E78 7 $LN37
2E90 42 ?ProcessName@@YAXPB_WK@Z
3110 182 _Wrapper_EncodePointer@4
3160 182 ?impl@implementation@?1??Wrapper_DecodePointer@@YGPAXPAX@Z@SGPAX0@Z
31D0 182 _Wrapper_DecodePointer@4
3220 182 _Wrapper_GetModuleHandleExW@12
3270 182 ?impl@implementation@?1??Wrapper_GetModuleHandleExW@@YGHKPB_WPAPAUHINSTANCE__@@@Z@SGHK01@Z
3340 182 _Wrapper_InitializeSListHead@4
3390 182 ?impl@implementation@?1??Wrapper_InitializeSListHead@@YGXPAT_SLIST_HEADER@@@Z@SGX0@Z
33B0 182 _Wrapper_InterlockedFlushSList@4
3400 182 ?impl@implementation@?1??Wrapper_InterlockedFlushSList@@YGPAU_SINGLE_LIST_ENTRY@@PAT_SLIST_HEADER@@@Z@SGPAU3@0@Z
3470 182 _Wrapper_InterlockedPushEntrySList@8
34C0 182 ?impl@implementation@?1??Wrapper_InterlockedPushEntrySList@@YGPAU_SINGLE_LIST_ENTRY@@PAT_SLIST_HEADER@@PAU3@@Z@SGPAU3@01@Z
3520 182 _Wrapper_GetNumaHighestNodeNumber@4
3570 182 ?impl@implementation@?1??Wrapper_GetNumaHighestNodeNumber@@YGHPAK@Z@SGH0@Z
3590 182 _Wrapper_GetLogicalProcessorInformation@8
35E0 182 ?impl@implementation@?1??Wrapper_GetLogicalProcessorInformation@@YGHPAU_SYSTEM_LOGICAL_PROCESSOR_INFORMATION@@PAK@Z@SGH01@Z
35F0 182 _Wrapper_SetThreadStackGuarantee@4
3640 182 ?impl@implementation@?1??Wrapper_SetThreadStackGuarantee@@YGHPAK@Z@SGH0@Z
3650 182 _Wrapper_InitializeCriticalSectionEx@12
36A0 182 ?impl@implementation@?1??Wrapper_InitializeCriticalSectionEx@@YGHPAU_RTL_CRITICAL_SECTION@@KK@Z@SGH0KK@Z
36D0 182 _Wrapper_CompareStringEx@36
3720 182 ?impl@implementation@?1??Wrapper_CompareStringEx@@YGHPB_WK0H0HPAU_nlsversioninfo@@PAXJ@Z@SGH0K0H0H12J@Z
3780 182 _Wrapper_LCMapStringEx@36
37D0 182 ?impl@implementation@?1??Wrapper_LCMapStringEx@@YGHPB_WK0HPA_WHPAU_nlsversioninfo@@PAXJ@Z@SGH0K0H1H23J@Z
3830 182 _Wrapper_SleepConditionVariableSRW@16
3880 182 ?impl@implementation@?1??Wrapper_SleepConditionVariableSRW@@YGHPAU_RTL_CONDITION_VARIABLE@@PAU_RTL_SRWLOCK@@KK@Z@SGH01KK@Z
3890 182 _Wrapper_WakeAllConditionVariable@4
38E0 182 ?impl@implementation@?1??Wrapper_AcquireSRWLockExclusive@@YGXPAU_RTL_SRWLOCK@@@Z@SGX0@Z
38F0 182 _Wrapper_AcquireSRWLockExclusive@4
3940 182 _Wrapper_ReleaseSRWLockExclusive@4
3990 182 _Wrapper_TryAcquireSRWLockExclusive@4
39E0 182 ?impl@implementation@?1??Wrapper_TryAcquireSRWLockExclusive@@YGEPAU_RTL_SRWLOCK@@@Z@SGE0@Z
39F0 182 _Wrapper_InitializeSRWLock@4
3A40 182 ?impl@implementation@?1??Wrapper_InitializeSRWLock@@YGXPAU_RTL_SRWLOCK@@@Z@SGX0@Z
3A50 182 _Wrapper_FlsAlloc@4
3AA0 182 ?impl@implementation@?1??Wrapper_FlsAlloc@@YGKP6GXPAX@Z@Z@SGK1@Z
3AB0 182 _Wrapper_FlsGetValue@4
3B00 182 ?impl@implementation@?1??Wrapper_FlsGetValue@@YGPAXK@Z@SGPAXK@Z
3B10 182 _Wrapper_FlsSetValue@8
3B60 182 ?impl@implementation@?1??Wrapper_FlsSetValue@@YGHKPAX@Z@SGHK0@Z
3B70 182 _Wrapper_FlsFree@4
3BC0 182 ?impl@implementation@?1??Wrapper_FlsFree@@YGHK@Z@SGHK@Z
3BD0 33 @__security_check_cookie@4
3BDE 14 ??_V@YAXPAX@Z
3BE3 31 ??2@YAPAXI@Z
3C13 15 ??3@YAXPAX@Z
3C18 16 ??3@YAXPAXI@Z
3C26 30 ??_U@YAPAXI@Z
3C2F 35 ??_Etype_info@@UAEPAXI@Z
3C52 17 ?dllmain_crt_dispatch@@YGHQAUHINSTANCE__@@KQAX@Z
3CA5 17 ?dllmain_crt_process_attach@@YAHQAUHINSTANCE__@@QAX@Z
3DAC 17 ?dllmain_crt_process_detach@@YAH_N@Z
3E5C 17 ?dllmain_dispatch@@YAHQAUHINSTANCE__@@KQAX@Z
3F67 17 ?dllmain_raw@@YGHQAUHINSTANCE__@@KQAX@Z
3F92 17 __DllMainCRTStartup@12
3FB5 24 ___raise_securityfailure
3FDF 24 ___report_gsfailure
40DA 36 ??0bad_alloc@std@@QAE@XZ
40F2 36 ?__scrt_throw_std_bad_alloc@@YAXXZ
410F 25 ___get_entropy
415C 25 ___security_init_cookie
41A7 18 _DllMain@12
41AD 37 ?__scrt_initialize_type_info@@YAXXZ
41B9 37 ?__scrt_uninitialize_type_info@@YAXXZ
41C5 13 ___local_stdio_printf_options
41CB 13 ___local_stdio_scanf_options
41D1 13 ___scrt_initialize_default_local_stdio_options
41EE 39 ?find_pe_section@@YAPAU_IMAGE_SECTION_HEADER@@QAEI@Z
4232 39 ___scrt_acquire_startup_lock
4264 39 ___scrt_dllmain_after_initialize_c
428F 39 ___scrt_dllmain_before_initialize_c
429D 39 ___scrt_dllmain_crt_thread_attach
42BC 39 ___scrt_dllmain_crt_thread_detach
42C9 39 ___scrt_dllmain_exception_filter
42FD 39 ___scrt_dllmain_uninitialize_c
4320 39 ___scrt_dllmain_uninitialize_critical
432D 39 ___scrt_initialize_crt
4366 39 ___scrt_initialize_onexit_tables
43ED 39 ___scrt_is_nonwritable_in_current_image
4481 39 ___scrt_release_startup_lock
449E 39 ___scrt_uninitialize_crt
44C6 19 ___scrt_get_dyn_tls_init_callback
44CC 40 ___scrt_fastfail
45E1 40 __crt_debugger_hook
45E9 28 __RTC_Initialize
4615 28 __RTC_Terminate
4650 34 __SEH_prolog4
4695 26 @_guard_check_icall_nop@4
4698 12 ___isa_available_init
49C5 9 __get_startup_argv_mode
49C9 38 ___scrt_is_ucrt_dll_in_use
49D5 45 ??0exception@std@@QAE@QBD@Z
4A0A 45 ??0length_error@std@@QAE@ABV01@@Z
4A25 45 ??0length_error@std@@QAE@PBD@Z
4A44 45 ??0logic_error@std@@QAE@ABV01@@Z
4A5F 164 ??_Ebad_exception@std@@UAEPAXI@Z
4A8C 45 ?_Xlength_error@std@@YAXPBD@Z
4AAC 176 ?GetRangeOfTrysToCheck@__FrameHandler3@@SA?AU?$pair@Viterator@TryBlockMap@__FrameHandler3@@V123@@std@@AAVTryBlockMap@1@HPAXPBU_s_FuncInfo@@H@Z
4B1B 176 ?_CallCatchBlock2@@YAPAXPAUEHRegistrationNode@@PBU_s_FuncInfo@@PAXHK@Z
4B78 176 ?_CallSETranslator@@YAHPAUEHExceptionRecord@@PAUEHRegistrationNode@@PAX2PBU_s_FuncInfo@@H1@Z
4C68 176 ?_JumpToContinuation@@YGXPAXPAUEHRegistrationNode@@@Z
4C98 176 ?_UnwindNestedFrames@@YGXPAUEHRegistrationNode@@PAUEHExceptionRecord@@@Z
4CEC 176 __CatchGuardHandler
4D1D 176 __CreateFrameInfo
4D41 176 __FindAndUnlinkFrame
4D89 176 __TranslatorGuardHandler
4E28 176 ___CxxFrameHandler3
4E5E 160 ___DestructExceptionObject
4EFF 160 ?_CallMemberFunction0@@YGXQAX0@Z
4F0C 160 ?_FilterSetCurrentException@@YAKPAU_EXCEPTION_POINTERS@@E@Z
4F64 160 __IsExceptionObjectToBeDestroyed
4F8A 160 ___AdjustPointer
4FAF 160 ___FrameUnwindFilter
5005 160 ___std_terminate
500A 173 ___std_exception_copy
506D 173 ___std_exception_destroy
508C 179 _wcsrchr
5130 159 _ValidateLocalCookies
5170 159 __except_handler4
52CE 175 __CxxThrowException@8
533A 174 ___std_type_info_compare
5376 174 ___std_type_info_destroy_list
5399 165 ___vcrt_initialize
53B8 165 ___vcrt_thread_attach
53C3 165 ___vcrt_thread_detach
53CB 165 ___vcrt_uninitialize
53E2 165 ___vcrt_uninitialize_critical
53F0 170 _memset
5435 170 XMMMov
5470 170 LargeRangeBytes
54AD 170 XmmMovSmall
54C0 170 XmmSmallLoop
54C5 170 MidRangeBytes
54E1 170 XMMTrailingBytes
54F5 170 SmallMov
54FD 170 ByteLoop
550B 170 DwordTest
551B 170 QwordTest
5530 170 QwordLoop
5543 170 toend
554A 171 ___vcrt_freefls@4
5566 171 ___vcrt_freeptd_for_this_thread
5591 171 ___vcrt_getptd
559F 171 ___vcrt_getptd_noexit
5631 171 ___vcrt_initialize_ptd
5664 171 ___vcrt_uninitialize_ptd
567F 164 ??$BuildCatchObjectHelperInternal@V__FrameHandler3@@@@YAHPAUEHExceptionRecord@@PAXPBU_s_HandlerType@@PBU_s_CatchableType@@@Z
57BD 164 ??$BuildCatchObjectInternal@V__FrameHandler3@@@@YAXPAUEHExceptionRecord@@PAXPBU_s_HandlerType@@PBU_s_CatchableType@@@Z
5856 164 ??$CatchIt@V__FrameHandler3@@@@YAXPAUEHExceptionRecord@@PAUEHRegistrationNode@@PAU_CONTEXT@@PAXPBU_s_FuncInfo@@PBU_s_HandlerType@@PBU_s_CatchableType@@PBU_s_TryBlockMapEntry@@H1EE@Z
58D6 164 ??$FindHandler@V__FrameHandler3@@@@YAXPAUEHExceptionRecord@@PAUEHRegistrationNode@@PAU_CONTEXT@@PAXPBU_s_FuncInfo@@EH1@Z
5C7B 164 ??$FindHandlerForForeignException@V__FrameHandler3@@@@YAXPAUEHExceptionRecord@@PAUEHRegistrationNode@@PAU_CONTEXT@@PAXPBU_s_FuncInfo@@HH1@Z
5DB1 164 ??$TypeMatchHelper@V__FrameHandler3@@@@YAHPBU_s_HandlerType@@PBU_s_CatchableType@@PBU_s_ThrowInfo@@@Z
5E3F 164 ??$__InternalCxxFrameHandler@V__FrameHandler3@@@@YA?AW4_EXCEPTION_DISPOSITION@@PAUEHExceptionRecord@@PAUEHRegistrationNode@@PAU_CONTEXT@@PAXPBU_s_FuncInfo@@H1E@Z
5F41 164 ??$__InternalCxxFrameHandlerWrapper@V__FrameHandler3@@@@YA?AW4_EXCEPTION_DISPOSITION@@PAUEHExceptionRecord@@PAUEHRegistrationNode@@PAU_CONTEXT@@PAXPBU_s_FuncInfo@@H1E@Z
5F4A 164 ??0bad_exception@std@@QAE@ABV01@@Z
5F65 164 ??0bad_exception@std@@QAE@XZ
5F7D 164 ??8type_info@@QBE_NABV0@@Z
5F9C 164 ?CallCatchBlock@@YAPAXPAUEHExceptionRecord@@PAUEHRegistrationNode@@PAU_CONTEXT@@PBU_s_FuncInfo@@PAXHK@Z
616B 164 ?CallUnexpected@@YAXPBU_s_ESTypeList@@@Z
618B 164 __catch$?CallUnexpected@@YAXPBU_s_ESTypeList@@@Z$0
61AA 164 ?ExFilterRethrow@@YAHPAU_EXCEPTION_POINTERS@@@Z
61F4 164 ?FrameUnwindToEmptyState@__FrameHandler3@@SAXPAUEHRegistrationNode@@PAXPBU_s_FuncInfo@@@Z
620C 164 ?FrameUnwindToState@__FrameHandler3@@SAXPAUEHRegistrationNode@@PAXPBU_s_FuncInfo@@H@Z
62F4 164 ?IsInExceptionSpec@@YAEPAUEHExceptionRecord@@PBU_s_ESTypeList@@@Z
638E 164 ?_CallMemberFunction1@@YGXQAX00@Z
639E 164 ?_CallMemberFunction2@@YGXQAX00H@Z
63B1 164 ?getESTypes@__FrameHandler3@@SAPBU_s_ESTypeList@@PBU_s_FuncInfo@@@Z
63C0 168 __CallSettingFrame@12
63E7 168 __NLG_Return
63FF 168 _NLG_Continue
640C 166 ___except_validate_context_record
6440 163 __local_unwind4
6472 163 _lu_top
64D1 163 _lu_done
64E0 163 $$000000
6530 163 @_EH4_CallFilterFunc@8
6550 163 @_EH4_TransferToHandler@8
6570 163 @_EH4_GlobalUnwind2@8
6585 163 ReturnPoint
6590 163 @_EH4_LocalUnwind@16
65A7 167 ___vcrt_initialize_locks
65E3 167 ___vcrt_uninitialize_locks
6612 180 ?try_get_function@@YAPAXW4function_id@?A0x14174aea@@QBDQBW4module_id@2@2@Z
66B2 180 ?try_load_library_from_system_directory@@YAPAUHINSTANCE__@@QB_W@Z
66FD 180 ___vcrt_FlsAlloc
6738 180 ___vcrt_FlsFree
6773 180 ___vcrt_FlsGetValue
67AE 180 ___vcrt_FlsSetValue
67EC 180 ___vcrt_InitializeCriticalSectionEx
6833 178 _unexpected
6850 161 ?GetCurrentState@__FrameHandler3@@SAHPAUEHRegistrationNode@@PAXPBU_s_FuncInfo@@@Z
686D 161 ?SetState@__FrameHandler3@@SAXPAUEHRegistrationNode@@PBU_s_FuncInfo@@H@Z
6880 169 _memcpy
68A0 169 CopyUp
68C4 169 CopyUpLargeMov
68D7 169 CopyUpSSE2Check
68F0 169 AtomChk
6916 169 PalignHead4
6929 169 PalignHead8
6940 169 PalignLoop
6952 169 MovPalign12
695C 169 PalignLoop12
69AD 169 MovPalign8
69B8 169 PalignLoop8
6A06 169 MovPalign4
6A10 169 PalignLoop4
6A5C 169 PalignTail
6A74 169 PalignTail4
6A87 169 PalignTail8
6A9E 169 PalignTailLE3
6AA7 169 Dword_align
6AAF 169 Dword_up_align_loop
6AC2 169 Dword_align_Ok
6ADC 169 ByteCopyUp
6AE4 169 TrailingUpVec
6AF4 169 TrailingUp0
6AFC 169 TrailingUp1
6B08 169 TrailingUp2
6B1C 169 TrailingUp3
6B34 169 CopyDown
6B59 169 CopyDownNotAligned
6B60 169 CopyDownAlignLoop
6B6D 169 CopyDownAligned
6B90 169 TrailingDownVec
6BA0 169 TrailingDown0
6BA8 169 TrailingDown1
6BB8 169 TrailingDown2
6BCC 169 TrailingDown3
6BE5 169 XmmMovLargeAlignTest
6BED 169 XmmMovAlignLoop
6BFC 169 XmmMovLargeLoop
6C6C 169 XmmMovSmallTest
6C71 169 XmmMovSmallLoop
6C94 169 CopyDownSmall
6C9C 169 CopyDownDwordLoop
6CB1 169 CopyDownByteTest
6CB5 169 CopyDownByteLoop
6CC4 169 CopyDownReturn
6CD0 169 XmmCopy
6CDD 169 XmmCopyAligned
6CF0 169 XmmCopyLargeLoop
6D4D 169 XmmCopySmallTest
6D60 169 XmmCopySmallLoop
6D7B 169 CopyUpDwordMov
6D80 169 CopyUpDwordTest
6D87 169 CopyUpDwordLoop
6D96 169 CopyUpByteTest
6D9D 169 CopyUpByteLoop
6DB0 169 CopyUpReturn
6DC0 169 XmmCopyUnaligned
6DD3 169 XmmAlignByte
6DDC 169 XmmAlignDwordTest
6DE1 169 XmmAlignDwordLoop
6DEE 169 XmmAlignAdjustCnt
6E00 162 __NLG_Notify1
6E10 162 __NLG_Notify
6E1B 162 __NLG_Go
6E27 162 __NLG_Dispatch
6E30 162 __NLG_Call
6E32 162 __NLG_Return2
6E40 80 _free
6E5B 97 ??0__crt_cached_ptd_host@@QAE@QAU__crt_locale_pointers@@@Z
6EA3 97 ??1__crt_cached_ptd_host@@QAE@XZ
6EDF 97 ?check_synchronize_global_state_index@__crt_cached_ptd_host@@AAEIXZ
6F08 97 ?force_synchronize_per_thread_data@__crt_cached_ptd_host@@AAEPAU__acrt_ptd@@XZ
6F4E 97 ?get_raw_ptd@__crt_cached_ptd_host@@QAEPAU__acrt_ptd@@XZ
6F6B 97 ___acrt_call_reportfault
70A4 97 ___acrt_initialize_invalid_parameter_handler
70B3 97 __invalid_parameter
70EA 97 __invalid_parameter_internal
7167 97 __invalid_parameter_noinfo
7177 97 __invalid_parameter_noinfo_noreturn
7194 97 __invoke_watson
71C8 113 _malloc
71D3 125 ??$__crt_fast_decode_pointer@P6AHI@Z@@YAP6AHI@ZQ6AHI@Z@Z
71EE 125 ___acrt_initialize_new_handler
71FD 125 __callnewh
7229 125 __query_new_handler
7280 95 __initterm
72AB 95 __initterm_e
72D9 71 __seh_filter_dll
72F9 71 __seh_filter_exe
743F 72 ??$?RV<lambda_03b1d95aef87969028cfba75ccab2455>@@AAV<lambda_6e4b09c48022b2350581041d5f6b0c4c>@@V<lambda_22bdf7517842c4b3e53723af5aa32b9e>@@@?$__crt_seh_guarded_call@X@@QAEX$$QAV<lambda_03b1d95aef87969028cfba75ccab2455>@@AAV<lambda_6e4b09c48022b2350581041d5f6b0c4c>@@$$QAV<lambda_22bdf7517842c4b3e53723af5aa32b9e>@@@Z
748C 72 ??R<lambda_6e4b09c48022b2350581041d5f6b0c4c>@@QBE@XZ
7574 72 ?common_exit@@YAXHW4_crt_exit_cleanup_mode@@W4_crt_exit_return_mode@@@Z
760B 72 ?exit_or_terminate_process@@YAXI@Z
763C 72 ?is_managed_app@@YA_NXZ
767E 72 ?should_call_terminate_process@@YA_NXZ
7697 72 ?try_cor_exit_process@@YAXI@Z
7719 72 ___acrt_initialize_thread_local_exit_callback
7728 72 __cexit
7737 72 __exit
774D 72 __is_c_termination_complete
7754 56 ??$common_configure_argv@D@@YAHW4_crt_argv_mode@@@Z
7891 56 ??$parse_command_line@D@@YAXPADPAPAD0PAI2@Z
7A05 56 ___acrt_allocate_buffer_for_argv
7A54 56 __configure_narrow_argv
7A5F 69 ??$common_initialize_environment_nolock@D@@YAHXZ
7AB9 69 ??$create_environment@D@@YAQAPADQAD@Z
7B9B 69 ??$free_environment@D@@YAXQAPAD@Z
7BCA 69 ??$uninitialize_environment_internal@D@@YAXAAPAPAD@Z
7BE5 69 ??$uninitialize_environment_internal@_W@@YAXAAPAPA_W@Z
7C00 69 ___dcrt_uninitialize_environments_nolock
7C51 69 __initialize_narrow_environment
7C56 128 ??$?RV<lambda_69a2805e680e0e292e8ba93315fe43a8>@@AAV<lambda_f03950bc5685219e0bcd2087efbe011e>@@V<lambda_03fcd07e894ec930e3f35da366ca99d6>@@@?$__crt_seh_guarded_call@H@@QAEH$$QAV<lambda_69a2805e680e0e292e8ba93315fe43a8>@@AAV<lambda_f03950bc5685219e0bcd2087efbe011e>@@$$QAV<lambda_03fcd07e894ec930e3f35da366ca99d6>@@@Z
7CB1 128 ??R<lambda_f03950bc5685219e0bcd2087efbe011e>@@QBE@XZ
7D8B 128 __execute_onexit_table
7DC9 128 __initialize_onexit_table
7DF2 92 _initialize_global_variables
7DFF 92 _initialize_c
7E19 55 ___acrt_uninitialize_command_line
7E1C 92 _uninitialize_environment
7E24 92 _initialize_pointers
7E52 92 _uninitialize_vcruntime
7E5B 92 _uninitialize_allocated_memory
7E72 92 _uninitialize_allocated_io_buffers
7EC2 92 ??$__crt_fast_encode_pointer@PAX@@YAPAXQAX@Z
7EE1 92 ??R<lambda_af42a3ee9806e9a7305d451646e05244>@@QBE@AAPAU__crt_multibyte_data@@@Z
7F0F 92 ___acrt_initialize
7F21 92 ___acrt_thread_attach
7F2C 92 ___acrt_thread_detach
7F34 92 ___acrt_uninitialize
7F64 92 ___acrt_uninitialize_critical
7F76 150 _terminate
7FB2 54 _abort
7FF6 144 _strcpy_s
8050 58 _calloc
8060 130 ?update_locale_slow@__crt_cached_ptd_host@@AAEXXZ
80C0 146 _strncmp
8138 152 _wcsncmp
8172 81 __free_base
81AC 132 ??$?RV<lambda_15ade71b0218206bbe3333a0c9b79046>@@AAV<lambda_da44e0f8b0f19ba52fefafb335991732>@@V<lambda_207f2d024fc103971653565357d6cd41>@@@?$__crt_seh_guarded_call@X@@QAEX$$QAV<lambda_15ade71b0218206bbe3333a0c9b79046>@@AAV<lambda_da44e0f8b0f19ba52fefafb335991732>@@$$QAV<lambda_207f2d024fc103971653565357d6cd41>@@@Z
81FE 132 ??$?RV<lambda_38edbb1296d33220d7e4dd0ed76b244a>@@AAV<lambda_5ce1d447e08cb34b2473517608e21441>@@V<lambda_fb385d3da700c9147fc39e65dd577a8c>@@@?$__crt_seh_guarded_call@X@@QAEX$$QAV<lambda_38edbb1296d33220d7e4dd0ed76b244a>@@AAV<lambda_5ce1d447e08cb34b2473517608e21441>@@$$QAV<lambda_fb385d3da700c9147fc39e65dd577a8c>@@@Z
8269 132 ??$?RV<lambda_6affb1475c98b40b75cdec977db92e3c>@@AAV<lambda_b8d4b9c228a6ecc3f80208dbb4b4a104>@@V<lambda_608742c3c92a14382c1684fc64f96c88>@@@?$__crt_seh_guarded_call@X@@QAEX$$QAV<lambda_6affb1475c98b40b75cdec977db92e3c>@@AAV<lambda_b8d4b9c228a6ecc3f80208dbb4b4a104>@@$$QAV<lambda_608742c3c92a14382c1684fc64f96c88>@@@Z
82BE 132 ??$?RV<lambda_a7e850c220f1c8d1e6efeecdedd162c6>@@AAV<lambda_46720907175c18b6c9d2717bc0d2d362>@@V<lambda_9048902d66e8d99359bc9897bbb930a8>@@@?$__crt_seh_guarded_call@X@@QAEX$$QAV<lambda_a7e850c220f1c8d1e6efeecdedd162c6>@@AAV<lambda_46720907175c18b6c9d2717bc0d2d362>@@$$QAV<lambda_9048902d66e8d99359bc9897bbb930a8>@@@Z
8318 132 ?construct_ptd@@YAXQAU__acrt_ptd@@QAPAU__crt_locale_data@@@Z
83B1 132 ?destroy_fls@@YGXPAX@Z
83D2 132 ?destroy_ptd@@YAXQAU__acrt_ptd@@@Z
849F 132 ?replace_current_thread_locale_nolock@@YAXQAU__acrt_ptd@@QAU__crt_locale_data@@@Z
84EA 132 ___acrt_freeptd
8516 132 ___acrt_getptd
85D1 132 ___acrt_getptd_head
8667 132 ___acrt_getptd_noexit
8718 132 ___acrt_getptd_noexit_explicit
87BB 132 ___acrt_initialize_ptd
87E7 132 ___acrt_uninitialize_ptd
8801 158 ??$?RV<lambda_e5124f882df8998aaf41531e079ba474>@@AAV<lambda_3e16ef9562a7dcce91392c22ab16ea36>@@V<lambda_e25ca0880e6ef98be67edffd8c599615>@@@?$__crt_seh_guarded_call@X@@QAEX$$QAV<lambda_e5124f882df8998aaf41531e079ba474>@@AAV<lambda_3e16ef9562a7dcce91392c22ab16ea36>@@$$QAV<lambda_e25ca0880e6ef98be67edffd8c599615>@@@Z
886F 158 ___acrt_set_locale_changed
887A 158 ___acrt_uninitialize_locale
88A1 114 __malloc_base
88EF 108 ___acrt_initialize_locks
8930 108 ___acrt_lock
8947 108 ___acrt_uninitialize_locks
8978 108 ___acrt_unlock
898F 131 ___acrt_app_verifier_enabled
89A1 131 ___acrt_is_secure_process
89B4 155 ___acrt_get_process_end_policy
89DB 70 ___acrt_errno_from_os_error
8A1E 70 ___acrt_errno_map_os_error
8A41 70 ___acrt_errno_map_os_error_ptd
8A65 70 ___doserrno
8A78 70 __errno
8A8B 59 __calloc_base
8AE8 57 ?<lambda_invoker_cdecl>@<lambda_838c7f62c73c983481e27c09e84b0b5d>@@CAHPBX0@Z
8B00 57 ??$__acrt_convert_wcs_mbs_cp@D_WV<lambda_62f6974d9771e494a5ea317cc32e971c>@@U__crt_win32_buffer_internal_dynamic_resizing@@@@YAHQBDAAV?$__crt_win32_buffer@_WU__crt_win32_buffer_internal_dynamic_resizing@@@@ABV<lambda_62f6974d9771e494a5ea317cc32e971c>@@I@Z
8BB2 57 ??$__acrt_convert_wcs_mbs_cp@_WDV<lambda_28bda7af82a03b66c1cb3803a755f95d>@@U__crt_win32_buffer_internal_dynamic_resizing@@@@YAHQB_WAAV?$__crt_win32_buffer@DU__crt_win32_buffer_internal_dynamic_resizing@@@@ABV<lambda_28bda7af82a03b66c1cb3803a755f95d>@@I@Z
8C78 57 ??$__acrt_mbs_to_wcs_cp@U__crt_win32_buffer_internal_dynamic_resizing@@@@YAHQBDAAV?$__crt_win32_buffer@_WU__crt_win32_buffer_internal_dynamic_resizing@@@@I@Z
8C95 57 ??$common_expand_argv_wildcards@D@@YAHQAPADQAPAPAD@Z
8E12 57 ??$copy_and_add_argument_to_buffer@D@@YAHQBD0IAAV?$argument_list@D@?A0x5f5c8891@@@Z
8EC3 57 ??$expand_argument_wildcards@D@@YAHQAD0AAV?$argument_list@D@?A0x5f5c8891@@@Z
9148 57 ??0_LocaleUpdate@@QAE@QAU__crt_locale_pointers@@@Z
91CA 57 ??1?$argument_list@D@?A0x5f5c8891@@QAE@XZ
91EF 86 ??R<lambda_0fec1a7b3f42a53036604e18c2d5e07e>@@QBE@IQB_WQADI@Z
9213 57 ?__acrt_get_utf8_acp_compatibility_codepage@@YAIXZ
9252 57 ?_deallocate@?$__crt_win32_buffer@DU__crt_win32_buffer_internal_dynamic_resizing@@@@AAEXXZ
926C 57 ?allocate@?$__crt_win32_buffer@DU__crt_win32_buffer_internal_dynamic_resizing@@@@QAEHI@Z
92A8 57 ?allocate@?$__crt_win32_buffer@_WU__crt_win32_buffer_internal_dynamic_resizing@@@@QAEHI@Z
92E7 57 ?allocate@__crt_win32_buffer_internal_dynamic_resizing@@SAHQAPAXIABV__crt_win32_buffer_empty_debug_info@@@Z
9306 57 ?expand_if_necessary@?$argument_list@D@?A0x5f5c8891@@AAEHXZ
938D 57 ___acrt_expand_narrow_argv_wildcards
9398 86 ??$__acrt_convert_wcs_mbs_cp@_WDV<lambda_0fec1a7b3f42a53036604e18c2d5e07e>@@U__crt_win32_buffer_no_resizing@@@@YAHQB_WAAV?$__crt_win32_buffer@DU__crt_win32_buffer_no_resizing@@@@ABV<lambda_0fec1a7b3f42a53036604e18c2d5e07e>@@I@Z
945A 86 ?allocate@?$__crt_win32_buffer@DU__crt_win32_buffer_no_resizing@@@@QAEHI@Z
9481 86 ?set_to_nullptr@?$__crt_win32_buffer@DU__crt_win32_buffer_no_resizing@@@@QAEXXZ
9495 86 ___acrt_GetModuleFileNameA
9536 117 ??$?RV<lambda_ceb1ee4838e85a9d631eb091e2fbe199>@@AAV<lambda_ae742caa10f662c28703da3d2ea5e57e>@@V<lambda_cd08b5d6af4937fe54fc07d0c9bf6b37>@@@?$__crt_seh_guarded_call@X@@QAEX$$QAV<lambda_ceb1ee4838e85a9d631eb091e2fbe199>@@AAV<lambda_ae742caa10f662c28703da3d2ea5e57e>@@$$QAV<lambda_cd08b5d6af4937fe54fc07d0c9bf6b37>@@@Z
9583 117 ??R<lambda_ae742caa10f662c28703da3d2ea5e57e>@@QBE@XZ
9606 117 ?CPtoLocaleName@@YAPB_WH@Z
9644 117 ?getSystemCP@@YAHH@Z
96B5 117 ?setSBCS@@YAXPAU__crt_multibyte_data@@@Z
9718 117 ?setSBUpLow@@YAXPAU__crt_multibyte_data@@@Z
98BD 117 ?setmbcp_internal@@YAHH_NQAU__acrt_ptd@@QAPAU__crt_multibyte_data@@@Z
9A12 117 ?update_thread_multibyte_data_internal@@YAPAU__crt_multibyte_data@@QAU__acrt_ptd@@QAPAU1@@Z
9AB2 117 ___acrt_initialize_multibyte
9AFA 117 ___acrt_update_thread_multibyte_data
9B0D 117 __setmbcp_nolock
9D12 117 _memcpy_s
9D93 100 ?x_ismbbtype_l@@YAHPAU__crt_locale_pointers@@IHH@Z
9DE3 100 __ismbblead
9DFB 55 ___acrt_initialize_command_line
9E14 124 ?filter_mbtowcs_flags@@YAKIK@Z
9EAC 124 ___acrt_MultiByteToWideChar
9ED6 154 ?filter_wcstomb_flags@@YAKIK@Z
9F66 154 ___acrt_WideCharToMultiByte
9FD2 84 ?find_end_of_double_null_terminated_sequence@@YAPB_WQB_W@Z
A009 84 ___dcrt_get_narrow_environment_from_os
A0A9 138 __recalloc_base
A116 156 ?try_get_AreFileApisANSI@@YAP6GHXZXZ
A130 156 ?try_get_LCMapStringEx@@YAP6GHPB_WK0HPA_WHPAU_nlsversioninfo@@PAXJ@ZXZ
A14A 156 ?try_get_LocaleNameToLCID@@YAP6GKPB_WK@ZXZ
A164 156 ?try_get_first_available_module@@YAPAUHINSTANCE__@@QBW4module_id@?A0x391cf84c@@0@Z
A22F 156 ?try_get_function@@YAPAXW4function_id@?A0x391cf84c@@QBDQBW4module_id@2@2@Z
A2B4 156 ___acrt_AppPolicyGetProcessTerminationMethodInternal@4
A2F4 156 ___acrt_AreFileApisANSI@0
A313 156 ___acrt_FlsAlloc@4
A352 156 ___acrt_FlsFree@4
A391 156 ___acrt_FlsGetValue@4
A3D0 156 ___acrt_FlsSetValue@8
A412 156 ___acrt_InitializeCriticalSectionEx@12
A45D 156 ___acrt_LCMapStringEx@36
A4BA 156 ___acrt_LocaleNameToLCID@8
A4EB 156 ___acrt_initialize_winapi_thunks
A4FF 156 ___acrt_uninitialize_winapi_thunks
A535 89 ___acrt_initialize_heap
A546 89 ___acrt_uninitialize_heap
A550 98 ?initialize_inherited_file_handles_nolock@@YAXXZ
A606 98 ?initialize_stdio_handles_nolock@@YAXXZ
A6B6 98 ___acrt_initialize_lowio
A716 98 ___acrt_uninitialize_lowio
A742 140 ___acrt_execute_initializers
A7AA 140 ___acrt_execute_uninitializers
A7DB 141 ??$?RV<lambda_cbab9ec6f41b0180b23cc171c22676b0>@@AAV<lambda_44731a7d0e6d81c3e6aa82d741081786>@@V<lambda_4b292cb8dd18144e164572427af410ab>@@@?$__crt_seh_guarded_call@P6AXH@Z@@QAEP6AXH@Z$$QAV<lambda_cbab9ec6f41b0180b23cc171c22676b0>@@AAV<lambda_44731a7d0e6d81c3e6aa82d741081786>@@$$QAV<lambda_4b292cb8dd18144e164572427af410ab>@@@Z
A843 141 ?get_global_action_nolock@@YAPAP6AXH@ZH@Z
A885 141 ?siglookup@@YAPAU__crt_signal_action_t@@HQAU1@@Z
A8AD 141 ___acrt_get_sigabrt_handler
A8D4 141 ___acrt_initialize_signal_handlers
A8F2 141 _raise
AAE4 115 ___acrt_has_user_matherr
AB01 115 ___acrt_initialize_user_matherr
AB10 115 ___acrt_invoke_user_matherr
AB46 75 ??$?RV<lambda_2866be3712abc81a800a822484c830d8>@@AAV<lambda_39ca0ed439415581b5b15c265174cece>@@V<lambda_2b24c74d71094a6cd0cb82e44167d71b>@@@?$__crt_seh_guarded_call@X@@QAEX$$QAV<lambda_2866be3712abc81a800a822484c830d8>@@AAV<lambda_39ca0ed439415581b5b15c265174cece>@@$$QAV<lambda_2b24c74d71094a6cd0cb82e44167d71b>@@@Z
ABD2 75 ??$?RV<lambda_2cc53f568c5a2bb6f192f930a45d44ea>@@AAV<lambda_ab61a845afdef5b7c387490eaf3616ee>@@V<lambda_c2ffc0b7726aa6be21d5f0026187e748>@@@?$__crt_seh_guarded_call@X@@QAEX$$QAV<lambda_2cc53f568c5a2bb6f192f930a45d44ea>@@AAV<lambda_ab61a845afdef5b7c387490eaf3616ee>@@$$QAV<lambda_c2ffc0b7726aa6be21d5f0026187e748>@@@Z
AC7E 75 ?common_flush_all@@YAH_N@Z
ACCB 75 ?common_flush_all_should_try_to_flush_stream@@YA_NV__crt_stdio_stream@@QAH@Z
ACFC 75 ?is_stream_flushable_or_commitable@@YA_NJ@Z
AD1F 75 ___acrt_stdio_flush_nolock
AD88 75 __fflush_nolock
ADED 75 __flushall
ADF6 50 ___acrt_initialize_stdio
AEBE 50 ___acrt_uninitialize_stdio
AF0A 50 __lock_file
AF1E 50 __unlock_file
AF32 106 ___acrt_update_locale_info
AF5F 106 ___acrt_update_locale_info_explicit
AF90 106 ___acrt_update_multibyte_info
AFBD 106 ___acrt_update_multibyte_info_explicit
AFEE 121 __mbtowc_internal
B121 76 __fileno
B148 105 ___acrt_add_locale_ref
B1C5 105 ___acrt_free_locale
B30D 105 ___acrt_locale_add_lc_time_reference
B336 105 ___acrt_locale_free_lc_time_if_unreferenced
B367 105 ___acrt_locale_release_lc_time_reference
B390 105 ___acrt_release_locale_ref
B411 105 ___acrt_update_thread_locale_data
B492 105 __updatetlocinfoEx_nolock
B4E2 93 ___acrt_locale_free_monetary
B5E0 94 ___acrt_locale_free_numeric
B649 96 ?free_crt_array_internal@@YAXQAPBXI@Z
B66E 96 ___acrt_locale_free_time
B752 87 ___acrt_GetStringTypeA
B853 87 __freea_crt
B873 126 __query_new_mode
B880 135 _qsort
BD6E 148 ??$common_tcsncpy_s@D@@YAHQADIQBDI@Z
BE25 148 _strncpy_s
BE30 149 _strpbrk
BE70 120 __mbsdec
BE87 120 __mbsdec_l
BF14 102 ?__acrt_LCMapStringA_stat@@YAHPAU__crt_locale_pointers@@PB_WKPBDHPADHHH@Z
C103 102 ___acrt_LCMapStringA
C14C 123 ?initialize_multibyte@@YAHXZ
C15B 122 __msize_base
C18E 137 __realloc_base
C1F7 101 ?GetTableIndexFromLocaleName@@YAHPB_W@Z
C247 101 ___acrt_DownlevelLocaleNameToLCID
C273 129 ___acrt_lowio_create_handle_array
C2EE 129 ___acrt_lowio_destroy_handle_array
C323 129 ___acrt_lowio_ensure_fh_exists
C3C1 129 ___acrt_lowio_lock_fh
C3E4 129 ___acrt_lowio_unlock_fh
C407 129 __free_osfhnd
C498 129 __get_osfhandle
C502 64 ??$?RV<lambda_9e9de3de5fa147e2223d7db92bc10aa6>@@AAV<lambda_38ce7e780aa69e748d6df282ebc68efe>@@V<lambda_8ca6da459f0f6780f1cff60fdc3d00e5>@@@?$__crt_seh_guarded_call@H@@QAEH$$QAV<lambda_9e9de3de5fa147e2223d7db92bc10aa6>@@AAV<lambda_38ce7e780aa69e748d6df282ebc68efe>@@$$QAV<lambda_8ca6da459f0f6780f1cff60fdc3d00e5>@@@Z
C5A4 64 __commit
C621 157 ?write_double_translated_ansi_nolock@@YA?AUwrite_result@?A0x17268360@@HQBDIAAV__crt_cached_ptd_host@@@Z
C9E8 157 ?write_double_translated_unicode_nolock@@YA?AUwrite_result@?A0x17268360@@QBDI@Z
CA50 157 ?write_requires_double_translation_nolock@@YA_NHAAV__crt_cached_ptd_host@@@Z
CACD 157 ?write_text_ansi_nolock@@YA?AUwrite_result@?A0x17268360@@HQBDI@Z
CBA8 157 ?write_text_utf16le_nolock@@YA?AUwrite_result@?A0x17268360@@HQBDI@Z
CC91 157 ?write_text_utf8_nolock@@YA?AUwrite_result@?A0x17268360@@HQBDI@Z
CDC3 157 __write_internal
CED4 157 __write_nolock
D0F0 63 __fcloseall
D19B 51 ___acrt_stdio_free_buffer_nolock
D1DB 99 __isatty
D231 74 _fegetround
D23E 119 ??R<lambda_e96123212306c92459f955e8e4eac55d>@@QBEIPBD@Z
D26A 119 ?__mbrtowc_utf8@__crt_mbstring@@YAIPA_WPBDIPAU_Mbstatet@@AAV__crt_cached_ptd_host@@@Z
D2AD 119 ?__mbsrtowcs_utf8@__crt_mbstring@@YAIPA_WPAPBDIPAU_Mbstatet@@AAV__crt_cached_ptd_host@@@Z
D3B5 153 ___ascii_wcsnicmp
D404 147 ___strncnt
D420 139 __query_app_type
D426 112 ??$common_lseek_nolock@_J@@YA_JH_JHAAV__crt_cached_ptd_host@@@Z
D4A9 112 __lseeki64_nolock_internal
D4C7 134 __putwch_nolock
D4F9 73 ?_fclose_internal@@YAHQAU_iobuf@@AAV__crt_cached_ptd_host@@@Z
D590 73 ?_fclose_nolock_internal@@YAHQAU_iobuf@@AAV__crt_cached_ptd_host@@@Z
D61E 73 _fclose
D650 109 __CIlog10
D68B 109 __CIlog10_default
D69F 109 __log10_default
D760 61 _ceil
D7A0 61 __ceil_pentium4
D87D 49 ?to_abstract_control@@YA?AW4__acrt_fenv_abstract_control@@W4__acrt_fenv_machine_sse_control@@@Z
D92D 49 ?to_abstract_control@@YA?AW4__acrt_fenv_abstract_control@@W4__acrt_fenv_machine_x87_control@@@Z
D9DA 49 ___acrt_fenv_get_common_round_control
D9FC 49 ___acrt_fenv_get_control
DA7C 66 ?reset_and_return@__crt_mbstring@@YAIIPAU_Mbstatet@@@Z
DA90 66 ?return_illegal_sequence@__crt_mbstring@@YAIPAU_Mbstatet@@AAV__crt_cached_ptd_host@@@Z
DAB2 118 ?__mbrtoc32_utf8@__crt_mbstring@@YAIPA_UPBDIPAU_Mbstatet@@AAV__crt_cached_ptd_host@@@Z
DC70 53 ___ascii_strnicmp
DCD1 91 ?__dcrt_lowio_initialize_console_output@@YAXXZ
DCF0 91 ___dcrt_lowio_ensure_console_output_initialized
DD0F 91 ___dcrt_terminate_console_output
DD26 91 ___dcrt_write_console
DD7B 62 ??$?RV<lambda_d422a76eb4c3bf3ad751449ab71a6ea4>@@AAV<lambda_c9ba49e555ba839a7b07aa3fbecb7617>@@V<lambda_9476263c8ee91a25d21c55370bdb50de>@@@?$__crt_seh_guarded_call@H@@QAEH$$QAV<lambda_d422a76eb4c3bf3ad751449ab71a6ea4>@@AAV<lambda_c9ba49e555ba839a7b07aa3fbecb7617>@@$$QAV<lambda_9476263c8ee91a25d21c55370bdb50de>@@@Z
DE0C 62 __close_internal
DEAF 62 __close_nolock_internal
DF4F 145 ?__acrt_stdio_free_stream@@YAXV__crt_stdio_stream@@@Z
DF8A 116 ___acrt_initialize_sse2
DFA0 110 __CIlog10_pentium4
DFB8 110 __log10_pentium4
E230 48 $$000000
E250 48 __fFEXP
E2A7 48 __rtinfpopse
E2A9 48 __rtinfnpopse
E2B9 48 __fFLN
E36E 48 __rtinfpop
E370 48 __rtinfnpop
E380 48 __rtforexpinf
E38D 48 __ffexpm1
E440 46 __trandisp1
E4B5 46 __trandisp2
E54F 46 __rttospopde
E554 46 __rttospop
E560 46 __rtnospop
E570 46 __rttosnpop
E571 46 __rtnospopde
E578 46 __rtzeropop
E57A 46 __rtzeronpop
E580 46 __rtzerospop
E58D 46 __rtonepop
E590 46 __rtonenpop
E5A0 46 __tosnan1
E5D0 46 __nosnan2
E5E0 46 __tosnan2
E610 46 __nan2
E650 46 __rtindfpop
E652 46 __rtindfnpop
E663 46 __rttosnpopde
E670 46 __rtatan2inf
E68D 46 __rtchsifneg
E6A0 65 __twoToTOS
E6B5 65 __load_CW
E6CC 65 __convertTOStoQNaN
E6E5 65 __fload_withFB
E728 65 __checkTOS_withFB
E73E 65 __fast_exit
E74B 65 __math_exit
E775 65 __check_overflow_exit
E789 65 __check_range_exit
E830 83 __startTwoArgErrorHandling
E847 83 __startOneArgErrorHandling
E883 103 ___libm_error_support
EA77 60 __ceil_default
EB35 78 __clrfp
EB46 78 __ctrlfp
EB70 78 __set_statfp
EBC9 78 __statfp
EBD9 133 __d_inttype
EC41 133 __powhlp
ED6C 47 __87except
EE7C 82 __frnd
EE90 79 __errcode
EEC4 79 __except1
EF92 79 __handle_exc
F212 79 __raise_exc
F235 79 __raise_exc_ex
F526 79 __set_errno_from_matherr
F557 79 __umatherr
F5F7 151 __decomp
F6C9 151 __set_exp
F6F6 151 __sptype
F759 90 __fpclass
F7FD 10 @_guard_check_icall@4
F810 32 __FindPESection
F860 32 __IsNonwritableInCurrentImage
F920 32 __ValidateImageBase
F951 20 __EH_epilog3
F965 20 __EH_prolog3
F998 20 __EH_prolog3_catch
F9D0 8 __alloca_probe_16
F9E6 8 __alloca_probe_8
FA00 11 __alloca_probe
FA14 11 cs10
FA22 11 cs20
FA30 41 __filter_x86_sse2_floating_point_exception
FAB0 5 __ehhandler$??1PluginSettings@@QAE@XZ
FAD0 5 __ehhandler$_SetStartupInfoW@4
FB00 43 __ehhandler$??1PluginDialogBuilder@@QAE@XZ
FB20 43 __unwindfunclet$?CaseConvertion@@YAXXZ$0
FB2B 43 __unwindfunclet$?CaseConvertion@@YAXXZ$1
FB3B 43 __ehhandler$?CaseConvertion@@YAXXZ
FB65 164 __ehhandler$?CallUnexpected@@YAXPBU_s_ESTypeList@@@Z
FB82 72 __ehhandler$?common_exit@@YAXHW4_crt_exit_cleanup_mode@@W4_crt_exit_return_mode@@@Z
FB9F 72 __ehhandler$?try_cor_exit_process@@YAXI@Z
FBBC 69 __ehhandler$___dcrt_uninitialize_environments_nolock
FBD9 128 __ehhandler$__execute_onexit_table
FBF6 157 __ehhandler$?write_double_translated_ansi_nolock@@YA?AUwrite_result@?A0x17268360@@HQBDIAAV__crt_cached_ptd_host@@@Z
10000 44 __imp__lstrlenW@4
10004 44 __imp__lstrcpynW@12
10008 44 __imp__lstrcatW@8
1000C 44 __imp__lstrcpyW@8
10010 44 __imp__MoveFileW@8
10014 44 __imp__CompareStringW@24
10018 44 __imp__TlsSetValue@8
1001C 44 __imp__SetLastError@4
10020 44 __imp__GetModuleFileNameW@12
10024 44 __imp__InitializeCriticalSection@4
10028 44 __imp__GetCurrentThread@0
1002C 44 __imp__TlsAlloc@0
10030 44 __imp__LoadLibraryW@4
10034 44 __imp__GetProcAddress@8
10038 44 __imp__LCMapStringW@24
1003C 44 __imp__GetModuleHandleW@4
10040 44 __imp__TlsGetValue@4
10044 44 __imp__GetThreadTimes@20
10048 44 __imp__TlsFree@4
1004C 44 __imp__lstrcmpW@8
10050 44 __imp__VirtualQuery@12
10054 44 __imp__CloseHandle@4
10058 44 __imp__UnhandledExceptionFilter@4
1005C 44 __imp__SetUnhandledExceptionFilter@4
10060 44 __imp__GetCurrentProcess@0
10064 44 __imp__TerminateProcess@8
10068 44 __imp__IsProcessorFeaturePresent@4
1006C 44 __imp__QueryPerformanceCounter@4
10070 44 __imp__GetCurrentProcessId@0
10074 44 __imp__GetCurrentThreadId@0
10078 44 __imp__GetSystemTimeAsFileTime@4
1007C 44 __imp__IsDebuggerPresent@0
10080 44 __imp__GetStartupInfoW@4
10084 44 __imp__RtlUnwind@16
10088 44 __imp__RaiseException@16
1008C 44 __imp__GetLastError@0
10090 44 __imp__EnterCriticalSection@4
10094 44 __imp__LeaveCriticalSection@4
10098 44 __imp__DeleteCriticalSection@4
1009C 44 __imp__InitializeCriticalSectionAndSpinCount@8
100A0 44 __imp__FreeLibrary@4
100A4 44 __imp__LoadLibraryExW@12
100A8 44 __imp__ExitProcess@4
100AC 44 __imp__HeapFree@12
100B0 44 __imp__HeapAlloc@12
100B4 44 __imp__FindClose@4
100B8 44 __imp__FindFirstFileExW@24
100BC 44 __imp__FindNextFileW@8
100C0 44 __imp__IsValidCodePage@4
100C4 44 __imp__GetACP@0
100C8 44 __imp__GetOEMCP@0
100CC 44 __imp__GetCPInfo@8
100D0 44 __imp__GetCommandLineA@0
100D4 44 __imp__GetCommandLineW@0
100D8 44 __imp__MultiByteToWideChar@24
100DC 44 __imp__WideCharToMultiByte@32
100E0 44 __imp__GetEnvironmentStringsW@0
100E4 44 __imp__FreeEnvironmentStringsW@4
100E8 44 __imp__GetProcessHeap@0
100EC 44 __imp__GetStdHandle@4
100F0 44 __imp__GetFileType@4
100F4 44 __imp__GetStringTypeW@16
100F8 44 __imp__HeapSize@12
100FC 44 __imp__HeapReAlloc@16
10100 44 __imp__SetStdHandle@8
10104 44 __imp__FlushFileBuffers@4
10108 44 __imp__WriteFile@20
1010C 44 __imp__GetConsoleOutputCP@0
10110 44 __imp__GetConsoleMode@8
10114 44 __imp__SetFilePointerEx@20
10118 44 __imp__CreateFileW@28
1011C 44 __imp__WriteConsoleW@20
10120 44 \177KERNEL32_NULL_THUNK_DATA
10124 26 ___guard_check_icall_fptr
10128 26 ___castguard_check_failure_os_handled_fptr
1012C 27 ___xc_a
10130 27 ___xc_z
10134 27 ___xi_a
10138 123 ___acrt_multibyte_initializer
1013C 143 ___acrt_stdio_initializer
10140 142 ___acrt_tran_sse2_initializer
10144 27 ___xi_z
10148 27 ___xp_a
1014C 104 ___acrt_locale_terminator
10150 67 ___dcrt_console_output_terminator
10154 143 ___acrt_stdio_terminator
10158 27 ___xp_z
1015C 27 ___xt_a
10160 27 ___xt_z
10170 181 __imp__EncodePointer@4
10178 181 __imp__DecodePointer@4
10180 181 __imp__GetModuleHandleExW@12
10188 181 __imp__InitializeSListHead@4
10190 181 __imp__InterlockedFlushSList@4
10198 181 __imp__InterlockedPushEntrySList@8
101A0 181 __imp__GetNumaHighestNodeNumber@4
101A8 181 __imp__GetLogicalProcessorInformation@8
101B0 181 __imp__SetThreadStackGuarantee@4
101B8 181 __imp__FlsAlloc@4
101C0 181 __imp__FlsGetValue@4
101C8 181 __imp__FlsSetValue@8
101D0 181 __imp__FlsFree@4
101D8 181 __imp__InitializeCriticalSectionEx@12
101E0 181 __imp__CompareStringEx@36
101E8 181 __imp__LCMapStringEx@36
101F0 181 __imp__AcquireSRWLockExclusive@4
101F8 181 __imp__ReleaseSRWLockExclusive@4
10200 181 __imp__SleepConditionVariableSRW@16
10208 181 __imp__WakeAllConditionVariable@4
10210 181 __imp__TryAcquireSRWLockExclusive@4
10218 181 __imp__InitializeSRWLock@4
10224 35 ??_7type_info@@6B@
10228 17 __pDefaultRawDllMain
1022C 24 _GS_ExceptionPointers
10238 36 ??_7exception@std@@6B@
10244 36 ??_7bad_alloc@std@@6B@
1024C 36 ??_C@_0P@GHFPNOJB@bad?5allocation@
10260 36 ??_7bad_array_new_length@std@@6B@
1026C 45 ??_7logic_error@std@@6B@
10278 45 ??_7length_error@std@@6B@
10280 160 __pDestructExceptionObject
10288 164 ??_7bad_exception@std@@6B@
10290 164 ??_C@_0O@DPKOEFFH@bad?5exception@
102A0 177 ?tokenTable@@3QBUStringLiteral@@B
10328 177 ?nameTable@@3QBUStringLiteral@@B
105C0 177 ?rttiTable@@3QBUStringLiteral@@B
105E8 177 ?IndirectionName@@3QBUStringLiteral@@B
10618 177 ?PrefixName@@3QBUStringLiteral@@B
10628 177 ??_C@_08EHJDFFNH@__based?$CI@
10634 177 ??_C@_07KOLFKCDI@__cdecl@
1063C 177 ??_C@_08GHMPAG@__pascal@
10648 177 ??_C@_09IFJBGAPI@__stdcall@
10654 177 ??_C@_0L@NPHFGOKO@__thiscall@
10660 177 ??_C@_0L@JMKHOMEK@__fastcall@
1066C 177 ??_C@_0N@BCKKPABJ@__vectorcall@
1067C 177 ??_C@_09HIJEGCPM@__clrcall@
10688 177 ??_C@_06GHPCKEAG@__eabi@
10690 177 ??_C@_09IOPIDJLG@__swift_1@
1069C 177 ??_C@_09KFNFGKHF@__swift_2@
106A8 177 ??_C@_09LMMOFLDE@__swift_3@
106B4 177 ??_C@_07JOMMBBKO@__ptr64@
106BC 177 ??_C@_0L@PILCLIHE@__restrict@
106C8 177 ??_C@_0M@GFIIJFMG@__unaligned@
106D4 177 ??_C@_09DHDLOLLB@restrict?$CI@
106DE 177 ??_C@_00CNPNBAHC@@
106E0 177 ??_C@_04NIHEBCM@?5new@
106E8 177 ??_C@_07FPCDHGMM@?5delete@
106F0 177 ??_C@_01NEMOKFLO@?$DN@
106F4 177 ??_C@_02GPIOPFAK@?$DO?$DO@
106F8 177 ??_C@_02FODMEDOG@?$DM?$DM@
106FC 177 ??_C@_01DCLJPIOD@?$CB@
10700 177 ??_C@_02EGOFBIJA@?$DN?$DN@
10704 177 ??_C@_02FDNJECIE@?$CB?$DN@
10708 177 ??_C@_02GPECMEKF@?$FL?$FN@
1070C 177 ??_C@_08LHJFAFGD@operator@
10718 177 ??_C@_02HBOOOICD@?9?$DO@
1071C 177 ??_C@_01NBENCBCI@?$CK@
10720 177 ??_C@_02ECNGHCIF@?$CL?$CL@
10724 177 ??_C@_02BAABKJLB@?9?9@
10728 177 ??_C@_01JOAMLHOP@?9@
1072C 177 ??_C@_01MIFGBAGJ@?$CL@
10730 177 ??_C@_01HNPIGOCE@?$CG@
10734 177 ??_C@_03MNHNFDLC@?9?$DO?$CK@
10738 177 ??_C@_01KMDKNFGN@?1@
1073C 177 ??_C@_01FGNFDNOH@?$CF@
10740 177 ??_C@_01MNNFJEPP@?$DM@
10744 177 ??_C@_02EHCHHCKH@?$DM?$DN@
10748 177 ??_C@_01PPODPGHN@?$DO@
1074C 177 ??_C@_02EEKDKGMJ@?$DO?$DN@
10750 177 ??_C@_01IHBHIGKO@?0@
10754 177 ??_C@_02HCKGKOFO@?$CI?$CJ@
10758 177 ??_C@_01PJKLJHI@?$HO@
1075C 177 ??_C@_01JKBOJNNK@?$FO@
10760 177 ??_C@_01DNKMNLPK@?$HM@
10764 177 ??_C@_02PPKAJPJL@?$CG?$CG@
10768 177 ??_C@_02NONPIBCD@?$HM?$HM@
1076C 177 ??_C@_02FPIMKNGF@?$CK?$DN@
10770 177 ??_C@_02FOEOMHFC@?$CL?$DN@
10774 177 ??_C@_02FKMDLLOA@?9?$DN@
10778 177 ??_C@_02FJEHGPIO@?1?$DN@
1077C 177 ??_C@_02FENAOKFI@?$CF?$DN@
10780 177 ??_C@_03IKFCCPFF@?$DO?$DO?$DN@
10784 177 ??_C@_03CDNPDDLA@?$DM?$DM?$DN@
10788 177 ??_C@_02FGJGFEAB@?$CG?$DN@
1078C 177 ??_C@_02DHLNPPGH@?$HM?$DN@
10790 177 ??_C@_02MHEGNOJ@?$FO?$DN@
10794 177 ??_C@_09IFPLHPGF@?$GAvftable?8@
107A0 177 ??_C@_09BLBHBJP@?$GAvbtable?8@
107AC 177 ??_C@_07FEEIOKP@?$GAvcall?8@
107B4 177 ??_C@_08LLFFHHDJ@?$GAtypeof?8@
107C0 177 ??_C@_0BF@KDPPACIK@?$GAlocal?5static?5guard?8@
107D8 177 ??_C@_08OBABFOLI@?$GAstring?8@
107E4 177 ??_C@_0BD@JDLKDPAB@?$GAvbase?5destructor?8@
107F8 177 ??_C@_0BN@DEGPLNFK@?$GAvector?5deleting?5destructor?8@
10818 177 ??_C@_0BO@OBMKPJIG@?$GAdefault?5constructor?5closure?8@
10838 177 ??_C@_0BN@IMDCHIKM@?$GAscalar?5deleting?5destructor?8@
10858 177 ??_C@_0BO@PFGOCPJJ@?$GAvector?5constructor?5iterator?8@
10878 177 ??_C@_0BN@LFPFMEDL@?$GAvector?5destructor?5iterator?8@
10898 177 ??_C@_0CE@IKBNEHA@?$GAvector?5vbase?5constructor?5itera@
108BC 177 ??_C@_0BL@NILFHHPC@?$GAvirtual?5displacement?5map?8@
108D8 177 ??_C@_0CB@JONCMFFK@?$GAeh?5vector?5constructor?5iterator@
108FC 177 ??_C@_0CA@GCEOPDGL@?$GAeh?5vector?5destructor?5iterator?8@
1091C 177 ??_C@_0CH@OOJPLCPH@?$GAeh?5vector?5vbase?5constructor?5it@
10944 177 ??_C@_0BL@LLKPOHJI@?$GAcopy?5constructor?5closure?8@
10960 177 ??_C@_0BA@KBCDOMBN@?$GAudt?5returning?8@
10970 177 ??_C@_03KLGMFNMG@?$GAEH@
10974 177 ??_C@_05KHLCHHI@?$GARTTI@
1097C 177 ??_C@_0BA@KKLDJDLB@?$GAlocal?5vftable?8@
1098C 177 ??_C@_0CE@IIHCMGGL@?$GAlocal?5vftable?5constructor?5clos@
109B0 177 ??_C@_06FHBGPFGH@?5new?$FL?$FN@
109B8 177 ??_C@_09LBNFPBCA@?5delete?$FL?$FN@
109C4 177 ??_C@_0P@HJKNJFNN@?$GAomni?5callsig?8@
109D4 177 ??_C@_0BL@CNOONJFP@?$GAplacement?5delete?5closure?8@
109F0 177 ??_C@_0BN@CKNJLHMB@?$GAplacement?5delete?$FL?$FN?5closure?8@
10A10 177 ??_C@_0CG@CFDHKGGD@?$GAmanaged?5vector?5constructor?5ite@
10A38 177 ??_C@_0CF@IMGKMJNO@?$GAmanaged?5vector?5destructor?5iter@
10A60 177 ??_C@_0CG@HLDDJMAG@?$GAeh?5vector?5copy?5constructor?5ite@
10A88 177 ??_C@_0CM@FCBBDIGB@?$GAeh?5vector?5vbase?5copy?5construct@
10AB4 177 ??_C@_0BL@CLIPGLGB@?$GAdynamic?5initializer?5for?5?8@
10AD0 177 ??_C@_0CB@PDBIFEP@?$GAdynamic?5atexit?5destructor?5for?5@
10AF4 177 ??_C@_0CD@CGAJBKEJ@?$GAvector?5copy?5constructor?5iterat@
10B18 177 ??_C@_0CJ@GJELGAMM@?$GAvector?5vbase?5copy?5constructor?5@
10B44 177 ??_C@_0CL@FGIJHLCE@?$GAmanaged?5vector?5copy?5constructo@
10B70 177 ??_C@_0BM@PMGGMLDN@?$GAlocal?5static?5thread?5guard?8@
10B8C 177 ??_C@_0N@BDNMDMOL@operator?5?$CC?$CC?5@
10B9C 177 ??_C@_0BC@GGEBGALA@operator?5co_await@
10BB0 177 ??_C@_0M@GAAIMMOH@operator?$DM?$DN?$DO@
10BBC 177 ??_C@_0BC@DAFEJGAK@?5Type?5Descriptor?8@
10BD0 177 ??_C@_0BM@LDKODKLH@?5Base?5Class?5Descriptor?5at?5?$CI@
10BEC 177 ??_C@_0BD@LGICGFMM@?5Base?5Class?5Array?8@
10C00 177 ??_C@_0BN@MECKDCOJ@?5Class?5Hierarchy?5Descriptor?8@
10C20 177 ??_C@_0BK@CFCOFLF@?5Complete?5Object?5Locator?8@
10C3C 177 ??_C@_0BG@JNJLAMPM@?$GAanonymous?5namespace?8@
10C54 180 ?module_names@?A0x14174aea@@3QBQB_WB
10C60 180 ??_C@_1DM@KHCHBNEB@?$AAa?$AAp?$AAi?$AA?9?$AAm?$AAs?$AA?9?$AAw?$AAi?$AAn?$AA?9?$AAc?$AAo?$AAr?$AAe@
10C9C 180 ??_C@_1DK@LPPGFMPP@?$AAa?$AAp?$AAi?$AA?9?$AAm?$AAs?$AA?9?$AAw?$AAi?$AAn?$AA?9?$AAc?$AAo?$AAr?$AAe@
10CD8 180 ??_C@_1BC@GDMECMAK@?$AAk?$AAe?$AAr?$AAn?$AAe?$AAl?$AA3?$AA2@
10CEC 180 ??_C@_1BA@PFFKHIOG@?$AAa?$AAp?$AAi?$AA?9?$AAm?$AAs?$AA?9@
10CFC 180 ?candidate_modules@?1??try_get_FlsAlloc@@YAP6GKP6GXPAX@Z@ZXZ@4QBW4module_id@?A0x14174aea@@B
10D04 180 ??_C@_08KNHFBNJ@FlsAlloc@
10D10 180 ?candidate_modules@?1??try_get_FlsFree@@YAP6GHK@ZXZ@4QBW4module_id@?A0x14174aea@@B
10D18 180 ??_C@_07PEJMOBNF@FlsFree@
10D20 180 ?candidate_modules@?1??try_get_FlsGetValue@@YAP6GPAXK@ZXZ@4QBW4module_id@?A0x14174aea@@B
10D28 180 ??_C@_0M@GDNOONDI@FlsGetValue@
10D34 180 ?candidate_modules@?1??try_get_FlsSetValue@@YAP6GHKPAX@ZXZ@4QBW4module_id@?A0x14174aea@@B
10D3C 180 ??_C@_0M@JCPCPOEF@FlsSetValue@
10D48 180 ?candidate_modules@?1??try_get_InitializeCriticalSectionEx@@YAP6GHPAU_RTL_CRITICAL_SECTION@@KK@ZXZ@4QBW4module_id@?A0x14174aea@@B
10D50 180 ??_C@_0BM@HCFOFFN@InitializeCriticalSectionEx@
10D70 71 ___acrt_exception_action_table
10E00 71 ___acrt_signal_action_table_count
10E04 71 ___acrt_signal_action_first_fpe_index
10E08 71 ___acrt_signal_action_fpe_count
10E0C 72 ??_C@_1BI@BGOHAHKC@?$AAm?$AAs?$AAc?$AAo?$AAr?$AAe?$AAe?$AA?4?$AAd?$AAl?$AAl@
10E24 72 ??_C@_0P@MIGLKIOC@CorExitProcess@
10E38 92 ___acrt_initializers
10EB8 127 ___lc_time_c
1101C 127 ??_C@_03KOEHGMDN@Sun@
11020 127 ??_C@_03PDAGKDH@Mon@
11024 127 ??_C@_03NAGEINEP@Tue@
11028 127 ??_C@_03MHOMLAJA@Wed@
1102C 127 ??_C@_03IOFIKPDN@Thu@
11030 127 ??_C@_03IDIOELNC@Fri@
11034 127 ??_C@_03FEFJNEK@Sat@
11038 127 ??_C@_06OOPIFAJ@Sunday@
11040 127 ??_C@_06JLEDEDGH@Monday@
11048 127 ??_C@_07BAAGCFCM@Tuesday@
11050 127 ??_C@_09DLIGFAKA@Wednesday@
1105C 127 ??_C@_08HACCIKIA@Thursday@
11068 127 ??_C@_06JECMNKMI@Friday@
11070 127 ??_C@_08INBOOONO@Saturday@
1107C 127 ??_C@_03JIHJHPIE@Jan@
11080 127 ??_C@_03HJBDCHOM@Feb@
11084 127 ??_C@_03ODNJBKGA@Mar@
11088 127 ??_C@_03LEOLGMJP@Apr@
1108C 127 ??_C@_03CNMDKL@May@
11090 127 ??_C@_03IDFGHECI@Jun@
11094 127 ??_C@_03LBGABGKK@Jul@
11098 127 ??_C@_03IFJFEIGA@Aug@
1109C 127 ??_C@_03GGCAPAJC@Sep@
110A0 127 ??_C@_03BMAOKBAD@Oct@
110A4 127 ??_C@_03JPJOFNIA@Nov@
110A8 127 ??_C@_03MKABNOCG@Dec@
110AC 127 ??_C@_07CGJPFGJA@January@
110B4 127 ??_C@_08GNJGEPFN@February@
110C0 127 ??_C@_05HPCKOFNC@March@
110C8 127 ??_C@_05DMJDNLEJ@April@
110D0 127 ??_C@_04CNLMGBGM@June@
110D8 127 ??_C@_04MIEPOIFP@July@
110E0 127 ??_C@_06LBBHFDDG@August@
110E8 127 ??_C@_09BHHEALKD@September@
110F4 127 ??_C@_07JJNFCEND@October@
110FC 127 ??_C@_08HCHEGEOA@November@
11108 127 ??_C@_08EDHMEBNP@December@
11114 127 ??_C@_02DEDBPAFC@AM@
11118 127 ??_C@_02CJNFDJBF@PM@
1111C 127 ??_C@_08BPBNCDIB@MM?1dd?1yy@
11128 127 ??_C@_0BE@CKGJFCPC@dddd?0?5MMMM?5dd?0?5yyyy@
1113C 127 ??_C@_08JCCMCCIL@HH?3mm?3ss@
11148 127 ??_C@_17MBGCMIPB@?$AAS?$AAu?$AAn@
11150 127 ??_C@_17KBOMKBF@?$AAM?$AAo?$AAn@
11158 127 ??_C@_17BMKGEGOJ@?$AAT?$AAu?$AAe@
11160 127 ??_C@_17CJEDCEPE@?$AAW?$AAe?$AAd@
11168 127 ??_C@_17PDPHAADD@?$AAT?$AAh?$AAu@
11170 127 ??_C@_17HFOLPPLP@?$AAF?$AAr?$AAi@
11178 127 ??_C@_17GGIBDPIH@?$AAS?$AAa?$AAt@
11180 127 ??_C@_1O@IHNHDHPB@?$AAS?$AAu?$AAn?$AAd?$AAa?$AAy@
11190 127 ??_C@_1O@MMNBFLIA@?$AAM?$AAo?$AAn?$AAd?$AAa?$AAy@
111A0 127 ??_C@_1BA@ENFBFFEK@?$AAT?$AAu?$AAe?$AAs?$AAd?$AAa?$AAy@
111B0 127 ??_C@_1BE@EBOGMDOH@?$AAW?$AAe?$AAd?$AAn?$AAe?$AAs?$AAd?$AAa?$AAy@
111C4 127 ??_C@_1BC@HHMNLIHE@?$AAT?$AAh?$AAu?$AAr?$AAs?$AAd?$AAa?$AAy@
111D8 127 ??_C@_1O@PDICJHAG@?$AAF?$AAr?$AAi?$AAd?$AAa?$AAy@
111E8 127 ??_C@_1BC@ENMNNPAJ@?$AAS?$AAa?$AAt?$AAu?$AAr?$AAd?$AAa?$AAy@
111FC 127 ??_C@_17DKNBKCHM@?$AAJ?$AAa?$AAn@
11204 127 ??_C@_17LMDJEKJN@?$AAF?$AAe?$AAb@
1120C 127 ??_C@_17CKNLEDEC@?$AAM?$AAa?$AAr@
11214 127 ??_C@_17LFPOIHDD@?$AAA?$AAp?$AAr@
1121C 127 ??_C@_17PNNKMEED@?$AAM?$AAa?$AAy@
11224 127 ??_C@_17KCJGOCPB@?$AAJ?$AAu?$AAn@
1122C 127 ??_C@_17IJPCKHK@?$AAJ?$AAu?$AAl@
11234 127 ??_C@_17ICPELBCN@?$AAA?$AAu?$AAg@
1123C 127 ??_C@_17HCHCOKMG@?$AAS?$AAe?$AAp@
11244 127 ??_C@_17FNLKOI@?$AAO?$AAc?$AAt@
1124C 127 ??_C@_17BBDMLCIG@?$AAN?$AAo?$AAv@
11254 127 ??_C@_17EGKACKIF@?$AAD?$AAe?$AAc@
1125C 127 ??_C@_1BA@EFMEIEBA@?$AAJ?$AAa?$AAn?$AAu?$AAa?$AAr?$AAy@
1126C 127 ??_C@_1BC@JGDDFFAM@?$AAF?$AAe?$AAb?$AAr?$AAu?$AAa?$AAr?$AAy@
11280 127 ??_C@_1M@IKEENEDF@?$AAM?$AAa?$AAr?$AAc?$AAh@
1128C 127 ??_C@_1M@GJNLMHFD@?$AAA?$AAp?$AAr?$AAi?$AAl@
11298 127 ??_C@_19EPFLPGAP@?$AAJ?$AAu?$AAn?$AAe@
112A4 127 ??_C@_19BIFMLPCD@?$AAJ?$AAu?$AAl?$AAy@
112B0 127 ??_C@_1O@PAHLKOAC@?$AAA?$AAu?$AAg?$AAu?$AAs?$AAt@
112C0 127 ??_C@_1BE@DKAAMBJL@?$AAS?$AAe?$AAp?$AAt?$AAe?$AAm?$AAb?$AAe?$AAr@
112D4 127 ??_C@_1BA@EPANDLNG@?$AAO?$AAc?$AAt?$AAo?$AAb?$AAe?$AAr@
112E4 127 ??_C@_1BC@BGLIFPF@?$AAN?$AAo?$AAv?$AAe?$AAm?$AAb?$AAe?$AAr@
112F8 127 ??_C@_1BC@FEMKIFH@?$AAD?$AAe?$AAc?$AAe?$AAm?$AAb?$AAe?$AAr@
1130C 127 ??_C@_15ODEHAHHF@?$AAA?$AAM@
11314 127 ??_C@_15CLMNNGEL@?$AAP?$AAM@
1131C 127 ??_C@_1BC@IEBCMHCM@?$AAM?$AAM?$AA?1?$AAd?$AAd?$AA?1?$AAy?$AAy@
11330 127 ??_C@_1CI@KNAKOEBC@?$AAd?$AAd?$AAd?$AAd?$AA?0?$AA?5?$AAM?$AAM?$AAM?$AAM?$AA?5?$AAd?$AAd?$AA?0?$AA?5@
11358 127 ??_C@_1BC@GDGBMEMK@?$AAH?$AAH?$AA?3?$AAm?$AAm?$AA?3?$AAs?$AAs@
1136C 127 ??_C@_1M@BMHNFIME@?$AAe?$AAn?$AA?9?$AAU?$AAS@
11378 70 ?errtable@@3QBUerrentry@?A0x31fdb9ec@@B
114E0 117 ?_mb_locale_names@@3QBQB_WB
114F0 117 ??_C@_1M@HPNHIDJI@?$AAj?$AAa?$AA?9?$AAJ?$AAP@
114FC 117 ??_C@_1M@BIBDDEMK@?$AAz?$AAh?$AA?9?$AAC?$AAN@
11508 117 ??_C@_1M@JLOOOEGK@?$AAk?$AAo?$AA?9?$AAK?$AAR@
11514 117 ??_C@_1M@CLNBBOPM@?$AAz?$AAh?$AA?9?$AAT?$AAW@
11520 156 ?module_names@?A0x391cf84c@@3QBQB_WB
11578 156 ??_C@_1EA@JGEFHKEI@?$AAa?$AAp?$AAi?$AA?9?$AAm?$AAs?$AA?9?$AAw?$AAi?$AAn?$AA?9?$AAc?$AAo?$AAr?$AAe@
115B8 156 ??_C@_1DI@KMEPCBPN@?$AAa?$AAp?$AAi?$AA?9?$AAm?$AAs?$AA?9?$AAw?$AAi?$AAn?$AA?9?$AAc?$AAo?$AAr?$AAe@
115F0 156 ??_C@_1DI@IJCEHOCB@?$AAa?$AAp?$AAi?$AA?9?$AAm?$AAs?$AA?9?$AAw?$AAi?$AAn?$AA?9?$AAc?$AAo?$AAr?$AAe@
11628 156 ??_C@_1EI@MPIAOHOC@?$AAa?$AAp?$AAi?$AA?9?$AAm?$AAs?$AA?9?$AAw?$AAi?$AAn?$AA?9?$AAc?$AAo?$AAr?$AAe@
11670 156 ??_C@_1FK@FPHCKFIE@?$AAa?$AAp?$AAi?$AA?9?$AAm?$AAs?$AA?9?$AAw?$AAi?$AAn?$AA?9?$AAc?$AAo?$AAr?$AAe@
116D0 156 ??_C@_1EM@DILCGIIO@?$AAa?$AAp?$AAi?$AA?9?$AAm?$AAs?$AA?9?$AAw?$AAi?$AAn?$AA?9?$AAc?$AAo?$AAr?$AAe@
1171C 156 ??_C@_1DM@LNCGDDPN@?$AAa?$AAp?$AAi?$AA?9?$AAm?$AAs?$AA?9?$AAw?$AAi?$AAn?$AA?9?$AAc?$AAo?$AAr?$AAe@
11758 156 ??_C@_1DO@FPAPJEMD@?$AAa?$AAp?$AAi?$AA?9?$AAm?$AAs?$AA?9?$AAw?$AAi?$AAn?$AA?9?$AAc?$AAo?$AAr?$AAe@
11798 156 ??_C@_1DK@NDHNAHIO@?$AAa?$AAp?$AAi?$AA?9?$AAm?$AAs?$AA?9?$AAw?$AAi?$AAn?$AA?9?$AAc?$AAo?$AAr?$AAe@
117D4 156 ??_C@_1DM@KGHDGBCM@?$AAa?$AAp?$AAi?$AA?9?$AAm?$AAs?$AA?9?$AAw?$AAi?$AAn?$AA?9?$AAc?$AAo?$AAr?$AAe@
11810 156 ??_C@_1EO@IJIOEFOH@?$AAa?$AAp?$AAi?$AA?9?$AAm?$AAs?$AA?9?$AAw?$AAi?$AAn?$AA?9?$AAr?$AAt?$AAc?$AAo@
11860 156 ??_C@_1FG@HHGEKANL@?$AAa?$AAp?$AAi?$AA?9?$AAm?$AAs?$AA?9?$AAw?$AAi?$AAn?$AA?9?$AAs?$AAe?$AAc?$AAu@
118B8 156 ??_C@_1EG@DBIOJECG@?$AAe?$AAx?$AAt?$AA?9?$AAm?$AAs?$AA?9?$AAw?$AAi?$AAn?$AA?9?$AAn?$AAt?$AAu?$AAs@
11900 156 ??_C@_1EO@FIHMJCLF@?$AAe?$AAx?$AAt?$AA?9?$AAm?$AAs?$AA?9?$AAw?$AAi?$AAn?$AA?9?$AAn?$AAt?$AAu?$AAs@
11950 156 ??_C@_1BC@DNHGCMLG@?$AAa?$AAd?$AAv?$AAa?$AAp?$AAi?$AA3?$AA2@
11964 156 ??_C@_1BG@CJPGBMEF@?$AAk?$AAe?$AAr?$AAn?$AAe?$AAl?$AAb?$AAa?$AAs?$AAe@
1197C 156 ??_C@_1M@OAIMIKLP@?$AAn?$AAt?$AAd?$AAl?$AAl@
11988 156 ??_C@_1EG@DPGNFKGC@?$AAa?$AAp?$AAi?$AA?9?$AAm?$AAs?$AA?9?$AAw?$AAi?$AAn?$AA?9?$AAa?$AAp?$AAp?$AAm@
119D0 156 ??_C@_1O@BCCLBEOE@?$AAu?$AAs?$AAe?$AAr?$AA3?$AA2@
119E0 156 ??_C@_1DM@BPJLHKCE@?$AAa?$AAp?$AAi?$AA?9?$AAm?$AAs?$AA?9?$AAw?$AAi?$AAn?$AA?9?$AAc?$AAo?$AAr?$AAe@
11A1C 156 ??_C@_1BA@IAIFMGEF@?$AAe?$AAx?$AAt?$AA?9?$AAm?$AAs?$AA?9@
11A2C 156 ?candidate_modules@?1??try_get_AreFileApisANSI@@YAP6GHXZXZ@4QBW4module_id@?A0x391cf84c@@B
11A30 156 ??_C@_0BA@FHFNEAED@AreFileApisANSI@
11A40 156 ?candidate_modules@?1??try_get_InitializeCriticalSectionEx@@YAP6GHPAU_RTL_CRITICAL_SECTION@@KK@ZXZ@4QBW4module_id@?A0x391cf84c@@B
11A48 156 ?candidate_modules@?1??try_get_LCMapStringEx@@YAP6GHPB_WK0HPA_WHPAU_nlsversioninfo@@PAXJ@ZXZ@4QBW4module_id@?A0x391cf84c@@B
11A50 156 ??_C@_0O@KKBNKAPF@LCMapStringEx@
11A60 156 ?candidate_modules@?1??try_get_LocaleNameToLCID@@YAP6GKPB_WK@ZXZ@4QBW4module_id@?A0x391cf84c@@B
11A68 156 ??_C@_0BB@HBDEELFH@LocaleNameToLCID@
11A7C 156 ?candidate_modules@?1??try_get_AppPolicyGetProcessTerminationMethod@@YAP6GJPAXPAW4AppPolicyProcessTerminationMethod@@@ZXZ@4QBW4module_id@?A0x391cf84c@@B
11A80 156 ??_C@_0CF@OJOFEIGO@AppPolicyGetProcessTerminationM@
11AA8 156 ?candidate_modules@?1??try_get_FlsAlloc@@YAP6GKP6GXPAX@Z@ZXZ@4QBW4module_id@?A0x391cf84c@@B
11AB0 156 ?candidate_modules@?1??try_get_FlsFree@@YAP6GHK@ZXZ@4QBW4module_id@?A0x391cf84c@@B
11AB8 156 ?candidate_modules@?1??try_get_FlsGetValue@@YAP6GPAXK@ZXZ@4QBW4module_id@?A0x391cf84c@@B
11AC0 156 ?candidate_modules@?1??try_get_FlsSetValue@@YAP6GHKPAX@ZXZ@4QBW4module_id@?A0x391cf84c@@B
11AC8 68 ___newctype
11DC8 68 ___newclmap
11F48 68 ___newcumap
120C8 85 ??_C@_15PJPFLCCM@?$AAu?$AAk@
120D0 101 ?LcidToLocaleNameTable@?A0x881e4c05@@3QBULcidToLocaleName@1@B
127F0 101 ??_C@_15EMKDOKLE@?$AAa?$AAr@
127F8 101 ??_C@_15KNPADPLH@?$AAb?$AAg@
12800 101 ??_C@_15EDMHLDMO@?$AAc?$AAa@
12808 101 ??_C@_1O@BPEAJADD@?$AAz?$AAh?$AA?9?$AAC?$AAH?$AAS@
12818 101 ??_C@_15LJNHCMNK@?$AAc?$AAs@
12820 101 ??_C@_15FOMCIDHG@?$AAd?$AAa@
12828 101 ??_C@_15NBKABECB@?$AAd?$AAe@
12830 101 ??_C@_15GHPEIIAO@?$AAe?$AAl@
12838 101 ??_C@_15MNPNEAIF@?$AAe?$AAn@
12840 101 ??_C@_15GPIOMPMH@?$AAe?$AAs@
12848 101 ??_C@_15NGLOAKJC@?$AAf?$AAi@
12850 101 ??_C@_15FBKGNKAM@?$AAf?$AAr@
12858 101 ??_C@_15KGGCNEFK@?$AAh?$AAe@
12860 101 ??_C@_15PGHLIDMF@?$AAh?$AAu@
12868 101 ??_C@_15BIEMAPLM@?$AAi?$AAs@
12870 101 ??_C@_15IFJLDHAF@?$AAi?$AAt@
12878 101 ??_C@_15GEMIOCAG@?$AAj?$AAa@
12880 101 ??_C@_15EPELEGJA@?$AAk?$AAo@
12888 101 ??_C@_15NDDHIMN@?$AAn?$AAl@
12890 101 ??_C@_15BPIGNHCD@?$AAn?$AAo@
12898 101 ??_C@_15DEOPBLCG@?$AAp?$AAl@
128A0 101 ??_C@_15KBECGEFG@?$AAp?$AAt@
128A8 101 ??_C@_15GLJCBFMD@?$AAr?$AAo@
128B0 101 ??_C@_15FEDGKCDI@?$AAr?$AAu@
128B8 101 ??_C@_15GLKMLLHM@?$AAh?$AAr@
128C0 101 ??_C@_15CPKMFBDB@?$AAs?$AAk@
128C8 101 ??_C@_15BAAIOGMK@?$AAs?$AAq@
128D0 101 ??_C@_15INNPNOHD@?$AAs?$AAv@
128D8 101 ??_C@_15CABMMOGH@?$AAt?$AAh@
128E0 101 ??_C@_15BPLIHJJM@?$AAt?$AAr@
128E8 101 ??_C@_15NEOEKKDJ@?$AAu?$AAr@
128F0 101 ??_C@_15NFICGAJK@?$AAi?$AAd@
128F8 101 ??_C@_15HPJPHDM@?$AAb?$AAe@
12900 101 ??_C@_15LCHLGJII@?$AAs?$AAl@
12908 101 ??_C@_15PCFJPHHO@?$AAe?$AAt@
12910 101 ??_C@_15HPFPGODN@?$AAl?$AAv@
12918 101 ??_C@_15NFFGKGLG@?$AAl?$AAt@
12920 101 ??_C@_15BDAKCCHN@?$AAf?$AAa@
12928 101 ??_C@_15NFGIAIAJ@?$AAv?$AAi@
12930 101 ??_C@_15LMKNDMHN@?$AAh?$AAy@
12938 101 ??_C@_15IJBHMCFL@?$AAa?$AAz@
12940 101 ??_C@_15EKOFJABL@?$AAe?$AAu@
12948 101 ??_C@_15BGHADCNK@?$AAm?$AAk@
12950 101 ??_C@_15JDNICKHM@?$AAa?$AAf@
12958 101 ??_C@_15KPJEDBKD@?$AAk?$AAa@
12960 101 ??_C@_15PDNFFFEO@?$AAf?$AAo@
12968 101 ??_C@_15OMLEGLOC@?$AAh?$AAi@
12970 101 ??_C@_15IDNNENKK@?$AAm?$AAs@
12978 101 ??_C@_15MACJNBMH@?$AAk?$AAk@
12980 101 ??_C@_15DKDJEOND@?$AAk?$AAy@
12988 101 ??_C@_15DFGDLJBG@?$AAs?$AAw@
12990 101 ??_C@_15BBFAICNG@?$AAu?$AAz@
12998 101 ??_C@_15DKNDCGEA@?$AAt?$AAt@
129A0 101 ??_C@_15MGIFMDPL@?$AAp?$AAa@
129A8 101 ??_C@_15HCNDBBA@?$AAg?$AAu@
129B0 101 ??_C@_15FNBEIBON@?$AAt?$AAa@
129B8 101 ??_C@_15NCHGBGLK@?$AAt?$AAe@
129C0 101 ??_C@_15PHPHCBPF@?$AAk?$AAn@
129C8 101 ??_C@_15DLGBCKMP@?$AAm?$AAr@
129D0 101 ??_C@_15EABBLBFF@?$AAs?$AAa@
129D8 101 ??_C@_15CBKOMCOI@?$AAm?$AAn@
129E0 101 ??_C@_15CKDMCJAF@?$AAg?$AAl@
129E8 101 ??_C@_17CNJFBPG@?$AAk?$AAo?$AAk@
129F0 101 ??_C@_17FFBJICPL@?$AAs?$AAy?$AAr@
129F8 101 ??_C@_17KPNDCPAF@?$AAd?$AAi?$AAv@
12A00 101 ??_C@_1M@OKAHONE@?$AAa?$AAr?$AA?9?$AAS?$AAA@
12A0C 101 ??_C@_1M@FFFIGIGK@?$AAb?$AAg?$AA?9?$AAB?$AAG@
12A18 101 ??_C@_1M@BJNKEDC@?$AAc?$AAa?$AA?9?$AAE?$AAS@
12A24 101 ??_C@_1M@IJJHFJHA@?$AAc?$AAs?$AA?9?$AAC?$AAZ@
12A30 101 ??_C@_1M@CLPEOBGI@?$AAd?$AAa?$AA?9?$AAD?$AAK@
12A3C 101 ??_C@_1M@MCMADGCB@?$AAd?$AAe?$AA?9?$AAD?$AAE@
12A48 101 ??_C@_1M@OOCKEMAM@?$AAe?$AAl?$AA?9?$AAG?$AAR@
12A54 101 ??_C@_1M@DDNJFGID@?$AAf?$AAi?$AA?9?$AAF?$AAI@
12A60 101 ??_C@_1M@GLIPPMAC@?$AAf?$AAr?$AA?9?$AAF?$AAR@
12A6C 101 ??_C@_1M@GFMCHPE@?$AAh?$AAe?$AA?9?$AAI?$AAL@
12A78 101 ??_C@_1M@MHLPGNKM@?$AAh?$AAu?$AA?9?$AAH?$AAU@
12A84 101 ??_C@_1M@LPDDNNPN@?$AAi?$AAs?$AA?9?$AAI?$AAS@
12A90 101 ??_C@_1M@MADIPODN@?$AAi?$AAt?$AA?9?$AAI?$AAT@
12A9C 101 ??_C@_1M@IHBJJGG@?$AAn?$AAl?$AA?9?$AAN?$AAL@
12AA8 101 ??_C@_1M@EANAGDL@?$AAn?$AAb?$AA?9?$AAN?$AAO@
12AB4 101 ??_C@_1M@NEIEMEGP@?$AAp?$AAl?$AA?9?$AAP?$AAL@
12AC0 101 ??_C@_1M@BOCFIGEP@?$AAp?$AAt?$AA?9?$AAB?$AAR@
12ACC 101 ??_C@_1M@IMPFOPBG@?$AAr?$AAo?$AA?9?$AAR?$AAO@
12AD8 101 ??_C@_1M@IDNNEJMM@?$AAr?$AAu?$AA?9?$AAR?$AAU@
12AE4 101 ??_C@_1M@LILEEOGM@?$AAh?$AAr?$AA?9?$AAH?$AAR@
12AF0 101 ??_C@_1M@FKIFEHPB@?$AAs?$AAk?$AA?9?$AAS?$AAK@
12AFC 101 ??_C@_1M@LJMAMNPJ@?$AAs?$AAq?$AA?9?$AAA?$AAL@
12B08 101 ??_C@_1M@GIAKDKJK@?$AAs?$AAv?$AA?9?$AAS?$AAE@
12B14 101 ??_C@_1M@MKJKIKCL@?$AAt?$AAh?$AA?9?$AAT?$AAH@
12B20 101 ??_C@_1M@MFLCCMPB@?$AAt?$AAr?$AA?9?$AAT?$AAR@
12B2C 101 ??_C@_1M@OIJHDKJN@?$AAu?$AAr?$AA?9?$AAP?$AAK@
12B38 101 ??_C@_1M@LHIPCIEK@?$AAi?$AAd?$AA?9?$AAI?$AAD@
12B44 101 ??_C@_1M@MFMOBGI@?$AAu?$AAk?$AA?9?$AAU?$AAA@
12B50 101 ??_C@_1M@OBGLJIPL@?$AAb?$AAe?$AA?9?$AAB?$AAY@
12B5C 101 ??_C@_1M@BCFAJEAD@?$AAs?$AAl?$AA?9?$AAS?$AAI@
12B68 101 ??_C@_1M@FKFFEDDN@?$AAe?$AAt?$AA?9?$AAE?$AAE@
12B74 101 ??_C@_1M@KGKKAACI@?$AAl?$AAv?$AA?9?$AAL?$AAV@
12B80 101 ??_C@_1M@IFGBIJO@?$AAl?$AAt?$AA?9?$AAL?$AAT@
12B8C 101 ??_C@_1M@FGEAHEDM@?$AAf?$AAa?$AA?9?$AAI?$AAR@
12B98 101 ??_C@_1M@KBMAIBFN@?$AAv?$AAi?$AA?9?$AAV?$AAN@
12BA4 101 ??_C@_1M@GPCBKDJK@?$AAh?$AAy?$AA?9?$AAA?$AAM@
12BB0 101 ??_C@_1BG@BECMDDJB@?$AAa?$AAz?$AA?9?$AAA?$AAZ?$AA?9?$AAL?$AAa?$AAt?$AAn@
12BC8 101 ??_C@_1M@MAOFCAEA@?$AAe?$AAu?$AA?9?$AAE?$AAS@
12BD4 101 ??_C@_1M@IGHABKPI@?$AAm?$AAk?$AA?9?$AAM?$AAK@
12BE0 101 ??_C@_1M@IAIGNEJG@?$AAt?$AAn?$AA?9?$AAZ?$AAA@
12BEC 101 ??_C@_1M@IIJCOJFA@?$AAx?$AAh?$AA?9?$AAZ?$AAA@
12BF8 101 ??_C@_1M@LGPJHNJH@?$AAz?$AAu?$AA?9?$AAZ?$AAA@
12C04 101 ??_C@_1M@HOKAOIO@?$AAa?$AAf?$AA?9?$AAZ?$AAA@
12C10 101 ??_C@_1M@DPCLHLIE@?$AAk?$AAa?$AA?9?$AAG?$AAE@
12C1C 101 ??_C@_1M@BLKMHJBI@?$AAf?$AAo?$AA?9?$AAF?$AAO@
12C28 101 ??_C@_1M@LGGJAPPB@?$AAh?$AAi?$AA?9?$AAI?$AAN@
12C34 101 ??_C@_1M@FIKPIHFE@?$AAm?$AAt?$AA?9?$AAM?$AAT@
12C40 101 ??_C@_1M@HEGGPBFA@?$AAs?$AAe?$AA?9?$AAN?$AAO@
12C4C 101 ??_C@_1M@EIBJEEPA@?$AAm?$AAs?$AA?9?$AAM?$AAY@
12C58 101 ??_C@_1M@FHLBGMPP@?$AAk?$AAk?$AA?9?$AAK?$AAZ@
12C64 101 ??_C@_1M@NGJJLCGI@?$AAk?$AAy?$AA?9?$AAK?$AAG@
12C70 101 ??_C@_1M@GIENNBFC@?$AAs?$AAw?$AA?9?$AAK?$AAE@
12C7C 101 ??_C@_1BG@NDGMJIMJ@?$AAu?$AAz?$AA?9?$AAU?$AAZ?$AA?9?$AAL?$AAa?$AAt?$AAn@
12C94 101 ??_C@_1M@IDCCIHBC@?$AAt?$AAt?$AA?9?$AAR?$AAU@
12CA0 101 ??_C@_1M@LOICPMOJ@?$AAb?$AAn?$AA?9?$AAI?$AAN@
12CAC 101 ??_C@_1M@KPKKNEAH@?$AAp?$AAa?$AA?9?$AAI?$AAN@
12CB8 101 ??_C@_1M@PJGPPBOG@?$AAg?$AAu?$AA?9?$AAI?$AAN@
12CC4 101 ??_C@_1M@KMKMOPHI@?$AAt?$AAa?$AA?9?$AAI?$AAN@
12CD0 101 ??_C@_1M@KFEHEPAC@?$AAt?$AAe?$AA?9?$AAI?$AAN@
12CDC 101 ??_C@_1M@CDCLMGHI@?$AAk?$AAn?$AA?9?$AAI?$AAN@
12CE8 101 ??_C@_1M@MIODLDKF@?$AAm?$AAl?$AA?9?$AAI?$AAN@
12CF4 101 ??_C@_1M@PBIEACPO@?$AAm?$AAr?$AA?9?$AAI?$AAN@
12D00 101 ??_C@_1M@NIDEAGPH@?$AAs?$AAa?$AA?9?$AAI?$AAN@
12D0C 101 ??_C@_1M@FHIHCBIO@?$AAm?$AAn?$AA?9?$AAM?$AAN@
12D18 101 ??_C@_1M@JAIJPENP@?$AAc?$AAy?$AA?9?$AAG?$AAB@
12D24 101 ??_C@_1M@PHGFBEPN@?$AAg?$AAl?$AA?9?$AAE?$AAS@
12D30 101 ??_C@_1O@KPIPDNCP@?$AAk?$AAo?$AAk?$AA?9?$AAI?$AAN@
12D40 101 ??_C@_1O@KNHJLDJA@?$AAs?$AAy?$AAr?$AA?9?$AAS?$AAY@
12D50 101 ??_C@_1O@MKEKBLAH@?$AAd?$AAi?$AAv?$AA?9?$AAM?$AAV@
12D60 101 ??_C@_1O@OHDCKDDF@?$AAq?$AAu?$AAz?$AA?9?$AAB?$AAO@
12D70 101 ??_C@_1M@LEPJNLFD@?$AAn?$AAs?$AA?9?$AAZ?$AAA@
12D7C 101 ??_C@_1M@OMLEIIJB@?$AAm?$AAi?$AA?9?$AAN?$AAZ@
12D88 101 ??_C@_1M@PMPEAILG@?$AAa?$AAr?$AA?9?$AAI?$AAQ@
12D94 101 ??_C@_1M@CNKPNOEE@?$AAd?$AAe?$AA?9?$AAC?$AAH@
12DA0 101 ??_C@_1M@LKMGMLKO@?$AAe?$AAn?$AA?9?$AAG?$AAB@
12DAC 101 ??_C@_1M@PGKJFFGL@?$AAe?$AAs?$AA?9?$AAM?$AAX@
12DB8 101 ??_C@_1M@DNNANBDC@?$AAf?$AAr?$AA?9?$AAB?$AAE@
12DC4 101 ??_C@_1M@HLGMDFHM@?$AAi?$AAt?$AA?9?$AAC?$AAH@
12DD0 101 ??_C@_1M@CLLBGJH@?$AAn?$AAl?$AA?9?$AAB?$AAE@
12DDC 101 ??_C@_1M@BODBOGLF@?$AAn?$AAn?$AA?9?$AAN?$AAO@
12DE8 101 ??_C@_1M@HFFAHKAD@?$AAp?$AAt?$AA?9?$AAP?$AAT@
12DF4 101 ??_C@_1BG@LNOAKHIE@?$AAs?$AAr?$AA?9?$AAS?$AAP?$AA?9?$AAL?$AAa?$AAt?$AAn@
12E0C 101 ??_C@_1M@HBMHBGAK@?$AAs?$AAv?$AA?9?$AAF?$AAI@
12E18 101 ??_C@_1BG@DGCJGJBE@?$AAa?$AAz?$AA?9?$AAA?$AAZ?$AA?9?$AAC?$AAy?$AAr?$AAl@
12E30 101 ??_C@_1M@KEJDAAHB@?$AAs?$AAe?$AA?9?$AAS?$AAE@
12E3C 101 ??_C@_1M@HEIBJJAD@?$AAm?$AAs?$AA?9?$AAB?$AAN@
12E48 101 ??_C@_1BG@PBGJMCEM@?$AAu?$AAz?$AA?9?$AAU?$AAZ?$AA?9?$AAC?$AAy?$AAr?$AAl@
12E60 101 ??_C@_1O@LAOBCMDF@?$AAq?$AAu?$AAz?$AA?9?$AAE?$AAC@
12E70 101 ??_C@_1M@POEEMAIO@?$AAa?$AAr?$AA?9?$AAE?$AAG@
12E7C 101 ??_C@_1M@EFAKDEDL@?$AAz?$AAh?$AA?9?$AAH?$AAK@
12E88 101 ??_C@_1M@HKKIJHGI@?$AAd?$AAe?$AA?9?$AAA?$AAT@
12E94 101 ??_C@_1M@KBFBEHJF@?$AAe?$AAn?$AA?9?$AAA?$AAU@
12EA0 101 ??_C@_1M@MNPLFAAH@?$AAe?$AAs?$AA?9?$AAE?$AAS@
12EAC 101 ??_C@_1M@HJOOJFMA@?$AAf?$AAr?$AA?9?$AAC?$AAA@
12EB8 101 ??_C@_1BG@JPOFPNAB@?$AAs?$AAr?$AA?9?$AAS?$AAP?$AA?9?$AAC?$AAy?$AAr?$AAl@
12ED0 101 ??_C@_1M@LNFOCMOB@?$AAs?$AAe?$AA?9?$AAF?$AAI@
12EDC 101 ??_C@_1O@MGJBOAMB@?$AAq?$AAu?$AAz?$AA?9?$AAP?$AAE@
12EEC 101 ??_C@_1M@GJINLBOK@?$AAa?$AAr?$AA?9?$AAL?$AAY@
12EF8 101 ??_C@_1M@GGMNHJNL@?$AAz?$AAh?$AA?9?$AAS?$AAG@
12F04 101 ??_C@_1M@HOIKODND@?$AAd?$AAe?$AA?9?$AAL?$AAU@
12F10 101 ??_C@_1M@DDOCCGFG@?$AAe?$AAn?$AA?9?$AAC?$AAA@
12F1C 101 ??_C@_1M@BNOEMJLF@?$AAe?$AAs?$AA?9?$AAG?$AAT@
12F28 101 ??_C@_1M@EOGNKEK@?$AAf?$AAr?$AA?9?$AAC?$AAH@
12F34 101 ??_C@_1M@FLIDJFHL@?$AAh?$AAr?$AA?9?$AAB?$AAA@
12F40 101 ??_C@_1O@FMCELNAJ@?$AAs?$AAm?$AAj?$AA?9?$AAN?$AAO@
12F50 101 ??_C@_1M@JHGLJMGJ@?$AAa?$AAr?$AA?9?$AAD?$AAZ@
12F5C 101 ??_C@_1M@JKKFDCNP@?$AAz?$AAh?$AA?9?$AAM?$AAO@
12F68 101 ??_C@_1M@GEEFALPE@?$AAd?$AAe?$AA?9?$AAL?$AAI@
12F74 101 ??_C@_1M@IGEOFBG@?$AAe?$AAn?$AA?9?$AAN?$AAZ@
12F80 101 ??_C@_1M@KDBONEHP@?$AAe?$AAs?$AA?9?$AAC?$AAR@
12F8C 101 ??_C@_1M@FHMDOHNN@?$AAf?$AAr?$AA?9?$AAL?$AAU@
12F98 101 ??_C@_1BG@NFKKMAFG@?$AAb?$AAs?$AA?9?$AAB?$AAA?$AA?9?$AAL?$AAa?$AAt?$AAn@
12FB0 101 ??_C@_1O@IMNBEMCI@?$AAs?$AAm?$AAj?$AA?9?$AAS?$AAE@
12FC0 101 ??_C@_1M@DHHMBNDP@?$AAa?$AAr?$AA?9?$AAM?$AAA@
12FCC 101 ??_C@_1M@BNBLJCGH@?$AAe?$AAn?$AA?9?$AAI?$AAE@
12FD8 101 ??_C@_1M@GEPAFMDL@?$AAe?$AAs?$AA?9?$AAP?$AAA@
12FE4 101 ??_C@_1M@OJONDMDL@?$AAf?$AAr?$AA?9?$AAM?$AAC@
12FF0 101 ??_C@_1BG@OBCNFJB@?$AAs?$AAr?$AA?9?$AAB?$AAA?$AA?9?$AAL?$AAa?$AAt?$AAn@
13008 101 ??_C@_1O@KEMEEGPO@?$AAs?$AAm?$AAa?$AA?9?$AAN?$AAO@
13018 101 ??_C@_1M@ELMGFODK@?$AAa?$AAr?$AA?9?$AAT?$AAN@
13024 101 ??_C@_1M@BHDLHFAF@?$AAe?$AAn?$AA?9?$AAZ?$AAA@
13030 101 ??_C@_1M@BMGIGLIF@?$AAe?$AAs?$AA?9?$AAD?$AAO@
1303C 101 ??_C@_1BG@CMBHIPBE@?$AAs?$AAr?$AA?9?$AAB?$AAA?$AA?9?$AAC?$AAy?$AAr?$AAl@
13054 101 ??_C@_1O@HEDBLHNP@?$AAs?$AAm?$AAa?$AA?9?$AAS?$AAE@
13064 101 ??_C@_1M@DAGCADIM@?$AAa?$AAr?$AA?9?$AAO?$AAM@
13070 101 ??_C@_1M@FODLMICG@?$AAe?$AAn?$AA?9?$AAJ?$AAM@
1307C 101 ??_C@_1M@DNMLCIHB@?$AAe?$AAs?$AA?9?$AAV?$AAE@
13088 101 ??_C@_1O@EOKHMKJK@?$AAs?$AAm?$AAs?$AA?9?$AAF?$AAI@
13098 101 ??_C@_1M@CAFJMKOF@?$AAa?$AAr?$AA?9?$AAY?$AAE@
130A4 101 ??_C@_1M@CBFHIJLI@?$AAe?$AAn?$AA?9?$AAC?$AAB@
130B0 101 ??_C@_1M@BGNFLDN@?$AAe?$AAs?$AA?9?$AAC?$AAO@
130BC 101 ??_C@_1O@JMPHMAMC@?$AAs?$AAm?$AAn?$AA?9?$AAF?$AAI@
130CC 101 ??_C@_1M@JLANABKE@?$AAa?$AAr?$AA?9?$AAS?$AAY@
130D8 101 ??_C@_1M@HPKGCFGN@?$AAe?$AAn?$AA?9?$AAB?$AAZ@
130E4 101 ??_C@_1M@OLJCMLGM@?$AAe?$AAs?$AA?9?$AAP?$AAE@
130F0 101 ??_C@_1M@MKKGFKLE@?$AAa?$AAr?$AA?9?$AAJ?$AAO@
130FC 101 ??_C@_1M@EKPGLDNI@?$AAe?$AAn?$AA?9?$AAT?$AAT@
13108 101 ??_C@_1M@OONGHFHE@?$AAe?$AAs?$AA?9?$AAA?$AAR@
13114 101 ??_C@_1M@OOJFGBHE@?$AAa?$AAr?$AA?9?$AAL?$AAB@
13120 101 ??_C@_1M@GCEJHNEG@?$AAe?$AAn?$AA?9?$AAZ?$AAW@
1312C 101 ??_C@_1M@JNOCAHJI@?$AAe?$AAs?$AA?9?$AAE?$AAC@
13138 101 ??_C@_1M@JEFHPGGB@?$AAa?$AAr?$AA?9?$AAK?$AAW@
13144 101 ??_C@_1M@MLKIBJOJ@?$AAe?$AAn?$AA?9?$AAP?$AAH@
13150 101 ??_C@_1M@BDNIPEND@?$AAe?$AAs?$AA?9?$AAC?$AAL@
1315C 101 ??_C@_1M@MPNMEKBD@?$AAa?$AAr?$AA?9?$AAA?$AAE@
13168 101 ??_C@_1M@KBJALCPI@?$AAe?$AAs?$AA?9?$AAU?$AAY@
13174 101 ??_C@_1M@LLCCOAGA@?$AAa?$AAr?$AA?9?$AAB?$AAH@
13180 101 ??_C@_1M@PBFNCDEL@?$AAe?$AAs?$AA?9?$AAP?$AAY@
1318C 101 ??_C@_1M@EDGINPNP@?$AAa?$AAr?$AA?9?$AAQ?$AAA@
13198 101 ??_C@_1M@MKDBIIJI@?$AAe?$AAs?$AA?9?$AAB?$AAO@
131A4 101 ??_C@_1M@CPKKEBLD@?$AAe?$AAs?$AA?9?$AAS?$AAV@
131B0 101 ??_C@_1M@NDBGMMJL@?$AAe?$AAs?$AA?9?$AAH?$AAN@
131BC 101 ??_C@_1M@JIJIBHDP@?$AAe?$AAs?$AA?9?$AAN?$AAI@
131C8 101 ??_C@_1M@CGFMKEEK@?$AAe?$AAs?$AA?9?$AAP?$AAR@
131D4 101 ??_C@_1O@ICJHKIIK@?$AAz?$AAh?$AA?9?$AAC?$AAH?$AAT@
131E4 101 ??_C@_15CLNEJCE@?$AAs?$AAr@
131F0 101 ?LocaleNameToIndexTable@?A0x881e4c05@@3QBULocaleNameIndex@1@B
13910 101 ??_C@_1M@KAHEKEIG@?$AAa?$AAf?$AA?9?$AAz?$AAa@
1391C 101 ??_C@_1M@GIECOABL@?$AAa?$AAr?$AA?9?$AAa?$AAe@
13928 101 ??_C@_1M@BMLMEKGI@?$AAa?$AAr?$AA?9?$AAb?$AAh@
13934 101 ??_C@_1M@DAPFDGGB@?$AAa?$AAr?$AA?9?$AAd?$AAz@
13940 101 ??_C@_1M@FJNKGKIG@?$AAa?$AAr?$AA?9?$AAe?$AAg@
1394C 101 ??_C@_1M@FLGKKCLO@?$AAa?$AAr?$AA?9?$AAi?$AAq@
13958 101 ??_C@_1M@GNDIPALM@?$AAa?$AAr?$AA?9?$AAj?$AAo@
13964 101 ??_C@_1M@DDMJFMGJ@?$AAa?$AAr?$AA?9?$AAk?$AAw@
13970 101 ??_C@_1M@EJALMLHM@?$AAa?$AAr?$AA?9?$AAl?$AAb@
1397C 101 ??_C@_1M@MOBDBLOC@?$AAa?$AAr?$AA?9?$AAl?$AAy@
13988 101 ??_C@_1M@JAOCLHDH@?$AAa?$AAr?$AA?9?$AAm?$AAa@
13994 101 ??_C@_1M@JHPMKJIE@?$AAa?$AAr?$AA?9?$AAo?$AAm@
139A0 101 ??_C@_1M@OEPGHFNH@?$AAa?$AAr?$AA?9?$AAq?$AAa@
139AC 101 ??_C@_1M@KJDONENM@?$AAa?$AAr?$AA?9?$AAs?$AAa@
139B8 101 ??_C@_1M@DMJDKLKM@?$AAa?$AAr?$AA?9?$AAs?$AAy@
139C4 101 ??_C@_1M@OMFIPEDC@?$AAa?$AAr?$AA?9?$AAt?$AAn@
139D0 101 ??_C@_1M@IHMHGAON@?$AAa?$AAr?$AA?9?$AAy?$AAe@
139DC 101 ??_C@_1BG@KDCPGJGB@?$AAa?$AAz?$AA?9?$AAa?$AAz?$AA?9?$AAc?$AAy?$AAr?$AAl@
139F4 101 ??_C@_1BG@IBCKDDOE@?$AAa?$AAz?$AA?9?$AAa?$AAz?$AA?9?$AAl?$AAa?$AAt?$AAn@
13A0C 101 ??_C@_1M@EGPFDCPD@?$AAb?$AAe?$AA?9?$AAb?$AAy@
13A18 101 ??_C@_1M@PCMGMCGC@?$AAb?$AAg?$AA?9?$AAb?$AAg@
13A24 101 ??_C@_1M@BJBMFGOB@?$AAb?$AAn?$AA?9?$AAi?$AAn@
13A30 101 ??_C@_1BG@EAKMMACD@?$AAb?$AAs?$AA?9?$AAb?$AAa?$AA?9?$AAl?$AAa?$AAt?$AAn@
13A48 101 ??_C@_1M@KGADAODK@?$AAc?$AAa?$AA?9?$AAe?$AAs@
13A54 101 ??_C@_1M@COAJPDHI@?$AAc?$AAs?$AA?9?$AAc?$AAz@
13A60 101 ??_C@_1M@DHBHFONH@?$AAc?$AAy?$AA?9?$AAg?$AAb@
13A6C 101 ??_C@_1M@IMGKELGA@?$AAd?$AAa?$AA?9?$AAd?$AAk@
13A78 101 ??_C@_1M@NNDGDNGA@?$AAd?$AAe?$AA?9?$AAa?$AAt@
13A84 101 ??_C@_1M@IKDBHEEM@?$AAd?$AAe?$AA?9?$AAc?$AAh@
13A90 101 ??_C@_1M@GFFOJMCJ@?$AAd?$AAe?$AA?9?$AAd?$AAe@
13A9C 101 ??_C@_1M@MDNLKBPM@?$AAd?$AAe?$AA?9?$AAl?$AAi@
13AA8 101 ??_C@_1M@NJBEEJNL@?$AAd?$AAe?$AA?9?$AAl?$AAu@
13AB4 101 ??_C@_1O@GNNELBAP@?$AAd?$AAi?$AAv?$AA?9?$AAm?$AAv@
13AC4 101 ??_C@_1M@EJLEOGAE@?$AAe?$AAl?$AA?9?$AAg?$AAr@
13AD0 101 ??_C@_1M@GMPONJN@?$AAe?$AAn?$AA?9?$AAa?$AAu@
13ADC 101 ??_C@_1M@NIDIIPGF@?$AAe?$AAn?$AA?9?$AAb?$AAz@
13AE8 101 ??_C@_1M@JEHMIMFO@?$AAe?$AAn?$AA?9?$AAc?$AAa@
13AF4 101 ??_C@_1M@IGMJCDLA@?$AAe?$AAn?$AA?9?$AAc?$AAb@
13B00 101 ??_C@_1M@BNFIGBKG@?$AAe?$AAn?$AA?9?$AAg?$AAb@
13B0C 101 ??_C@_1M@LKIFDIGP@?$AAe?$AAn?$AA?9?$AAi?$AAe@
13B18 101 ??_C@_1M@PJKFGCCO@?$AAe?$AAn?$AA?9?$AAj?$AAm@
13B24 101 ??_C@_1M@KPPKEPBO@?$AAe?$AAn?$AA?9?$AAn?$AAz@
13B30 101 ??_C@_1M@GMDGLDOB@?$AAe?$AAn?$AA?9?$AAp?$AAh@
13B3C 101 ??_C@_1M@ONGIBJNA@?$AAe?$AAn?$AA?9?$AAt?$AAt@
13B48 101 ??_C@_1M@LLODPCMM@?$AAe?$AAn?$AA?9?$AAu?$AAs@
13B54 101 ??_C@_1M@LAKFNPAN@?$AAe?$AAn?$AA?9?$AAz?$AAa@
13B60 101 ??_C@_1M@MFNHNHEO@?$AAe?$AAn?$AA?9?$AAz?$AAw@
13B6C 101 ??_C@_1M@EJEINPHM@?$AAe?$AAs?$AA?9?$AAa?$AAr@
13B78 101 ??_C@_1M@GNKPCCJA@?$AAe?$AAs?$AA?9?$AAb?$AAo@
13B84 101 ??_C@_1M@LEEGFONL@?$AAe?$AAs?$AA?9?$AAc?$AAl@
13B90 101 ??_C@_1M@KGPDPBDF@?$AAe?$AAs?$AA?9?$AAc?$AAo@
13B9C 101 ??_C@_1M@EIAHOHH@?$AAe?$AAs?$AA?9?$AAc?$AAr@
13BA8 101 ??_C@_1M@LLPGMBIN@?$AAe?$AAs?$AA?9?$AAd?$AAo@
13BB4 101 ??_C@_1M@DKHMKNJA@?$AAe?$AAs?$AA?9?$AAe?$AAc@
13BC0 101 ??_C@_1M@GKGFPKAP@?$AAe?$AAs?$AA?9?$AAe?$AAs@
13BCC 101 ??_C@_1M@LKHKGDLN@?$AAe?$AAs?$AA?9?$AAg?$AAt@
13BD8 101 ??_C@_1M@HEIIGGJD@?$AAe?$AAs?$AA?9?$AAh?$AAn@
13BE4 101 ??_C@_1M@FBDHPPGD@?$AAe?$AAs?$AA?9?$AAm?$AAx@
13BF0 101 ??_C@_1M@DPAGLNDH@?$AAe?$AAs?$AA?9?$AAn?$AAi@
13BFC 101 ??_C@_1M@MDGOPGDD@?$AAe?$AAs?$AA?9?$AAp?$AAa@
13C08 101 ??_C@_1M@EMAMGBGE@?$AAe?$AAs?$AA?9?$AAp?$AAe@
13C14 101 ??_C@_1M@IBMCAOEC@?$AAe?$AAs?$AA?9?$AAp?$AAr@
13C20 101 ??_C@_1M@FGMDIJED@?$AAe?$AAs?$AA?9?$AAp?$AAy@
13C2C 101 ??_C@_1M@IIDEOLLL@?$AAe?$AAs?$AA?9?$AAs?$AAv@
13C38 101 ??_C@_1M@GAOBIPA@?$AAe?$AAs?$AA?9?$AAu?$AAy@
13C44 101 ??_C@_1M@JKFFICHJ@?$AAe?$AAs?$AA?9?$AAv?$AAe@
13C50 101 ??_C@_1M@PNMLOJDF@?$AAe?$AAt?$AA?9?$AAe?$AAe@
13C5C 101 ??_C@_1M@GHHLIKEI@?$AAe?$AAu?$AA?9?$AAe?$AAs@
13C68 101 ??_C@_1M@PBNONODE@?$AAf?$AAa?$AA?9?$AAi?$AAr@
13C74 101 ??_C@_1M@JEEHPMIL@?$AAf?$AAi?$AA?9?$AAf?$AAi@
13C80 101 ??_C@_1M@LMDCNDBA@?$AAf?$AAo?$AA?9?$AAf?$AAo@
13C8C 101 ??_C@_1M@JKEOHLDK@?$AAf?$AAr?$AA?9?$AAb?$AAe@
13C98 101 ??_C@_1M@NOHADPMI@?$AAf?$AAr?$AA?9?$AAc?$AAa@
13CA4 101 ??_C@_1M@KDHIHAEC@?$AAf?$AAr?$AA?9?$AAc?$AAh@
13CB0 101 ??_C@_1M@MMBBFGAK@?$AAf?$AAr?$AA?9?$AAf?$AAr@
13CBC 101 ??_C@_1M@PAFNENNF@?$AAf?$AAr?$AA?9?$AAl?$AAu@
13CC8 101 ??_C@_1M@EOHDJGDD@?$AAf?$AAr?$AA?9?$AAm?$AAc@
13CD4 101 ??_C@_1M@FAPLLOPF@?$AAg?$AAl?$AA?9?$AAe?$AAs@
13CE0 101 ??_C@_1M@FOPBFLOO@?$AAg?$AAu?$AA?9?$AAi?$AAn@
13CEC 101 ??_C@_1M@KBMCINPM@?$AAh?$AAe?$AA?9?$AAi?$AAl@
13CF8 101 ??_C@_1M@BBPHKFPJ@?$AAh?$AAi?$AA?9?$AAi?$AAn@
13D04 101 ??_C@_1M@PMBNDPHD@?$AAh?$AAr?$AA?9?$AAb?$AAa@
13D10 101 ??_C@_1M@BPCKOEGE@?$AAh?$AAr?$AA?9?$AAh?$AAr@
13D1C 101 ??_C@_1M@GACBMHKE@?$AAh?$AAu?$AA?9?$AAh?$AAu@
13D28 101 ??_C@_1M@MILPAJJC@?$AAh?$AAy?$AA?9?$AAa?$AAm@
13D34 101 ??_C@_1M@BABBICEC@?$AAi?$AAd?$AA?9?$AAi?$AAd@
13D40 101 ??_C@_1M@BIKNHHPF@?$AAi?$AAs?$AA?9?$AAi?$AAs@
13D4C 101 ??_C@_1M@NMPCJPHE@?$AAi?$AAt?$AA?9?$AAc?$AAh@
13D58 101 ??_C@_1M@GHKGFEDF@?$AAi?$AAt?$AA?9?$AAi?$AAt@
13D64 101 ??_C@_1M@NIEJCJJA@?$AAj?$AAa?$AA?9?$AAj?$AAp@
13D70 101 ??_C@_1M@JILFNBIM@?$AAk?$AAa?$AA?9?$AAg?$AAe@
13D7C 101 ??_C@_1M@PACPMGPH@?$AAk?$AAk?$AA?9?$AAk?$AAz@
13D88 101 ??_C@_1M@IELFGMHA@?$AAk?$AAn?$AA?9?$AAi?$AAn@
13D94 101 ??_C@_1O@IBBJHCH@?$AAk?$AAo?$AAk?$AA?9?$AAi?$AAn@
13DA4 101 ??_C@_1M@DMHAEOGC@?$AAk?$AAo?$AA?9?$AAk?$AAr@
13DB0 101 ??_C@_1M@HBAHBIGA@?$AAk?$AAy?$AA?9?$AAk?$AAg@
13DBC 101 ??_C@_1M@KPMILCJG@?$AAl?$AAt?$AA?9?$AAl?$AAt@
13DC8 101 ??_C@_1M@BDEKKCA@?$AAl?$AAv?$AA?9?$AAl?$AAv@
13DD4 101 ??_C@_1M@ELCKCCJJ@?$AAm?$AAi?$AA?9?$AAn?$AAz@
13DE0 101 ??_C@_1M@CBOOLAPA@?$AAm?$AAk?$AA?9?$AAm?$AAk@
13DEC 101 ??_C@_1M@GPHNBJKN@?$AAm?$AAl?$AA?9?$AAi?$AAn@
13DF8 101 ??_C@_1M@PABJILIG@?$AAm?$AAn?$AA?9?$AAm?$AAn@
13E04 101 ??_C@_1M@FGBKKIPG@?$AAm?$AAr?$AA?9?$AAi?$AAn@
13E10 101 ??_C@_1M@NDBPDDAL@?$AAm?$AAs?$AA?9?$AAb?$AAn@
13E1C 101 ??_C@_1M@OPIHOOPI@?$AAm?$AAs?$AA?9?$AAm?$AAy@
13E28 101 ??_C@_1M@PPDBCNFM@?$AAm?$AAt?$AA?9?$AAm?$AAt@
13E34 101 ??_C@_1M@KDJDKMDD@?$AAn?$AAb?$AA?9?$AAn?$AAo@
13E40 101 ??_C@_1M@KFCFLMJP@?$AAn?$AAl?$AA?9?$AAb?$AAe@
13E4C 101 ??_C@_1M@KPOPDDGO@?$AAn?$AAl?$AA?9?$AAn?$AAl@
13E58 101 ??_C@_1M@LJKPEMLN@?$AAn?$AAn?$AA?9?$AAn?$AAo@
13E64 101 ??_C@_1M@BDGHHBFL@?$AAn?$AAs?$AA?9?$AAz?$AAa@
13E70 101 ??_C@_1M@IDEHOAP@?$AAp?$AAa?$AA?9?$AAi?$AAn@
13E7C 101 ??_C@_1M@HDBKGOGH@?$AAp?$AAl?$AA?9?$AAp?$AAl@
13E88 101 ??_C@_1M@LJLLCMEH@?$AAp?$AAt?$AA?9?$AAb?$AAr@
13E94 101 ??_C@_1M@NCMONAAL@?$AAp?$AAt?$AA?9?$AAp?$AAt@
13EA0 101 ??_C@_1O@EAKMAJDN@?$AAq?$AAu?$AAz?$AA?9?$AAb?$AAo@
13EB0 101 ??_C@_1O@BHHPIGDN@?$AAq?$AAu?$AAz?$AA?9?$AAe?$AAc@
13EC0 101 ??_C@_1O@GBAPEKMJ@?$AAq?$AAu?$AAz?$AA?9?$AAp?$AAe@
13ED0 101 ??_C@_1M@CLGLEFBO@?$AAr?$AAo?$AA?9?$AAr?$AAo@
13EDC 101 ??_C@_1M@CEEDODME@?$AAr?$AAu?$AA?9?$AAr?$AAu@
13EE8 101 ??_C@_1M@HPKKKMPP@?$AAs?$AAa?$AA?9?$AAi?$AAn@
13EF4 101 ??_C@_1M@BKMAIGOJ@?$AAs?$AAe?$AA?9?$AAf?$AAi@
13F00 101 ??_C@_1M@NDPIFLFI@?$AAs?$AAe?$AA?9?$AAn?$AAo@
13F0C 101 ??_C@_1M@DANKKHJ@?$AAs?$AAe?$AA?9?$AAs?$AAe@
13F18 101 ??_C@_1M@PNBLONPJ@?$AAs?$AAk?$AA?9?$AAs?$AAk@
13F24 101 ??_C@_1M@LFMODOAL@?$AAs?$AAl?$AA?9?$AAs?$AAi@
13F30 101 ??_C@_1O@DFKOMPG@?$AAs?$AAm?$AAa?$AA?9?$AAn?$AAo@
13F40 101 ??_C@_1O@NDKPBNNH@?$AAs?$AAm?$AAa?$AA?9?$AAs?$AAe@
13F50 101 ??_C@_1O@PLLKBHAB@?$AAs?$AAm?$AAj?$AA?9?$AAn?$AAo@
13F60 101 ??_C@_1O@CLEPOGCA@?$AAs?$AAm?$AAj?$AA?9?$AAs?$AAe@
13F70 101 ??_C@_1O@DLGJGKMK@?$AAs?$AAm?$AAn?$AA?9?$AAf?$AAi@
13F80 101 ??_C@_1O@OJDJGAJC@?$AAs?$AAm?$AAs?$AA?9?$AAf?$AAi@
13F90 101 ??_C@_1M@BOFOGHPB@?$AAs?$AAq?$AA?9?$AAa?$AAl@
13F9C 101 ??_C@_1BG@LJBBIPGB@?$AAs?$AAr?$AA?9?$AAb?$AAa?$AA?9?$AAc?$AAy?$AAr?$AAl@
13FB4 101 ??_C@_1BG@JLBENFOE@?$AAs?$AAr?$AA?9?$AAb?$AAa?$AA?9?$AAl?$AAa?$AAt?$AAn@
13FCC 101 ??_C@_1BG@KODPNHE@?$AAs?$AAr?$AA?9?$AAs?$AAp?$AA?9?$AAc?$AAy?$AAr?$AAl@
13FE4 101 ??_C@_1BG@CIOGKHPB@?$AAs?$AAr?$AA?9?$AAs?$AAp?$AA?9?$AAl?$AAa?$AAt?$AAn@
13FFC 101 ??_C@_1M@NGFJLMAC@?$AAs?$AAv?$AA?9?$AAf?$AAi@
14008 101 ??_C@_1M@MPJEJAJC@?$AAs?$AAv?$AA?9?$AAs?$AAe@
14014 101 ??_C@_1M@MPNDHLFK@?$AAs?$AAw?$AA?9?$AAk?$AAe@
14020 101 ??_C@_1O@KOHBJJI@?$AAs?$AAy?$AAr?$AA?9?$AAs?$AAy@
14030 101 ??_C@_1M@LDCEFHA@?$AAt?$AAa?$AA?9?$AAi?$AAn@
1403C 101 ??_C@_1M@CNJOFAK@?$AAt?$AAe?$AA?9?$AAi?$AAn@
14048 101 ??_C@_1M@GNAECACD@?$AAt?$AAh?$AA?9?$AAt?$AAh@
14054 101 ??_C@_1M@CHBIHOJO@?$AAt?$AAn?$AA?9?$AAz?$AAa@
14060 101 ??_C@_1M@GCCMIGPJ@?$AAt?$AAr?$AA?9?$AAt?$AAr@
1406C 101 ??_C@_1M@CELMCNBK@?$AAt?$AAt?$AA?9?$AAr?$AAu@
14078 101 ??_C@_1M@KLMCELGA@?$AAu?$AAk?$AA?9?$AAu?$AAa@
14084 101 ??_C@_1M@EPAJJAJF@?$AAu?$AAr?$AA?9?$AAp?$AAk@
14090 101 ??_C@_1BG@GEGPMCDJ@?$AAu?$AAz?$AA?9?$AAu?$AAz?$AA?9?$AAc?$AAy?$AAr?$AAl@
140A8 101 ??_C@_1BG@EGGKJILM@?$AAu?$AAz?$AA?9?$AAu?$AAz?$AA?9?$AAl?$AAa?$AAt?$AAn@
140C0 101 ??_C@_1M@GFOCLFF@?$AAv?$AAi?$AA?9?$AAv?$AAn@
140CC 101 ??_C@_1M@CPAMEDFI@?$AAx?$AAh?$AA?9?$AAz?$AAa@
140D8 101 ??_C@_1O@EBKIFIGN@?$AAz?$AAh?$AA?9?$AAc?$AAh?$AAs@
140E8 101 ??_C@_1O@NMHPGANE@?$AAz?$AAh?$AA?9?$AAc?$AAh?$AAt@
140F8 101 ??_C@_1M@LPINJOMC@?$AAz?$AAh?$AA?9?$AAc?$AAn@
14104 101 ??_C@_1M@OCJEJODD@?$AAz?$AAh?$AA?9?$AAh?$AAk@
14110 101 ??_C@_1M@DNDLJINH@?$AAz?$AAh?$AA?9?$AAm?$AAo@
1411C 101 ??_C@_1M@MBFDNDND@?$AAz?$AAh?$AA?9?$AAs?$AAg@
14128 101 ??_C@_1M@IMEPLEPE@?$AAz?$AAh?$AA?9?$AAt?$AAw@
14134 101 ??_C@_1M@BBGHNHJP@?$AAz?$AAu?$AA?9?$AAz?$AAa@
14140 109 LOG_name
14150 61 _One
14160 61 _Bns
14170 61 _Zero
14180 61 _S
14190 61 _NegZero
14198 91 ??_C@_1BA@BALFACEM@?$AAC?$AAO?$AAN?$AAO?$AAU?$AAT?$AA$@
141B0 110 emask
141C0 110 CC
141D0 110 Magic
141E0 110 hi_mask
141F0 110 LOG10_2
14200 110 place_L
14220 110 One
14230 110 Zero
14240 110 Two52
14250 110 Infs
14260 110 NaN
14270 110 coeff
142B0 48 __infinity
142BA 48 __minfinity
142C4 48 __logemax
142CE 48 _log2max
142D8 48 _smallarg
142E2 48 _half
142EA 48 __OP_EXPjmptab
14310 46 __indefinite
1431A 46 __piby2
14324 46 __piby4
1432E 46 One
14336 46 Three
1433E 46 XAMtoTagTab
14350 65 One
14358 65 __DEFAULT_CW_in_mem
1435A 65 __pi_by_2_to_61
14364 65 DblMax
1436C 65 DblMin
14374 65 IeeeAdjO
1437C 65 IeeeAdjU
14384 65 _infinity
1438C 65 _zero
14394 103 ??_C@_03MGHMBJCF@log@
14398 103 ??_C@_05HGHHAHAP@log10@
143A0 103 ??_C@_03KHJOGHMM@exp@
143A4 103 ??_C@_03JGHBODFD@pow@
143A8 103 ??_C@_04FIHNOPOL@asin@
143B0 103 ??_C@_04PDIFKINK@acos@
143B8 103 ??_C@_04EIAKFFMI@sqrt@
143C0 103 __real@3ff0000000000000
143C8 78 _over
143D4 78 _under
143E0 111 ___acrt_log10_table_t
147F0 111 ___acrt_log10_table_cb
14C00 133 __real@3fe0000000000000
14C08 79 ?_names@?1??_get_fname@@9@4QBU<unnamed-type-_names>@?1??1@YAPADI@Z@B
14CF0 79 ??_C@_04COOMCNPB@sinh@
14CF8 79 ??_C@_04HPJJNFIM@cosh@
14D00 79 ??_C@_04FJHINJAO@tanh@
14D08 79 ??_C@_04MLLJIGOK@atan@
14D10 79 ??_C@_05KNGEOGJB@atan2@
14D18 79 ??_C@_03BLEJJJBH@sin@
14D1C 79 ??_C@_03LALBNOCG@cos@
14D20 79 ??_C@_03IIINPABG@tan@
14D24 79 ??_C@_04GFPJNGEK@ceil@
14D2C 79 ??_C@_05PBJFFIGL@floor@
14D34 79 ??_C@_04ODHECPBC@fabs@
14D3C 79 ??_C@_04EHEDPDJG@modf@
14D44 79 ??_C@_05CEJMAHNP@ldexp@
14D4C 79 ??_C@_05KBKMEMPO@_cabs@
14D54 79 ??_C@_06MEIMCGCF@_hypot@
14D5C 79 ??_C@_04KEPJIHGP@fmod@
14D64 79 ??_C@_05GKKHEGJL@frexp@
14D6C 79 ??_C@_03MJLDFKDL@_y0@
14D70 79 ??_C@_03NAKIGLHK@_y1@
14D74 79 ??_C@_03ONILCKOB@_yn@
14D78 79 ??_C@_05JGDBENOH@_logb@
14D80 79 ??_C@_0L@KDOEJCKC@_nextafter@
14D90 151 __d_inf
14D98 151 __d_max
14DA0 151 __d_mzero
14DB0 22 two32
14DB4 22 two63
14DB8 22 _NaN
14DBC 5 ??_C@_1BC@DGHEBOMK@?$AAF?$AAi?$AAl?$AAe?$AAC?$AAa?$AAs?$AAe@
14DD0 5 ??_C@_1FG@IEAGHMHI@?$AAF?$AAi?$AAl?$AAe?$AA?5?$AAn?$AAa?$AAm?$AAe?$AAs?$AA?5?$AAc?$AAa?$AAs?$AAe@
14E28 5 ??_C@_1DE@BGKMIKPD@?$AAE?$AAu?$AAg?$AAe?$AAn?$AAe?$AA?5?$AAR?$AAo?$AAs?$AAh?$AAa?$AAl?$AA?5?$AA?$CG@
14E5C 5 ??_C@_1BI@NPBILFDJ@?$AAC?$AAo?$AAn?$AAv?$AAe?$AAr?$AAt?$AAM?$AAo?$AAd?$AAe@
14E74 5 ??_C@_1BO@IKHLKIJC@?$AAC?$AAo?$AAn?$AAv?$AAe?$AAr?$AAt?$AAM?$AAo?$AAd?$AAe?$AAE?$AAx?$AAt@
14E94 5 ??_C@_1BM@HMLICANP@?$AAS?$AAk?$AAi?$AAp?$AAM?$AAi?$AAx?$AAe?$AAd?$AAC?$AAa?$AAs?$AAe@
14EB0 5 ??_C@_1BM@BNELJCPP@?$AAP?$AAr?$AAo?$AAc?$AAe?$AAs?$AAs?$AAS?$AAu?$AAb?$AAD?$AAi?$AAr@
14ECC 5 ??_C@_1BG@DFJACJCJ@?$AAP?$AAr?$AAo?$AAc?$AAe?$AAs?$AAs?$AAD?$AAi?$AAr@
14EE4 5 ??_C@_15NKPPEEJO@?$AA?5?$AA_@
14EEC 5 ??_C@_1BA@CAKIGJMA@?$AAW?$AAo?$AAr?$AAd?$AAD?$AAi?$AAv@
14EFC 5 _MenuGuid
14F0C 5 _MainGuid
14F1C 5 _DialogGuid
14F2C 43 ??_C@_0BC@EOODALEL@Unknown?5exception@
14F40 43 ??_C@_0BF@KINCDENJ@bad?5array?5new?5length@
14F58 43 ??_C@_0BA@JFNIOLAK@string?5too?5long@
14F68 43 ??_C@_11LOCGONAA@@
14F6C 43 ??_C@_1BC@ENICKDH@?$AAC?$AAo?$AAn?$AAt?$AAe?$AAn?$AAt?$AAs@
14F80 43 ??_C@_1CC@CKMDHNMO@?$AAF?$AAi?$AAl?$AAe?$AAC?$AAa?$AAs?$AAe?$AA_?$AAW?$AAo?$AAr?$AAd?$AAD?$AAi@
14FA8 43 ??_7PluginCheckBoxBinding@@6B@
14FB4 43 ??_7PluginEditFieldBinding@@6B@
14FC0 43 ??_7PluginRadioButtonBinding@@6B@
14FC8 42 ??_C@_13JOFGPIOO@?$AA?4@
14FCC 182 ??_C@_0BG@JGJIBIIG@Wrapper_EncodePointer@
14FE4 182 ??_C@_0BG@OMFOEGFD@Wrapper_DecodePointer@
14FFC 182 ??_C@_0BL@BBEHGDBL@Wrapper_GetModuleHandleExW@
15018 182 ??_C@_0BM@EDOCFJPK@Wrapper_InitializeSListHead@
15034 182 ??_C@_0BO@MMMKJFKC@Wrapper_InterlockedFlushSList@
15054 182 ??_C@_0CC@NAEDINGB@Wrapper_InterlockedPushEntrySLi@
15078 182 ??_C@_0CB@CBAMEEON@Wrapper_GetNumaHighestNodeNumbe@
1509C 182 ??_C@_0CH@OPPPOLHC@Wrapper_GetLogicalProcessorInfo@
150C4 182 ??_C@_0CA@MMHMBOOA@Wrapper_SetThreadStackGuarantee@
150E4 182 ??_C@_0CE@LIGPHONN@Wrapper_InitializeCriticalSecti@
15108 182 ??_C@_1CM@BFAMBNFD@?$AA?$CB?$AAx?$AA?9?$AAs?$AAy?$AAs?$AA?9?$AAd?$AAe?$AAf?$AAa?$AAu?$AAl?$AAt?$AA?9@
15134 182 ??_C@_0BI@OMKKJAOO@Wrapper_CompareStringEx@
1514C 182 ??_C@_0BG@OHLPLANO@Wrapper_LCMapStringEx@
15164 182 ??_C@_0CC@PDCHIDAD@Wrapper_SleepConditionVariableS@
15188 182 ??_C@_0CB@MCGLLAP@Wrapper_WakeAllConditionVariabl@
151AC 182 ??_C@_0CA@DKBCMHCP@Wrapper_AcquireSRWLockExclusive@
151CC 182 ??_C@_0CA@KKENLMMH@Wrapper_ReleaseSRWLockExclusive@
151EC 182 ??_C@_0CD@HMIPNKOD@Wrapper_TryAcquireSRWLockExclus@
15210 182 ??_C@_0BK@DDPOCJPI@Wrapper_InitializeSRWLock@
1522C 182 ??_C@_0BB@OCIMNOFH@Wrapper_FlsAlloc@
15240 182 ??_C@_0BE@MINHNHKC@Wrapper_FlsGetValue@
15254 182 ??_C@_0BE@DJPLMENP@Wrapper_FlsSetValue@
15268 182 ??_C@_0BA@BHMHFMJC@Wrapper_FlsFree@
15278 182 ?kernel32@modules@@3QB_WB
15290 29 __load_config_used
153C0 35 ??_R4type_info@@6B@
153D4 35 ??_R3type_info@@8
153E4 35 ??_R2type_info@@8
153EC 35 ??_R1A@?0A@EA@type_info@@8
15408 45 ??_R4logic_error@std@@6B@
1541C 45 ??_R3logic_error@std@@8
1542C 45 ??_R2logic_error@std@@8
15438 45 ??_R1A@?0A@EA@logic_error@std@@8
15454 45 ??_R4length_error@std@@6B@
15468 45 ??_R3length_error@std@@8
15478 45 ??_R2length_error@std@@8
15488 45 ??_R1A@?0A@EA@length_error@std@@8
154A4 164 ??_R4bad_exception@std@@6B@
154B8 164 ??_R3bad_exception@std@@8
154C8 164 ??_R2bad_exception@std@@8
154D4 164 ??_R1A@?0A@EA@bad_exception@std@@8
154F0 43 ??_R4exception@std@@6B@
15504 43 ??_R2bad_array_new_length@std@@8
15514 43 ??_R2PluginEditFieldBinding@@8
15520 43 ??_R3DialogAPIBinding@@8
15530 43 ??_R1A@?0A@EA@PluginCheckBoxBinding@@8
1554C 43 ??_R2bad_alloc@std@@8
15558 43 ??_R1A@?0A@EA@exception@std@@8
15574 43 ??_R2PluginRadioButtonBinding@@8
15580 43 ??_R1A@?0A@EA@bad_alloc@std@@8
1559C 43 ??_R3PluginRadioButtonBinding@@8
155AC 43 ??_R2exception@std@@8
155B4 43 ??_R4PluginRadioButtonBinding@@6B@
155C8 43 ??_R3PluginCheckBoxBinding@@8
155D8 43 ??_R2DialogAPIBinding@@8
155E0 43 ??_R3exception@std@@8
155F0 43 ??_R4PluginEditFieldBinding@@6B@
15604 43 ??_R4bad_alloc@std@@6B@
15618 43 ??_R4PluginCheckBoxBinding@@6B@
1562C 43 ??_R1A@?0A@EA@PluginRadioButtonBinding@@8
15648 43 ??_R3bad_array_new_length@std@@8
15658 43 ??_R3bad_alloc@std@@8
15668 43 ??_R4bad_array_new_length@std@@6B@
1567C 43 ??_R3PluginEditFieldBinding@@8
1568C 43 ??_R1A@?0A@EA@bad_array_new_length@std@@8
156A8 43 ??_R1A@?0A@EA@PluginEditFieldBinding@@8
156C4 43 ??_R2PluginCheckBoxBinding@@8
156D0 43 ??_R1A@?0A@EA@DialogAPIBinding@@8
156EC 3 ___safe_se_handler_table
15724 3 ___volatile_metadata
15AC4 28 ___rtc_iaa
15AC8 28 ___rtc_izz
15ACC 28 ___rtc_taa
15AD0 28 ___rtc_tzz
15AD8 5 __ehfuncinfo$??1PluginSettings@@QAE@XZ
15AFC 5 __ehfuncinfo$_SetStartupInfoW@4
15B20 5 __unwindtable$_SetStartupInfoW@4
15B28 43 __ehfuncinfo$?CaseConvertion@@YAXXZ
15B4C 43 __unwindtable$?CaseConvertion@@YAXXZ
15B70 17 __sehtable$?dllmain_crt_process_attach@@YAHQAUHINSTANCE__@@QAX@Z
15B90 17 __sehtable$?dllmain_crt_process_detach@@YAH_N@Z
15BB8 17 __sehtable$?dllmain_dispatch@@YAHQAUHINSTANCE__@@KQAX@Z
15BD4 36 __TI2?AVbad_alloc@std@@
15BE4 36 __CTA2?AVbad_alloc@std@@
15BF0 39 __sehtable$___scrt_is_nonwritable_in_current_image
15C0C 45 __CT??_R0?AVlogic_error@std@@@8??0logic_error@std@@QAE@ABV01@@Z12
15C28 45 __TI3?AVlength_error@std@@
15C38 45 __CTA3?AVlength_error@std@@
15C48 45 __CT??_R0?AVlength_error@std@@@8??0length_error@std@@QAE@ABV01@@Z12
15C68 160 __sehtable$___DestructExceptionObject
15C88 164 __sehtable$?FrameUnwindToState@__FrameHandler3@@SAXPAUEHRegistrationNode@@PAXPBU_s_FuncInfo@@H@Z
15CB0 164 __sehtable$?CallCatchBlock@@YAPAXPAUEHExceptionRecord@@PAUEHRegistrationNode@@PAU_CONTEXT@@PBU_s_FuncInfo@@PAXHK@Z
15CD8 164 __catchsym$?CallUnexpected@@YAXPBU_s_ESTypeList@@@Z$2
15CE8 164 __unwindtable$?CallUnexpected@@YAXPBU_s_ESTypeList@@@Z
15CF8 164 __tryblocktable$?CallUnexpected@@YAXPBU_s_ESTypeList@@@Z
15D0C 164 __ehfuncinfo$?CallUnexpected@@YAXPBU_s_ESTypeList@@@Z
15D30 164 __sehtable$??$BuildCatchObjectHelperInternal@V__FrameHandler3@@@@YAHPAUEHExceptionRecord@@PAXPBU_s_HandlerType@@PBU_s_CatchableType@@@Z
15D50 164 __sehtable$??$BuildCatchObjectInternal@V__FrameHandler3@@@@YAXPAUEHExceptionRecord@@PAXPBU_s_HandlerType@@PBU_s_CatchableType@@@Z
15D6C 164 __TI2?AVbad_exception@std@@
15D7C 164 __CTA2?AVbad_exception@std@@
15D88 164 __CT??_R0?AVbad_exception@std@@@8??0bad_exception@std@@QAE@ABV01@@Z12
15DA8 125 __sehtable$__query_new_handler
15DC4 72 __unwindtable$?common_exit@@YAXHW4_crt_exit_cleanup_mode@@W4_crt_exit_return_mode@@@Z
15DCC 72 __ehfuncinfo$?common_exit@@YAXHW4_crt_exit_cleanup_mode@@W4_crt_exit_return_mode@@@Z
15DF0 72 __sehtable$??R<lambda_6e4b09c48022b2350581041d5f6b0c4c>@@QBE@XZ
15E10 72 __sehtable$??$?RV<lambda_03b1d95aef87969028cfba75ccab2455>@@AAV<lambda_6e4b09c48022b2350581041d5f6b0c4c>@@V<lambda_22bdf7517842c4b3e53723af5aa32b9e>@@@?$__crt_seh_guarded_call@X@@QAEX$$QAV<lambda_03b1d95aef87969028cfba75ccab2455>@@AAV<lambda_6e4b09c48022b2350581041d5f6b0c4c>@@$$QAV<lambda_22bdf7517842c4b3e53723af5aa32b9e>@@@Z
15E2C 69 __unwindtable$___dcrt_uninitialize_environments_nolock
15E3C 69 __ehfuncinfo$___dcrt_uninitialize_environments_nolock
15E60 128 __unwindtable$__execute_onexit_table
15E68 128 __ehfuncinfo$__execute_onexit_table
15E90 128 __sehtable$??$?RV<lambda_69a2805e680e0e292e8ba93315fe43a8>@@AAV<lambda_f03950bc5685219e0bcd2087efbe011e>@@V<lambda_03fcd07e894ec930e3f35da366ca99d6>@@@?$__crt_seh_guarded_call@H@@QAEH$$QAV<lambda_69a2805e680e0e292e8ba93315fe43a8>@@AAV<lambda_f03950bc5685219e0bcd2087efbe011e>@@$$QAV<lambda_03fcd07e894ec930e3f35da366ca99d6>@@@Z
15EB0 150 __sehtable$_terminate
15ED0 132 __sehtable$??$?RV<lambda_15ade71b0218206bbe3333a0c9b79046>@@AAV<lambda_da44e0f8b0f19ba52fefafb335991732>@@V<lambda_207f2d024fc103971653565357d6cd41>@@@?$__crt_seh_guarded_call@X@@QAEX$$QAV<lambda_15ade71b0218206bbe3333a0c9b79046>@@AAV<lambda_da44e0f8b0f19ba52fefafb335991732>@@$$QAV<lambda_207f2d024fc103971653565357d6cd41>@@@Z
15EF0 132 __sehtable$??$?RV<lambda_a7e850c220f1c8d1e6efeecdedd162c6>@@AAV<lambda_46720907175c18b6c9d2717bc0d2d362>@@V<lambda_9048902d66e8d99359bc9897bbb930a8>@@@?$__crt_seh_guarded_call@X@@QAEX$$QAV<lambda_a7e850c220f1c8d1e6efeecdedd162c6>@@AAV<lambda_46720907175c18b6c9d2717bc0d2d362>@@$$QAV<lambda_9048902d66e8d99359bc9897bbb930a8>@@@Z
15F10 132 __sehtable$??$?RV<lambda_38edbb1296d33220d7e4dd0ed76b244a>@@AAV<lambda_5ce1d447e08cb34b2473517608e21441>@@V<lambda_fb385d3da700c9147fc39e65dd577a8c>@@@?$__crt_seh_guarded_call@X@@QAEX$$QAV<lambda_38edbb1296d33220d7e4dd0ed76b244a>@@AAV<lambda_5ce1d447e08cb34b2473517608e21441>@@$$QAV<lambda_fb385d3da700c9147fc39e65dd577a8c>@@@Z
15F30 132 __sehtable$??$?RV<lambda_6affb1475c98b40b75cdec977db92e3c>@@AAV<lambda_b8d4b9c228a6ecc3f80208dbb4b4a104>@@V<lambda_608742c3c92a14382c1684fc64f96c88>@@@?$__crt_seh_guarded_call@X@@QAEX$$QAV<lambda_6affb1475c98b40b75cdec977db92e3c>@@AAV<lambda_b8d4b9c228a6ecc3f80208dbb4b4a104>@@$$QAV<lambda_608742c3c92a14382c1684fc64f96c88>@@@Z
15F50 158 __sehtable$??$?RV<lambda_e5124f882df8998aaf41531e079ba474>@@AAV<lambda_3e16ef9562a7dcce91392c22ab16ea36>@@V<lambda_e25ca0880e6ef98be67edffd8c599615>@@@?$__crt_seh_guarded_call@X@@QAEX$$QAV<lambda_e5124f882df8998aaf41531e079ba474>@@AAV<lambda_3e16ef9562a7dcce91392c22ab16ea36>@@$$QAV<lambda_e25ca0880e6ef98be67edffd8c599615>@@@Z
15F70 117 __sehtable$?update_thread_multibyte_data_internal@@YAPAU__crt_multibyte_data@@QAU__acrt_ptd@@QAPAU1@@Z
15F90 117 __sehtable$??$?RV<lambda_ceb1ee4838e85a9d631eb091e2fbe199>@@AAV<lambda_ae742caa10f662c28703da3d2ea5e57e>@@V<lambda_cd08b5d6af4937fe54fc07d0c9bf6b37>@@@?$__crt_seh_guarded_call@X@@QAEX$$QAV<lambda_ceb1ee4838e85a9d631eb091e2fbe199>@@AAV<lambda_ae742caa10f662c28703da3d2ea5e57e>@@$$QAV<lambda_cd08b5d6af4937fe54fc07d0c9bf6b37>@@@Z
15FB0 98 __sehtable$___acrt_initialize_lowio
15FD0 141 __sehtable$_raise
15FF0 141 __sehtable$??$?RV<lambda_cbab9ec6f41b0180b23cc171c22676b0>@@AAV<lambda_44731a7d0e6d81c3e6aa82d741081786>@@V<lambda_4b292cb8dd18144e164572427af410ab>@@@?$__crt_seh_guarded_call@P6AXH@Z@@QAEP6AXH@Z$$QAV<lambda_cbab9ec6f41b0180b23cc171c22676b0>@@AAV<lambda_44731a7d0e6d81c3e6aa82d741081786>@@$$QAV<lambda_4b292cb8dd18144e164572427af410ab>@@@Z
16010 75 __sehtable$??$?RV<lambda_2866be3712abc81a800a822484c830d8>@@AAV<lambda_39ca0ed439415581b5b15c265174cece>@@V<lambda_2b24c74d71094a6cd0cb82e44167d71b>@@@?$__crt_seh_guarded_call@X@@QAEX$$QAV<lambda_2866be3712abc81a800a822484c830d8>@@AAV<lambda_39ca0ed439415581b5b15c265174cece>@@$$QAV<lambda_2b24c74d71094a6cd0cb82e44167d71b>@@@Z
16030 75 __sehtable$??$?RV<lambda_2cc53f568c5a2bb6f192f930a45d44ea>@@AAV<lambda_ab61a845afdef5b7c387490eaf3616ee>@@V<lambda_c2ffc0b7726aa6be21d5f0026187e748>@@@?$__crt_seh_guarded_call@X@@QAEX$$QAV<lambda_2cc53f568c5a2bb6f192f930a45d44ea>@@AAV<lambda_ab61a845afdef5b7c387490eaf3616ee>@@$$QAV<lambda_c2ffc0b7726aa6be21d5f0026187e748>@@@Z
16050 105 __sehtable$___acrt_update_thread_locale_data
16070 129 __sehtable$___acrt_lowio_ensure_fh_exists
16090 64 __sehtable$??$?RV<lambda_9e9de3de5fa147e2223d7db92bc10aa6>@@AAV<lambda_38ce7e780aa69e748d6df282ebc68efe>@@V<lambda_8ca6da459f0f6780f1cff60fdc3d00e5>@@@?$__crt_seh_guarded_call@H@@QAEH$$QAV<lambda_9e9de3de5fa147e2223d7db92bc10aa6>@@AAV<lambda_38ce7e780aa69e748d6df282ebc68efe>@@$$QAV<lambda_8ca6da459f0f6780f1cff60fdc3d00e5>@@@Z
160B0 157 __sehtable$__write_internal
160D0 63 __sehtable$__fcloseall
160F0 73 __sehtable$?_fclose_internal@@YAHQAU_iobuf@@AAV__crt_cached_ptd_host@@@Z
16110 62 __sehtable$??$?RV<lambda_d422a76eb4c3bf3ad751449ab71a6ea4>@@AAV<lambda_c9ba49e555ba839a7b07aa3fbecb7617>@@V<lambda_9476263c8ee91a25d21c55370bdb50de>@@@?$__crt_seh_guarded_call@H@@QAEH$$QAV<lambda_d422a76eb4c3bf3ad751449ab71a6ea4>@@AAV<lambda_c9ba49e555ba839a7b07aa3fbecb7617>@@$$QAV<lambda_9476263c8ee91a25d21c55370bdb50de>@@@Z
16130 32 __sehtable$__IsNonwritableInCurrentImage
1614C 43 __CTA3?AVbad_array_new_length@std@@
1615C 43 __CT??_R0?AVbad_alloc@std@@@8??0bad_alloc@std@@QAE@ABV01@@Z12
16178 43 __CT??_R0?AVexception@std@@@8??0exception@std@@QAE@ABV01@@Z12
16194 43 __TI3?AVbad_array_new_length@std@@
161A4 43 __CT??_R0?AVbad_array_new_length@std@@@8??0bad_array_new_length@std@@QAE@ABV01@@Z12
161C0 4 .edata
161E8 4 rgpv
161F8 4 rgszName
16208 4 rgwOrd
16210 4 szName
1621D 4 $N00001
1622C 4 $N00002
1623B 4 $N00003
16241 4 $N00004
16254 44 __IMPORT_DESCRIPTOR_KERNEL32
16268 44 __NULL_IMPORT_DESCRIPTOR
164EA 44 .idata$6
17000 23 ___security_cookie
17040 23 ___security_cookie_complement
17044 39 ___scrt_native_dllmain_reason
17050 12 ___isa_inverted
17058 12 ___isa_enabled
17060 171 ?__vcrt_flsindex@@3KA
17070 162 __NLG_Destination
17080 54 ___abort_behavior
17090 132 ?__acrt_flsindex@@3KA
17098 127 ___acrt_initial_locale_data
17150 127 ___acrt_initial_locale_pointers
17158 127 ___acrt_wide_c_locale_string
1715C 70 ?errno_no_memory@@3HA
17160 70 ?doserrno_no_memory@@3KA
17168 117 ___acrt_initial_multibyte_data
17388 117 __mbctypes
17490 117 __mbcasemaps
17590 117 ?__rgctypeflag@@3PADA
17598 117 ?__rgcode_page_info@@3PAUcode_page_info@@A
17688 50 __iob
17730 107 ___acrt_lconv_c
17780 107 ___acrt_lconv_static_decimal
17784 107 ___acrt_lconv_static_W_decimal
17788 88 ___globallocalestatus
17790 136 __lookuptrailbytes
17890 91 ?__dcrt_lowio_console_output_handle@@3PAXA
178A0 21 __fltused
178B0 45 ??_R0?AVlogic_error@std@@@8
178D0 45 ??_R0?AVlength_error@std@@@8
178F0 164 ??_R0?AVbad_exception@std@@@8
17910 43 ??_R0?AVbad_alloc@std@@@8
1792C 43 ??_R0?AVexception@std@@@8
17948 43 ??_R0?AVbad_array_new_length@std@@@8
17970 35 ??_R0?AVtype_info@@@8
17988 43 ??_R0?AVPluginEditFieldBinding@@@8
179B0 43 ??_R0?AVPluginRadioButtonBinding@@@8
179D8 43 ??_R0?AVDialogAPIBinding@@@8
179F8 43 ??_R0?AVPluginCheckBoxBinding@@@8
17A20 17 ?__proc_attached@@3HA
17A28 24 _GS_ExceptionRecord
17A78 24 _GS_ContextRecord
17D48 37 ?__type_info_root_node@@3U__type_info_node@@A
17D50 13 ?_OptionsStorage@?1??__local_stdio_printf_options@@9@4_KA
17D58 13 ?_OptionsStorage@?1??__local_stdio_scanf_options@@9@4_KA
17D60 39 ___scrt_current_native_startup_state
17D64 39 ___scrt_native_startup_lock
17D68 39 ?is_initialized_as_dll@@3_NA
17D69 39 ?module_local_atexit_table_initialized@@3_NA
17D6C 39 ?module_local_atexit_table@@3U_onexit_table_t@@A
17D78 39 ?module_local_at_quick_exit_table@@3U_onexit_table_t@@A
17D84 40 ___scrt_debugger_hook_flag
17D88 12 ___avx10_version
17D8C 12 ___isa_available
17D90 12 ___favor
17D94 160 ?__WinRTOutOfMemoryExceptionCallback@@3P6GPAXXZA
17D98 171 ?__vcrt_startup_thread_ptd@@3U__vcrt_ptd@@A
17DC0 172 ___pPurecall
17DC4 177 ?pArgList@UnDecorator@@0PAVReplicator@@A
17DC8 177 ?pZNameList@UnDecorator@@0PAVReplicator@@A
17DCC 177 ?pTemplateArgList@UnDecorator@@0PAVReplicator@@A
17DD0 177 ?gName@UnDecorator@@0PBDB
17DD4 177 ?name@UnDecorator@@0PBDB
17DD8 177 ?disableFlags@UnDecorator@@0KA
17DDC 177 ?fExplicitTemplateParams@UnDecorator@@0_NA
17DDD 177 ?fGetTemplateArgumentList@UnDecorator@@0_NA
17DE0 177 ?m_pGetParameter@UnDecorator@@0P6APADJ@ZA
17DE4 177 ?m_CHPENameOffset@UnDecorator@@0KA
17DE8 177 ?m_recursionLevel@UnDecorator@@0KA
17DEC 177 ?heap@@3V_HeapManager@@A
17E00 167 ___vcrt_lock_table
17E18 167 ___vcrt_locks_initialized
17E1C 180 ?module_handles@@3PAPAUHINSTANCE__@@A
17E28 180 ?function_pointers@@3PAPAXA
17E3C 97 ?__acrt_invalid_parameter_handler@@3V?$dual_state_global@P6AXPB_W00II@Z@__crt_state_management@@A
17E40 125 ?__acrt_new_handler@@3V?$dual_state_global@P6AHI@Z@__crt_state_management@@A
17E44 72 ?c_termination_complete@@3JA
17E48 72 ?thread_local_exit_callback_func@@3P6GXPAXK0@ZA
17E4C 72 ?c_exit_complete@?1???R<lambda_6e4b09c48022b2350581041d5f6b0c4c>@@QBE@XZ@4_NA
17E50 56 ?program_name@?1???$common_configure_argv@D@@YAHW4_crt_argv_mode@@@Z@4PADA
17F58 69 __environ_table
17F5C 69 __wenviron_table
17F60 69 ___dcrt_initial_wide_environment
17F64 69 ___dcrt_initial_narrow_environment
17F68 128 ___acrt_atexit_table
17F74 128 ___acrt_at_quick_exit_table
17F80 158 ___acrt_locale_changed_data
17F84 127 ___acrt_current_locale_data
17F88 108 ?__acrt_lock_table@@3PAU_RTL_CRITICAL_SECTION@@A
180D8 108 ?__acrt_locks_initialized@@3IA
180DC 117 __mbctype
180E0 117 __mbcasemap
180E4 117 ___acrt_current_multibyte_data
180E8 117 ?fSystemSet@@3HA
180EC 117 ?initialized@?1??__acrt_initialize_multibyte@@9@4_NA
180F0 55 __pgmptr
180F4 55 ___argc
180F8 55 ___argv
180FC 55 ___wargv
18100 55 __acmdln
18104 55 __wcmdln
18108 156 ?module_handles@@3PAPAUHINSTANCE__@@A
18160 156 ?encoded_function_pointers@@3PAPAXA
181EC 89 ___acrt_heap
181F0 98 ___pioinfo
183F0 98 __nhandle
183F4 141 ?ctrlc_action@@3V?$dual_state_global@P6AXH@Z@__crt_state_management@@A
183F8 141 ?ctrlbreak_action@@3V?$dual_state_global@P6AXH@Z@__crt_state_management@@A
183FC 141 ?abort_action@@3V?$dual_state_global@P6AXH@Z@__crt_state_management@@A
18400 141 ?term_action@@3V?$dual_state_global@P6AXH@Z@__crt_state_management@@A
18404 115 ?user_matherr@@3V?$dual_state_global@P6AHPAU_exception@@@Z@__crt_state_management@@A
18408 50 __nstream
1840C 50 ___piob
18410 52 ___acrt_stdout_buffer
18414 52 ___acrt_stderr_buffer
18418 121 ?internal_state@?1??_mbtowc_internal@@9@4U_Mbstatet@@A
18420 107 ___acrt_lconv_static_null
18424 107 ___acrt_lconv_static_W_null
18428 126 ?__acrt_global_new_mode@@3V?$dual_state_global@J@__crt_state_management@@A
1842C 139 ?__acrt_app_type@@3W4_crt_app_type@@A
18430 118 ?internal_pst@?1??__mbrtoc32_utf8@__crt_mbstring@@YAIPA_UPBDIPAU_Mbstatet@@AAV__crt_cached_ptd_host@@@Z@4U3@A
18438 77 ___fastflag
1843C 103 __pmatherr_set
18440 5 ?Opt@@3UOptions@@A
18858 5 ?PsInfo@@3UPluginStartupInfo@@A
188E8 5 ?FSF@@3UFarStandardFunctions@@A
189B0 43 ?ResetButtonID@@3HA
189B4 43 ?WordDivEditID@@3HA
189B8 42 ?dummy@?9??ProcessName@@YAXPB_WK@Z@4PA_WA
189BC 5 ?PluginMenuStrings@?1??GetPluginInfoW@@9@4@4PAPB_WA
189C0 182 ?FunctionPointer@?1??Wrapper_FlsAlloc@@9@4@4Q6GKP6GXPAX@Z@ZA
189C4 182 ?FunctionPointer@?1??Wrapper_CompareStringEx@@9@36@4Q6GHPB_WK0H0HPAU_nlsversioninfo@@PAXJ@ZA
189C8 182 ?FunctionPointer@?1??Wrapper_InitializeSListHead@@9@4@4Q6GXPAT_SLIST_HEADER@@@ZA
189CC 182 ?$S11@?1??Wrapper_InitializeCriticalSectionEx@@9@12@4IA
189D0 182 ?$S6@?1??Wrapper_InterlockedFlushSList@@9@4@4IA
189D4 182 ?FunctionPointer@?1??Wrapper_WakeAllConditionVariable@@9@4@4Q6GXPAU_RTL_CONDITION_VARIABLE@@@ZA
189D8 182 ?$S4@?1??Wrapper_GetModuleHandleExW@@9@12@4IA
189DC 182 ?Cookie@?1??XorPointer@@YAPAXPAX@Z@4IB
189E0 182 ?FunctionPointer@?1??Wrapper_GetLogicalProcessorInformation@@9@8@4Q6GHPAU_SYSTEM_LOGICAL_PROCESSOR_INFORMATION@@PAK@ZA
189E4 182 ?$S1@?1??XorPointer@@YAPAXPAX@Z@4IA
189E8 182 ?FunctionPointer@?1??Wrapper_SleepConditionVariableSRW@@9@16@4Q6GHPAU_RTL_CONDITION_VARIABLE@@PAU_RTL_SRWLOCK@@KK@ZA
189EC 182 ?$S13@?1??Wrapper_LCMapStringEx@@9@36@4IA
189F0 182 ?$S10@?1??Wrapper_SetThreadStackGuarantee@@9@4@4IA
189F4 182 ?FunctionPointer@?1??Wrapper_TryAcquireSRWLockExclusive@@9@4@4Q6GEPAU_RTL_SRWLOCK@@@ZA
189F8 182 ?$S12@?1??Wrapper_CompareStringEx@@9@36@4IA
189FC 182 ?$S16@?1??Wrapper_AcquireSRWLockExclusive@@9@4@4IA
18A00 182 ?FunctionPointer@?1??Wrapper_GetModuleHandleExW@@9@12@4Q6GHKPB_WPAPAUHINSTANCE__@@@ZA
18A04 182 ?$S7@?1??Wrapper_InterlockedPushEntrySList@@9@8@4IA
18A08 182 ?$S9@?1??Wrapper_GetLogicalProcessorInformation@@9@8@4IA
18A0C 182 ?$S23@?1??Wrapper_FlsFree@@9@4@4IA
18A10 182 ?$S8@?1??Wrapper_GetNumaHighestNodeNumber@@9@4@4IA
18A14 182 ?$S5@?1??Wrapper_InitializeSListHead@@9@4@4IA
18A18 182 ?FunctionPointer@?1??Wrapper_FlsGetValue@@9@4@4Q6GPAXK@ZA
18A1C 182 ?FunctionPointer@?1??Wrapper_DecodePointer@@9@4@4Q6GPAXPAX@ZA
18A20 182 ?FunctionPointer@?1??Wrapper_SetThreadStackGuarantee@@9@4@4Q6GHPAK@ZA
18A24 182 ?$S14@?1??Wrapper_SleepConditionVariableSRW@@9@16@4IA
18A28 182 ?$S21@?1??Wrapper_FlsGetValue@@9@4@4IA
18A2C 182 ?$S18@?1??Wrapper_TryAcquireSRWLockExclusive@@9@4@4IA
18A30 182 ?$S15@?1??Wrapper_WakeAllConditionVariable@@9@4@4IA
18A34 182 ?FunctionPointer@?1??Wrapper_FlsFree@@9@4@4Q6GHK@ZA
18A38 182 ?$S3@?1??Wrapper_DecodePointer@@9@4@4IA
18A3C 182 ?$S20@?1??Wrapper_FlsAlloc@@9@4@4IA
18A40 182 ?$S19@?1??Wrapper_InitializeSRWLock@@9@4@4IA
18A44 182 ?FunctionPointer@?1??Wrapper_InterlockedFlushSList@@9@4@4Q6GPAU_SINGLE_LIST_ENTRY@@PAT_SLIST_HEADER@@@ZA
18A48 182 ?FunctionPointer@?1??Wrapper_InterlockedPushEntrySList@@9@8@4Q6GPAU_SINGLE_LIST_ENTRY@@PAT_SLIST_HEADER@@PAU2@@ZA
18A4C 182 ?$S17@?1??Wrapper_ReleaseSRWLockExclusive@@9@4@4IA
18A50 182 ?$S2@?1??Wrapper_EncodePointer@@9@4@4IA
18A54 182 ?FunctionPointer@?1??Wrapper_InitializeSRWLock@@9@4@4Q6GXPAU_RTL_SRWLOCK@@@ZA
18A58 182 ?Ptr@?1???R<lambda_1>@?1??XorPointer@@YAPAXPAX@Z@QBE@XZ@4PAXA
18A5C 182 ?FunctionPointer@?1??Wrapper_EncodePointer@@9@4@4Q6GPAXPAX@ZA
18A60 182 ?$S22@?1??Wrapper_FlsSetValue@@9@8@4IA
18A64 182 ?FunctionPointer@?1??Wrapper_InitializeCriticalSectionEx@@9@12@4Q6GHPAU_RTL_CRITICAL_SECTION@@KK@ZA
18A68 182 ?FunctionPointer@?1??Wrapper_ReleaseSRWLockExclusive@@9@4@4Q6GXPAU_RTL_SRWLOCK@@@ZA
18A6C 182 ?FunctionPointer@?1??Wrapper_LCMapStringEx@@9@36@4Q6GHPB_WK0HPA_WHPAU_nlsversioninfo@@PAXJ@ZA
18A70 182 ?FunctionPointer@?1??Wrapper_GetNumaHighestNodeNumber@@9@4@4Q6GHPAK@ZA
18A74 182 ?FunctionPointer@?1??Wrapper_AcquireSRWLockExclusive@@9@4@4Q6GXPAU_RTL_SRWLOCK@@@ZA
18A78 182 ?FunctionPointer@?1??Wrapper_FlsSetValue@@9@8@4Q6GHKPAX@ZA
18A7C 2 ___scrt_ucrt_dll_is_in_use
18A80 2 ___dyn_tls_init_callback
18A84 2 __pmatherr
18A88 2 ___use_sse2_mathfcns
19060 6 $R000000
