MINIMAP

FILES
0 *
1 <absolute>
2 <common>
3 <linker-defined>
4 HlfViewer.exp
5 HlfViewer.obj
6 HlfViewer.res
7 LIBCMT:alloca16.obj
8 LIBCMT:argv_mode.obj
9 LIBCMT:checkcfg.obj
10 LIBCMT:chkstk.obj
11 LIBCMT:cpu_disp.obj
12 LIBCMT:default_local_stdio_options.obj
13 LIBCMT:delete_array.obj
14 LIBCMT:delete_scalar.obj
15 LIBCMT:delete_scalar_size.obj
16 LIBCMT:dll_dllmain.obj
17 LIBCMT:dll_dllmain_stub.obj
18 LIBCMT:dyn_tls_init.obj
19 LIBCMT:ehprolg3.obj
20 LIBCMT:fltused.obj
21 LIBCMT:ftol2.obj
22 LIBCMT:gs_cookie.obj
23 LIBCMT:gs_report.obj
24 LIBCMT:gs_support.obj
25 LIBCMT:guard_support.obj
26 LIBCMT:initializers.obj
27 LIBCMT:initsect.obj
28 LIBCMT:loadcfg.obj
29 LIBCMT:new_array.obj
30 LIBCMT:new_scalar.obj
31 LIBCMT:pesect.obj
32 LIBCMT:secchk.obj
33 LIBCMT:sehprolg4.obj
34 LIBCMT:std_type_info_static.obj
35 LIBCMT:throw_bad_alloc.obj
36 LIBCMT:tncleanup.obj
37 LIBCMT:ucrt_detection.obj
38 LIBCMT:utility.obj
39 LIBCMT:utility_desktop.obj
40 LIBCMT:x86_exception_filter.obj
41 kernel32:KERNEL32.dll
42 libcpmt:xthrow.obj
43 libucrt:87disp.obj
44 libucrt:87except.obj
45 libucrt:87tran.obj
46 libucrt:_fenvutils.obj
47 libucrt:_file.obj
48 libucrt:_freebuf.obj
49 libucrt:_sftbuf.obj
50 libucrt:_strnicm.obj
51 libucrt:abort.obj
52 libucrt:argv_data.obj
53 libucrt:argv_parsing.obj
54 libucrt:argv_wildcards.obj
55 libucrt:calloc.obj
56 libucrt:calloc_base.obj
57 libucrt:ceil.obj
58 libucrt:ceil_pentium4.obj
59 libucrt:close.obj
60 libucrt:closeall.obj
61 libucrt:commit.obj
62 libucrt:common.obj
63 libucrt:common_utf8.obj
64 libucrt:console_output_initializer.obj
65 libucrt:ctype.obj
66 libucrt:environment_initialization.obj
67 libucrt:errno.obj
68 libucrt:exception_filter.obj
69 libucrt:exit.obj
70 libucrt:fclose.obj
71 libucrt:fegetround.obj
72 libucrt:fflush.obj
73 libucrt:fileno.obj
74 libucrt:fp_flags.obj
75 libucrt:fpctrl.obj
76 libucrt:fpexcept.obj
77 libucrt:free.obj
78 libucrt:free_base.obj
79 libucrt:frnd.obj
80 libucrt:genexcep.obj
81 libucrt:get_environment_from_os.obj
82 libucrt:get_qualified_locale.obj
83 libucrt:getmodulefilenamea.obj
84 libucrt:getstringtypea.obj
85 libucrt:glstatus.obj
86 libucrt:heap_handle.obj
87 libucrt:ieeemisc.obj
88 libucrt:initcon.obj
89 libucrt:initialization.obj
90 libucrt:initmon.obj
91 libucrt:initnum.obj
92 libucrt:initterm.obj
93 libucrt:inittime.obj
94 libucrt:invalid_parameter.obj
95 libucrt:ioinit.obj
96 libucrt:isatty.obj
97 libucrt:ismbbyte.obj
98 libucrt:lcidtoname_downlevel.obj
99 libucrt:lcmapstringa.obj
100 libucrt:libm_error.obj
101 libucrt:locale_initializer.obj
102 libucrt:locale_refcounting.obj
103 libucrt:locale_update.obj
104 libucrt:localeconv.obj
105 libucrt:locks.obj
106 libucrt:log10_impl.obj
107 libucrt:log10_pentium4.obj
108 libucrt:log10_tables.obj
109 libucrt:lseek.obj
110 libucrt:malloc.obj
111 libucrt:malloc_base.obj
112 libucrt:matherr.obj
113 libucrt:mathfcns.obj
114 libucrt:mbctype.obj
115 libucrt:mbrtoc32.obj
116 libucrt:mbrtowc.obj
117 libucrt:mbsdec.obj
118 libucrt:mbtowc.obj
119 libucrt:msize.obj
120 libucrt:multibyte_initializer.obj
121 libucrt:multibytetowidechar.obj
122 libucrt:new_handler.obj
123 libucrt:new_mode.obj
124 libucrt:nlsdata.obj
125 libucrt:onexit.obj
126 libucrt:osfinfo.obj
127 libucrt:output.obj
128 libucrt:peb_access.obj
129 libucrt:per_thread_data.obj
130 libucrt:powhlp.obj
131 libucrt:putwch.obj
132 libucrt:qsort.obj
133 libucrt:read.obj
134 libucrt:realloc_base.obj
135 libucrt:recalloc.obj
136 libucrt:report_runtime_error.obj
137 libucrt:shared_initialization.obj
138 libucrt:signal.obj
139 libucrt:sse2_initializer.obj
140 libucrt:stdio_initializer.obj
141 libucrt:strcpy_s.obj
142 libucrt:stream.obj
143 libucrt:strncmp.obj
144 libucrt:strncnt.obj
145 libucrt:strncpy_s.obj
146 libucrt:strpbrk.obj
147 libucrt:terminate.obj
148 libucrt:util.obj
149 libucrt:wcsncmp.obj
150 libucrt:wcsnicmp.obj
151 libucrt:widechartomultibyte.obj
152 libucrt:win_policies.obj
153 libucrt:winapi_thunks.obj
154 libucrt:write.obj
155 libucrt:wsetlocale.obj
156 libvcruntime:chandler4.obj
157 libvcruntime:ehhelpers.obj
158 libvcruntime:ehstate.obj
159 libvcruntime:exsup.obj
160 libvcruntime:exsup4.obj
161 libvcruntime:frame.obj
162 libvcruntime:initialization.obj
163 libvcruntime:jbcxrval.obj
164 libvcruntime:locks.obj
165 libvcruntime:lowhelpr.obj
166 libvcruntime:memcpy.obj
167 libvcruntime:memset.obj
168 libvcruntime:per_thread_data.obj
169 libvcruntime:purevirt_data.obj
170 libvcruntime:std_exception.obj
171 libvcruntime:std_type_info.obj
172 libvcruntime:throw.obj
173 libvcruntime:trnsctrl.obj
174 libvcruntime:undname.obj
175 libvcruntime:unexpected.obj
176 libvcruntime:wcschr.obj
177 libvcruntime:winapi_downlevel.obj
178 rpcrt4:RPCRT4.dll
179 vc_crt_fix.obj
180 vc_crt_fix_impl.obj

SYMBOLS
0 1 ___AbsoluteZero
D 1 ___safe_se_handler_count
100 1 ___guard_flags
1000 5 ??1PluginSettings@@QAE@XZ
1050 5 ?Get@PluginSettings@@QAEHIPB_WH@Z
10B0 5 ??0exception@std@@QAE@ABV01@@Z
10E0 5 ?what@exception@std@@UBEPBDXZ
10F0 0 ??_Ebad_alloc@std@@UAEPAXI@Z
1120 5 ??1bad_alloc@std@@UAE@XZ
1140 5 ??0bad_array_new_length@std@@QAE@XZ
1160 5 ?_Throw_bad_array_new_length@std@@YAXXZ
1180 5 ??0bad_array_new_length@std@@QAE@ABV01@@Z
11C0 5 ??0bad_alloc@std@@QAE@ABV01@@Z
1200 5 ?_Xlen_string@std@@YAXXZ
1210 5 ?SaveValue@PluginCheckBoxBinding@@UAEXPBUFarDialogItem@@H@Z
1260 0 ??_EPluginCheckBoxBinding@@UAEPAXI@Z
1280 5 ?SaveValue@PluginRadioButtonBinding@@UAEXPBUFarDialogItem@@H@Z
12B0 0 ??_EPluginRadioButtonBinding@@UAEPAXI@Z
12D0 5 ?SaveValue@PluginEditFieldBinding@@UAEXPBUFarDialogItem@@H@Z
1370 5 ??0PluginDialogBuilder@@QAE@ABUPluginStartupInfo@@ABU_GUID@@1HPB_WP6GHPAXHH3@Z3_K@Z
1590 5 ?AddCheckbox@PluginDialogBuilder@@QAEPAUFarDialogItem@@HPAHH_N@Z
167C 5 $LN40
168C 5 $LN39
16A0 5 ?AddRadioButtons@PluginDialogBuilder@@QAEPAUFarDialogItem@@PAHHQBH_N@Z
18C4 5 $LN61
18D4 5 $LN60
18E0 5 ?AddEditField@PluginDialogBuilder@@QAEPAUFarDialogItem@@PA_WHHPB_W_N@Z
1980 5 ?AddButtons@PluginDialogBuilder@@QAEXHPBHHH@Z
1B84 5 $LN52
1B94 5 $LN51
1BA0 5 ?ShowDialogEx@PluginDialogBuilder@@QAEHXZ
1E14 5 $LN76
1E24 5 $LN75
1E30 5 ?AddDialogItem@PluginDialogBuilder@@AAEPAUFarDialogItem@@W4FARDIALOGITEMTYPES@@PB_W@Z
1F60 5 ?CheckExtension@@YA_NPB_W@Z
1FA0 5 _GetGlobalInfoW@4
2030 5 _SetStartupInfoW@4
2070 5 _OpenW@4
2670 5 _GetPluginInfoW@4
26F0 5 _ProcessEditorInputW@4
27D0 5 ?GetEditorFileName@@YAPA_WXZ
2820 5 ?ShowCurrentHelpTopic@@YA_NXZ
2B70 5 ?IsHlf@@YAHXZ
2D80 5 ?FindTopic@@YAPB_W_N0@Z
2F10 5 ?frsuserfunc@@YGHPBUPluginPanelItem@@PB_WPAX@Z
2F40 5 _ConfigureW@4
3490 5 $LN116
34A0 5 $LN115
34C0 5 ?GetPluginConfig@@YAXXZ
36A0 5 ??$_Reallocate_for@V<lambda_1>@?1??assign@?$basic_string@_WU?$char_traits@_W@std@@V?$allocator@_W@2@@std@@QAEAAV34@QB_WI@Z@PB_W@?$basic_string@_WU?$char_traits@_W@std@@V?$allocator@_W@2@@std@@AAEAAV01@IV<lambda_1>@?1??assign@01@QAEAAV01@QB_WI@Z@PB_W@Z
37B0 180 _Wrapper_EncodePointer@4
3800 180 ?impl@implementation@?1??Wrapper_DecodePointer@@YGPAXPAX@Z@SGPAX0@Z
3870 180 _Wrapper_DecodePointer@4
38C0 180 _Wrapper_GetModuleHandleExW@12
3910 180 ?impl@implementation@?1??Wrapper_GetModuleHandleExW@@YGHKPB_WPAPAUHINSTANCE__@@@Z@SGHK01@Z
39E0 180 _Wrapper_InitializeSListHead@4
3A30 180 ?impl@implementation@?1??Wrapper_InitializeSListHead@@YGXPAT_SLIST_HEADER@@@Z@SGX0@Z
3A50 180 _Wrapper_InterlockedFlushSList@4
3AA0 180 ?impl@implementation@?1??Wrapper_InterlockedFlushSList@@YGPAU_SINGLE_LIST_ENTRY@@PAT_SLIST_HEADER@@@Z@SGPAU3@0@Z
3B10 180 _Wrapper_InterlockedPushEntrySList@8
3B60 180 ?impl@implementation@?1??Wrapper_InterlockedPushEntrySList@@YGPAU_SINGLE_LIST_ENTRY@@PAT_SLIST_HEADER@@PAU3@@Z@SGPAU3@01@Z
3BC0 180 _Wrapper_GetNumaHighestNodeNumber@4
3C10 180 ?impl@implementation@?1??Wrapper_GetNumaHighestNodeNumber@@YGHPAK@Z@SGH0@Z
3C30 180 _Wrapper_GetLogicalProcessorInformation@8
3C80 180 ?impl@implementation@?1??Wrapper_GetLogicalProcessorInformation@@YGHPAU_SYSTEM_LOGICAL_PROCESSOR_INFORMATION@@PAK@Z@SGH01@Z
3C90 180 _Wrapper_SetThreadStackGuarantee@4
3CE0 180 ?impl@implementation@?1??Wrapper_SetThreadStackGuarantee@@YGHPAK@Z@SGH0@Z
3CF0 180 _Wrapper_InitializeCriticalSectionEx@12
3D40 180 ?impl@implementation@?1??Wrapper_InitializeCriticalSectionEx@@YGHPAU_RTL_CRITICAL_SECTION@@KK@Z@SGH0KK@Z
3D70 180 _Wrapper_CompareStringEx@36
3DC0 180 ?impl@implementation@?1??Wrapper_CompareStringEx@@YGHPB_WK0H0HPAU_nlsversioninfo@@PAXJ@Z@SGH0K0H0H12J@Z
3E20 180 _Wrapper_LCMapStringEx@36
3E70 180 ?impl@implementation@?1??Wrapper_LCMapStringEx@@YGHPB_WK0HPA_WHPAU_nlsversioninfo@@PAXJ@Z@SGH0K0H1H23J@Z
3ED0 180 _Wrapper_SleepConditionVariableSRW@16
3F20 180 ?impl@implementation@?1??Wrapper_SleepConditionVariableSRW@@YGHPAU_RTL_CONDITION_VARIABLE@@PAU_RTL_SRWLOCK@@KK@Z@SGH01KK@Z
3F30 180 _Wrapper_WakeAllConditionVariable@4
3F80 180 ?impl@implementation@?1??Wrapper_AcquireSRWLockExclusive@@YGXPAU_RTL_SRWLOCK@@@Z@SGX0@Z
3F90 180 _Wrapper_AcquireSRWLockExclusive@4
3FE0 180 _Wrapper_ReleaseSRWLockExclusive@4
4030 180 _Wrapper_TryAcquireSRWLockExclusive@4
4080 180 ?impl@implementation@?1??Wrapper_TryAcquireSRWLockExclusive@@YGEPAU_RTL_SRWLOCK@@@Z@SGE0@Z
4090 180 _Wrapper_InitializeSRWLock@4
40E0 180 ?impl@implementation@?1??Wrapper_InitializeSRWLock@@YGXPAU_RTL_SRWLOCK@@@Z@SGX0@Z
40F0 180 _Wrapper_FlsAlloc@4
4140 180 ?impl@implementation@?1??Wrapper_FlsAlloc@@YGKP6GXPAX@Z@Z@SGK1@Z
4150 180 _Wrapper_FlsGetValue@4
41A0 180 ?impl@implementation@?1??Wrapper_FlsGetValue@@YGPAXK@Z@SGPAXK@Z
41B0 180 _Wrapper_FlsSetValue@8
4200 180 ?impl@implementation@?1??Wrapper_FlsSetValue@@YGHKPAX@Z@SGHK0@Z
4210 180 _Wrapper_FlsFree@4
4260 180 ?impl@implementation@?1??Wrapper_FlsFree@@YGHK@Z@SGHK@Z
4270 42 ??0bad_alloc@std@@QAE@XZ
4288 42 ??0exception@std@@QAE@QBD@Z
42BD 42 ??0length_error@std@@QAE@ABV01@@Z
42D8 42 ??0length_error@std@@QAE@PBD@Z
42F7 42 ??0logic_error@std@@QAE@ABV01@@Z
4312 161 ??_Ebad_exception@std@@UAEPAXI@Z
433F 42 ?_Xlength_error@std@@YAXPBD@Z
435F 32 @__security_check_cookie@4
436D 13 ??_V@YAXPAX@Z
4372 23 ___raise_securityfailure
439A 23 ___report_gsfailure
4495 30 ??2@YAPAXI@Z
44C5 14 ??3@YAXPAX@Z
44CA 15 ??3@YAXPAXI@Z
44D8 29 ??_U@YAPAXI@Z
44E1 34 ??_Etype_info@@UAEPAXI@Z
4504 16 ?dllmain_crt_dispatch@@YGHQAUHINSTANCE__@@KQAX@Z
4557 16 ?dllmain_crt_process_attach@@YAHQAUHINSTANCE__@@QAX@Z
465E 16 ?dllmain_crt_process_detach@@YAH_N@Z
470E 16 ?dllmain_dispatch@@YAHQAUHINSTANCE__@@KQAX@Z
4819 16 ?dllmain_raw@@YGHQAUHINSTANCE__@@KQAX@Z
4844 16 __DllMainCRTStartup@12
4867 35 ?__scrt_throw_std_bad_alloc@@YAXXZ
4884 24 ___get_entropy
48D1 24 ___security_init_cookie
491C 17 _DllMain@12
4922 36 ?__scrt_initialize_type_info@@YAXXZ
492E 36 ?__scrt_uninitialize_type_info@@YAXXZ
493A 12 ___local_stdio_printf_options
4940 12 ___local_stdio_scanf_options
4946 12 ___scrt_initialize_default_local_stdio_options
4963 38 ?find_pe_section@@YAPAU_IMAGE_SECTION_HEADER@@QAEI@Z
49A7 38 ___scrt_acquire_startup_lock
49D9 38 ___scrt_dllmain_after_initialize_c
4A04 38 ___scrt_dllmain_before_initialize_c
4A12 38 ___scrt_dllmain_crt_thread_attach
4A31 38 ___scrt_dllmain_crt_thread_detach
4A3E 38 ___scrt_dllmain_exception_filter
4A72 38 ___scrt_dllmain_uninitialize_c
4A95 38 ___scrt_dllmain_uninitialize_critical
4AA2 38 ___scrt_initialize_crt
4ADB 38 ___scrt_initialize_onexit_tables
4B62 38 ___scrt_is_nonwritable_in_current_image
4BF6 38 ___scrt_release_startup_lock
4C13 38 ___scrt_uninitialize_crt
4C3B 18 ___scrt_get_dyn_tls_init_callback
4C41 39 ___scrt_fastfail
4D56 39 __crt_debugger_hook
4D5E 27 __RTC_Initialize
4D8A 27 __RTC_Terminate
4DC0 33 __SEH_prolog4
4E05 25 @_guard_check_icall_nop@4
4E08 11 ___isa_available_init
5135 8 __get_startup_argv_mode
5139 37 ___scrt_is_ucrt_dll_in_use
5145 173 ?GetRangeOfTrysToCheck@__FrameHandler3@@SA?AU?$pair@Viterator@TryBlockMap@__FrameHandler3@@V123@@std@@AAVTryBlockMap@1@HPAXPBU_s_FuncInfo@@H@Z
51B4 173 ?_CallCatchBlock2@@YAPAXPAUEHRegistrationNode@@PBU_s_FuncInfo@@PAXHK@Z
5211 173 ?_CallSETranslator@@YAHPAUEHExceptionRecord@@PAUEHRegistrationNode@@PAX2PBU_s_FuncInfo@@H1@Z
5301 173 ?_JumpToContinuation@@YGXPAXPAUEHRegistrationNode@@@Z
5331 173 ?_UnwindNestedFrames@@YGXPAUEHRegistrationNode@@PAUEHExceptionRecord@@@Z
5385 173 __CatchGuardHandler
53B6 173 __CreateFrameInfo
53DA 173 __FindAndUnlinkFrame
5422 173 __TranslatorGuardHandler
54C1 173 ___CxxFrameHandler3
54F7 170 ___std_exception_copy
555A 170 ___std_exception_destroy
5579 176 _wcschr
561A 157 ___DestructExceptionObject
56BB 157 ?_CallMemberFunction0@@YGXQAX0@Z
56C8 157 ?_FilterSetCurrentException@@YAKPAU_EXCEPTION_POINTERS@@E@Z
5720 157 __IsExceptionObjectToBeDestroyed
5746 157 ___AdjustPointer
576B 157 ___FrameUnwindFilter
57C1 157 ___std_terminate
57C6 172 __CxxThrowException@8
5840 156 _ValidateLocalCookies
5880 156 __except_handler4
59DE 171 ___std_type_info_compare
5A1A 171 ___std_type_info_destroy_list
5A3D 162 ___vcrt_initialize
5A5C 162 ___vcrt_thread_attach
5A67 162 ___vcrt_thread_detach
5A6F 162 ___vcrt_uninitialize
5A86 162 ___vcrt_uninitialize_critical
5A90 167 _memset
5AD5 167 XMMMov
5B10 167 LargeRangeBytes
5B4D 167 XmmMovSmall
5B60 167 XmmSmallLoop
5B65 167 MidRangeBytes
5B81 167 XMMTrailingBytes
5B95 167 SmallMov
5B9D 167 ByteLoop
5BAB 167 DwordTest
5BBB 167 QwordTest
5BD0 167 QwordLoop
5BE3 167 toend
5BEA 168 ___vcrt_freefls@4
5C06 168 ___vcrt_freeptd_for_this_thread
5C31 168 ___vcrt_getptd
5C3F 168 ___vcrt_getptd_noexit
5CD1 168 ___vcrt_initialize_ptd
5D04 168 ___vcrt_uninitialize_ptd
5D1F 161 ??$BuildCatchObjectHelperInternal@V__FrameHandler3@@@@YAHPAUEHExceptionRecord@@PAXPBU_s_HandlerType@@PBU_s_CatchableType@@@Z
5E5D 161 ??$BuildCatchObjectInternal@V__FrameHandler3@@@@YAXPAUEHExceptionRecord@@PAXPBU_s_HandlerType@@PBU_s_CatchableType@@@Z
5EF6 161 ??$CatchIt@V__FrameHandler3@@@@YAXPAUEHExceptionRecord@@PAUEHRegistrationNode@@PAU_CONTEXT@@PAXPBU_s_FuncInfo@@PBU_s_HandlerType@@PBU_s_CatchableType@@PBU_s_TryBlockMapEntry@@H1EE@Z
5F76 161 ??$FindHandler@V__FrameHandler3@@@@YAXPAUEHExceptionRecord@@PAUEHRegistrationNode@@PAU_CONTEXT@@PAXPBU_s_FuncInfo@@EH1@Z
631B 161 ??$FindHandlerForForeignException@V__FrameHandler3@@@@YAXPAUEHExceptionRecord@@PAUEHRegistrationNode@@PAU_CONTEXT@@PAXPBU_s_FuncInfo@@HH1@Z
6451 161 ??$TypeMatchHelper@V__FrameHandler3@@@@YAHPBU_s_HandlerType@@PBU_s_CatchableType@@PBU_s_ThrowInfo@@@Z
64DF 161 ??$__InternalCxxFrameHandler@V__FrameHandler3@@@@YA?AW4_EXCEPTION_DISPOSITION@@PAUEHExceptionRecord@@PAUEHRegistrationNode@@PAU_CONTEXT@@PAXPBU_s_FuncInfo@@H1E@Z
65E1 161 ??$__InternalCxxFrameHandlerWrapper@V__FrameHandler3@@@@YA?AW4_EXCEPTION_DISPOSITION@@PAUEHExceptionRecord@@PAUEHRegistrationNode@@PAU_CONTEXT@@PAXPBU_s_FuncInfo@@H1E@Z
65EA 161 ??0bad_exception@std@@QAE@ABV01@@Z
6605 161 ??0bad_exception@std@@QAE@XZ
661D 161 ??8type_info@@QBE_NABV0@@Z
663C 161 ?CallCatchBlock@@YAPAXPAUEHExceptionRecord@@PAUEHRegistrationNode@@PAU_CONTEXT@@PBU_s_FuncInfo@@PAXHK@Z
680B 161 ?CallUnexpected@@YAXPBU_s_ESTypeList@@@Z
682B 161 __catch$?CallUnexpected@@YAXPBU_s_ESTypeList@@@Z$0
684A 161 ?ExFilterRethrow@@YAHPAU_EXCEPTION_POINTERS@@@Z
6894 161 ?FrameUnwindToEmptyState@__FrameHandler3@@SAXPAUEHRegistrationNode@@PAXPBU_s_FuncInfo@@@Z
68AC 161 ?FrameUnwindToState@__FrameHandler3@@SAXPAUEHRegistrationNode@@PAXPBU_s_FuncInfo@@H@Z
6994 161 ?IsInExceptionSpec@@YAEPAUEHExceptionRecord@@PBU_s_ESTypeList@@@Z
6A2E 161 ?_CallMemberFunction1@@YGXQAX00@Z
6A3E 161 ?_CallMemberFunction2@@YGXQAX00H@Z
6A51 161 ?getESTypes@__FrameHandler3@@SAPBU_s_ESTypeList@@PBU_s_FuncInfo@@@Z
6A60 165 __CallSettingFrame@12
6A87 165 __NLG_Return
6A9F 165 _NLG_Continue
6AAC 163 ___except_validate_context_record
6AE0 160 __local_unwind4
6B12 160 _lu_top
6B71 160 _lu_done
6B80 160 $$000000
6BD0 160 @_EH4_CallFilterFunc@8
6BF0 160 @_EH4_TransferToHandler@8
6C10 160 @_EH4_GlobalUnwind2@8
6C25 160 ReturnPoint
6C30 160 @_EH4_LocalUnwind@16
6C47 164 ___vcrt_initialize_locks
6C83 164 ___vcrt_uninitialize_locks
6CB2 177 ?try_get_function@@YAPAXW4function_id@?A0x14174aea@@QBDQBW4module_id@2@2@Z
6D52 177 ?try_load_library_from_system_directory@@YAPAUHINSTANCE__@@QB_W@Z
6D9D 177 ___vcrt_FlsAlloc
6DD8 177 ___vcrt_FlsFree
6E13 177 ___vcrt_FlsGetValue
6E4E 177 ___vcrt_FlsSetValue
6E8C 177 ___vcrt_InitializeCriticalSectionEx
6ED3 175 _unexpected
6EF0 158 ?GetCurrentState@__FrameHandler3@@SAHPAUEHRegistrationNode@@PAXPBU_s_FuncInfo@@@Z
6F0D 158 ?SetState@__FrameHandler3@@SAXPAUEHRegistrationNode@@PBU_s_FuncInfo@@H@Z
6F20 166 _memcpy
6F40 166 CopyUp
6F64 166 CopyUpLargeMov
6F77 166 CopyUpSSE2Check
6F90 166 AtomChk
6FB6 166 PalignHead4
6FC9 166 PalignHead8
6FE0 166 PalignLoop
6FF2 166 MovPalign12
6FFC 166 PalignLoop12
704D 166 MovPalign8
7058 166 PalignLoop8
70A6 166 MovPalign4
70B0 166 PalignLoop4
70FC 166 PalignTail
7114 166 PalignTail4
7127 166 PalignTail8
713E 166 PalignTailLE3
7147 166 Dword_align
714F 166 Dword_up_align_loop
7162 166 Dword_align_Ok
717C 166 ByteCopyUp
7184 166 TrailingUpVec
7194 166 TrailingUp0
719C 166 TrailingUp1
71A8 166 TrailingUp2
71BC 166 TrailingUp3
71D4 166 CopyDown
71F9 166 CopyDownNotAligned
7200 166 CopyDownAlignLoop
720D 166 CopyDownAligned
7230 166 TrailingDownVec
7240 166 TrailingDown0
7248 166 TrailingDown1
7258 166 TrailingDown2
726C 166 TrailingDown3
7285 166 XmmMovLargeAlignTest
728D 166 XmmMovAlignLoop
729C 166 XmmMovLargeLoop
730C 166 XmmMovSmallTest
7311 166 XmmMovSmallLoop
7334 166 CopyDownSmall
733C 166 CopyDownDwordLoop
7351 166 CopyDownByteTest
7355 166 CopyDownByteLoop
7364 166 CopyDownReturn
7370 166 XmmCopy
737D 166 XmmCopyAligned
7390 166 XmmCopyLargeLoop
73ED 166 XmmCopySmallTest
7400 166 XmmCopySmallLoop
741B 166 CopyUpDwordMov
7420 166 CopyUpDwordTest
7427 166 CopyUpDwordLoop
7436 166 CopyUpByteTest
743D 166 CopyUpByteLoop
7450 166 CopyUpReturn
7460 166 XmmCopyUnaligned
7473 166 XmmAlignByte
747C 166 XmmAlignDwordTest
7481 166 XmmAlignDwordLoop
748E 166 XmmAlignAdjustCnt
74A0 159 __NLG_Notify1
74B0 159 __NLG_Notify
74BB 159 __NLG_Go
74C7 159 __NLG_Dispatch
74D0 159 __NLG_Call
74D2 159 __NLG_Return2
74E0 94 ??0__crt_cached_ptd_host@@QAE@QAU__crt_locale_pointers@@@Z
7528 94 ??1__crt_cached_ptd_host@@QAE@XZ
7564 94 ?check_synchronize_global_state_index@__crt_cached_ptd_host@@AAEIXZ
758D 94 ?force_synchronize_per_thread_data@__crt_cached_ptd_host@@AAEPAU__acrt_ptd@@XZ
75D3 94 ?get_raw_ptd@__crt_cached_ptd_host@@QAEPAU__acrt_ptd@@XZ
75F0 94 ___acrt_call_reportfault
7729 94 ___acrt_initialize_invalid_parameter_handler
7738 94 __invalid_parameter
776F 94 __invalid_parameter_internal
77EC 94 __invalid_parameter_noinfo
77FC 94 __invalid_parameter_noinfo_noreturn
7819 94 __invoke_watson
784D 122 ??$__crt_fast_decode_pointer@P6AHI@Z@@YAP6AHI@ZQ6AHI@Z@Z
7868 122 ___acrt_initialize_new_handler
7877 122 __callnewh
78A3 122 __query_new_handler
78FA 110 _malloc
7905 77 _free
7920 92 __initterm
794B 92 __initterm_e
7979 68 __seh_filter_dll
7999 68 __seh_filter_exe
7ADF 69 ??$?RV<lambda_03b1d95aef87969028cfba75ccab2455>@@AAV<lambda_6e4b09c48022b2350581041d5f6b0c4c>@@V<lambda_22bdf7517842c4b3e53723af5aa32b9e>@@@?$__crt_seh_guarded_call@X@@QAEX$$QAV<lambda_03b1d95aef87969028cfba75ccab2455>@@AAV<lambda_6e4b09c48022b2350581041d5f6b0c4c>@@$$QAV<lambda_22bdf7517842c4b3e53723af5aa32b9e>@@@Z
7B2C 69 ??R<lambda_6e4b09c48022b2350581041d5f6b0c4c>@@QBE@XZ
7C14 69 ?common_exit@@YAXHW4_crt_exit_cleanup_mode@@W4_crt_exit_return_mode@@@Z
7CAB 69 ?exit_or_terminate_process@@YAXI@Z
7CDC 69 ?is_managed_app@@YA_NXZ
7D1E 69 ?should_call_terminate_process@@YA_NXZ
7D37 69 ?try_cor_exit_process@@YAXI@Z
7DB9 69 ___acrt_initialize_thread_local_exit_callback
7DC8 69 __cexit
7DD7 69 __exit
7DED 69 __is_c_termination_complete
7DF4 53 ??$common_configure_argv@D@@YAHW4_crt_argv_mode@@@Z
7F31 53 ??$parse_command_line@D@@YAXPADPAPAD0PAI2@Z
80A5 53 ___acrt_allocate_buffer_for_argv
80F4 53 __configure_narrow_argv
80FF 66 ??$common_initialize_environment_nolock@D@@YAHXZ
8159 66 ??$create_environment@D@@YAQAPADQAD@Z
823B 66 ??$free_environment@D@@YAXQAPAD@Z
826A 66 ??$uninitialize_environment_internal@D@@YAXAAPAPAD@Z
8285 66 ??$uninitialize_environment_internal@_W@@YAXAAPAPA_W@Z
82A0 66 ___dcrt_uninitialize_environments_nolock
82F1 66 __initialize_narrow_environment
82F6 125 ??$?RV<lambda_69a2805e680e0e292e8ba93315fe43a8>@@AAV<lambda_f03950bc5685219e0bcd2087efbe011e>@@V<lambda_03fcd07e894ec930e3f35da366ca99d6>@@@?$__crt_seh_guarded_call@H@@QAEH$$QAV<lambda_69a2805e680e0e292e8ba93315fe43a8>@@AAV<lambda_f03950bc5685219e0bcd2087efbe011e>@@$$QAV<lambda_03fcd07e894ec930e3f35da366ca99d6>@@@Z
8351 125 ??R<lambda_f03950bc5685219e0bcd2087efbe011e>@@QBE@XZ
842B 125 __execute_onexit_table
8469 125 __initialize_onexit_table
8492 89 _initialize_global_variables
849F 89 _initialize_c
84B9 52 ___acrt_uninitialize_command_line
84BC 89 _uninitialize_environment
84C4 89 _initialize_pointers
84F2 89 _uninitialize_vcruntime
84FB 89 _uninitialize_allocated_memory
8512 89 _uninitialize_allocated_io_buffers
8562 89 ??$__crt_fast_encode_pointer@PAX@@YAPAXQAX@Z
8581 89 ??R<lambda_af42a3ee9806e9a7305d451646e05244>@@QBE@AAPAU__crt_multibyte_data@@@Z
85AF 89 ___acrt_initialize
85C1 89 ___acrt_thread_attach
85CC 89 ___acrt_thread_detach
85D4 89 ___acrt_uninitialize
8604 89 ___acrt_uninitialize_critical
8616 147 _terminate
8652 51 _abort
8696 141 _strcpy_s
86F0 55 _calloc
8700 127 ?update_locale_slow@__crt_cached_ptd_host@@AAEXXZ
8760 143 _strncmp
87D8 149 _wcsncmp
8812 129 ??$?RV<lambda_15ade71b0218206bbe3333a0c9b79046>@@AAV<lambda_da44e0f8b0f19ba52fefafb335991732>@@V<lambda_207f2d024fc103971653565357d6cd41>@@@?$__crt_seh_guarded_call@X@@QAEX$$QAV<lambda_15ade71b0218206bbe3333a0c9b79046>@@AAV<lambda_da44e0f8b0f19ba52fefafb335991732>@@$$QAV<lambda_207f2d024fc103971653565357d6cd41>@@@Z
8864 129 ??$?RV<lambda_38edbb1296d33220d7e4dd0ed76b244a>@@AAV<lambda_5ce1d447e08cb34b2473517608e21441>@@V<lambda_fb385d3da700c9147fc39e65dd577a8c>@@@?$__crt_seh_guarded_call@X@@QAEX$$QAV<lambda_38edbb1296d33220d7e4dd0ed76b244a>@@AAV<lambda_5ce1d447e08cb34b2473517608e21441>@@$$QAV<lambda_fb385d3da700c9147fc39e65dd577a8c>@@@Z
88CF 129 ??$?RV<lambda_6affb1475c98b40b75cdec977db92e3c>@@AAV<lambda_b8d4b9c228a6ecc3f80208dbb4b4a104>@@V<lambda_608742c3c92a14382c1684fc64f96c88>@@@?$__crt_seh_guarded_call@X@@QAEX$$QAV<lambda_6affb1475c98b40b75cdec977db92e3c>@@AAV<lambda_b8d4b9c228a6ecc3f80208dbb4b4a104>@@$$QAV<lambda_608742c3c92a14382c1684fc64f96c88>@@@Z
8924 129 ??$?RV<lambda_a7e850c220f1c8d1e6efeecdedd162c6>@@AAV<lambda_46720907175c18b6c9d2717bc0d2d362>@@V<lambda_9048902d66e8d99359bc9897bbb930a8>@@@?$__crt_seh_guarded_call@X@@QAEX$$QAV<lambda_a7e850c220f1c8d1e6efeecdedd162c6>@@AAV<lambda_46720907175c18b6c9d2717bc0d2d362>@@$$QAV<lambda_9048902d66e8d99359bc9897bbb930a8>@@@Z
897E 129 ?construct_ptd@@YAXQAU__acrt_ptd@@QAPAU__crt_locale_data@@@Z
8A17 129 ?destroy_fls@@YGXPAX@Z
8A38 129 ?destroy_ptd@@YAXQAU__acrt_ptd@@@Z
8B05 129 ?replace_current_thread_locale_nolock@@YAXQAU__acrt_ptd@@QAU__crt_locale_data@@@Z
8B50 129 ___acrt_freeptd
8B7C 129 ___acrt_getptd
8C37 129 ___acrt_getptd_head
8CCD 129 ___acrt_getptd_noexit
8D7E 129 ___acrt_getptd_noexit_explicit
8E21 129 ___acrt_initialize_ptd
8E4D 129 ___acrt_uninitialize_ptd
8E67 155 ??$?RV<lambda_e5124f882df8998aaf41531e079ba474>@@AAV<lambda_3e16ef9562a7dcce91392c22ab16ea36>@@V<lambda_e25ca0880e6ef98be67edffd8c599615>@@@?$__crt_seh_guarded_call@X@@QAEX$$QAV<lambda_e5124f882df8998aaf41531e079ba474>@@AAV<lambda_3e16ef9562a7dcce91392c22ab16ea36>@@$$QAV<lambda_e25ca0880e6ef98be67edffd8c599615>@@@Z
8ED5 155 ___acrt_set_locale_changed
8EE0 155 ___acrt_uninitialize_locale
8F07 105 ___acrt_initialize_locks
8F48 105 ___acrt_lock
8F5F 105 ___acrt_uninitialize_locks
8F90 105 ___acrt_unlock
8FA7 111 __malloc_base
8FF5 78 __free_base
902F 128 ___acrt_app_verifier_enabled
9041 128 ___acrt_is_secure_process
9054 152 ___acrt_get_process_end_policy
907B 67 ___acrt_errno_from_os_error
90BE 67 ___acrt_errno_map_os_error
90E1 67 ___acrt_errno_map_os_error_ptd
9105 67 ___doserrno
9118 67 __errno
912B 56 __calloc_base
9188 54 ?<lambda_invoker_cdecl>@<lambda_838c7f62c73c983481e27c09e84b0b5d>@@CAHPBX0@Z
91A0 54 ??$__acrt_convert_wcs_mbs_cp@D_WV<lambda_62f6974d9771e494a5ea317cc32e971c>@@U__crt_win32_buffer_internal_dynamic_resizing@@@@YAHQBDAAV?$__crt_win32_buffer@_WU__crt_win32_buffer_internal_dynamic_resizing@@@@ABV<lambda_62f6974d9771e494a5ea317cc32e971c>@@I@Z
9252 54 ??$__acrt_convert_wcs_mbs_cp@_WDV<lambda_28bda7af82a03b66c1cb3803a755f95d>@@U__crt_win32_buffer_internal_dynamic_resizing@@@@YAHQB_WAAV?$__crt_win32_buffer@DU__crt_win32_buffer_internal_dynamic_resizing@@@@ABV<lambda_28bda7af82a03b66c1cb3803a755f95d>@@I@Z
9318 54 ??$__acrt_mbs_to_wcs_cp@U__crt_win32_buffer_internal_dynamic_resizing@@@@YAHQBDAAV?$__crt_win32_buffer@_WU__crt_win32_buffer_internal_dynamic_resizing@@@@I@Z
9335 54 ??$common_expand_argv_wildcards@D@@YAHQAPADQAPAPAD@Z
94B2 54 ??$copy_and_add_argument_to_buffer@D@@YAHQBD0IAAV?$argument_list@D@?A0x5f5c8891@@@Z
9563 54 ??$expand_argument_wildcards@D@@YAHQAD0AAV?$argument_list@D@?A0x5f5c8891@@@Z
97E8 54 ??0_LocaleUpdate@@QAE@QAU__crt_locale_pointers@@@Z
986A 54 ??1?$argument_list@D@?A0x5f5c8891@@QAE@XZ
988F 83 ??R<lambda_0fec1a7b3f42a53036604e18c2d5e07e>@@QBE@IQB_WQADI@Z
98B3 54 ?__acrt_get_utf8_acp_compatibility_codepage@@YAIXZ
98F2 54 ?_deallocate@?$__crt_win32_buffer@DU__crt_win32_buffer_internal_dynamic_resizing@@@@AAEXXZ
990C 54 ?allocate@?$__crt_win32_buffer@DU__crt_win32_buffer_internal_dynamic_resizing@@@@QAEHI@Z
9948 54 ?allocate@?$__crt_win32_buffer@_WU__crt_win32_buffer_internal_dynamic_resizing@@@@QAEHI@Z
9987 54 ?allocate@__crt_win32_buffer_internal_dynamic_resizing@@SAHQAPAXIABV__crt_win32_buffer_empty_debug_info@@@Z
99A6 54 ?expand_if_necessary@?$argument_list@D@?A0x5f5c8891@@AAEHXZ
9A2D 54 ___acrt_expand_narrow_argv_wildcards
9A38 83 ??$__acrt_convert_wcs_mbs_cp@_WDV<lambda_0fec1a7b3f42a53036604e18c2d5e07e>@@U__crt_win32_buffer_no_resizing@@@@YAHQB_WAAV?$__crt_win32_buffer@DU__crt_win32_buffer_no_resizing@@@@ABV<lambda_0fec1a7b3f42a53036604e18c2d5e07e>@@I@Z
9AFA 83 ?allocate@?$__crt_win32_buffer@DU__crt_win32_buffer_no_resizing@@@@QAEHI@Z
9B21 83 ?set_to_nullptr@?$__crt_win32_buffer@DU__crt_win32_buffer_no_resizing@@@@QAEXXZ
9B35 83 ___acrt_GetModuleFileNameA
9BD6 114 ??$?RV<lambda_ceb1ee4838e85a9d631eb091e2fbe199>@@AAV<lambda_ae742caa10f662c28703da3d2ea5e57e>@@V<lambda_cd08b5d6af4937fe54fc07d0c9bf6b37>@@@?$__crt_seh_guarded_call@X@@QAEX$$QAV<lambda_ceb1ee4838e85a9d631eb091e2fbe199>@@AAV<lambda_ae742caa10f662c28703da3d2ea5e57e>@@$$QAV<lambda_cd08b5d6af4937fe54fc07d0c9bf6b37>@@@Z
9C23 114 ??R<lambda_ae742caa10f662c28703da3d2ea5e57e>@@QBE@XZ
9CA6 114 ?CPtoLocaleName@@YAPB_WH@Z
9CE4 114 ?getSystemCP@@YAHH@Z
9D55 114 ?setSBCS@@YAXPAU__crt_multibyte_data@@@Z
9DB8 114 ?setSBUpLow@@YAXPAU__crt_multibyte_data@@@Z
9F5D 114 ?setmbcp_internal@@YAHH_NQAU__acrt_ptd@@QAPAU__crt_multibyte_data@@@Z
A0B2 114 ?update_thread_multibyte_data_internal@@YAPAU__crt_multibyte_data@@QAU__acrt_ptd@@QAPAU1@@Z
A152 114 ___acrt_initialize_multibyte
A19A 114 ___acrt_update_thread_multibyte_data
A1AD 114 __setmbcp_nolock
A3B2 114 _memcpy_s
A433 97 ?x_ismbbtype_l@@YAHPAU__crt_locale_pointers@@IHH@Z
A483 97 __ismbblead
A49B 52 ___acrt_initialize_command_line
A4B4 121 ?filter_mbtowcs_flags@@YAKIK@Z
A54C 121 ___acrt_MultiByteToWideChar
A576 151 ?filter_wcstomb_flags@@YAKIK@Z
A606 151 ___acrt_WideCharToMultiByte
A672 81 ?find_end_of_double_null_terminated_sequence@@YAPB_WQB_W@Z
A6A9 81 ___dcrt_get_narrow_environment_from_os
A749 135 __recalloc_base
A7B6 153 ?try_get_AreFileApisANSI@@YAP6GHXZXZ
A7D0 153 ?try_get_LCMapStringEx@@YAP6GHPB_WK0HPA_WHPAU_nlsversioninfo@@PAXJ@ZXZ
A7EA 153 ?try_get_LocaleNameToLCID@@YAP6GKPB_WK@ZXZ
A804 153 ?try_get_first_available_module@@YAPAUHINSTANCE__@@QBW4module_id@?A0x391cf84c@@0@Z
A8CF 153 ?try_get_function@@YAPAXW4function_id@?A0x391cf84c@@QBDQBW4module_id@2@2@Z
A954 153 ___acrt_AppPolicyGetProcessTerminationMethodInternal@4
A994 153 ___acrt_AreFileApisANSI@0
A9B3 153 ___acrt_FlsAlloc@4
A9F2 153 ___acrt_FlsFree@4
AA31 153 ___acrt_FlsGetValue@4
AA70 153 ___acrt_FlsSetValue@8
AAB2 153 ___acrt_InitializeCriticalSectionEx@12
AAFD 153 ___acrt_LCMapStringEx@36
AB5A 153 ___acrt_LocaleNameToLCID@8
AB8B 153 ___acrt_initialize_winapi_thunks
AB9F 153 ___acrt_uninitialize_winapi_thunks
ABD5 86 ___acrt_initialize_heap
ABE6 86 ___acrt_uninitialize_heap
ABF0 95 ?initialize_inherited_file_handles_nolock@@YAXXZ
ACA6 95 ?initialize_stdio_handles_nolock@@YAXXZ
AD56 95 ___acrt_initialize_lowio
ADB6 95 ___acrt_uninitialize_lowio
ADE2 137 ___acrt_execute_initializers
AE4A 137 ___acrt_execute_uninitializers
AE7B 138 ??$?RV<lambda_cbab9ec6f41b0180b23cc171c22676b0>@@AAV<lambda_44731a7d0e6d81c3e6aa82d741081786>@@V<lambda_4b292cb8dd18144e164572427af410ab>@@@?$__crt_seh_guarded_call@P6AXH@Z@@QAEP6AXH@Z$$QAV<lambda_cbab9ec6f41b0180b23cc171c22676b0>@@AAV<lambda_44731a7d0e6d81c3e6aa82d741081786>@@$$QAV<lambda_4b292cb8dd18144e164572427af410ab>@@@Z
AEE3 138 ?get_global_action_nolock@@YAPAP6AXH@ZH@Z
AF25 138 ?siglookup@@YAPAU__crt_signal_action_t@@HQAU1@@Z
AF4D 138 ___acrt_get_sigabrt_handler
AF74 138 ___acrt_initialize_signal_handlers
AF92 138 _raise
B184 112 ___acrt_has_user_matherr
B1A1 112 ___acrt_initialize_user_matherr
B1B0 112 ___acrt_invoke_user_matherr
B1E6 72 ??$?RV<lambda_2866be3712abc81a800a822484c830d8>@@AAV<lambda_39ca0ed439415581b5b15c265174cece>@@V<lambda_2b24c74d71094a6cd0cb82e44167d71b>@@@?$__crt_seh_guarded_call@X@@QAEX$$QAV<lambda_2866be3712abc81a800a822484c830d8>@@AAV<lambda_39ca0ed439415581b5b15c265174cece>@@$$QAV<lambda_2b24c74d71094a6cd0cb82e44167d71b>@@@Z
B272 72 ??$?RV<lambda_2cc53f568c5a2bb6f192f930a45d44ea>@@AAV<lambda_ab61a845afdef5b7c387490eaf3616ee>@@V<lambda_c2ffc0b7726aa6be21d5f0026187e748>@@@?$__crt_seh_guarded_call@X@@QAEX$$QAV<lambda_2cc53f568c5a2bb6f192f930a45d44ea>@@AAV<lambda_ab61a845afdef5b7c387490eaf3616ee>@@$$QAV<lambda_c2ffc0b7726aa6be21d5f0026187e748>@@@Z
B31E 72 ?common_flush_all@@YAH_N@Z
B36B 72 ?common_flush_all_should_try_to_flush_stream@@YA_NV__crt_stdio_stream@@QAH@Z
B39C 72 ?is_stream_flushable_or_commitable@@YA_NJ@Z
B3BF 72 ___acrt_stdio_flush_nolock
B428 72 __fflush_nolock
B48D 72 __flushall
B496 47 ___acrt_initialize_stdio
B55E 47 ___acrt_uninitialize_stdio
B5AA 47 __lock_file
B5BE 47 __unlock_file
B5D2 103 ___acrt_update_locale_info
B5FF 103 ___acrt_update_locale_info_explicit
B630 103 ___acrt_update_multibyte_info
B65D 103 ___acrt_update_multibyte_info_explicit
B68E 118 __mbtowc_internal
B7C1 73 __fileno
B7E8 102 ___acrt_add_locale_ref
B865 102 ___acrt_free_locale
B9AD 102 ___acrt_locale_add_lc_time_reference
B9D6 102 ___acrt_locale_free_lc_time_if_unreferenced
BA07 102 ___acrt_locale_release_lc_time_reference
BA30 102 ___acrt_release_locale_ref
BAB1 102 ___acrt_update_thread_locale_data
BB32 102 __updatetlocinfoEx_nolock
BB82 90 ___acrt_locale_free_monetary
BC80 91 ___acrt_locale_free_numeric
BCE9 93 ?free_crt_array_internal@@YAXQAPBXI@Z
BD0E 93 ___acrt_locale_free_time
BDF2 84 ___acrt_GetStringTypeA
BEF3 84 __freea_crt
BF13 123 __query_new_mode
BF20 132 _qsort
C40E 145 ??$common_tcsncpy_s@D@@YAHQADIQBDI@Z
C4C5 145 _strncpy_s
C4D0 146 _strpbrk
C510 117 __mbsdec
C527 117 __mbsdec_l
C5B4 99 ?__acrt_LCMapStringA_stat@@YAHPAU__crt_locale_pointers@@PB_WKPBDHPADHHH@Z
C7A3 99 ___acrt_LCMapStringA
C7EC 120 ?initialize_multibyte@@YAHXZ
C7FB 119 __msize_base
C82E 134 __realloc_base
C897 98 ?GetTableIndexFromLocaleName@@YAHPB_W@Z
C8E7 98 ___acrt_DownlevelLocaleNameToLCID
C913 126 ___acrt_lowio_create_handle_array
C98E 126 ___acrt_lowio_destroy_handle_array
C9C3 126 ___acrt_lowio_ensure_fh_exists
CA61 126 ___acrt_lowio_lock_fh
CA84 126 ___acrt_lowio_unlock_fh
CAA7 126 __free_osfhnd
CB38 126 __get_osfhandle
CBA2 61 ??$?RV<lambda_9e9de3de5fa147e2223d7db92bc10aa6>@@AAV<lambda_38ce7e780aa69e748d6df282ebc68efe>@@V<lambda_8ca6da459f0f6780f1cff60fdc3d00e5>@@@?$__crt_seh_guarded_call@H@@QAEH$$QAV<lambda_9e9de3de5fa147e2223d7db92bc10aa6>@@AAV<lambda_38ce7e780aa69e748d6df282ebc68efe>@@$$QAV<lambda_8ca6da459f0f6780f1cff60fdc3d00e5>@@@Z
CC44 61 __commit
CCC1 154 ?write_double_translated_ansi_nolock@@YA?AUwrite_result@?A0x17268360@@HQBDIAAV__crt_cached_ptd_host@@@Z
D088 154 ?write_double_translated_unicode_nolock@@YA?AUwrite_result@?A0x17268360@@QBDI@Z
D0F0 154 ?write_requires_double_translation_nolock@@YA_NHAAV__crt_cached_ptd_host@@@Z
D16D 154 ?write_text_ansi_nolock@@YA?AUwrite_result@?A0x17268360@@HQBDI@Z
D248 154 ?write_text_utf16le_nolock@@YA?AUwrite_result@?A0x17268360@@HQBDI@Z
D331 154 ?write_text_utf8_nolock@@YA?AUwrite_result@?A0x17268360@@HQBDI@Z
D463 154 __write_internal
D574 154 __write_nolock
D790 60 __fcloseall
D83B 48 ___acrt_stdio_free_buffer_nolock
D87B 96 __isatty
D8D1 71 _fegetround
D8DE 116 ??R<lambda_e96123212306c92459f955e8e4eac55d>@@QBEIPBD@Z
D90A 116 ?__mbrtowc_utf8@__crt_mbstring@@YAIPA_WPBDIPAU_Mbstatet@@AAV__crt_cached_ptd_host@@@Z
D94D 116 ?__mbsrtowcs_utf8@__crt_mbstring@@YAIPA_WPAPBDIPAU_Mbstatet@@AAV__crt_cached_ptd_host@@@Z
DA55 150 ___ascii_wcsnicmp
DAA4 144 ___strncnt
DAC0 136 __query_app_type
DAC6 109 ??$common_lseek_nolock@_J@@YA_JH_JHAAV__crt_cached_ptd_host@@@Z
DB49 109 __lseeki64_nolock_internal
DB67 131 __putwch_nolock
DB99 70 ?_fclose_internal@@YAHQAU_iobuf@@AAV__crt_cached_ptd_host@@@Z
DC30 70 ?_fclose_nolock_internal@@YAHQAU_iobuf@@AAV__crt_cached_ptd_host@@@Z
DCBE 70 _fclose
DCF0 106 __CIlog10
DD2B 106 __CIlog10_default
DD3F 106 __log10_default
DE00 58 _ceil
DE40 58 __ceil_pentium4
DF1D 46 ?to_abstract_control@@YA?AW4__acrt_fenv_abstract_control@@W4__acrt_fenv_machine_sse_control@@@Z
DFCD 46 ?to_abstract_control@@YA?AW4__acrt_fenv_abstract_control@@W4__acrt_fenv_machine_x87_control@@@Z
E07A 46 ___acrt_fenv_get_common_round_control
E09C 46 ___acrt_fenv_get_control
E11C 63 ?reset_and_return@__crt_mbstring@@YAIIPAU_Mbstatet@@@Z
E130 63 ?return_illegal_sequence@__crt_mbstring@@YAIPAU_Mbstatet@@AAV__crt_cached_ptd_host@@@Z
E152 115 ?__mbrtoc32_utf8@__crt_mbstring@@YAIPA_UPBDIPAU_Mbstatet@@AAV__crt_cached_ptd_host@@@Z
E310 50 ___ascii_strnicmp
E371 88 ?__dcrt_lowio_initialize_console_output@@YAXXZ
E390 88 ___dcrt_lowio_ensure_console_output_initialized
E3AF 88 ___dcrt_terminate_console_output
E3C6 88 ___dcrt_write_console
E41B 59 ??$?RV<lambda_d422a76eb4c3bf3ad751449ab71a6ea4>@@AAV<lambda_c9ba49e555ba839a7b07aa3fbecb7617>@@V<lambda_9476263c8ee91a25d21c55370bdb50de>@@@?$__crt_seh_guarded_call@H@@QAEH$$QAV<lambda_d422a76eb4c3bf3ad751449ab71a6ea4>@@AAV<lambda_c9ba49e555ba839a7b07aa3fbecb7617>@@$$QAV<lambda_9476263c8ee91a25d21c55370bdb50de>@@@Z
E4AC 59 __close_internal
E54F 59 __close_nolock_internal
E5EF 142 ?__acrt_stdio_free_stream@@YAXV__crt_stdio_stream@@@Z
E62A 113 ___acrt_initialize_sse2
E640 107 __CIlog10_pentium4
E658 107 __log10_pentium4
E8D0 45 $$000000
E8F0 45 __fFEXP
E947 45 __rtinfpopse
E949 45 __rtinfnpopse
E959 45 __fFLN
EA0E 45 __rtinfpop
EA10 45 __rtinfnpop
EA20 45 __rtforexpinf
EA2D 45 __ffexpm1
EAE0 43 __trandisp1
EB55 43 __trandisp2
EBEF 43 __rttospopde
EBF4 43 __rttospop
EC00 43 __rtnospop
EC10 43 __rttosnpop
EC11 43 __rtnospopde
EC18 43 __rtzeropop
EC1A 43 __rtzeronpop
EC20 43 __rtzerospop
EC2D 43 __rtonepop
EC30 43 __rtonenpop
EC40 43 __tosnan1
EC70 43 __nosnan2
EC80 43 __tosnan2
ECB0 43 __nan2
ECF0 43 __rtindfpop
ECF2 43 __rtindfnpop
ED03 43 __rttosnpopde
ED10 43 __rtatan2inf
ED2D 43 __rtchsifneg
ED40 62 __twoToTOS
ED55 62 __load_CW
ED6C 62 __convertTOStoQNaN
ED85 62 __fload_withFB
EDC8 62 __checkTOS_withFB
EDDE 62 __fast_exit
EDEB 62 __math_exit
EE15 62 __check_overflow_exit
EE29 62 __check_range_exit
EED0 80 __startTwoArgErrorHandling
EEE7 80 __startOneArgErrorHandling
EF23 100 ___libm_error_support
F117 57 __ceil_default
F1D5 75 __clrfp
F1E6 75 __ctrlfp
F210 75 __set_statfp
F269 75 __statfp
F279 130 __d_inttype
F2E1 130 __powhlp
F40C 44 __87except
F51C 79 __frnd
F530 76 __errcode
F564 76 __except1
F632 76 __handle_exc
F8B2 76 __raise_exc
F8D5 76 __raise_exc_ex
FBC6 76 __set_errno_from_matherr
FBF7 76 __umatherr
FC97 148 __decomp
FD69 148 __set_exp
FD96 148 __sptype
FDF9 87 __fpclass
FE9D 9 @_guard_check_icall@4
FEB0 31 __FindPESection
FF00 31 __IsNonwritableInCurrentImage
FFC0 31 __ValidateImageBase
FFF1 19 __EH_epilog3
10005 19 __EH_prolog3
10038 19 __EH_prolog3_catch
10070 7 __alloca_probe_16
10086 7 __alloca_probe_8
100A0 10 __alloca_probe
100B4 10 cs10
100C2 10 cs20
100D0 40 __filter_x86_sse2_floating_point_exception
10150 5 __ehhandler$??1PluginSettings@@QAE@XZ
10170 5 __ehhandler$_ConfigureW@4
101A0 5 __unwindfunclet$?GetPluginConfig@@YAXXZ$0
101AD 5 __ehhandler$?GetPluginConfig@@YAXXZ
101D4 161 __ehhandler$?CallUnexpected@@YAXPBU_s_ESTypeList@@@Z
101F1 69 __ehhandler$?common_exit@@YAXHW4_crt_exit_cleanup_mode@@W4_crt_exit_return_mode@@@Z
1020E 69 __ehhandler$?try_cor_exit_process@@YAXI@Z
1022B 66 __ehhandler$___dcrt_uninitialize_environments_nolock
10248 125 __ehhandler$__execute_onexit_table
10265 154 __ehhandler$?write_double_translated_ansi_nolock@@YA?AUwrite_result@?A0x17268360@@HQBDIAAV__crt_cached_ptd_host@@@Z
11000 41 __imp__GetFullPathNameW@16
11004 41 __imp__lstrlenW@4
11008 41 __imp__WriteFile@20
1100C 41 __imp__lstrcpynW@12
11010 41 __imp__ExpandEnvironmentStringsW@12
11014 41 __imp__CreateFileW@28
11018 41 __imp__GetFileAttributesW@4
1101C 41 __imp__lstrcatW@8
11020 41 __imp__DeleteFileW@4
11024 41 __imp__CloseHandle@4
11028 41 __imp__lstrcpyW@8
1102C 41 __imp__CompareStringW@24
11030 41 __imp__TlsSetValue@8
11034 41 __imp__SetLastError@4
11038 41 __imp__GetModuleFileNameW@12
1103C 41 __imp__InitializeCriticalSection@4
11040 41 __imp__GetCurrentThread@0
11044 41 __imp__TlsAlloc@0
11048 41 __imp__LoadLibraryW@4
1104C 41 __imp__GetProcAddress@8
11050 41 __imp__LCMapStringW@24
11054 41 __imp__GetModuleHandleW@4
11058 41 __imp__TlsGetValue@4
1105C 41 __imp__GetThreadTimes@20
11060 41 __imp__TlsFree@4
11064 41 __imp__lstrcmpW@8
11068 41 __imp__VirtualQuery@12
1106C 41 __imp__UnhandledExceptionFilter@4
11070 41 __imp__SetUnhandledExceptionFilter@4
11074 41 __imp__GetCurrentProcess@0
11078 41 __imp__TerminateProcess@8
1107C 41 __imp__IsProcessorFeaturePresent@4
11080 41 __imp__QueryPerformanceCounter@4
11084 41 __imp__GetCurrentProcessId@0
11088 41 __imp__GetCurrentThreadId@0
1108C 41 __imp__GetSystemTimeAsFileTime@4
11090 41 __imp__IsDebuggerPresent@0
11094 41 __imp__GetStartupInfoW@4
11098 41 __imp__RtlUnwind@16
1109C 41 __imp__RaiseException@16
110A0 41 __imp__GetLastError@0
110A4 41 __imp__EnterCriticalSection@4
110A8 41 __imp__LeaveCriticalSection@4
110AC 41 __imp__DeleteCriticalSection@4
110B0 41 __imp__InitializeCriticalSectionAndSpinCount@8
110B4 41 __imp__FreeLibrary@4
110B8 41 __imp__LoadLibraryExW@12
110BC 41 __imp__ExitProcess@4
110C0 41 __imp__HeapAlloc@12
110C4 41 __imp__HeapFree@12
110C8 41 __imp__FindClose@4
110CC 41 __imp__FindFirstFileExW@24
110D0 41 __imp__FindNextFileW@8
110D4 41 __imp__IsValidCodePage@4
110D8 41 __imp__GetACP@0
110DC 41 __imp__GetOEMCP@0
110E0 41 __imp__GetCPInfo@8
110E4 41 __imp__GetCommandLineA@0
110E8 41 __imp__GetCommandLineW@0
110EC 41 __imp__MultiByteToWideChar@24
110F0 41 __imp__WideCharToMultiByte@32
110F4 41 __imp__GetEnvironmentStringsW@0
110F8 41 __imp__FreeEnvironmentStringsW@4
110FC 41 __imp__GetProcessHeap@0
11100 41 __imp__GetStdHandle@4
11104 41 __imp__GetFileType@4
11108 41 __imp__GetStringTypeW@16
1110C 41 __imp__HeapSize@12
11110 41 __imp__HeapReAlloc@16
11114 41 __imp__SetStdHandle@8
11118 41 __imp__FlushFileBuffers@4
1111C 41 __imp__GetConsoleOutputCP@0
11120 41 __imp__GetConsoleMode@8
11124 41 __imp__SetFilePointerEx@20
11128 41 __imp__WriteConsoleW@20
1112C 41 \177KERNEL32_NULL_THUNK_DATA
11130 178 __imp__UuidFromStringW@8
11134 178 \177RPCRT4_NULL_THUNK_DATA
11138 25 ___guard_check_icall_fptr
1113C 25 ___castguard_check_failure_os_handled_fptr
11140 26 ___xc_a
11144 26 ___xc_z
11148 26 ___xi_a
1114C 120 ___acrt_multibyte_initializer
11150 140 ___acrt_stdio_initializer
11154 139 ___acrt_tran_sse2_initializer
11158 26 ___xi_z
1115C 26 ___xp_a
11160 101 ___acrt_locale_terminator
11164 64 ___dcrt_console_output_terminator
11168 140 ___acrt_stdio_terminator
1116C 26 ___xp_z
11170 26 ___xt_a
11174 26 ___xt_z
11180 179 __imp__EncodePointer@4
11188 179 __imp__DecodePointer@4
11190 179 __imp__GetModuleHandleExW@12
11198 179 __imp__InitializeSListHead@4
111A0 179 __imp__InterlockedFlushSList@4
111A8 179 __imp__InterlockedPushEntrySList@8
111B0 179 __imp__GetNumaHighestNodeNumber@4
111B8 179 __imp__GetLogicalProcessorInformation@8
111C0 179 __imp__SetThreadStackGuarantee@4
111C8 179 __imp__FlsAlloc@4
111D0 179 __imp__FlsGetValue@4
111D8 179 __imp__FlsSetValue@8
111E0 179 __imp__FlsFree@4
111E8 179 __imp__InitializeCriticalSectionEx@12
111F0 179 __imp__CompareStringEx@36
111F8 179 __imp__LCMapStringEx@36
11200 179 __imp__AcquireSRWLockExclusive@4
11208 179 __imp__ReleaseSRWLockExclusive@4
11210 179 __imp__SleepConditionVariableSRW@16
11218 179 __imp__WakeAllConditionVariable@4
11220 179 __imp__TryAcquireSRWLockExclusive@4
11228 179 __imp__InitializeSRWLock@4
11234 42 ??_7exception@std@@6B@
11240 42 ??_7bad_alloc@std@@6B@
11248 42 ??_C@_0P@GHFPNOJB@bad?5allocation@
1125C 42 ??_7logic_error@std@@6B@
11268 42 ??_7length_error@std@@6B@
11270 23 _GS_ExceptionPointers
1127C 34 ??_7type_info@@6B@
11280 16 __pDefaultRawDllMain
11288 35 ??_7bad_array_new_length@std@@6B@
11290 176 __xmm@00000000000000000000000000000000
112A0 157 __pDestructExceptionObject
112A8 161 ??_7bad_exception@std@@6B@
112B0 161 ??_C@_0O@DPKOEFFH@bad?5exception@
112C0 174 ?tokenTable@@3QBUStringLiteral@@B
11348 174 ?nameTable@@3QBUStringLiteral@@B
115E0 174 ?rttiTable@@3QBUStringLiteral@@B
11608 174 ?IndirectionName@@3QBUStringLiteral@@B
11638 174 ?PrefixName@@3QBUStringLiteral@@B
11648 174 ??_C@_08EHJDFFNH@__based?$CI@
11654 174 ??_C@_07KOLFKCDI@__cdecl@
1165C 174 ??_C@_08GHMPAG@__pascal@
11668 174 ??_C@_09IFJBGAPI@__stdcall@
11674 174 ??_C@_0L@NPHFGOKO@__thiscall@
11680 174 ??_C@_0L@JMKHOMEK@__fastcall@
1168C 174 ??_C@_0N@BCKKPABJ@__vectorcall@
1169C 174 ??_C@_09HIJEGCPM@__clrcall@
116A8 174 ??_C@_06GHPCKEAG@__eabi@
116B0 174 ??_C@_09IOPIDJLG@__swift_1@
116BC 174 ??_C@_09KFNFGKHF@__swift_2@
116C8 174 ??_C@_09LMMOFLDE@__swift_3@
116D4 174 ??_C@_07JOMMBBKO@__ptr64@
116DC 174 ??_C@_0L@PILCLIHE@__restrict@
116E8 174 ??_C@_0M@GFIIJFMG@__unaligned@
116F4 174 ??_C@_09DHDLOLLB@restrict?$CI@
116FE 174 ??_C@_00CNPNBAHC@@
11700 174 ??_C@_04NIHEBCM@?5new@
11708 174 ??_C@_07FPCDHGMM@?5delete@
11710 174 ??_C@_01NEMOKFLO@?$DN@
11714 174 ??_C@_02GPIOPFAK@?$DO?$DO@
11718 174 ??_C@_02FODMEDOG@?$DM?$DM@
1171C 174 ??_C@_01DCLJPIOD@?$CB@
11720 174 ??_C@_02EGOFBIJA@?$DN?$DN@
11724 174 ??_C@_02FDNJECIE@?$CB?$DN@
11728 174 ??_C@_02GPECMEKF@?$FL?$FN@
1172C 174 ??_C@_08LHJFAFGD@operator@
11738 174 ??_C@_02HBOOOICD@?9?$DO@
1173C 174 ??_C@_01NBENCBCI@?$CK@
11740 174 ??_C@_02ECNGHCIF@?$CL?$CL@
11744 174 ??_C@_02BAABKJLB@?9?9@
11748 174 ??_C@_01JOAMLHOP@?9@
1174C 174 ??_C@_01MIFGBAGJ@?$CL@
11750 174 ??_C@_01HNPIGOCE@?$CG@
11754 174 ??_C@_03MNHNFDLC@?9?$DO?$CK@
11758 174 ??_C@_01KMDKNFGN@?1@
1175C 174 ??_C@_01FGNFDNOH@?$CF@
11760 174 ??_C@_01MNNFJEPP@?$DM@
11764 174 ??_C@_02EHCHHCKH@?$DM?$DN@
11768 174 ??_C@_01PPODPGHN@?$DO@
1176C 174 ??_C@_02EEKDKGMJ@?$DO?$DN@
11770 174 ??_C@_01IHBHIGKO@?0@
11774 174 ??_C@_02HCKGKOFO@?$CI?$CJ@
11778 174 ??_C@_01PJKLJHI@?$HO@
1177C 174 ??_C@_01JKBOJNNK@?$FO@
11780 174 ??_C@_01DNKMNLPK@?$HM@
11784 174 ??_C@_02PPKAJPJL@?$CG?$CG@
11788 174 ??_C@_02NONPIBCD@?$HM?$HM@
1178C 174 ??_C@_02FPIMKNGF@?$CK?$DN@
11790 174 ??_C@_02FOEOMHFC@?$CL?$DN@
11794 174 ??_C@_02FKMDLLOA@?9?$DN@
11798 174 ??_C@_02FJEHGPIO@?1?$DN@
1179C 174 ??_C@_02FENAOKFI@?$CF?$DN@
117A0 174 ??_C@_03IKFCCPFF@?$DO?$DO?$DN@
117A4 174 ??_C@_03CDNPDDLA@?$DM?$DM?$DN@
117A8 174 ??_C@_02FGJGFEAB@?$CG?$DN@
117AC 174 ??_C@_02DHLNPPGH@?$HM?$DN@
117B0 174 ??_C@_02MHEGNOJ@?$FO?$DN@
117B4 174 ??_C@_09IFPLHPGF@?$GAvftable?8@
117C0 174 ??_C@_09BLBHBJP@?$GAvbtable?8@
117CC 174 ??_C@_07FEEIOKP@?$GAvcall?8@
117D4 174 ??_C@_08LLFFHHDJ@?$GAtypeof?8@
117E0 174 ??_C@_0BF@KDPPACIK@?$GAlocal?5static?5guard?8@
117F8 174 ??_C@_08OBABFOLI@?$GAstring?8@
11804 174 ??_C@_0BD@JDLKDPAB@?$GAvbase?5destructor?8@
11818 174 ??_C@_0BN@DEGPLNFK@?$GAvector?5deleting?5destructor?8@
11838 174 ??_C@_0BO@OBMKPJIG@?$GAdefault?5constructor?5closure?8@
11858 174 ??_C@_0BN@IMDCHIKM@?$GAscalar?5deleting?5destructor?8@
11878 174 ??_C@_0BO@PFGOCPJJ@?$GAvector?5constructor?5iterator?8@
11898 174 ??_C@_0BN@LFPFMEDL@?$GAvector?5destructor?5iterator?8@
118B8 174 ??_C@_0CE@IKBNEHA@?$GAvector?5vbase?5constructor?5itera@
118DC 174 ??_C@_0BL@NILFHHPC@?$GAvirtual?5displacement?5map?8@
118F8 174 ??_C@_0CB@JONCMFFK@?$GAeh?5vector?5constructor?5iterator@
1191C 174 ??_C@_0CA@GCEOPDGL@?$GAeh?5vector?5destructor?5iterator?8@
1193C 174 ??_C@_0CH@OOJPLCPH@?$GAeh?5vector?5vbase?5constructor?5it@
11964 174 ??_C@_0BL@LLKPOHJI@?$GAcopy?5constructor?5closure?8@
11980 174 ??_C@_0BA@KBCDOMBN@?$GAudt?5returning?8@
11990 174 ??_C@_03KLGMFNMG@?$GAEH@
11994 174 ??_C@_05KHLCHHI@?$GARTTI@
1199C 174 ??_C@_0BA@KKLDJDLB@?$GAlocal?5vftable?8@
119AC 174 ??_C@_0CE@IIHCMGGL@?$GAlocal?5vftable?5constructor?5clos@
119D0 174 ??_C@_06FHBGPFGH@?5new?$FL?$FN@
119D8 174 ??_C@_09LBNFPBCA@?5delete?$FL?$FN@
119E4 174 ??_C@_0P@HJKNJFNN@?$GAomni?5callsig?8@
119F4 174 ??_C@_0BL@CNOONJFP@?$GAplacement?5delete?5closure?8@
11A10 174 ??_C@_0BN@CKNJLHMB@?$GAplacement?5delete?$FL?$FN?5closure?8@
11A30 174 ??_C@_0CG@CFDHKGGD@?$GAmanaged?5vector?5constructor?5ite@
11A58 174 ??_C@_0CF@IMGKMJNO@?$GAmanaged?5vector?5destructor?5iter@
11A80 174 ??_C@_0CG@HLDDJMAG@?$GAeh?5vector?5copy?5constructor?5ite@
11AA8 174 ??_C@_0CM@FCBBDIGB@?$GAeh?5vector?5vbase?5copy?5construct@
11AD4 174 ??_C@_0BL@CLIPGLGB@?$GAdynamic?5initializer?5for?5?8@
11AF0 174 ??_C@_0CB@PDBIFEP@?$GAdynamic?5atexit?5destructor?5for?5@
11B14 174 ??_C@_0CD@CGAJBKEJ@?$GAvector?5copy?5constructor?5iterat@
11B38 174 ??_C@_0CJ@GJELGAMM@?$GAvector?5vbase?5copy?5constructor?5@
11B64 174 ??_C@_0CL@FGIJHLCE@?$GAmanaged?5vector?5copy?5constructo@
11B90 174 ??_C@_0BM@PMGGMLDN@?$GAlocal?5static?5thread?5guard?8@
11BAC 174 ??_C@_0N@BDNMDMOL@operator?5?$CC?$CC?5@
11BBC 174 ??_C@_0BC@GGEBGALA@operator?5co_await@
11BD0 174 ??_C@_0M@GAAIMMOH@operator?$DM?$DN?$DO@
11BDC 174 ??_C@_0BC@DAFEJGAK@?5Type?5Descriptor?8@
11BF0 174 ??_C@_0BM@LDKODKLH@?5Base?5Class?5Descriptor?5at?5?$CI@
11C0C 174 ??_C@_0BD@LGICGFMM@?5Base?5Class?5Array?8@
11C20 174 ??_C@_0BN@MECKDCOJ@?5Class?5Hierarchy?5Descriptor?8@
11C40 174 ??_C@_0BK@CFCOFLF@?5Complete?5Object?5Locator?8@
11C5C 174 ??_C@_0BG@JNJLAMPM@?$GAanonymous?5namespace?8@
11C74 177 ?module_names@?A0x14174aea@@3QBQB_WB
11C80 177 ??_C@_1DM@KHCHBNEB@?$AAa?$AAp?$AAi?$AA?9?$AAm?$AAs?$AA?9?$AAw?$AAi?$AAn?$AA?9?$AAc?$AAo?$AAr?$AAe@
11CBC 177 ??_C@_1DK@LPPGFMPP@?$AAa?$AAp?$AAi?$AA?9?$AAm?$AAs?$AA?9?$AAw?$AAi?$AAn?$AA?9?$AAc?$AAo?$AAr?$AAe@
11CF8 177 ??_C@_1BC@GDMECMAK@?$AAk?$AAe?$AAr?$AAn?$AAe?$AAl?$AA3?$AA2@
11D0C 177 ??_C@_1BA@PFFKHIOG@?$AAa?$AAp?$AAi?$AA?9?$AAm?$AAs?$AA?9@
11D1C 177 ?candidate_modules@?1??try_get_FlsAlloc@@YAP6GKP6GXPAX@Z@ZXZ@4QBW4module_id@?A0x14174aea@@B
11D24 177 ??_C@_08KNHFBNJ@FlsAlloc@
11D30 177 ?candidate_modules@?1??try_get_FlsFree@@YAP6GHK@ZXZ@4QBW4module_id@?A0x14174aea@@B
11D38 177 ??_C@_07PEJMOBNF@FlsFree@
11D40 177 ?candidate_modules@?1??try_get_FlsGetValue@@YAP6GPAXK@ZXZ@4QBW4module_id@?A0x14174aea@@B
11D48 177 ??_C@_0M@GDNOONDI@FlsGetValue@
11D54 177 ?candidate_modules@?1??try_get_FlsSetValue@@YAP6GHKPAX@ZXZ@4QBW4module_id@?A0x14174aea@@B
11D5C 177 ??_C@_0M@JCPCPOEF@FlsSetValue@
11D68 177 ?candidate_modules@?1??try_get_InitializeCriticalSectionEx@@YAP6GHPAU_RTL_CRITICAL_SECTION@@KK@ZXZ@4QBW4module_id@?A0x14174aea@@B
11D70 177 ??_C@_0BM@HCFOFFN@InitializeCriticalSectionEx@
11D90 68 ___acrt_exception_action_table
11E20 68 ___acrt_signal_action_table_count
11E24 68 ___acrt_signal_action_first_fpe_index
11E28 68 ___acrt_signal_action_fpe_count
11E2C 69 ??_C@_1BI@BGOHAHKC@?$AAm?$AAs?$AAc?$AAo?$AAr?$AAe?$AAe?$AA?4?$AAd?$AAl?$AAl@
11E44 69 ??_C@_0P@MIGLKIOC@CorExitProcess@
11E58 89 ___acrt_initializers
11ED8 124 ___lc_time_c
1203C 124 ??_C@_03KOEHGMDN@Sun@
12040 124 ??_C@_03PDAGKDH@Mon@
12044 124 ??_C@_03NAGEINEP@Tue@
12048 124 ??_C@_03MHOMLAJA@Wed@
1204C 124 ??_C@_03IOFIKPDN@Thu@
12050 124 ??_C@_03IDIOELNC@Fri@
12054 124 ??_C@_03FEFJNEK@Sat@
12058 124 ??_C@_06OOPIFAJ@Sunday@
12060 124 ??_C@_06JLEDEDGH@Monday@
12068 124 ??_C@_07BAAGCFCM@Tuesday@
12070 124 ??_C@_09DLIGFAKA@Wednesday@
1207C 124 ??_C@_08HACCIKIA@Thursday@
12088 124 ??_C@_06JECMNKMI@Friday@
12090 124 ??_C@_08INBOOONO@Saturday@
1209C 124 ??_C@_03JIHJHPIE@Jan@
120A0 124 ??_C@_03HJBDCHOM@Feb@
120A4 124 ??_C@_03ODNJBKGA@Mar@
120A8 124 ??_C@_03LEOLGMJP@Apr@
120AC 124 ??_C@_03CNMDKL@May@
120B0 124 ??_C@_03IDFGHECI@Jun@
120B4 124 ??_C@_03LBGABGKK@Jul@
120B8 124 ??_C@_03IFJFEIGA@Aug@
120BC 124 ??_C@_03GGCAPAJC@Sep@
120C0 124 ??_C@_03BMAOKBAD@Oct@
120C4 124 ??_C@_03JPJOFNIA@Nov@
120C8 124 ??_C@_03MKABNOCG@Dec@
120CC 124 ??_C@_07CGJPFGJA@January@
120D4 124 ??_C@_08GNJGEPFN@February@
120E0 124 ??_C@_05HPCKOFNC@March@
120E8 124 ??_C@_05DMJDNLEJ@April@
120F0 124 ??_C@_04CNLMGBGM@June@
120F8 124 ??_C@_04MIEPOIFP@July@
12100 124 ??_C@_06LBBHFDDG@August@
12108 124 ??_C@_09BHHEALKD@September@
12114 124 ??_C@_07JJNFCEND@October@
1211C 124 ??_C@_08HCHEGEOA@November@
12128 124 ??_C@_08EDHMEBNP@December@
12134 124 ??_C@_02DEDBPAFC@AM@
12138 124 ??_C@_02CJNFDJBF@PM@
1213C 124 ??_C@_08BPBNCDIB@MM?1dd?1yy@
12148 124 ??_C@_0BE@CKGJFCPC@dddd?0?5MMMM?5dd?0?5yyyy@
1215C 124 ??_C@_08JCCMCCIL@HH?3mm?3ss@
12168 124 ??_C@_17MBGCMIPB@?$AAS?$AAu?$AAn@
12170 124 ??_C@_17KBOMKBF@?$AAM?$AAo?$AAn@
12178 124 ??_C@_17BMKGEGOJ@?$AAT?$AAu?$AAe@
12180 124 ??_C@_17CJEDCEPE@?$AAW?$AAe?$AAd@
12188 124 ??_C@_17PDPHAADD@?$AAT?$AAh?$AAu@
12190 124 ??_C@_17HFOLPPLP@?$AAF?$AAr?$AAi@
12198 124 ??_C@_17GGIBDPIH@?$AAS?$AAa?$AAt@
121A0 124 ??_C@_1O@IHNHDHPB@?$AAS?$AAu?$AAn?$AAd?$AAa?$AAy@
121B0 124 ??_C@_1O@MMNBFLIA@?$AAM?$AAo?$AAn?$AAd?$AAa?$AAy@
121C0 124 ??_C@_1BA@ENFBFFEK@?$AAT?$AAu?$AAe?$AAs?$AAd?$AAa?$AAy@
121D0 124 ??_C@_1BE@EBOGMDOH@?$AAW?$AAe?$AAd?$AAn?$AAe?$AAs?$AAd?$AAa?$AAy@
121E4 124 ??_C@_1BC@HHMNLIHE@?$AAT?$AAh?$AAu?$AAr?$AAs?$AAd?$AAa?$AAy@
121F8 124 ??_C@_1O@PDICJHAG@?$AAF?$AAr?$AAi?$AAd?$AAa?$AAy@
12208 124 ??_C@_1BC@ENMNNPAJ@?$AAS?$AAa?$AAt?$AAu?$AAr?$AAd?$AAa?$AAy@
1221C 124 ??_C@_17DKNBKCHM@?$AAJ?$AAa?$AAn@
12224 124 ??_C@_17LMDJEKJN@?$AAF?$AAe?$AAb@
1222C 124 ??_C@_17CKNLEDEC@?$AAM?$AAa?$AAr@
12234 124 ??_C@_17LFPOIHDD@?$AAA?$AAp?$AAr@
1223C 124 ??_C@_17PNNKMEED@?$AAM?$AAa?$AAy@
12244 124 ??_C@_17KCJGOCPB@?$AAJ?$AAu?$AAn@
1224C 124 ??_C@_17IJPCKHK@?$AAJ?$AAu?$AAl@
12254 124 ??_C@_17ICPELBCN@?$AAA?$AAu?$AAg@
1225C 124 ??_C@_17HCHCOKMG@?$AAS?$AAe?$AAp@
12264 124 ??_C@_17FNLKOI@?$AAO?$AAc?$AAt@
1226C 124 ??_C@_17BBDMLCIG@?$AAN?$AAo?$AAv@
12274 124 ??_C@_17EGKACKIF@?$AAD?$AAe?$AAc@
1227C 124 ??_C@_1BA@EFMEIEBA@?$AAJ?$AAa?$AAn?$AAu?$AAa?$AAr?$AAy@
1228C 124 ??_C@_1BC@JGDDFFAM@?$AAF?$AAe?$AAb?$AAr?$AAu?$AAa?$AAr?$AAy@
122A0 124 ??_C@_1M@IKEENEDF@?$AAM?$AAa?$AAr?$AAc?$AAh@
122AC 124 ??_C@_1M@GJNLMHFD@?$AAA?$AAp?$AAr?$AAi?$AAl@
122B8 124 ??_C@_19EPFLPGAP@?$AAJ?$AAu?$AAn?$AAe@
122C4 124 ??_C@_19BIFMLPCD@?$AAJ?$AAu?$AAl?$AAy@
122D0 124 ??_C@_1O@PAHLKOAC@?$AAA?$AAu?$AAg?$AAu?$AAs?$AAt@
122E0 124 ??_C@_1BE@DKAAMBJL@?$AAS?$AAe?$AAp?$AAt?$AAe?$AAm?$AAb?$AAe?$AAr@
122F4 124 ??_C@_1BA@EPANDLNG@?$AAO?$AAc?$AAt?$AAo?$AAb?$AAe?$AAr@
12304 124 ??_C@_1BC@BGLIFPF@?$AAN?$AAo?$AAv?$AAe?$AAm?$AAb?$AAe?$AAr@
12318 124 ??_C@_1BC@FEMKIFH@?$AAD?$AAe?$AAc?$AAe?$AAm?$AAb?$AAe?$AAr@
1232C 124 ??_C@_15ODEHAHHF@?$AAA?$AAM@
12334 124 ??_C@_15CLMNNGEL@?$AAP?$AAM@
1233C 124 ??_C@_1BC@IEBCMHCM@?$AAM?$AAM?$AA?1?$AAd?$AAd?$AA?1?$AAy?$AAy@
12350 124 ??_C@_1CI@KNAKOEBC@?$AAd?$AAd?$AAd?$AAd?$AA?0?$AA?5?$AAM?$AAM?$AAM?$AAM?$AA?5?$AAd?$AAd?$AA?0?$AA?5@
12378 124 ??_C@_1BC@GDGBMEMK@?$AAH?$AAH?$AA?3?$AAm?$AAm?$AA?3?$AAs?$AAs@
1238C 124 ??_C@_1M@BMHNFIME@?$AAe?$AAn?$AA?9?$AAU?$AAS@
12398 67 ?errtable@@3QBUerrentry@?A0x31fdb9ec@@B
12500 114 ?_mb_locale_names@@3QBQB_WB
12510 114 ??_C@_1M@HPNHIDJI@?$AAj?$AAa?$AA?9?$AAJ?$AAP@
1251C 114 ??_C@_1M@BIBDDEMK@?$AAz?$AAh?$AA?9?$AAC?$AAN@
12528 114 ??_C@_1M@JLOOOEGK@?$AAk?$AAo?$AA?9?$AAK?$AAR@
12534 114 ??_C@_1M@CLNBBOPM@?$AAz?$AAh?$AA?9?$AAT?$AAW@
12540 153 ?module_names@?A0x391cf84c@@3QBQB_WB
12598 153 ??_C@_1EA@JGEFHKEI@?$AAa?$AAp?$AAi?$AA?9?$AAm?$AAs?$AA?9?$AAw?$AAi?$AAn?$AA?9?$AAc?$AAo?$AAr?$AAe@
125D8 153 ??_C@_1DI@KMEPCBPN@?$AAa?$AAp?$AAi?$AA?9?$AAm?$AAs?$AA?9?$AAw?$AAi?$AAn?$AA?9?$AAc?$AAo?$AAr?$AAe@
12610 153 ??_C@_1DI@IJCEHOCB@?$AAa?$AAp?$AAi?$AA?9?$AAm?$AAs?$AA?9?$AAw?$AAi?$AAn?$AA?9?$AAc?$AAo?$AAr?$AAe@
12648 153 ??_C@_1EI@MPIAOHOC@?$AAa?$AAp?$AAi?$AA?9?$AAm?$AAs?$AA?9?$AAw?$AAi?$AAn?$AA?9?$AAc?$AAo?$AAr?$AAe@
12690 153 ??_C@_1FK@FPHCKFIE@?$AAa?$AAp?$AAi?$AA?9?$AAm?$AAs?$AA?9?$AAw?$AAi?$AAn?$AA?9?$AAc?$AAo?$AAr?$AAe@
126F0 153 ??_C@_1EM@DILCGIIO@?$AAa?$AAp?$AAi?$AA?9?$AAm?$AAs?$AA?9?$AAw?$AAi?$AAn?$AA?9?$AAc?$AAo?$AAr?$AAe@
1273C 153 ??_C@_1DM@LNCGDDPN@?$AAa?$AAp?$AAi?$AA?9?$AAm?$AAs?$AA?9?$AAw?$AAi?$AAn?$AA?9?$AAc?$AAo?$AAr?$AAe@
12778 153 ??_C@_1DO@FPAPJEMD@?$AAa?$AAp?$AAi?$AA?9?$AAm?$AAs?$AA?9?$AAw?$AAi?$AAn?$AA?9?$AAc?$AAo?$AAr?$AAe@
127B8 153 ??_C@_1DK@NDHNAHIO@?$AAa?$AAp?$AAi?$AA?9?$AAm?$AAs?$AA?9?$AAw?$AAi?$AAn?$AA?9?$AAc?$AAo?$AAr?$AAe@
127F4 153 ??_C@_1DM@KGHDGBCM@?$AAa?$AAp?$AAi?$AA?9?$AAm?$AAs?$AA?9?$AAw?$AAi?$AAn?$AA?9?$AAc?$AAo?$AAr?$AAe@
12830 153 ??_C@_1EO@IJIOEFOH@?$AAa?$AAp?$AAi?$AA?9?$AAm?$AAs?$AA?9?$AAw?$AAi?$AAn?$AA?9?$AAr?$AAt?$AAc?$AAo@
12880 153 ??_C@_1FG@HHGEKANL@?$AAa?$AAp?$AAi?$AA?9?$AAm?$AAs?$AA?9?$AAw?$AAi?$AAn?$AA?9?$AAs?$AAe?$AAc?$AAu@
128D8 153 ??_C@_1EG@DBIOJECG@?$AAe?$AAx?$AAt?$AA?9?$AAm?$AAs?$AA?9?$AAw?$AAi?$AAn?$AA?9?$AAn?$AAt?$AAu?$AAs@
12920 153 ??_C@_1EO@FIHMJCLF@?$AAe?$AAx?$AAt?$AA?9?$AAm?$AAs?$AA?9?$AAw?$AAi?$AAn?$AA?9?$AAn?$AAt?$AAu?$AAs@
12970 153 ??_C@_1BC@DNHGCMLG@?$AAa?$AAd?$AAv?$AAa?$AAp?$AAi?$AA3?$AA2@
12984 153 ??_C@_1BG@CJPGBMEF@?$AAk?$AAe?$AAr?$AAn?$AAe?$AAl?$AAb?$AAa?$AAs?$AAe@
1299C 153 ??_C@_1M@OAIMIKLP@?$AAn?$AAt?$AAd?$AAl?$AAl@
129A8 153 ??_C@_1EG@DPGNFKGC@?$AAa?$AAp?$AAi?$AA?9?$AAm?$AAs?$AA?9?$AAw?$AAi?$AAn?$AA?9?$AAa?$AAp?$AAp?$AAm@
129F0 153 ??_C@_1O@BCCLBEOE@?$AAu?$AAs?$AAe?$AAr?$AA3?$AA2@
12A00 153 ??_C@_1DM@BPJLHKCE@?$AAa?$AAp?$AAi?$AA?9?$AAm?$AAs?$AA?9?$AAw?$AAi?$AAn?$AA?9?$AAc?$AAo?$AAr?$AAe@
12A3C 153 ??_C@_1BA@IAIFMGEF@?$AAe?$AAx?$AAt?$AA?9?$AAm?$AAs?$AA?9@
12A4C 153 ?candidate_modules@?1??try_get_AreFileApisANSI@@YAP6GHXZXZ@4QBW4module_id@?A0x391cf84c@@B
12A50 153 ??_C@_0BA@FHFNEAED@AreFileApisANSI@
12A60 153 ?candidate_modules@?1??try_get_InitializeCriticalSectionEx@@YAP6GHPAU_RTL_CRITICAL_SECTION@@KK@ZXZ@4QBW4module_id@?A0x391cf84c@@B
12A68 153 ?candidate_modules@?1??try_get_LCMapStringEx@@YAP6GHPB_WK0HPA_WHPAU_nlsversioninfo@@PAXJ@ZXZ@4QBW4module_id@?A0x391cf84c@@B
12A70 153 ??_C@_0O@KKBNKAPF@LCMapStringEx@
12A80 153 ?candidate_modules@?1??try_get_LocaleNameToLCID@@YAP6GKPB_WK@ZXZ@4QBW4module_id@?A0x391cf84c@@B
12A88 153 ??_C@_0BB@HBDEELFH@LocaleNameToLCID@
12A9C 153 ?candidate_modules@?1??try_get_AppPolicyGetProcessTerminationMethod@@YAP6GJPAXPAW4AppPolicyProcessTerminationMethod@@@ZXZ@4QBW4module_id@?A0x391cf84c@@B
12AA0 153 ??_C@_0CF@OJOFEIGO@AppPolicyGetProcessTerminationM@
12AC8 153 ?candidate_modules@?1??try_get_FlsAlloc@@YAP6GKP6GXPAX@Z@ZXZ@4QBW4module_id@?A0x391cf84c@@B
12AD0 153 ?candidate_modules@?1??try_get_FlsFree@@YAP6GHK@ZXZ@4QBW4module_id@?A0x391cf84c@@B
12AD8 153 ?candidate_modules@?1??try_get_FlsGetValue@@YAP6GPAXK@ZXZ@4QBW4module_id@?A0x391cf84c@@B
12AE0 153 ?candidate_modules@?1??try_get_FlsSetValue@@YAP6GHKPAX@ZXZ@4QBW4module_id@?A0x391cf84c@@B
12AE8 65 ___newctype
12DE8 65 ___newclmap
12F68 65 ___newcumap
130E8 82 ??_C@_15PJPFLCCM@?$AAu?$AAk@
130F0 98 ?LcidToLocaleNameTable@?A0x881e4c05@@3QBULcidToLocaleName@1@B
13810 98 ??_C@_15EMKDOKLE@?$AAa?$AAr@
13818 98 ??_C@_15KNPADPLH@?$AAb?$AAg@
13820 98 ??_C@_15EDMHLDMO@?$AAc?$AAa@
13828 98 ??_C@_1O@BPEAJADD@?$AAz?$AAh?$AA?9?$AAC?$AAH?$AAS@
13838 98 ??_C@_15LJNHCMNK@?$AAc?$AAs@
13840 98 ??_C@_15FOMCIDHG@?$AAd?$AAa@
13848 98 ??_C@_15NBKABECB@?$AAd?$AAe@
13850 98 ??_C@_15GHPEIIAO@?$AAe?$AAl@
13858 98 ??_C@_15MNPNEAIF@?$AAe?$AAn@
13860 98 ??_C@_15GPIOMPMH@?$AAe?$AAs@
13868 98 ??_C@_15NGLOAKJC@?$AAf?$AAi@
13870 98 ??_C@_15FBKGNKAM@?$AAf?$AAr@
13878 98 ??_C@_15KGGCNEFK@?$AAh?$AAe@
13880 98 ??_C@_15PGHLIDMF@?$AAh?$AAu@
13888 98 ??_C@_15BIEMAPLM@?$AAi?$AAs@
13890 98 ??_C@_15IFJLDHAF@?$AAi?$AAt@
13898 98 ??_C@_15GEMIOCAG@?$AAj?$AAa@
138A0 98 ??_C@_15EPELEGJA@?$AAk?$AAo@
138A8 98 ??_C@_15NDDHIMN@?$AAn?$AAl@
138B0 98 ??_C@_15BPIGNHCD@?$AAn?$AAo@
138B8 98 ??_C@_15DEOPBLCG@?$AAp?$AAl@
138C0 98 ??_C@_15KBECGEFG@?$AAp?$AAt@
138C8 98 ??_C@_15GLJCBFMD@?$AAr?$AAo@
138D0 98 ??_C@_15FEDGKCDI@?$AAr?$AAu@
138D8 98 ??_C@_15GLKMLLHM@?$AAh?$AAr@
138E0 98 ??_C@_15CPKMFBDB@?$AAs?$AAk@
138E8 98 ??_C@_15BAAIOGMK@?$AAs?$AAq@
138F0 98 ??_C@_15INNPNOHD@?$AAs?$AAv@
138F8 98 ??_C@_15CABMMOGH@?$AAt?$AAh@
13900 98 ??_C@_15BPLIHJJM@?$AAt?$AAr@
13908 98 ??_C@_15NEOEKKDJ@?$AAu?$AAr@
13910 98 ??_C@_15NFICGAJK@?$AAi?$AAd@
13918 98 ??_C@_15HPJPHDM@?$AAb?$AAe@
13920 98 ??_C@_15LCHLGJII@?$AAs?$AAl@
13928 98 ??_C@_15PCFJPHHO@?$AAe?$AAt@
13930 98 ??_C@_15HPFPGODN@?$AAl?$AAv@
13938 98 ??_C@_15NFFGKGLG@?$AAl?$AAt@
13940 98 ??_C@_15BDAKCCHN@?$AAf?$AAa@
13948 98 ??_C@_15NFGIAIAJ@?$AAv?$AAi@
13950 98 ??_C@_15LMKNDMHN@?$AAh?$AAy@
13958 98 ??_C@_15IJBHMCFL@?$AAa?$AAz@
13960 98 ??_C@_15EKOFJABL@?$AAe?$AAu@
13968 98 ??_C@_15BGHADCNK@?$AAm?$AAk@
13970 98 ??_C@_15JDNICKHM@?$AAa?$AAf@
13978 98 ??_C@_15KPJEDBKD@?$AAk?$AAa@
13980 98 ??_C@_15PDNFFFEO@?$AAf?$AAo@
13988 98 ??_C@_15OMLEGLOC@?$AAh?$AAi@
13990 98 ??_C@_15IDNNENKK@?$AAm?$AAs@
13998 98 ??_C@_15MACJNBMH@?$AAk?$AAk@
139A0 98 ??_C@_15DKDJEOND@?$AAk?$AAy@
139A8 98 ??_C@_15DFGDLJBG@?$AAs?$AAw@
139B0 98 ??_C@_15BBFAICNG@?$AAu?$AAz@
139B8 98 ??_C@_15DKNDCGEA@?$AAt?$AAt@
139C0 98 ??_C@_15MGIFMDPL@?$AAp?$AAa@
139C8 98 ??_C@_15HCNDBBA@?$AAg?$AAu@
139D0 98 ??_C@_15FNBEIBON@?$AAt?$AAa@
139D8 98 ??_C@_15NCHGBGLK@?$AAt?$AAe@
139E0 98 ??_C@_15PHPHCBPF@?$AAk?$AAn@
139E8 98 ??_C@_15DLGBCKMP@?$AAm?$AAr@
139F0 98 ??_C@_15EABBLBFF@?$AAs?$AAa@
139F8 98 ??_C@_15CBKOMCOI@?$AAm?$AAn@
13A00 98 ??_C@_15CKDMCJAF@?$AAg?$AAl@
13A08 98 ??_C@_17CNJFBPG@?$AAk?$AAo?$AAk@
13A10 98 ??_C@_17FFBJICPL@?$AAs?$AAy?$AAr@
13A18 98 ??_C@_17KPNDCPAF@?$AAd?$AAi?$AAv@
13A20 98 ??_C@_1M@OKAHONE@?$AAa?$AAr?$AA?9?$AAS?$AAA@
13A2C 98 ??_C@_1M@FFFIGIGK@?$AAb?$AAg?$AA?9?$AAB?$AAG@
13A38 98 ??_C@_1M@BJNKEDC@?$AAc?$AAa?$AA?9?$AAE?$AAS@
13A44 98 ??_C@_1M@IJJHFJHA@?$AAc?$AAs?$AA?9?$AAC?$AAZ@
13A50 98 ??_C@_1M@CLPEOBGI@?$AAd?$AAa?$AA?9?$AAD?$AAK@
13A5C 98 ??_C@_1M@MCMADGCB@?$AAd?$AAe?$AA?9?$AAD?$AAE@
13A68 98 ??_C@_1M@OOCKEMAM@?$AAe?$AAl?$AA?9?$AAG?$AAR@
13A74 98 ??_C@_1M@DDNJFGID@?$AAf?$AAi?$AA?9?$AAF?$AAI@
13A80 98 ??_C@_1M@GLIPPMAC@?$AAf?$AAr?$AA?9?$AAF?$AAR@
13A8C 98 ??_C@_1M@GFMCHPE@?$AAh?$AAe?$AA?9?$AAI?$AAL@
13A98 98 ??_C@_1M@MHLPGNKM@?$AAh?$AAu?$AA?9?$AAH?$AAU@
13AA4 98 ??_C@_1M@LPDDNNPN@?$AAi?$AAs?$AA?9?$AAI?$AAS@
13AB0 98 ??_C@_1M@MADIPODN@?$AAi?$AAt?$AA?9?$AAI?$AAT@
13ABC 98 ??_C@_1M@IHBJJGG@?$AAn?$AAl?$AA?9?$AAN?$AAL@
13AC8 98 ??_C@_1M@EANAGDL@?$AAn?$AAb?$AA?9?$AAN?$AAO@
13AD4 98 ??_C@_1M@NEIEMEGP@?$AAp?$AAl?$AA?9?$AAP?$AAL@
13AE0 98 ??_C@_1M@BOCFIGEP@?$AAp?$AAt?$AA?9?$AAB?$AAR@
13AEC 98 ??_C@_1M@IMPFOPBG@?$AAr?$AAo?$AA?9?$AAR?$AAO@
13AF8 98 ??_C@_1M@IDNNEJMM@?$AAr?$AAu?$AA?9?$AAR?$AAU@
13B04 98 ??_C@_1M@LILEEOGM@?$AAh?$AAr?$AA?9?$AAH?$AAR@
13B10 98 ??_C@_1M@FKIFEHPB@?$AAs?$AAk?$AA?9?$AAS?$AAK@
13B1C 98 ??_C@_1M@LJMAMNPJ@?$AAs?$AAq?$AA?9?$AAA?$AAL@
13B28 98 ??_C@_1M@GIAKDKJK@?$AAs?$AAv?$AA?9?$AAS?$AAE@
13B34 98 ??_C@_1M@MKJKIKCL@?$AAt?$AAh?$AA?9?$AAT?$AAH@
13B40 98 ??_C@_1M@MFLCCMPB@?$AAt?$AAr?$AA?9?$AAT?$AAR@
13B4C 98 ??_C@_1M@OIJHDKJN@?$AAu?$AAr?$AA?9?$AAP?$AAK@
13B58 98 ??_C@_1M@LHIPCIEK@?$AAi?$AAd?$AA?9?$AAI?$AAD@
13B64 98 ??_C@_1M@MFMOBGI@?$AAu?$AAk?$AA?9?$AAU?$AAA@
13B70 98 ??_C@_1M@OBGLJIPL@?$AAb?$AAe?$AA?9?$AAB?$AAY@
13B7C 98 ??_C@_1M@BCFAJEAD@?$AAs?$AAl?$AA?9?$AAS?$AAI@
13B88 98 ??_C@_1M@FKFFEDDN@?$AAe?$AAt?$AA?9?$AAE?$AAE@
13B94 98 ??_C@_1M@KGKKAACI@?$AAl?$AAv?$AA?9?$AAL?$AAV@
13BA0 98 ??_C@_1M@IFGBIJO@?$AAl?$AAt?$AA?9?$AAL?$AAT@
13BAC 98 ??_C@_1M@FGEAHEDM@?$AAf?$AAa?$AA?9?$AAI?$AAR@
13BB8 98 ??_C@_1M@KBMAIBFN@?$AAv?$AAi?$AA?9?$AAV?$AAN@
13BC4 98 ??_C@_1M@GPCBKDJK@?$AAh?$AAy?$AA?9?$AAA?$AAM@
13BD0 98 ??_C@_1BG@BECMDDJB@?$AAa?$AAz?$AA?9?$AAA?$AAZ?$AA?9?$AAL?$AAa?$AAt?$AAn@
13BE8 98 ??_C@_1M@MAOFCAEA@?$AAe?$AAu?$AA?9?$AAE?$AAS@
13BF4 98 ??_C@_1M@IGHABKPI@?$AAm?$AAk?$AA?9?$AAM?$AAK@
13C00 98 ??_C@_1M@IAIGNEJG@?$AAt?$AAn?$AA?9?$AAZ?$AAA@
13C0C 98 ??_C@_1M@IIJCOJFA@?$AAx?$AAh?$AA?9?$AAZ?$AAA@
13C18 98 ??_C@_1M@LGPJHNJH@?$AAz?$AAu?$AA?9?$AAZ?$AAA@
13C24 98 ??_C@_1M@HOKAOIO@?$AAa?$AAf?$AA?9?$AAZ?$AAA@
13C30 98 ??_C@_1M@DPCLHLIE@?$AAk?$AAa?$AA?9?$AAG?$AAE@
13C3C 98 ??_C@_1M@BLKMHJBI@?$AAf?$AAo?$AA?9?$AAF?$AAO@
13C48 98 ??_C@_1M@LGGJAPPB@?$AAh?$AAi?$AA?9?$AAI?$AAN@
13C54 98 ??_C@_1M@FIKPIHFE@?$AAm?$AAt?$AA?9?$AAM?$AAT@
13C60 98 ??_C@_1M@HEGGPBFA@?$AAs?$AAe?$AA?9?$AAN?$AAO@
13C6C 98 ??_C@_1M@EIBJEEPA@?$AAm?$AAs?$AA?9?$AAM?$AAY@
13C78 98 ??_C@_1M@FHLBGMPP@?$AAk?$AAk?$AA?9?$AAK?$AAZ@
13C84 98 ??_C@_1M@NGJJLCGI@?$AAk?$AAy?$AA?9?$AAK?$AAG@
13C90 98 ??_C@_1M@GIENNBFC@?$AAs?$AAw?$AA?9?$AAK?$AAE@
13C9C 98 ??_C@_1BG@NDGMJIMJ@?$AAu?$AAz?$AA?9?$AAU?$AAZ?$AA?9?$AAL?$AAa?$AAt?$AAn@
13CB4 98 ??_C@_1M@IDCCIHBC@?$AAt?$AAt?$AA?9?$AAR?$AAU@
13CC0 98 ??_C@_1M@LOICPMOJ@?$AAb?$AAn?$AA?9?$AAI?$AAN@
13CCC 98 ??_C@_1M@KPKKNEAH@?$AAp?$AAa?$AA?9?$AAI?$AAN@
13CD8 98 ??_C@_1M@PJGPPBOG@?$AAg?$AAu?$AA?9?$AAI?$AAN@
13CE4 98 ??_C@_1M@KMKMOPHI@?$AAt?$AAa?$AA?9?$AAI?$AAN@
13CF0 98 ??_C@_1M@KFEHEPAC@?$AAt?$AAe?$AA?9?$AAI?$AAN@
13CFC 98 ??_C@_1M@CDCLMGHI@?$AAk?$AAn?$AA?9?$AAI?$AAN@
13D08 98 ??_C@_1M@MIODLDKF@?$AAm?$AAl?$AA?9?$AAI?$AAN@
13D14 98 ??_C@_1M@PBIEACPO@?$AAm?$AAr?$AA?9?$AAI?$AAN@
13D20 98 ??_C@_1M@NIDEAGPH@?$AAs?$AAa?$AA?9?$AAI?$AAN@
13D2C 98 ??_C@_1M@FHIHCBIO@?$AAm?$AAn?$AA?9?$AAM?$AAN@
13D38 98 ??_C@_1M@JAIJPENP@?$AAc?$AAy?$AA?9?$AAG?$AAB@
13D44 98 ??_C@_1M@PHGFBEPN@?$AAg?$AAl?$AA?9?$AAE?$AAS@
13D50 98 ??_C@_1O@KPIPDNCP@?$AAk?$AAo?$AAk?$AA?9?$AAI?$AAN@
13D60 98 ??_C@_1O@KNHJLDJA@?$AAs?$AAy?$AAr?$AA?9?$AAS?$AAY@
13D70 98 ??_C@_1O@MKEKBLAH@?$AAd?$AAi?$AAv?$AA?9?$AAM?$AAV@
13D80 98 ??_C@_1O@OHDCKDDF@?$AAq?$AAu?$AAz?$AA?9?$AAB?$AAO@
13D90 98 ??_C@_1M@LEPJNLFD@?$AAn?$AAs?$AA?9?$AAZ?$AAA@
13D9C 98 ??_C@_1M@OMLEIIJB@?$AAm?$AAi?$AA?9?$AAN?$AAZ@
13DA8 98 ??_C@_1M@PMPEAILG@?$AAa?$AAr?$AA?9?$AAI?$AAQ@
13DB4 98 ??_C@_1M@CNKPNOEE@?$AAd?$AAe?$AA?9?$AAC?$AAH@
13DC0 98 ??_C@_1M@LKMGMLKO@?$AAe?$AAn?$AA?9?$AAG?$AAB@
13DCC 98 ??_C@_1M@PGKJFFGL@?$AAe?$AAs?$AA?9?$AAM?$AAX@
13DD8 98 ??_C@_1M@DNNANBDC@?$AAf?$AAr?$AA?9?$AAB?$AAE@
13DE4 98 ??_C@_1M@HLGMDFHM@?$AAi?$AAt?$AA?9?$AAC?$AAH@
13DF0 98 ??_C@_1M@CLLBGJH@?$AAn?$AAl?$AA?9?$AAB?$AAE@
13DFC 98 ??_C@_1M@BODBOGLF@?$AAn?$AAn?$AA?9?$AAN?$AAO@
13E08 98 ??_C@_1M@HFFAHKAD@?$AAp?$AAt?$AA?9?$AAP?$AAT@
13E14 98 ??_C@_1BG@LNOAKHIE@?$AAs?$AAr?$AA?9?$AAS?$AAP?$AA?9?$AAL?$AAa?$AAt?$AAn@
13E2C 98 ??_C@_1M@HBMHBGAK@?$AAs?$AAv?$AA?9?$AAF?$AAI@
13E38 98 ??_C@_1BG@DGCJGJBE@?$AAa?$AAz?$AA?9?$AAA?$AAZ?$AA?9?$AAC?$AAy?$AAr?$AAl@
13E50 98 ??_C@_1M@KEJDAAHB@?$AAs?$AAe?$AA?9?$AAS?$AAE@
13E5C 98 ??_C@_1M@HEIBJJAD@?$AAm?$AAs?$AA?9?$AAB?$AAN@
13E68 98 ??_C@_1BG@PBGJMCEM@?$AAu?$AAz?$AA?9?$AAU?$AAZ?$AA?9?$AAC?$AAy?$AAr?$AAl@
13E80 98 ??_C@_1O@LAOBCMDF@?$AAq?$AAu?$AAz?$AA?9?$AAE?$AAC@
13E90 98 ??_C@_1M@POEEMAIO@?$AAa?$AAr?$AA?9?$AAE?$AAG@
13E9C 98 ??_C@_1M@EFAKDEDL@?$AAz?$AAh?$AA?9?$AAH?$AAK@
13EA8 98 ??_C@_1M@HKKIJHGI@?$AAd?$AAe?$AA?9?$AAA?$AAT@
13EB4 98 ??_C@_1M@KBFBEHJF@?$AAe?$AAn?$AA?9?$AAA?$AAU@
13EC0 98 ??_C@_1M@MNPLFAAH@?$AAe?$AAs?$AA?9?$AAE?$AAS@
13ECC 98 ??_C@_1M@HJOOJFMA@?$AAf?$AAr?$AA?9?$AAC?$AAA@
13ED8 98 ??_C@_1BG@JPOFPNAB@?$AAs?$AAr?$AA?9?$AAS?$AAP?$AA?9?$AAC?$AAy?$AAr?$AAl@
13EF0 98 ??_C@_1M@LNFOCMOB@?$AAs?$AAe?$AA?9?$AAF?$AAI@
13EFC 98 ??_C@_1O@MGJBOAMB@?$AAq?$AAu?$AAz?$AA?9?$AAP?$AAE@
13F0C 98 ??_C@_1M@GJINLBOK@?$AAa?$AAr?$AA?9?$AAL?$AAY@
13F18 98 ??_C@_1M@GGMNHJNL@?$AAz?$AAh?$AA?9?$AAS?$AAG@
13F24 98 ??_C@_1M@HOIKODND@?$AAd?$AAe?$AA?9?$AAL?$AAU@
13F30 98 ??_C@_1M@DDOCCGFG@?$AAe?$AAn?$AA?9?$AAC?$AAA@
13F3C 98 ??_C@_1M@BNOEMJLF@?$AAe?$AAs?$AA?9?$AAG?$AAT@
13F48 98 ??_C@_1M@EOGNKEK@?$AAf?$AAr?$AA?9?$AAC?$AAH@
13F54 98 ??_C@_1M@FLIDJFHL@?$AAh?$AAr?$AA?9?$AAB?$AAA@
13F60 98 ??_C@_1O@FMCELNAJ@?$AAs?$AAm?$AAj?$AA?9?$AAN?$AAO@
13F70 98 ??_C@_1M@JHGLJMGJ@?$AAa?$AAr?$AA?9?$AAD?$AAZ@
13F7C 98 ??_C@_1M@JKKFDCNP@?$AAz?$AAh?$AA?9?$AAM?$AAO@
13F88 98 ??_C@_1M@GEEFALPE@?$AAd?$AAe?$AA?9?$AAL?$AAI@
13F94 98 ??_C@_1M@IGEOFBG@?$AAe?$AAn?$AA?9?$AAN?$AAZ@
13FA0 98 ??_C@_1M@KDBONEHP@?$AAe?$AAs?$AA?9?$AAC?$AAR@
13FAC 98 ??_C@_1M@FHMDOHNN@?$AAf?$AAr?$AA?9?$AAL?$AAU@
13FB8 98 ??_C@_1BG@NFKKMAFG@?$AAb?$AAs?$AA?9?$AAB?$AAA?$AA?9?$AAL?$AAa?$AAt?$AAn@
13FD0 98 ??_C@_1O@IMNBEMCI@?$AAs?$AAm?$AAj?$AA?9?$AAS?$AAE@
13FE0 98 ??_C@_1M@DHHMBNDP@?$AAa?$AAr?$AA?9?$AAM?$AAA@
13FEC 98 ??_C@_1M@BNBLJCGH@?$AAe?$AAn?$AA?9?$AAI?$AAE@
13FF8 98 ??_C@_1M@GEPAFMDL@?$AAe?$AAs?$AA?9?$AAP?$AAA@
14004 98 ??_C@_1M@OJONDMDL@?$AAf?$AAr?$AA?9?$AAM?$AAC@
14010 98 ??_C@_1BG@OBCNFJB@?$AAs?$AAr?$AA?9?$AAB?$AAA?$AA?9?$AAL?$AAa?$AAt?$AAn@
14028 98 ??_C@_1O@KEMEEGPO@?$AAs?$AAm?$AAa?$AA?9?$AAN?$AAO@
14038 98 ??_C@_1M@ELMGFODK@?$AAa?$AAr?$AA?9?$AAT?$AAN@
14044 98 ??_C@_1M@BHDLHFAF@?$AAe?$AAn?$AA?9?$AAZ?$AAA@
14050 98 ??_C@_1M@BMGIGLIF@?$AAe?$AAs?$AA?9?$AAD?$AAO@
1405C 98 ??_C@_1BG@CMBHIPBE@?$AAs?$AAr?$AA?9?$AAB?$AAA?$AA?9?$AAC?$AAy?$AAr?$AAl@
14074 98 ??_C@_1O@HEDBLHNP@?$AAs?$AAm?$AAa?$AA?9?$AAS?$AAE@
14084 98 ??_C@_1M@DAGCADIM@?$AAa?$AAr?$AA?9?$AAO?$AAM@
14090 98 ??_C@_1M@FODLMICG@?$AAe?$AAn?$AA?9?$AAJ?$AAM@
1409C 98 ??_C@_1M@DNMLCIHB@?$AAe?$AAs?$AA?9?$AAV?$AAE@
140A8 98 ??_C@_1O@EOKHMKJK@?$AAs?$AAm?$AAs?$AA?9?$AAF?$AAI@
140B8 98 ??_C@_1M@CAFJMKOF@?$AAa?$AAr?$AA?9?$AAY?$AAE@
140C4 98 ??_C@_1M@CBFHIJLI@?$AAe?$AAn?$AA?9?$AAC?$AAB@
140D0 98 ??_C@_1M@BGNFLDN@?$AAe?$AAs?$AA?9?$AAC?$AAO@
140DC 98 ??_C@_1O@JMPHMAMC@?$AAs?$AAm?$AAn?$AA?9?$AAF?$AAI@
140EC 98 ??_C@_1M@JLANABKE@?$AAa?$AAr?$AA?9?$AAS?$AAY@
140F8 98 ??_C@_1M@HPKGCFGN@?$AAe?$AAn?$AA?9?$AAB?$AAZ@
14104 98 ??_C@_1M@OLJCMLGM@?$AAe?$AAs?$AA?9?$AAP?$AAE@
14110 98 ??_C@_1M@MKKGFKLE@?$AAa?$AAr?$AA?9?$AAJ?$AAO@
1411C 98 ??_C@_1M@EKPGLDNI@?$AAe?$AAn?$AA?9?$AAT?$AAT@
14128 98 ??_C@_1M@OONGHFHE@?$AAe?$AAs?$AA?9?$AAA?$AAR@
14134 98 ??_C@_1M@OOJFGBHE@?$AAa?$AAr?$AA?9?$AAL?$AAB@
14140 98 ??_C@_1M@GCEJHNEG@?$AAe?$AAn?$AA?9?$AAZ?$AAW@
1414C 98 ??_C@_1M@JNOCAHJI@?$AAe?$AAs?$AA?9?$AAE?$AAC@
14158 98 ??_C@_1M@JEFHPGGB@?$AAa?$AAr?$AA?9?$AAK?$AAW@
14164 98 ??_C@_1M@MLKIBJOJ@?$AAe?$AAn?$AA?9?$AAP?$AAH@
14170 98 ??_C@_1M@BDNIPEND@?$AAe?$AAs?$AA?9?$AAC?$AAL@
1417C 98 ??_C@_1M@MPNMEKBD@?$AAa?$AAr?$AA?9?$AAA?$AAE@
14188 98 ??_C@_1M@KBJALCPI@?$AAe?$AAs?$AA?9?$AAU?$AAY@
14194 98 ??_C@_1M@LLCCOAGA@?$AAa?$AAr?$AA?9?$AAB?$AAH@
141A0 98 ??_C@_1M@PBFNCDEL@?$AAe?$AAs?$AA?9?$AAP?$AAY@
141AC 98 ??_C@_1M@EDGINPNP@?$AAa?$AAr?$AA?9?$AAQ?$AAA@
141B8 98 ??_C@_1M@MKDBIIJI@?$AAe?$AAs?$AA?9?$AAB?$AAO@
141C4 98 ??_C@_1M@CPKKEBLD@?$AAe?$AAs?$AA?9?$AAS?$AAV@
141D0 98 ??_C@_1M@NDBGMMJL@?$AAe?$AAs?$AA?9?$AAH?$AAN@
141DC 98 ??_C@_1M@JIJIBHDP@?$AAe?$AAs?$AA?9?$AAN?$AAI@
141E8 98 ??_C@_1M@CGFMKEEK@?$AAe?$AAs?$AA?9?$AAP?$AAR@
141F4 98 ??_C@_1O@ICJHKIIK@?$AAz?$AAh?$AA?9?$AAC?$AAH?$AAT@
14204 98 ??_C@_15CLNEJCE@?$AAs?$AAr@
14210 98 ?LocaleNameToIndexTable@?A0x881e4c05@@3QBULocaleNameIndex@1@B
14930 98 ??_C@_1M@KAHEKEIG@?$AAa?$AAf?$AA?9?$AAz?$AAa@
1493C 98 ??_C@_1M@GIECOABL@?$AAa?$AAr?$AA?9?$AAa?$AAe@
14948 98 ??_C@_1M@BMLMEKGI@?$AAa?$AAr?$AA?9?$AAb?$AAh@
14954 98 ??_C@_1M@DAPFDGGB@?$AAa?$AAr?$AA?9?$AAd?$AAz@
14960 98 ??_C@_1M@FJNKGKIG@?$AAa?$AAr?$AA?9?$AAe?$AAg@
1496C 98 ??_C@_1M@FLGKKCLO@?$AAa?$AAr?$AA?9?$AAi?$AAq@
14978 98 ??_C@_1M@GNDIPALM@?$AAa?$AAr?$AA?9?$AAj?$AAo@
14984 98 ??_C@_1M@DDMJFMGJ@?$AAa?$AAr?$AA?9?$AAk?$AAw@
14990 98 ??_C@_1M@EJALMLHM@?$AAa?$AAr?$AA?9?$AAl?$AAb@
1499C 98 ??_C@_1M@MOBDBLOC@?$AAa?$AAr?$AA?9?$AAl?$AAy@
149A8 98 ??_C@_1M@JAOCLHDH@?$AAa?$AAr?$AA?9?$AAm?$AAa@
149B4 98 ??_C@_1M@JHPMKJIE@?$AAa?$AAr?$AA?9?$AAo?$AAm@
149C0 98 ??_C@_1M@OEPGHFNH@?$AAa?$AAr?$AA?9?$AAq?$AAa@
149CC 98 ??_C@_1M@KJDONENM@?$AAa?$AAr?$AA?9?$AAs?$AAa@
149D8 98 ??_C@_1M@DMJDKLKM@?$AAa?$AAr?$AA?9?$AAs?$AAy@
149E4 98 ??_C@_1M@OMFIPEDC@?$AAa?$AAr?$AA?9?$AAt?$AAn@
149F0 98 ??_C@_1M@IHMHGAON@?$AAa?$AAr?$AA?9?$AAy?$AAe@
149FC 98 ??_C@_1BG@KDCPGJGB@?$AAa?$AAz?$AA?9?$AAa?$AAz?$AA?9?$AAc?$AAy?$AAr?$AAl@
14A14 98 ??_C@_1BG@IBCKDDOE@?$AAa?$AAz?$AA?9?$AAa?$AAz?$AA?9?$AAl?$AAa?$AAt?$AAn@
14A2C 98 ??_C@_1M@EGPFDCPD@?$AAb?$AAe?$AA?9?$AAb?$AAy@
14A38 98 ??_C@_1M@PCMGMCGC@?$AAb?$AAg?$AA?9?$AAb?$AAg@
14A44 98 ??_C@_1M@BJBMFGOB@?$AAb?$AAn?$AA?9?$AAi?$AAn@
14A50 98 ??_C@_1BG@EAKMMACD@?$AAb?$AAs?$AA?9?$AAb?$AAa?$AA?9?$AAl?$AAa?$AAt?$AAn@
14A68 98 ??_C@_1M@KGADAODK@?$AAc?$AAa?$AA?9?$AAe?$AAs@
14A74 98 ??_C@_1M@COAJPDHI@?$AAc?$AAs?$AA?9?$AAc?$AAz@
14A80 98 ??_C@_1M@DHBHFONH@?$AAc?$AAy?$AA?9?$AAg?$AAb@
14A8C 98 ??_C@_1M@IMGKELGA@?$AAd?$AAa?$AA?9?$AAd?$AAk@
14A98 98 ??_C@_1M@NNDGDNGA@?$AAd?$AAe?$AA?9?$AAa?$AAt@
14AA4 98 ??_C@_1M@IKDBHEEM@?$AAd?$AAe?$AA?9?$AAc?$AAh@
14AB0 98 ??_C@_1M@GFFOJMCJ@?$AAd?$AAe?$AA?9?$AAd?$AAe@
14ABC 98 ??_C@_1M@MDNLKBPM@?$AAd?$AAe?$AA?9?$AAl?$AAi@
14AC8 98 ??_C@_1M@NJBEEJNL@?$AAd?$AAe?$AA?9?$AAl?$AAu@
14AD4 98 ??_C@_1O@GNNELBAP@?$AAd?$AAi?$AAv?$AA?9?$AAm?$AAv@
14AE4 98 ??_C@_1M@EJLEOGAE@?$AAe?$AAl?$AA?9?$AAg?$AAr@
14AF0 98 ??_C@_1M@GMPONJN@?$AAe?$AAn?$AA?9?$AAa?$AAu@
14AFC 98 ??_C@_1M@NIDIIPGF@?$AAe?$AAn?$AA?9?$AAb?$AAz@
14B08 98 ??_C@_1M@JEHMIMFO@?$AAe?$AAn?$AA?9?$AAc?$AAa@
14B14 98 ??_C@_1M@IGMJCDLA@?$AAe?$AAn?$AA?9?$AAc?$AAb@
14B20 98 ??_C@_1M@BNFIGBKG@?$AAe?$AAn?$AA?9?$AAg?$AAb@
14B2C 98 ??_C@_1M@LKIFDIGP@?$AAe?$AAn?$AA?9?$AAi?$AAe@
14B38 98 ??_C@_1M@PJKFGCCO@?$AAe?$AAn?$AA?9?$AAj?$AAm@
14B44 98 ??_C@_1M@KPPKEPBO@?$AAe?$AAn?$AA?9?$AAn?$AAz@
14B50 98 ??_C@_1M@GMDGLDOB@?$AAe?$AAn?$AA?9?$AAp?$AAh@
14B5C 98 ??_C@_1M@ONGIBJNA@?$AAe?$AAn?$AA?9?$AAt?$AAt@
14B68 98 ??_C@_1M@LLODPCMM@?$AAe?$AAn?$AA?9?$AAu?$AAs@
14B74 98 ??_C@_1M@LAKFNPAN@?$AAe?$AAn?$AA?9?$AAz?$AAa@
14B80 98 ??_C@_1M@MFNHNHEO@?$AAe?$AAn?$AA?9?$AAz?$AAw@
14B8C 98 ??_C@_1M@EJEINPHM@?$AAe?$AAs?$AA?9?$AAa?$AAr@
14B98 98 ??_C@_1M@GNKPCCJA@?$AAe?$AAs?$AA?9?$AAb?$AAo@
14BA4 98 ??_C@_1M@LEEGFONL@?$AAe?$AAs?$AA?9?$AAc?$AAl@
14BB0 98 ??_C@_1M@KGPDPBDF@?$AAe?$AAs?$AA?9?$AAc?$AAo@
14BBC 98 ??_C@_1M@EIAHOHH@?$AAe?$AAs?$AA?9?$AAc?$AAr@
14BC8 98 ??_C@_1M@LLPGMBIN@?$AAe?$AAs?$AA?9?$AAd?$AAo@
14BD4 98 ??_C@_1M@DKHMKNJA@?$AAe?$AAs?$AA?9?$AAe?$AAc@
14BE0 98 ??_C@_1M@GKGFPKAP@?$AAe?$AAs?$AA?9?$AAe?$AAs@
14BEC 98 ??_C@_1M@LKHKGDLN@?$AAe?$AAs?$AA?9?$AAg?$AAt@
14BF8 98 ??_C@_1M@HEIIGGJD@?$AAe?$AAs?$AA?9?$AAh?$AAn@
14C04 98 ??_C@_1M@FBDHPPGD@?$AAe?$AAs?$AA?9?$AAm?$AAx@
14C10 98 ??_C@_1M@DPAGLNDH@?$AAe?$AAs?$AA?9?$AAn?$AAi@
14C1C 98 ??_C@_1M@MDGOPGDD@?$AAe?$AAs?$AA?9?$AAp?$AAa@
14C28 98 ??_C@_1M@EMAMGBGE@?$AAe?$AAs?$AA?9?$AAp?$AAe@
14C34 98 ??_C@_1M@IBMCAOEC@?$AAe?$AAs?$AA?9?$AAp?$AAr@
14C40 98 ??_C@_1M@FGMDIJED@?$AAe?$AAs?$AA?9?$AAp?$AAy@
14C4C 98 ??_C@_1M@IIDEOLLL@?$AAe?$AAs?$AA?9?$AAs?$AAv@
14C58 98 ??_C@_1M@GAOBIPA@?$AAe?$AAs?$AA?9?$AAu?$AAy@
14C64 98 ??_C@_1M@JKFFICHJ@?$AAe?$AAs?$AA?9?$AAv?$AAe@
14C70 98 ??_C@_1M@PNMLOJDF@?$AAe?$AAt?$AA?9?$AAe?$AAe@
14C7C 98 ??_C@_1M@GHHLIKEI@?$AAe?$AAu?$AA?9?$AAe?$AAs@
14C88 98 ??_C@_1M@PBNONODE@?$AAf?$AAa?$AA?9?$AAi?$AAr@
14C94 98 ??_C@_1M@JEEHPMIL@?$AAf?$AAi?$AA?9?$AAf?$AAi@
14CA0 98 ??_C@_1M@LMDCNDBA@?$AAf?$AAo?$AA?9?$AAf?$AAo@
14CAC 98 ??_C@_1M@JKEOHLDK@?$AAf?$AAr?$AA?9?$AAb?$AAe@
14CB8 98 ??_C@_1M@NOHADPMI@?$AAf?$AAr?$AA?9?$AAc?$AAa@
14CC4 98 ??_C@_1M@KDHIHAEC@?$AAf?$AAr?$AA?9?$AAc?$AAh@
14CD0 98 ??_C@_1M@MMBBFGAK@?$AAf?$AAr?$AA?9?$AAf?$AAr@
14CDC 98 ??_C@_1M@PAFNENNF@?$AAf?$AAr?$AA?9?$AAl?$AAu@
14CE8 98 ??_C@_1M@EOHDJGDD@?$AAf?$AAr?$AA?9?$AAm?$AAc@
14CF4 98 ??_C@_1M@FAPLLOPF@?$AAg?$AAl?$AA?9?$AAe?$AAs@
14D00 98 ??_C@_1M@FOPBFLOO@?$AAg?$AAu?$AA?9?$AAi?$AAn@
14D0C 98 ??_C@_1M@KBMCINPM@?$AAh?$AAe?$AA?9?$AAi?$AAl@
14D18 98 ??_C@_1M@BBPHKFPJ@?$AAh?$AAi?$AA?9?$AAi?$AAn@
14D24 98 ??_C@_1M@PMBNDPHD@?$AAh?$AAr?$AA?9?$AAb?$AAa@
14D30 98 ??_C@_1M@BPCKOEGE@?$AAh?$AAr?$AA?9?$AAh?$AAr@
14D3C 98 ??_C@_1M@GACBMHKE@?$AAh?$AAu?$AA?9?$AAh?$AAu@
14D48 98 ??_C@_1M@MILPAJJC@?$AAh?$AAy?$AA?9?$AAa?$AAm@
14D54 98 ??_C@_1M@BABBICEC@?$AAi?$AAd?$AA?9?$AAi?$AAd@
14D60 98 ??_C@_1M@BIKNHHPF@?$AAi?$AAs?$AA?9?$AAi?$AAs@
14D6C 98 ??_C@_1M@NMPCJPHE@?$AAi?$AAt?$AA?9?$AAc?$AAh@
14D78 98 ??_C@_1M@GHKGFEDF@?$AAi?$AAt?$AA?9?$AAi?$AAt@
14D84 98 ??_C@_1M@NIEJCJJA@?$AAj?$AAa?$AA?9?$AAj?$AAp@
14D90 98 ??_C@_1M@JILFNBIM@?$AAk?$AAa?$AA?9?$AAg?$AAe@
14D9C 98 ??_C@_1M@PACPMGPH@?$AAk?$AAk?$AA?9?$AAk?$AAz@
14DA8 98 ??_C@_1M@IELFGMHA@?$AAk?$AAn?$AA?9?$AAi?$AAn@
14DB4 98 ??_C@_1O@IBBJHCH@?$AAk?$AAo?$AAk?$AA?9?$AAi?$AAn@
14DC4 98 ??_C@_1M@DMHAEOGC@?$AAk?$AAo?$AA?9?$AAk?$AAr@
14DD0 98 ??_C@_1M@HBAHBIGA@?$AAk?$AAy?$AA?9?$AAk?$AAg@
14DDC 98 ??_C@_1M@KPMILCJG@?$AAl?$AAt?$AA?9?$AAl?$AAt@
14DE8 98 ??_C@_1M@BDEKKCA@?$AAl?$AAv?$AA?9?$AAl?$AAv@
14DF4 98 ??_C@_1M@ELCKCCJJ@?$AAm?$AAi?$AA?9?$AAn?$AAz@
14E00 98 ??_C@_1M@CBOOLAPA@?$AAm?$AAk?$AA?9?$AAm?$AAk@
14E0C 98 ??_C@_1M@GPHNBJKN@?$AAm?$AAl?$AA?9?$AAi?$AAn@
14E18 98 ??_C@_1M@PABJILIG@?$AAm?$AAn?$AA?9?$AAm?$AAn@
14E24 98 ??_C@_1M@FGBKKIPG@?$AAm?$AAr?$AA?9?$AAi?$AAn@
14E30 98 ??_C@_1M@NDBPDDAL@?$AAm?$AAs?$AA?9?$AAb?$AAn@
14E3C 98 ??_C@_1M@OPIHOOPI@?$AAm?$AAs?$AA?9?$AAm?$AAy@
14E48 98 ??_C@_1M@PPDBCNFM@?$AAm?$AAt?$AA?9?$AAm?$AAt@
14E54 98 ??_C@_1M@KDJDKMDD@?$AAn?$AAb?$AA?9?$AAn?$AAo@
14E60 98 ??_C@_1M@KFCFLMJP@?$AAn?$AAl?$AA?9?$AAb?$AAe@
14E6C 98 ??_C@_1M@KPOPDDGO@?$AAn?$AAl?$AA?9?$AAn?$AAl@
14E78 98 ??_C@_1M@LJKPEMLN@?$AAn?$AAn?$AA?9?$AAn?$AAo@
14E84 98 ??_C@_1M@BDGHHBFL@?$AAn?$AAs?$AA?9?$AAz?$AAa@
14E90 98 ??_C@_1M@IDEHOAP@?$AAp?$AAa?$AA?9?$AAi?$AAn@
14E9C 98 ??_C@_1M@HDBKGOGH@?$AAp?$AAl?$AA?9?$AAp?$AAl@
14EA8 98 ??_C@_1M@LJLLCMEH@?$AAp?$AAt?$AA?9?$AAb?$AAr@
14EB4 98 ??_C@_1M@NCMONAAL@?$AAp?$AAt?$AA?9?$AAp?$AAt@
14EC0 98 ??_C@_1O@EAKMAJDN@?$AAq?$AAu?$AAz?$AA?9?$AAb?$AAo@
14ED0 98 ??_C@_1O@BHHPIGDN@?$AAq?$AAu?$AAz?$AA?9?$AAe?$AAc@
14EE0 98 ??_C@_1O@GBAPEKMJ@?$AAq?$AAu?$AAz?$AA?9?$AAp?$AAe@
14EF0 98 ??_C@_1M@CLGLEFBO@?$AAr?$AAo?$AA?9?$AAr?$AAo@
14EFC 98 ??_C@_1M@CEEDODME@?$AAr?$AAu?$AA?9?$AAr?$AAu@
14F08 98 ??_C@_1M@HPKKKMPP@?$AAs?$AAa?$AA?9?$AAi?$AAn@
14F14 98 ??_C@_1M@BKMAIGOJ@?$AAs?$AAe?$AA?9?$AAf?$AAi@
14F20 98 ??_C@_1M@NDPIFLFI@?$AAs?$AAe?$AA?9?$AAn?$AAo@
14F2C 98 ??_C@_1M@DANKKHJ@?$AAs?$AAe?$AA?9?$AAs?$AAe@
14F38 98 ??_C@_1M@PNBLONPJ@?$AAs?$AAk?$AA?9?$AAs?$AAk@
14F44 98 ??_C@_1M@LFMODOAL@?$AAs?$AAl?$AA?9?$AAs?$AAi@
14F50 98 ??_C@_1O@DFKOMPG@?$AAs?$AAm?$AAa?$AA?9?$AAn?$AAo@
14F60 98 ??_C@_1O@NDKPBNNH@?$AAs?$AAm?$AAa?$AA?9?$AAs?$AAe@
14F70 98 ??_C@_1O@PLLKBHAB@?$AAs?$AAm?$AAj?$AA?9?$AAn?$AAo@
14F80 98 ??_C@_1O@CLEPOGCA@?$AAs?$AAm?$AAj?$AA?9?$AAs?$AAe@
14F90 98 ??_C@_1O@DLGJGKMK@?$AAs?$AAm?$AAn?$AA?9?$AAf?$AAi@
14FA0 98 ??_C@_1O@OJDJGAJC@?$AAs?$AAm?$AAs?$AA?9?$AAf?$AAi@
14FB0 98 ??_C@_1M@BOFOGHPB@?$AAs?$AAq?$AA?9?$AAa?$AAl@
14FBC 98 ??_C@_1BG@LJBBIPGB@?$AAs?$AAr?$AA?9?$AAb?$AAa?$AA?9?$AAc?$AAy?$AAr?$AAl@
14FD4 98 ??_C@_1BG@JLBENFOE@?$AAs?$AAr?$AA?9?$AAb?$AAa?$AA?9?$AAl?$AAa?$AAt?$AAn@
14FEC 98 ??_C@_1BG@KODPNHE@?$AAs?$AAr?$AA?9?$AAs?$AAp?$AA?9?$AAc?$AAy?$AAr?$AAl@
15004 98 ??_C@_1BG@CIOGKHPB@?$AAs?$AAr?$AA?9?$AAs?$AAp?$AA?9?$AAl?$AAa?$AAt?$AAn@
1501C 98 ??_C@_1M@NGFJLMAC@?$AAs?$AAv?$AA?9?$AAf?$AAi@
15028 98 ??_C@_1M@MPJEJAJC@?$AAs?$AAv?$AA?9?$AAs?$AAe@
15034 98 ??_C@_1M@MPNDHLFK@?$AAs?$AAw?$AA?9?$AAk?$AAe@
15040 98 ??_C@_1O@KOHBJJI@?$AAs?$AAy?$AAr?$AA?9?$AAs?$AAy@
15050 98 ??_C@_1M@LDCEFHA@?$AAt?$AAa?$AA?9?$AAi?$AAn@
1505C 98 ??_C@_1M@CNJOFAK@?$AAt?$AAe?$AA?9?$AAi?$AAn@
15068 98 ??_C@_1M@GNAECACD@?$AAt?$AAh?$AA?9?$AAt?$AAh@
15074 98 ??_C@_1M@CHBIHOJO@?$AAt?$AAn?$AA?9?$AAz?$AAa@
15080 98 ??_C@_1M@GCCMIGPJ@?$AAt?$AAr?$AA?9?$AAt?$AAr@
1508C 98 ??_C@_1M@CELMCNBK@?$AAt?$AAt?$AA?9?$AAr?$AAu@
15098 98 ??_C@_1M@KLMCELGA@?$AAu?$AAk?$AA?9?$AAu?$AAa@
150A4 98 ??_C@_1M@EPAJJAJF@?$AAu?$AAr?$AA?9?$AAp?$AAk@
150B0 98 ??_C@_1BG@GEGPMCDJ@?$AAu?$AAz?$AA?9?$AAu?$AAz?$AA?9?$AAc?$AAy?$AAr?$AAl@
150C8 98 ??_C@_1BG@EGGKJILM@?$AAu?$AAz?$AA?9?$AAu?$AAz?$AA?9?$AAl?$AAa?$AAt?$AAn@
150E0 98 ??_C@_1M@GFOCLFF@?$AAv?$AAi?$AA?9?$AAv?$AAn@
150EC 98 ??_C@_1M@CPAMEDFI@?$AAx?$AAh?$AA?9?$AAz?$AAa@
150F8 98 ??_C@_1O@EBKIFIGN@?$AAz?$AAh?$AA?9?$AAc?$AAh?$AAs@
15108 98 ??_C@_1O@NMHPGANE@?$AAz?$AAh?$AA?9?$AAc?$AAh?$AAt@
15118 98 ??_C@_1M@LPINJOMC@?$AAz?$AAh?$AA?9?$AAc?$AAn@
15124 98 ??_C@_1M@OCJEJODD@?$AAz?$AAh?$AA?9?$AAh?$AAk@
15130 98 ??_C@_1M@DNDLJINH@?$AAz?$AAh?$AA?9?$AAm?$AAo@
1513C 98 ??_C@_1M@MBFDNDND@?$AAz?$AAh?$AA?9?$AAs?$AAg@
15148 98 ??_C@_1M@IMEPLEPE@?$AAz?$AAh?$AA?9?$AAt?$AAw@
15154 98 ??_C@_1M@BBGHNHJP@?$AAz?$AAu?$AA?9?$AAz?$AAa@
15160 106 LOG_name
15170 58 _One
15180 58 _Bns
15190 58 _Zero
151A0 58 _S
151B0 58 _NegZero
151B8 88 ??_C@_1BA@BALFACEM@?$AAC?$AAO?$AAN?$AAO?$AAU?$AAT?$AA$@
151D0 107 emask
151E0 107 CC
151F0 107 Magic
15200 107 hi_mask
15210 107 LOG10_2
15220 107 place_L
15240 107 One
15250 107 Zero
15260 107 Two52
15270 107 Infs
15280 107 NaN
15290 107 coeff
152D0 45 __infinity
152DA 45 __minfinity
152E4 45 __logemax
152EE 45 _log2max
152F8 45 _smallarg
15302 45 _half
1530A 45 __OP_EXPjmptab
15330 43 __indefinite
1533A 43 __piby2
15344 43 __piby4
1534E 43 One
15356 43 Three
1535E 43 XAMtoTagTab
15370 62 One
15378 62 __DEFAULT_CW_in_mem
1537A 62 __pi_by_2_to_61
15384 62 DblMax
1538C 62 DblMin
15394 62 IeeeAdjO
1539C 62 IeeeAdjU
153A4 62 _infinity
153AC 62 _zero
153B4 100 ??_C@_03MGHMBJCF@log@
153B8 100 ??_C@_05HGHHAHAP@log10@
153C0 100 ??_C@_03KHJOGHMM@exp@
153C4 100 ??_C@_03JGHBODFD@pow@
153C8 100 ??_C@_04FIHNOPOL@asin@
153D0 100 ??_C@_04PDIFKINK@acos@
153D8 100 ??_C@_04EIAKFFMI@sqrt@
153E0 100 __real@3ff0000000000000
153E8 75 _over
153F4 75 _under
15400 108 ___acrt_log10_table_t
15810 108 ___acrt_log10_table_cb
15C20 130 __real@3fe0000000000000
15C28 76 ?_names@?1??_get_fname@@9@4QBU<unnamed-type-_names>@?1??1@YAPADI@Z@B
15D10 76 ??_C@_04COOMCNPB@sinh@
15D18 76 ??_C@_04HPJJNFIM@cosh@
15D20 76 ??_C@_04FJHINJAO@tanh@
15D28 76 ??_C@_04MLLJIGOK@atan@
15D30 76 ??_C@_05KNGEOGJB@atan2@
15D38 76 ??_C@_03BLEJJJBH@sin@
15D3C 76 ??_C@_03LALBNOCG@cos@
15D40 76 ??_C@_03IIINPABG@tan@
15D44 76 ??_C@_04GFPJNGEK@ceil@
15D4C 76 ??_C@_05PBJFFIGL@floor@
15D54 76 ??_C@_04ODHECPBC@fabs@
15D5C 76 ??_C@_04EHEDPDJG@modf@
15D64 76 ??_C@_05CEJMAHNP@ldexp@
15D6C 76 ??_C@_05KBKMEMPO@_cabs@
15D74 76 ??_C@_06MEIMCGCF@_hypot@
15D7C 76 ??_C@_04KEPJIHGP@fmod@
15D84 76 ??_C@_05GKKHEGJL@frexp@
15D8C 76 ??_C@_03MJLDFKDL@_y0@
15D90 76 ??_C@_03NAKIGLHK@_y1@
15D94 76 ??_C@_03ONILCKOB@_yn@
15D98 76 ??_C@_05JGDBENOH@_logb@
15DA0 76 ??_C@_0L@KDOEJCKC@_nextafter@
15DB0 148 __d_inf
15DB8 148 __d_max
15DC0 148 __d_mzero
15DD0 21 two32
15DD4 21 two63
15DD8 21 _NaN
15DDC 5 ??_C@_0BC@EOODALEL@Unknown?5exception@
15DF0 5 ??_C@_0BF@KINCDENJ@bad?5array?5new?5length@
15E08 5 ??_C@_0BA@JFNIOLAK@string?5too?5long@
15E18 5 ??_C@_11LOCGONAA@@
15E1C 5 ??_C@_1BE@KLINDABO@?$AAH?$AAl?$AAf?$AAV?$AAi?$AAe?$AAw?$AAe?$AAr@
15E30 5 ??_C@_1EA@CONHECGE@?$AAH?$AAl?$AAf?$AA?9?$AAf?$AAi?$AAl?$AAe?$AA?5?$AAV?$AAi?$AAe?$AAw?$AAe?$AAr@
15E70 5 ??_C@_1DE@BGKMIKPD@?$AAE?$AAu?$AAg?$AAe?$AAn?$AAe?$AA?5?$AAR?$AAo?$AAs?$AAh?$AAa?$AAl?$AA?5?$AA?$CG@
15EA4 5 ??_C@_13FPGAJAPJ@?$AA?2@
15EA8 5 ??_C@_1BE@BAOBMOBE@?$AA?$CF?$AAF?$AAA?$AAR?$AAH?$AAO?$AAM?$AAE?$AA?$CF@
15EBC 5 ??_C@_17MEJHPLBO@?$AAc?$AAm?$AAd@
15EC4 5 ??_C@_17KGEADEDI@?$AAH?$AAL?$AAF@
15ECC 5 ??_C@_19CPJEHIBK@?$AA?4?$AAh?$AAl?$AAf@
15ED8 5 ??_C@_15JNBOKNOG@?$AA?$AN?$AA?6@
15EE0 5 ??_C@_1BG@IOFJDEI@?$AA?4?$AAL?$AAa?$AAn?$AAg?$AAu?$AAa?$AAg?$AAe?$AA?$DN@
15EF8 5 ??_C@_1O@BJPKKLLM@?$AAC?$AAo?$AAn?$AAf?$AAi?$AAg@
15F08 5 ??_C@_15NPKLCIOJ@?$AAF?$AA1@
15F10 5 ??_C@_1CG@GFFDAIMK@?$AAP?$AAr?$AAo?$AAc?$AAe?$AAs?$AAs?$AAE?$AAd?$AAi?$AAt?$AAo?$AAr?$AAI?$AAn@
15F38 5 ??_C@_1M@PALMNGCF@?$AAS?$AAt?$AAy?$AAl?$AAe@
15F44 5 ??_C@_1BE@IHEBLNLC@?$AAE?$AAd?$AAi?$AAt?$AAo?$AAr?$AAK?$AAe?$AAy@
15F58 5 ??_C@_1BM@GGPBEDKL@?$AAC?$AAh?$AAe?$AAc?$AAk?$AAM?$AAa?$AAs?$AAk?$AAF?$AAi?$AAl?$AAe@
15F74 5 ??_C@_1BC@KGOLMJNA@?$AAM?$AAa?$AAs?$AAk?$AAF?$AAi?$AAl?$AAe@
15F88 5 ??_C@_1M@EFMNOFJK@?$AA?$CK?$AA?4?$AAh?$AAl?$AAf@
15F94 5 _MenuGuid
15FA4 5 _MainGuid
15FB8 5 ??_7PluginCheckBoxBinding@@6B@
15FC0 5 ?_DefKey@@3U_INPUT_RECORD@@A
15FD8 5 ??_7PluginEditFieldBinding@@6B@
15FE0 5 _DialogGuid
15FF4 5 ??_7PluginRadioButtonBinding@@6B@
15FFC 180 ??_C@_0BG@JGJIBIIG@Wrapper_EncodePointer@
16014 180 ??_C@_0BG@OMFOEGFD@Wrapper_DecodePointer@
1602C 180 ??_C@_0BL@BBEHGDBL@Wrapper_GetModuleHandleExW@
16048 180 ??_C@_0BM@EDOCFJPK@Wrapper_InitializeSListHead@
16064 180 ??_C@_0BO@MMMKJFKC@Wrapper_InterlockedFlushSList@
16084 180 ??_C@_0CC@NAEDINGB@Wrapper_InterlockedPushEntrySLi@
160A8 180 ??_C@_0CB@CBAMEEON@Wrapper_GetNumaHighestNodeNumbe@
160CC 180 ??_C@_0CH@OPPPOLHC@Wrapper_GetLogicalProcessorInfo@
160F4 180 ??_C@_0CA@MMHMBOOA@Wrapper_SetThreadStackGuarantee@
16114 180 ??_C@_0CE@LIGPHONN@Wrapper_InitializeCriticalSecti@
16138 180 ??_C@_1CM@BFAMBNFD@?$AA?$CB?$AAx?$AA?9?$AAs?$AAy?$AAs?$AA?9?$AAd?$AAe?$AAf?$AAa?$AAu?$AAl?$AAt?$AA?9@
16164 180 ??_C@_0BI@OMKKJAOO@Wrapper_CompareStringEx@
1617C 180 ??_C@_0BG@OHLPLANO@Wrapper_LCMapStringEx@
16194 180 ??_C@_0CC@PDCHIDAD@Wrapper_SleepConditionVariableS@
161B8 180 ??_C@_0CB@MCGLLAP@Wrapper_WakeAllConditionVariabl@
161DC 180 ??_C@_0CA@DKBCMHCP@Wrapper_AcquireSRWLockExclusive@
161FC 180 ??_C@_0CA@KKENLMMH@Wrapper_ReleaseSRWLockExclusive@
1621C 180 ??_C@_0CD@HMIPNKOD@Wrapper_TryAcquireSRWLockExclus@
16240 180 ??_C@_0BK@DDPOCJPI@Wrapper_InitializeSRWLock@
1625C 180 ??_C@_0BB@OCIMNOFH@Wrapper_FlsAlloc@
16270 180 ??_C@_0BE@MINHNHKC@Wrapper_FlsGetValue@
16284 180 ??_C@_0BE@DJPLMENP@Wrapper_FlsSetValue@
16298 180 ??_C@_0BA@BHMHFMJC@Wrapper_FlsFree@
162A8 180 ?kernel32@modules@@3QB_WB
162C0 28 __load_config_used
16400 42 ??_R4logic_error@std@@6B@
16414 42 ??_R3logic_error@std@@8
16424 42 ??_R2logic_error@std@@8
16430 42 ??_R1A@?0A@EA@logic_error@std@@8
1644C 42 ??_R4length_error@std@@6B@
16460 42 ??_R3length_error@std@@8
16470 42 ??_R2length_error@std@@8
16480 42 ??_R1A@?0A@EA@length_error@std@@8
1649C 34 ??_R4type_info@@6B@
164B0 34 ??_R3type_info@@8
164C0 34 ??_R2type_info@@8
164C8 34 ??_R1A@?0A@EA@type_info@@8
164E4 161 ??_R4bad_exception@std@@6B@
164F8 161 ??_R3bad_exception@std@@8
16508 161 ??_R2bad_exception@std@@8
16514 161 ??_R1A@?0A@EA@bad_exception@std@@8
16530 5 ??_R4exception@std@@6B@
16544 5 ??_R2bad_array_new_length@std@@8
16554 5 ??_R2PluginEditFieldBinding@@8
16560 5 ??_R3DialogAPIBinding@@8
16570 5 ??_R1A@?0A@EA@PluginCheckBoxBinding@@8
1658C 5 ??_R2bad_alloc@std@@8
16598 5 ??_R1A@?0A@EA@exception@std@@8
165B4 5 ??_R2PluginRadioButtonBinding@@8
165C0 5 ??_R1A@?0A@EA@bad_alloc@std@@8
165DC 5 ??_R3PluginRadioButtonBinding@@8
165EC 5 ??_R2exception@std@@8
165F4 5 ??_R4PluginRadioButtonBinding@@6B@
16608 5 ??_R3PluginCheckBoxBinding@@8
16618 5 ??_R2DialogAPIBinding@@8
16620 5 ??_R3exception@std@@8
16630 5 ??_R4PluginEditFieldBinding@@6B@
16644 5 ??_R4bad_alloc@std@@6B@
16658 5 ??_R4PluginCheckBoxBinding@@6B@
1666C 5 ??_R1A@?0A@EA@PluginRadioButtonBinding@@8
16688 5 ??_R3bad_array_new_length@std@@8
16698 5 ??_R3bad_alloc@std@@8
166A8 5 ??_R4bad_array_new_length@std@@6B@
166BC 5 ??_R3PluginEditFieldBinding@@8
166CC 5 ??_R1A@?0A@EA@bad_array_new_length@std@@8
166E8 5 ??_R1A@?0A@EA@PluginEditFieldBinding@@8
16704 5 ??_R2PluginCheckBoxBinding@@8
16710 5 ??_R1A@?0A@EA@DialogAPIBinding@@8
1672C 3 ___safe_se_handler_table
16760 3 ___volatile_metadata
16B00 27 ___rtc_iaa
16B04 27 ___rtc_izz
16B08 27 ___rtc_taa
16B0C 27 ___rtc_tzz
16B10 5 __ehfuncinfo$??1PluginSettings@@QAE@XZ
16B34 5 __ehfuncinfo$_ConfigureW@4
16B58 5 __unwindtable$_ConfigureW@4
16B68 5 __ehfuncinfo$?GetPluginConfig@@YAXXZ
16B8C 5 __unwindtable$?GetPluginConfig@@YAXXZ
16B9C 42 __TI2?AVbad_alloc@std@@
16BAC 42 __CTA2?AVbad_alloc@std@@
16BB8 42 __CT??_R0?AVlogic_error@std@@@8??0logic_error@std@@QAE@ABV01@@Z12
16BD4 42 __TI3?AVlength_error@std@@
16BE4 42 __CTA3?AVlength_error@std@@
16BF4 42 __CT??_R0?AVlength_error@std@@@8??0length_error@std@@QAE@ABV01@@Z12
16C10 16 __sehtable$?dllmain_crt_process_attach@@YAHQAUHINSTANCE__@@QAX@Z
16C30 16 __sehtable$?dllmain_crt_process_detach@@YAH_N@Z
16C58 16 __sehtable$?dllmain_dispatch@@YAHQAUHINSTANCE__@@KQAX@Z
16C78 38 __sehtable$___scrt_is_nonwritable_in_current_image
16C98 157 __sehtable$___DestructExceptionObject
16CB8 161 __sehtable$?FrameUnwindToState@__FrameHandler3@@SAXPAUEHRegistrationNode@@PAXPBU_s_FuncInfo@@H@Z
16CE0 161 __sehtable$?CallCatchBlock@@YAPAXPAUEHExceptionRecord@@PAUEHRegistrationNode@@PAU_CONTEXT@@PBU_s_FuncInfo@@PAXHK@Z
16D08 161 __catchsym$?CallUnexpected@@YAXPBU_s_ESTypeList@@@Z$2
16D18 161 __unwindtable$?CallUnexpected@@YAXPBU_s_ESTypeList@@@Z
16D28 161 __tryblocktable$?CallUnexpected@@YAXPBU_s_ESTypeList@@@Z
16D3C 161 __ehfuncinfo$?CallUnexpected@@YAXPBU_s_ESTypeList@@@Z
16D60 161 __sehtable$??$BuildCatchObjectHelperInternal@V__FrameHandler3@@@@YAHPAUEHExceptionRecord@@PAXPBU_s_HandlerType@@PBU_s_CatchableType@@@Z
16D80 161 __sehtable$??$BuildCatchObjectInternal@V__FrameHandler3@@@@YAXPAUEHExceptionRecord@@PAXPBU_s_HandlerType@@PBU_s_CatchableType@@@Z
16D9C 161 __TI2?AVbad_exception@std@@
16DAC 161 __CTA2?AVbad_exception@std@@
16DB8 161 __CT??_R0?AVbad_exception@std@@@8??0bad_exception@std@@QAE@ABV01@@Z12
16DD8 122 __sehtable$__query_new_handler
16DF4 69 __unwindtable$?common_exit@@YAXHW4_crt_exit_cleanup_mode@@W4_crt_exit_return_mode@@@Z
16DFC 69 __ehfuncinfo$?common_exit@@YAXHW4_crt_exit_cleanup_mode@@W4_crt_exit_return_mode@@@Z
16E20 69 __sehtable$??R<lambda_6e4b09c48022b2350581041d5f6b0c4c>@@QBE@XZ
16E40 69 __sehtable$??$?RV<lambda_03b1d95aef87969028cfba75ccab2455>@@AAV<lambda_6e4b09c48022b2350581041d5f6b0c4c>@@V<lambda_22bdf7517842c4b3e53723af5aa32b9e>@@@?$__crt_seh_guarded_call@X@@QAEX$$QAV<lambda_03b1d95aef87969028cfba75ccab2455>@@AAV<lambda_6e4b09c48022b2350581041d5f6b0c4c>@@$$QAV<lambda_22bdf7517842c4b3e53723af5aa32b9e>@@@Z
16E5C 66 __unwindtable$___dcrt_uninitialize_environments_nolock
16E6C 66 __ehfuncinfo$___dcrt_uninitialize_environments_nolock
16E90 125 __unwindtable$__execute_onexit_table
16E98 125 __ehfuncinfo$__execute_onexit_table
16EC0 125 __sehtable$??$?RV<lambda_69a2805e680e0e292e8ba93315fe43a8>@@AAV<lambda_f03950bc5685219e0bcd2087efbe011e>@@V<lambda_03fcd07e894ec930e3f35da366ca99d6>@@@?$__crt_seh_guarded_call@H@@QAEH$$QAV<lambda_69a2805e680e0e292e8ba93315fe43a8>@@AAV<lambda_f03950bc5685219e0bcd2087efbe011e>@@$$QAV<lambda_03fcd07e894ec930e3f35da366ca99d6>@@@Z
16EE0 147 __sehtable$_terminate
16F00 129 __sehtable$??$?RV<lambda_15ade71b0218206bbe3333a0c9b79046>@@AAV<lambda_da44e0f8b0f19ba52fefafb335991732>@@V<lambda_207f2d024fc103971653565357d6cd41>@@@?$__crt_seh_guarded_call@X@@QAEX$$QAV<lambda_15ade71b0218206bbe3333a0c9b79046>@@AAV<lambda_da44e0f8b0f19ba52fefafb335991732>@@$$QAV<lambda_207f2d024fc103971653565357d6cd41>@@@Z
16F20 129 __sehtable$??$?RV<lambda_a7e850c220f1c8d1e6efeecdedd162c6>@@AAV<lambda_46720907175c18b6c9d2717bc0d2d362>@@V<lambda_9048902d66e8d99359bc9897bbb930a8>@@@?$__crt_seh_guarded_call@X@@QAEX$$QAV<lambda_a7e850c220f1c8d1e6efeecdedd162c6>@@AAV<lambda_46720907175c18b6c9d2717bc0d2d362>@@$$QAV<lambda_9048902d66e8d99359bc9897bbb930a8>@@@Z
16F40 129 __sehtable$??$?RV<lambda_38edbb1296d33220d7e4dd0ed76b244a>@@AAV<lambda_5ce1d447e08cb34b2473517608e21441>@@V<lambda_fb385d3da700c9147fc39e65dd577a8c>@@@?$__crt_seh_guarded_call@X@@QAEX$$QAV<lambda_38edbb1296d33220d7e4dd0ed76b244a>@@AAV<lambda_5ce1d447e08cb34b2473517608e21441>@@$$QAV<lambda_fb385d3da700c9147fc39e65dd577a8c>@@@Z
16F60 129 __sehtable$??$?RV<lambda_6affb1475c98b40b75cdec977db92e3c>@@AAV<lambda_b8d4b9c228a6ecc3f80208dbb4b4a104>@@V<lambda_608742c3c92a14382c1684fc64f96c88>@@@?$__crt_seh_guarded_call@X@@QAEX$$QAV<lambda_6affb1475c98b40b75cdec977db92e3c>@@AAV<lambda_b8d4b9c228a6ecc3f80208dbb4b4a104>@@$$QAV<lambda_608742c3c92a14382c1684fc64f96c88>@@@Z
16F80 155 __sehtable$??$?RV<lambda_e5124f882df8998aaf41531e079ba474>@@AAV<lambda_3e16ef9562a7dcce91392c22ab16ea36>@@V<lambda_e25ca0880e6ef98be67edffd8c599615>@@@?$__crt_seh_guarded_call@X@@QAEX$$QAV<lambda_e5124f882df8998aaf41531e079ba474>@@AAV<lambda_3e16ef9562a7dcce91392c22ab16ea36>@@$$QAV<lambda_e25ca0880e6ef98be67edffd8c599615>@@@Z
16FA0 114 __sehtable$?update_thread_multibyte_data_internal@@YAPAU__crt_multibyte_data@@QAU__acrt_ptd@@QAPAU1@@Z
16FC0 114 __sehtable$??$?RV<lambda_ceb1ee4838e85a9d631eb091e2fbe199>@@AAV<lambda_ae742caa10f662c28703da3d2ea5e57e>@@V<lambda_cd08b5d6af4937fe54fc07d0c9bf6b37>@@@?$__crt_seh_guarded_call@X@@QAEX$$QAV<lambda_ceb1ee4838e85a9d631eb091e2fbe199>@@AAV<lambda_ae742caa10f662c28703da3d2ea5e57e>@@$$QAV<lambda_cd08b5d6af4937fe54fc07d0c9bf6b37>@@@Z
16FE0 95 __sehtable$___acrt_initialize_lowio
17000 138 __sehtable$_raise
17020 138 __sehtable$??$?RV<lambda_cbab9ec6f41b0180b23cc171c22676b0>@@AAV<lambda_44731a7d0e6d81c3e6aa82d741081786>@@V<lambda_4b292cb8dd18144e164572427af410ab>@@@?$__crt_seh_guarded_call@P6AXH@Z@@QAEP6AXH@Z$$QAV<lambda_cbab9ec6f41b0180b23cc171c22676b0>@@AAV<lambda_44731a7d0e6d81c3e6aa82d741081786>@@$$QAV<lambda_4b292cb8dd18144e164572427af410ab>@@@Z
17040 72 __sehtable$??$?RV<lambda_2866be3712abc81a800a822484c830d8>@@AAV<lambda_39ca0ed439415581b5b15c265174cece>@@V<lambda_2b24c74d71094a6cd0cb82e44167d71b>@@@?$__crt_seh_guarded_call@X@@QAEX$$QAV<lambda_2866be3712abc81a800a822484c830d8>@@AAV<lambda_39ca0ed439415581b5b15c265174cece>@@$$QAV<lambda_2b24c74d71094a6cd0cb82e44167d71b>@@@Z
17060 72 __sehtable$??$?RV<lambda_2cc53f568c5a2bb6f192f930a45d44ea>@@AAV<lambda_ab61a845afdef5b7c387490eaf3616ee>@@V<lambda_c2ffc0b7726aa6be21d5f0026187e748>@@@?$__crt_seh_guarded_call@X@@QAEX$$QAV<lambda_2cc53f568c5a2bb6f192f930a45d44ea>@@AAV<lambda_ab61a845afdef5b7c387490eaf3616ee>@@$$QAV<lambda_c2ffc0b7726aa6be21d5f0026187e748>@@@Z
17080 102 __sehtable$___acrt_update_thread_locale_data
170A0 126 __sehtable$___acrt_lowio_ensure_fh_exists
170C0 61 __sehtable$??$?RV<lambda_9e9de3de5fa147e2223d7db92bc10aa6>@@AAV<lambda_38ce7e780aa69e748d6df282ebc68efe>@@V<lambda_8ca6da459f0f6780f1cff60fdc3d00e5>@@@?$__crt_seh_guarded_call@H@@QAEH$$QAV<lambda_9e9de3de5fa147e2223d7db92bc10aa6>@@AAV<lambda_38ce7e780aa69e748d6df282ebc68efe>@@$$QAV<lambda_8ca6da459f0f6780f1cff60fdc3d00e5>@@@Z
170E0 154 __sehtable$__write_internal
17100 60 __sehtable$__fcloseall
17120 70 __sehtable$?_fclose_internal@@YAHQAU_iobuf@@AAV__crt_cached_ptd_host@@@Z
17140 59 __sehtable$??$?RV<lambda_d422a76eb4c3bf3ad751449ab71a6ea4>@@AAV<lambda_c9ba49e555ba839a7b07aa3fbecb7617>@@V<lambda_9476263c8ee91a25d21c55370bdb50de>@@@?$__crt_seh_guarded_call@H@@QAEH$$QAV<lambda_d422a76eb4c3bf3ad751449ab71a6ea4>@@AAV<lambda_c9ba49e555ba839a7b07aa3fbecb7617>@@$$QAV<lambda_9476263c8ee91a25d21c55370bdb50de>@@@Z
17160 31 __sehtable$__IsNonwritableInCurrentImage
1717C 5 __CTA3?AVbad_array_new_length@std@@
1718C 5 __CT??_R0?AVbad_alloc@std@@@8??0bad_alloc@std@@QAE@ABV01@@Z12
171A8 5 __CT??_R0?AVexception@std@@@8??0exception@std@@QAE@ABV01@@Z12
171C4 5 __TI3?AVbad_array_new_length@std@@
171D4 5 __CT??_R0?AVbad_array_new_length@std@@@8??0bad_array_new_length@std@@QAE@ABV01@@Z12
171F0 4 .edata
17218 4 rgpv
17230 4 rgszName
17248 4 rgwOrd
17254 4 szName
17262 4 $N00001
1726D 4 $N00002
1727C 4 $N00003
1728B 4 $N00004
17291 4 $N00005
172A5 4 $N00006
172B8 41 __IMPORT_DESCRIPTOR_KERNEL32
172CC 178 __IMPORT_DESCRIPTOR_RPCRT4
172E0 41 __NULL_IMPORT_DESCRIPTOR
175E6 41 .idata$6
17606 178 .idata$6
18000 22 ___security_cookie
18040 22 ___security_cookie_complement
18044 38 ___scrt_native_dllmain_reason
18050 11 ___isa_inverted
18058 11 ___isa_enabled
18060 168 ?__vcrt_flsindex@@3KA
18070 159 __NLG_Destination
18080 51 ___abort_behavior
18090 129 ?__acrt_flsindex@@3KA
18098 124 ___acrt_initial_locale_data
18150 124 ___acrt_initial_locale_pointers
18158 124 ___acrt_wide_c_locale_string
1815C 67 ?errno_no_memory@@3HA
18160 67 ?doserrno_no_memory@@3KA
18168 114 ___acrt_initial_multibyte_data
18388 114 __mbctypes
18490 114 __mbcasemaps
18590 114 ?__rgctypeflag@@3PADA
18598 114 ?__rgcode_page_info@@3PAUcode_page_info@@A
18688 47 __iob
18730 104 ___acrt_lconv_c
18780 104 ___acrt_lconv_static_decimal
18784 104 ___acrt_lconv_static_W_decimal
18788 85 ___globallocalestatus
18790 133 __lookuptrailbytes
18890 88 ?__dcrt_lowio_console_output_handle@@3PAXA
188A0 20 __fltused
188B0 42 ??_R0?AVlogic_error@std@@@8
188D0 42 ??_R0?AVlength_error@std@@@8
188F0 161 ??_R0?AVbad_exception@std@@@8
18910 5 ??_R0?AVbad_alloc@std@@@8
1892C 5 ??_R0?AVexception@std@@@8
18948 5 ??_R0?AVbad_array_new_length@std@@@8
18970 34 ??_R0?AVtype_info@@@8
18988 5 ??_R0?AVPluginEditFieldBinding@@@8
189B0 5 ??_R0?AVPluginRadioButtonBinding@@@8
189D8 5 ??_R0?AVDialogAPIBinding@@@8
189F8 5 ??_R0?AVPluginCheckBoxBinding@@@8
18A20 23 _GS_ExceptionRecord
18A70 23 _GS_ContextRecord
18D3C 16 ?__proc_attached@@3HA
18D40 36 ?__type_info_root_node@@3U__type_info_node@@A
18D48 12 ?_OptionsStorage@?1??__local_stdio_printf_options@@9@4_KA
18D50 12 ?_OptionsStorage@?1??__local_stdio_scanf_options@@9@4_KA
18D58 38 ___scrt_current_native_startup_state
18D5C 38 ___scrt_native_startup_lock
18D60 38 ?is_initialized_as_dll@@3_NA
18D61 38 ?module_local_atexit_table_initialized@@3_NA
18D64 38 ?module_local_atexit_table@@3U_onexit_table_t@@A
18D70 38 ?module_local_at_quick_exit_table@@3U_onexit_table_t@@A
18D7C 39 ___scrt_debugger_hook_flag
18D80 11 ___avx10_version
18D84 11 ___isa_available
18D88 11 ___favor
18D8C 157 ?__WinRTOutOfMemoryExceptionCallback@@3P6GPAXXZA
18D90 168 ?__vcrt_startup_thread_ptd@@3U__vcrt_ptd@@A
18DB8 169 ___pPurecall
18DBC 174 ?pArgList@UnDecorator@@0PAVReplicator@@A
18DC0 174 ?pZNameList@UnDecorator@@0PAVReplicator@@A
18DC4 174 ?pTemplateArgList@UnDecorator@@0PAVReplicator@@A
18DC8 174 ?gName@UnDecorator@@0PBDB
18DCC 174 ?name@UnDecorator@@0PBDB
18DD0 174 ?disableFlags@UnDecorator@@0KA
18DD4 174 ?fExplicitTemplateParams@UnDecorator@@0_NA
18DD5 174 ?fGetTemplateArgumentList@UnDecorator@@0_NA
18DD8 174 ?m_pGetParameter@UnDecorator@@0P6APADJ@ZA
18DDC 174 ?m_CHPENameOffset@UnDecorator@@0KA
18DE0 174 ?m_recursionLevel@UnDecorator@@0KA
18DE4 174 ?heap@@3V_HeapManager@@A
18DF8 164 ___vcrt_lock_table
18E10 164 ___vcrt_locks_initialized
18E14 177 ?module_handles@@3PAPAUHINSTANCE__@@A
18E20 177 ?function_pointers@@3PAPAXA
18E34 94 ?__acrt_invalid_parameter_handler@@3V?$dual_state_global@P6AXPB_W00II@Z@__crt_state_management@@A
18E38 122 ?__acrt_new_handler@@3V?$dual_state_global@P6AHI@Z@__crt_state_management@@A
18E3C 69 ?c_termination_complete@@3JA
18E40 69 ?thread_local_exit_callback_func@@3P6GXPAXK0@ZA
18E44 69 ?c_exit_complete@?1???R<lambda_6e4b09c48022b2350581041d5f6b0c4c>@@QBE@XZ@4_NA
18E48 53 ?program_name@?1???$common_configure_argv@D@@YAHW4_crt_argv_mode@@@Z@4PADA
18F50 66 __environ_table
18F54 66 __wenviron_table
18F58 66 ___dcrt_initial_wide_environment
18F5C 66 ___dcrt_initial_narrow_environment
18F60 125 ___acrt_atexit_table
18F6C 125 ___acrt_at_quick_exit_table
18F78 155 ___acrt_locale_changed_data
18F7C 124 ___acrt_current_locale_data
18F80 105 ?__acrt_lock_table@@3PAU_RTL_CRITICAL_SECTION@@A
190D0 105 ?__acrt_locks_initialized@@3IA
190D4 114 __mbctype
190D8 114 __mbcasemap
190DC 114 ___acrt_current_multibyte_data
190E0 114 ?fSystemSet@@3HA
190E4 114 ?initialized@?1??__acrt_initialize_multibyte@@9@4_NA
190E8 52 __pgmptr
190EC 52 ___argc
190F0 52 ___argv
190F4 52 ___wargv
190F8 52 __acmdln
190FC 52 __wcmdln
19100 153 ?module_handles@@3PAPAUHINSTANCE__@@A
19158 153 ?encoded_function_pointers@@3PAPAXA
191E4 86 ___acrt_heap
191E8 95 ___pioinfo
193E8 95 __nhandle
193EC 138 ?ctrlc_action@@3V?$dual_state_global@P6AXH@Z@__crt_state_management@@A
193F0 138 ?ctrlbreak_action@@3V?$dual_state_global@P6AXH@Z@__crt_state_management@@A
193F4 138 ?abort_action@@3V?$dual_state_global@P6AXH@Z@__crt_state_management@@A
193F8 138 ?term_action@@3V?$dual_state_global@P6AXH@Z@__crt_state_management@@A
193FC 112 ?user_matherr@@3V?$dual_state_global@P6AHPAU_exception@@@Z@__crt_state_management@@A
19400 47 __nstream
19404 47 ___piob
19408 49 ___acrt_stdout_buffer
1940C 49 ___acrt_stderr_buffer
19410 118 ?internal_state@?1??_mbtowc_internal@@9@4U_Mbstatet@@A
19418 104 ___acrt_lconv_static_null
1941C 104 ___acrt_lconv_static_W_null
19420 123 ?__acrt_global_new_mode@@3V?$dual_state_global@J@__crt_state_management@@A
19424 136 ?__acrt_app_type@@3W4_crt_app_type@@A
19428 115 ?internal_pst@?1??__mbrtoc32_utf8@__crt_mbstring@@YAIPA_UPBDIPAU_Mbstatet@@AAV__crt_cached_ptd_host@@@Z@4U3@A
19430 74 ___fastflag
19434 100 __pmatherr_set
19438 5 ?ptrName@?BB@??OpenW@@9@4@4PA_WA
1943C 5 ?ptrTopic@?BB@??OpenW@@9@4@4PA_WA
19440 5 ?PluginConfigStrings@?1??GetPluginInfoW@@9@4@4PAPB_WA
19444 5 ?PluginMenuStrings@?4??GetPluginInfoW@@9@4@4PAPB_WA
19450 5 ?FSF@@3UFarStandardFunctions@@A
19518 5 ?PsInfo@@3UPluginStartupInfo@@A
195B0 5 ?Opt@@3UOptions@@A
19860 5 ?cmdbuf@?BB@??OpenW@@9@4@4PA_WA
1A060 5 ?FileName@?BB@??OpenW@@9@4@4PA_WA
1A268 180 ?FunctionPointer@?1??Wrapper_FlsAlloc@@9@4@4Q6GKP6GXPAX@Z@ZA
1A26C 180 ?FunctionPointer@?1??Wrapper_CompareStringEx@@9@36@4Q6GHPB_WK0H0HPAU_nlsversioninfo@@PAXJ@ZA
1A270 180 ?FunctionPointer@?1??Wrapper_InitializeSListHead@@9@4@4Q6GXPAT_SLIST_HEADER@@@ZA
1A274 180 ?$S11@?1??Wrapper_InitializeCriticalSectionEx@@9@12@4IA
1A278 180 ?$S6@?1??Wrapper_InterlockedFlushSList@@9@4@4IA
1A27C 180 ?FunctionPointer@?1??Wrapper_WakeAllConditionVariable@@9@4@4Q6GXPAU_RTL_CONDITION_VARIABLE@@@ZA
1A280 180 ?$S4@?1??Wrapper_GetModuleHandleExW@@9@12@4IA
1A284 180 ?Cookie@?1??XorPointer@@YAPAXPAX@Z@4IB
1A288 180 ?FunctionPointer@?1??Wrapper_GetLogicalProcessorInformation@@9@8@4Q6GHPAU_SYSTEM_LOGICAL_PROCESSOR_INFORMATION@@PAK@ZA
1A28C 180 ?$S1@?1??XorPointer@@YAPAXPAX@Z@4IA
1A290 180 ?FunctionPointer@?1??Wrapper_SleepConditionVariableSRW@@9@16@4Q6GHPAU_RTL_CONDITION_VARIABLE@@PAU_RTL_SRWLOCK@@KK@ZA
1A294 180 ?$S13@?1??Wrapper_LCMapStringEx@@9@36@4IA
1A298 180 ?$S10@?1??Wrapper_SetThreadStackGuarantee@@9@4@4IA
1A29C 180 ?FunctionPointer@?1??Wrapper_TryAcquireSRWLockExclusive@@9@4@4Q6GEPAU_RTL_SRWLOCK@@@ZA
1A2A0 180 ?$S12@?1??Wrapper_CompareStringEx@@9@36@4IA
1A2A4 180 ?$S16@?1??Wrapper_AcquireSRWLockExclusive@@9@4@4IA
1A2A8 180 ?FunctionPointer@?1??Wrapper_GetModuleHandleExW@@9@12@4Q6GHKPB_WPAPAUHINSTANCE__@@@ZA
1A2AC 180 ?$S7@?1??Wrapper_InterlockedPushEntrySList@@9@8@4IA
1A2B0 180 ?$S9@?1??Wrapper_GetLogicalProcessorInformation@@9@8@4IA
1A2B4 180 ?$S23@?1??Wrapper_FlsFree@@9@4@4IA
1A2B8 180 ?$S8@?1??Wrapper_GetNumaHighestNodeNumber@@9@4@4IA
1A2BC 180 ?$S5@?1??Wrapper_InitializeSListHead@@9@4@4IA
1A2C0 180 ?FunctionPointer@?1??Wrapper_FlsGetValue@@9@4@4Q6GPAXK@ZA
1A2C4 180 ?FunctionPointer@?1??Wrapper_DecodePointer@@9@4@4Q6GPAXPAX@ZA
1A2C8 180 ?FunctionPointer@?1??Wrapper_SetThreadStackGuarantee@@9@4@4Q6GHPAK@ZA
1A2CC 180 ?$S14@?1??Wrapper_SleepConditionVariableSRW@@9@16@4IA
1A2D0 180 ?$S21@?1??Wrapper_FlsGetValue@@9@4@4IA
1A2D4 180 ?$S18@?1??Wrapper_TryAcquireSRWLockExclusive@@9@4@4IA
1A2D8 180 ?$S15@?1??Wrapper_WakeAllConditionVariable@@9@4@4IA
1A2DC 180 ?FunctionPointer@?1??Wrapper_FlsFree@@9@4@4Q6GHK@ZA
1A2E0 180 ?$S3@?1??Wrapper_DecodePointer@@9@4@4IA
1A2E4 180 ?$S20@?1??Wrapper_FlsAlloc@@9@4@4IA
1A2E8 180 ?$S19@?1??Wrapper_InitializeSRWLock@@9@4@4IA
1A2EC 180 ?FunctionPointer@?1??Wrapper_InterlockedFlushSList@@9@4@4Q6GPAU_SINGLE_LIST_ENTRY@@PAT_SLIST_HEADER@@@ZA
1A2F0 180 ?FunctionPointer@?1??Wrapper_InterlockedPushEntrySList@@9@8@4Q6GPAU_SINGLE_LIST_ENTRY@@PAT_SLIST_HEADER@@PAU2@@ZA
1A2F4 180 ?$S17@?1??Wrapper_ReleaseSRWLockExclusive@@9@4@4IA
1A2F8 180 ?$S2@?1??Wrapper_EncodePointer@@9@4@4IA
1A2FC 180 ?FunctionPointer@?1??Wrapper_InitializeSRWLock@@9@4@4Q6GXPAU_RTL_SRWLOCK@@@ZA
1A300 180 ?Ptr@?1???R<lambda_1>@?1??XorPointer@@YAPAXPAX@Z@QBE@XZ@4PAXA
1A304 180 ?FunctionPointer@?1??Wrapper_EncodePointer@@9@4@4Q6GPAXPAX@ZA
1A308 180 ?$S22@?1??Wrapper_FlsSetValue@@9@8@4IA
1A30C 180 ?FunctionPointer@?1??Wrapper_InitializeCriticalSectionEx@@9@12@4Q6GHPAU_RTL_CRITICAL_SECTION@@KK@ZA
1A310 180 ?FunctionPointer@?1??Wrapper_ReleaseSRWLockExclusive@@9@4@4Q6GXPAU_RTL_SRWLOCK@@@ZA
1A314 180 ?FunctionPointer@?1??Wrapper_LCMapStringEx@@9@36@4Q6GHPB_WK0HPA_WHPAU_nlsversioninfo@@PAXJ@ZA
1A318 180 ?FunctionPointer@?1??Wrapper_GetNumaHighestNodeNumber@@9@4@4Q6GHPAK@ZA
1A31C 180 ?FunctionPointer@?1??Wrapper_AcquireSRWLockExclusive@@9@4@4Q6GXPAU_RTL_SRWLOCK@@@ZA
1A320 180 ?FunctionPointer@?1??Wrapper_FlsSetValue@@9@8@4Q6GHKPAX@ZA
1A324 2 ___scrt_ucrt_dll_is_in_use
1A328 2 ___dyn_tls_init_callback
1A32C 2 __pmatherr
1A330 2 ___use_sse2_mathfcns
1B060 6 $R000000
