MINIMAP

FILES
0 *
1 <absolute>
2 <common>
3 <linker-defined>
4 Align.exp
5 Align.obj
6 Align.res
7 LIBCMT:alloca16.obj
8 LIBCMT:argv_mode.obj
9 LIBCMT:checkcfg.obj
10 LIBCMT:chkstk.obj
11 LIBCMT:cpu_disp.obj
12 LIBCMT:default_local_stdio_options.obj
13 LIBCMT:delete_array.obj
14 LIBCMT:delete_scalar.obj
15 LIBCMT:delete_scalar_size.obj
16 LIBCMT:dll_dllmain.obj
17 LIBCMT:dll_dllmain_stub.obj
18 LIBCMT:dyn_tls_init.obj
19 LIBCMT:ehprolg3.obj
20 LIBCMT:fltused.obj
21 LIBCMT:ftol2.obj
22 LIBCMT:gs_cookie.obj
23 LIBCMT:gs_report.obj
24 LIBCMT:gs_support.obj
25 LIBCMT:guard_support.obj
26 LIBCMT:initializers.obj
27 LIBCMT:initsect.obj
28 LIBCMT:loadcfg.obj
29 LIBCMT:new_array.obj
30 LIBCMT:new_scalar.obj
31 LIBCMT:pesect.obj
32 LIBCMT:secchk.obj
33 LIBCMT:sehprolg4.obj
34 LIBCMT:std_type_info_static.obj
35 LIBCMT:throw_bad_alloc.obj
36 LIBCMT:tncleanup.obj
37 LIBCMT:ucrt_detection.obj
38 LIBCMT:utility.obj
39 LIBCMT:utility_desktop.obj
40 LIBCMT:x86_exception_filter.obj
41 kernel32:KERNEL32.dll
42 libucrt:87disp.obj
43 libucrt:87except.obj
44 libucrt:87tran.obj
45 libucrt:_fenvutils.obj
46 libucrt:_file.obj
47 libucrt:_freebuf.obj
48 libucrt:_sftbuf.obj
49 libucrt:_strnicm.obj
50 libucrt:abort.obj
51 libucrt:argv_data.obj
52 libucrt:argv_parsing.obj
53 libucrt:argv_wildcards.obj
54 libucrt:calloc.obj
55 libucrt:calloc_base.obj
56 libucrt:ceil.obj
57 libucrt:ceil_pentium4.obj
58 libucrt:close.obj
59 libucrt:closeall.obj
60 libucrt:commit.obj
61 libucrt:common.obj
62 libucrt:common_utf8.obj
63 libucrt:console_output_initializer.obj
64 libucrt:ctype.obj
65 libucrt:environment_initialization.obj
66 libucrt:errno.obj
67 libucrt:exception_filter.obj
68 libucrt:exit.obj
69 libucrt:fclose.obj
70 libucrt:fegetround.obj
71 libucrt:fflush.obj
72 libucrt:fileno.obj
73 libucrt:fp_flags.obj
74 libucrt:fpctrl.obj
75 libucrt:fpexcept.obj
76 libucrt:free.obj
77 libucrt:free_base.obj
78 libucrt:frnd.obj
79 libucrt:genexcep.obj
80 libucrt:get_environment_from_os.obj
81 libucrt:getmodulefilenamea.obj
82 libucrt:getstringtypea.obj
83 libucrt:glstatus.obj
84 libucrt:heap_handle.obj
85 libucrt:ieeemisc.obj
86 libucrt:initcon.obj
87 libucrt:initialization.obj
88 libucrt:initmon.obj
89 libucrt:initnum.obj
90 libucrt:initterm.obj
91 libucrt:inittime.obj
92 libucrt:invalid_parameter.obj
93 libucrt:ioinit.obj
94 libucrt:isatty.obj
95 libucrt:ismbbyte.obj
96 libucrt:lcidtoname_downlevel.obj
97 libucrt:lcmapstringa.obj
98 libucrt:libm_error.obj
99 libucrt:locale_initializer.obj
100 libucrt:locale_refcounting.obj
101 libucrt:locale_update.obj
102 libucrt:localeconv.obj
103 libucrt:locks.obj
104 libucrt:log10_impl.obj
105 libucrt:log10_pentium4.obj
106 libucrt:log10_tables.obj
107 libucrt:lseek.obj
108 libucrt:malloc.obj
109 libucrt:malloc_base.obj
110 libucrt:matherr.obj
111 libucrt:mathfcns.obj
112 libucrt:mbctype.obj
113 libucrt:mbrtoc32.obj
114 libucrt:mbrtowc.obj
115 libucrt:mbsdec.obj
116 libucrt:mbtowc.obj
117 libucrt:msize.obj
118 libucrt:multibyte_initializer.obj
119 libucrt:multibytetowidechar.obj
120 libucrt:new_handler.obj
121 libucrt:new_mode.obj
122 libucrt:nlsdata.obj
123 libucrt:onexit.obj
124 libucrt:osfinfo.obj
125 libucrt:output.obj
126 libucrt:peb_access.obj
127 libucrt:per_thread_data.obj
128 libucrt:powhlp.obj
129 libucrt:putwch.obj
130 libucrt:qsort.obj
131 libucrt:read.obj
132 libucrt:realloc.obj
133 libucrt:realloc_base.obj
134 libucrt:recalloc.obj
135 libucrt:report_runtime_error.obj
136 libucrt:shared_initialization.obj
137 libucrt:signal.obj
138 libucrt:sse2_initializer.obj
139 libucrt:stdio_initializer.obj
140 libucrt:strcpy_s.obj
141 libucrt:stream.obj
142 libucrt:strncmp.obj
143 libucrt:strncnt.obj
144 libucrt:strncpy_s.obj
145 libucrt:strpbrk.obj
146 libucrt:terminate.obj
147 libucrt:util.obj
148 libucrt:wcsncmp.obj
149 libucrt:wcsnicmp.obj
150 libucrt:widechartomultibyte.obj
151 libucrt:win_policies.obj
152 libucrt:winapi_thunks.obj
153 libucrt:write.obj
154 libucrt:wsetlocale.obj
155 libvcruntime:chandler4.obj
156 libvcruntime:ehhelpers.obj
157 libvcruntime:ehstate.obj
158 libvcruntime:exsup.obj
159 libvcruntime:exsup4.obj
160 libvcruntime:frame.obj
161 libvcruntime:initialization.obj
162 libvcruntime:jbcxrval.obj
163 libvcruntime:locks.obj
164 libvcruntime:lowhelpr.obj
165 libvcruntime:memcpy.obj
166 libvcruntime:memset.obj
167 libvcruntime:per_thread_data.obj
168 libvcruntime:purevirt_data.obj
169 libvcruntime:std_exception.obj
170 libvcruntime:std_type_info.obj
171 libvcruntime:throw.obj
172 libvcruntime:trnsctrl.obj
173 libvcruntime:undname.obj
174 libvcruntime:unexpected.obj
175 libvcruntime:winapi_downlevel.obj
176 vc_crt_fix.obj
177 vc_crt_fix_impl.obj

SYMBOLS
0 1 ___AbsoluteZero
B 1 ___safe_se_handler_count
100 1 ___guard_flags
1000 5 ?SaveValue@PluginCheckBoxBinding@@UAEXPBUFarDialogItem@@H@Z
1050 0 ??_EPluginCheckBoxBinding@@UAEPAXI@Z
1070 5 ?SaveValue@PluginIntEditFieldBinding@@UAEXPBUFarDialogItem@@H@Z
10A0 0 ??_EPluginIntEditFieldBinding@@UAEPAXI@Z
10D0 5 ??0PluginDialogBuilder@@QAE@ABUPluginStartupInfo@@ABU_GUID@@1HPB_WP6GHPAXHH3@Z3_K@Z
12F0 5 ?AddCheckbox@PluginDialogBuilder@@QAEPAUFarDialogItem@@HPAHH_N@Z
13DC 5 $LN40
13EC 5 $LN39
1400 5 ?AddButtons@PluginDialogBuilder@@QAEXHPBHHH@Z
1604 5 $LN52
1614 5 $LN51
1620 5 ?ShowDialogEx@PluginDialogBuilder@@QAEHXZ
1894 5 $LN76
18A4 5 $LN75
18B0 5 ?AddDialogItem@PluginDialogBuilder@@AAEPAUFarDialogItem@@W4FARDIALOGITEMTYPES@@PB_W@Z
19E0 5 _GetGlobalInfoW@4
1A70 5 _SetStartupInfoW@4
1AB0 5 _GetPluginInfoW@4
1B00 5 _OpenW@4
21C0 5 $LN137
21D0 5 $LN136
21F0 5 ?ReformatBlock@@YAXHHH@Z
2950 5 ?JustifyBlock@@YAXH@Z
2BF0 5 ?JustifyString@@YA_NHAAUEditorSetString@@@Z
2D70 177 _Wrapper_EncodePointer@4
2DC0 177 ?impl@implementation@?1??Wrapper_DecodePointer@@YGPAXPAX@Z@SGPAX0@Z
2E30 177 _Wrapper_DecodePointer@4
2E80 177 _Wrapper_GetModuleHandleExW@12
2ED0 177 ?impl@implementation@?1??Wrapper_GetModuleHandleExW@@YGHKPB_WPAPAUHINSTANCE__@@@Z@SGHK01@Z
2FA0 177 _Wrapper_InitializeSListHead@4
2FF0 177 ?impl@implementation@?1??Wrapper_InitializeSListHead@@YGXPAT_SLIST_HEADER@@@Z@SGX0@Z
3010 177 _Wrapper_InterlockedFlushSList@4
3060 177 ?impl@implementation@?1??Wrapper_InterlockedFlushSList@@YGPAU_SINGLE_LIST_ENTRY@@PAT_SLIST_HEADER@@@Z@SGPAU3@0@Z
30D0 177 _Wrapper_InterlockedPushEntrySList@8
3120 177 ?impl@implementation@?1??Wrapper_InterlockedPushEntrySList@@YGPAU_SINGLE_LIST_ENTRY@@PAT_SLIST_HEADER@@PAU3@@Z@SGPAU3@01@Z
3180 177 _Wrapper_GetNumaHighestNodeNumber@4
31D0 177 ?impl@implementation@?1??Wrapper_GetNumaHighestNodeNumber@@YGHPAK@Z@SGH0@Z
31F0 177 _Wrapper_GetLogicalProcessorInformation@8
3240 177 ?impl@implementation@?1??Wrapper_GetLogicalProcessorInformation@@YGHPAU_SYSTEM_LOGICAL_PROCESSOR_INFORMATION@@PAK@Z@SGH01@Z
3250 177 _Wrapper_SetThreadStackGuarantee@4
32A0 177 ?impl@implementation@?1??Wrapper_SetThreadStackGuarantee@@YGHPAK@Z@SGH0@Z
32B0 177 _Wrapper_InitializeCriticalSectionEx@12
3300 177 ?impl@implementation@?1??Wrapper_InitializeCriticalSectionEx@@YGHPAU_RTL_CRITICAL_SECTION@@KK@Z@SGH0KK@Z
3330 177 _Wrapper_CompareStringEx@36
3380 177 ?impl@implementation@?1??Wrapper_CompareStringEx@@YGHPB_WK0H0HPAU_nlsversioninfo@@PAXJ@Z@SGH0K0H0H12J@Z
33E0 177 _Wrapper_LCMapStringEx@36
3430 177 ?impl@implementation@?1??Wrapper_LCMapStringEx@@YGHPB_WK0HPA_WHPAU_nlsversioninfo@@PAXJ@Z@SGH0K0H1H23J@Z
3490 177 _Wrapper_SleepConditionVariableSRW@16
34E0 177 ?impl@implementation@?1??Wrapper_SleepConditionVariableSRW@@YGHPAU_RTL_CONDITION_VARIABLE@@PAU_RTL_SRWLOCK@@KK@Z@SGH01KK@Z
34F0 177 _Wrapper_WakeAllConditionVariable@4
3540 177 ?impl@implementation@?1??Wrapper_AcquireSRWLockExclusive@@YGXPAU_RTL_SRWLOCK@@@Z@SGX0@Z
3550 177 _Wrapper_AcquireSRWLockExclusive@4
35A0 177 _Wrapper_ReleaseSRWLockExclusive@4
35F0 177 _Wrapper_TryAcquireSRWLockExclusive@4
3640 177 ?impl@implementation@?1??Wrapper_TryAcquireSRWLockExclusive@@YGEPAU_RTL_SRWLOCK@@@Z@SGE0@Z
3650 177 _Wrapper_InitializeSRWLock@4
36A0 177 ?impl@implementation@?1??Wrapper_InitializeSRWLock@@YGXPAU_RTL_SRWLOCK@@@Z@SGX0@Z
36B0 177 _Wrapper_FlsAlloc@4
3700 177 ?impl@implementation@?1??Wrapper_FlsAlloc@@YGKP6GXPAX@Z@Z@SGK1@Z
3710 177 _Wrapper_FlsGetValue@4
3760 177 ?impl@implementation@?1??Wrapper_FlsGetValue@@YGPAXK@Z@SGPAXK@Z
3770 177 _Wrapper_FlsSetValue@8
37C0 177 ?impl@implementation@?1??Wrapper_FlsSetValue@@YGHKPAX@Z@SGHK0@Z
37D0 177 _Wrapper_FlsFree@4
3820 177 ?impl@implementation@?1??Wrapper_FlsFree@@YGHK@Z@SGHK@Z
3830 32 @__security_check_cookie@4
383E 13 ??_V@YAXPAX@Z
3843 23 ___raise_securityfailure
386B 23 ___report_gsfailure
3966 23 ___report_rangecheckfailure
3973 23 ___report_securityfailure
3A43 30 ??2@YAPAXI@Z
3A73 15 ??3@YAXPAXI@Z
3A81 29 ??_U@YAPAXI@Z
3A8A 34 ??_Etype_info@@UAEPAXI@Z
3AAD 16 ?dllmain_crt_dispatch@@YGHQAUHINSTANCE__@@KQAX@Z
3B00 16 ?dllmain_crt_process_attach@@YAHQAUHINSTANCE__@@QAX@Z
3C07 16 ?dllmain_crt_process_detach@@YAH_N@Z
3CB7 16 ?dllmain_dispatch@@YAHQAUHINSTANCE__@@KQAX@Z
3DC2 16 ?dllmain_raw@@YGHQAUHINSTANCE__@@KQAX@Z
3DED 16 __DllMainCRTStartup@12
3E10 14 ??3@YAXPAX@Z
3E15 35 ??0bad_alloc@std@@QAE@ABV01@@Z
3E30 35 ??0bad_alloc@std@@QAE@XZ
3E48 35 ??0bad_array_new_length@std@@QAE@ABV01@@Z
3E63 35 ??0bad_array_new_length@std@@QAE@XZ
3E7B 35 ??0exception@std@@QAE@ABV01@@Z
3EA7 35 ??1bad_alloc@std@@UAE@XZ
3EB8 35 ??_Ebad_alloc@std@@UAEPAXI@Z
3EE5 35 ?__scrt_throw_std_bad_alloc@@YAXXZ
3F02 35 ?__scrt_throw_std_bad_array_new_length@@YAXXZ
3F1F 35 ?what@exception@std@@UBEPBDXZ
3F2C 24 ___get_entropy
3F79 24 ___security_init_cookie
3FC4 17 _DllMain@12
3FCA 36 ?__scrt_initialize_type_info@@YAXXZ
3FD6 36 ?__scrt_uninitialize_type_info@@YAXXZ
3FE2 12 ___local_stdio_printf_options
3FE8 12 ___local_stdio_scanf_options
3FEE 12 ___scrt_initialize_default_local_stdio_options
400B 38 ?find_pe_section@@YAPAU_IMAGE_SECTION_HEADER@@QAEI@Z
404F 38 ___scrt_acquire_startup_lock
4081 38 ___scrt_dllmain_after_initialize_c
40AC 38 ___scrt_dllmain_before_initialize_c
40BA 38 ___scrt_dllmain_crt_thread_attach
40D9 38 ___scrt_dllmain_crt_thread_detach
40E6 38 ___scrt_dllmain_exception_filter
411A 38 ___scrt_dllmain_uninitialize_c
413D 38 ___scrt_dllmain_uninitialize_critical
414A 38 ___scrt_initialize_crt
4183 38 ___scrt_initialize_onexit_tables
420A 38 ___scrt_is_nonwritable_in_current_image
429E 38 ___scrt_release_startup_lock
42BB 38 ___scrt_uninitialize_crt
42E3 18 ___scrt_get_dyn_tls_init_callback
42E9 39 ___scrt_fastfail
43FE 39 __crt_debugger_hook
4406 27 __RTC_Initialize
4432 27 __RTC_Terminate
4460 33 __SEH_prolog4
44A5 25 @_guard_check_icall_nop@4
44A8 11 ___isa_available_init
47D5 8 __get_startup_argv_mode
47D9 37 ___scrt_is_ucrt_dll_in_use
47E5 172 ?GetRangeOfTrysToCheck@__FrameHandler3@@SA?AU?$pair@Viterator@TryBlockMap@__FrameHandler3@@V123@@std@@AAVTryBlockMap@1@HPAXPBU_s_FuncInfo@@H@Z
4854 172 ?_CallCatchBlock2@@YAPAXPAUEHRegistrationNode@@PBU_s_FuncInfo@@PAXHK@Z
48B1 172 ?_CallSETranslator@@YAHPAUEHExceptionRecord@@PAUEHRegistrationNode@@PAX2PBU_s_FuncInfo@@H1@Z
49A1 172 ?_JumpToContinuation@@YGXPAXPAUEHRegistrationNode@@@Z
49D1 172 ?_UnwindNestedFrames@@YGXPAUEHRegistrationNode@@PAUEHExceptionRecord@@@Z
4A25 172 __CatchGuardHandler
4A56 172 __CreateFrameInfo
4A7A 172 __FindAndUnlinkFrame
4AC2 172 __TranslatorGuardHandler
4B61 172 ___CxxFrameHandler3
4B97 156 ___DestructExceptionObject
4C38 156 ?_CallMemberFunction0@@YGXQAX0@Z
4C45 156 ?_FilterSetCurrentException@@YAKPAU_EXCEPTION_POINTERS@@E@Z
4C9D 156 __IsExceptionObjectToBeDestroyed
4CC3 156 ___AdjustPointer
4CE8 156 ___FrameUnwindFilter
4D3E 156 ___std_terminate
4D50 155 _ValidateLocalCookies
4D90 155 __except_handler4
4EEE 169 ___std_exception_copy
4F51 169 ___std_exception_destroy
4F70 171 __CxxThrowException@8
4FDC 170 ___std_type_info_compare
5018 170 ___std_type_info_destroy_list
503B 161 ___vcrt_initialize
505A 161 ___vcrt_thread_attach
5065 161 ___vcrt_thread_detach
506D 161 ___vcrt_uninitialize
5084 161 ___vcrt_uninitialize_critical
5090 166 _memset
50D5 166 XMMMov
5110 166 LargeRangeBytes
514D 166 XmmMovSmall
5160 166 XmmSmallLoop
5165 166 MidRangeBytes
5181 166 XMMTrailingBytes
5195 166 SmallMov
519D 166 ByteLoop
51AB 166 DwordTest
51BB 166 QwordTest
51D0 166 QwordLoop
51E3 166 toend
51EA 167 ___vcrt_freefls@4
5206 167 ___vcrt_freeptd_for_this_thread
5231 167 ___vcrt_getptd
523F 167 ___vcrt_getptd_noexit
52D1 167 ___vcrt_initialize_ptd
5304 167 ___vcrt_uninitialize_ptd
531F 160 ??$BuildCatchObjectHelperInternal@V__FrameHandler3@@@@YAHPAUEHExceptionRecord@@PAXPBU_s_HandlerType@@PBU_s_CatchableType@@@Z
545D 160 ??$BuildCatchObjectInternal@V__FrameHandler3@@@@YAXPAUEHExceptionRecord@@PAXPBU_s_HandlerType@@PBU_s_CatchableType@@@Z
54F6 160 ??$CatchIt@V__FrameHandler3@@@@YAXPAUEHExceptionRecord@@PAUEHRegistrationNode@@PAU_CONTEXT@@PAXPBU_s_FuncInfo@@PBU_s_HandlerType@@PBU_s_CatchableType@@PBU_s_TryBlockMapEntry@@H1EE@Z
5576 160 ??$FindHandler@V__FrameHandler3@@@@YAXPAUEHExceptionRecord@@PAUEHRegistrationNode@@PAU_CONTEXT@@PAXPBU_s_FuncInfo@@EH1@Z
591B 160 ??$FindHandlerForForeignException@V__FrameHandler3@@@@YAXPAUEHExceptionRecord@@PAUEHRegistrationNode@@PAU_CONTEXT@@PAXPBU_s_FuncInfo@@HH1@Z
5A51 160 ??$TypeMatchHelper@V__FrameHandler3@@@@YAHPBU_s_HandlerType@@PBU_s_CatchableType@@PBU_s_ThrowInfo@@@Z
5ADF 160 ??$__InternalCxxFrameHandler@V__FrameHandler3@@@@YA?AW4_EXCEPTION_DISPOSITION@@PAUEHExceptionRecord@@PAUEHRegistrationNode@@PAU_CONTEXT@@PAXPBU_s_FuncInfo@@H1E@Z
5BE1 160 ??$__InternalCxxFrameHandlerWrapper@V__FrameHandler3@@@@YA?AW4_EXCEPTION_DISPOSITION@@PAUEHExceptionRecord@@PAUEHRegistrationNode@@PAU_CONTEXT@@PAXPBU_s_FuncInfo@@H1E@Z
5BEA 160 ??0bad_exception@std@@QAE@ABV01@@Z
5C05 160 ??0bad_exception@std@@QAE@XZ
5C1D 160 ??8type_info@@QBE_NABV0@@Z
5C3C 160 ?CallCatchBlock@@YAPAXPAUEHExceptionRecord@@PAUEHRegistrationNode@@PAU_CONTEXT@@PBU_s_FuncInfo@@PAXHK@Z
5E0B 160 ?CallUnexpected@@YAXPBU_s_ESTypeList@@@Z
5E2B 160 __catch$?CallUnexpected@@YAXPBU_s_ESTypeList@@@Z$0
5E4A 160 ?ExFilterRethrow@@YAHPAU_EXCEPTION_POINTERS@@@Z
5E94 160 ?FrameUnwindToEmptyState@__FrameHandler3@@SAXPAUEHRegistrationNode@@PAXPBU_s_FuncInfo@@@Z
5EAC 160 ?FrameUnwindToState@__FrameHandler3@@SAXPAUEHRegistrationNode@@PAXPBU_s_FuncInfo@@H@Z
5F94 160 ?IsInExceptionSpec@@YAEPAUEHExceptionRecord@@PBU_s_ESTypeList@@@Z
602E 160 ?_CallMemberFunction1@@YGXQAX00@Z
603E 160 ?_CallMemberFunction2@@YGXQAX00H@Z
6051 160 ?getESTypes@__FrameHandler3@@SAPBU_s_ESTypeList@@PBU_s_FuncInfo@@@Z
6060 164 __CallSettingFrame@12
6087 164 __NLG_Return
609F 164 _NLG_Continue
60AC 162 ___except_validate_context_record
60E0 159 __local_unwind4
6112 159 _lu_top
6171 159 _lu_done
6180 159 $$000000
61D0 159 @_EH4_CallFilterFunc@8
61F0 159 @_EH4_TransferToHandler@8
6210 159 @_EH4_GlobalUnwind2@8
6225 159 ReturnPoint
6230 159 @_EH4_LocalUnwind@16
6247 163 ___vcrt_initialize_locks
6283 163 ___vcrt_uninitialize_locks
62B2 175 ?try_get_function@@YAPAXW4function_id@?A0x14174aea@@QBDQBW4module_id@2@2@Z
6352 175 ?try_load_library_from_system_directory@@YAPAUHINSTANCE__@@QB_W@Z
639D 175 ___vcrt_FlsAlloc
63D8 175 ___vcrt_FlsFree
6413 175 ___vcrt_FlsGetValue
644E 175 ___vcrt_FlsSetValue
648C 175 ___vcrt_InitializeCriticalSectionEx
64D3 174 _unexpected
64F0 157 ?GetCurrentState@__FrameHandler3@@SAHPAUEHRegistrationNode@@PAXPBU_s_FuncInfo@@@Z
650D 157 ?SetState@__FrameHandler3@@SAXPAUEHRegistrationNode@@PBU_s_FuncInfo@@H@Z
6520 165 _memcpy
6540 165 CopyUp
6564 165 CopyUpLargeMov
6577 165 CopyUpSSE2Check
6590 165 AtomChk
65B6 165 PalignHead4
65C9 165 PalignHead8
65E0 165 PalignLoop
65F2 165 MovPalign12
65FC 165 PalignLoop12
664D 165 MovPalign8
6658 165 PalignLoop8
66A6 165 MovPalign4
66B0 165 PalignLoop4
66FC 165 PalignTail
6714 165 PalignTail4
6727 165 PalignTail8
673E 165 PalignTailLE3
6747 165 Dword_align
674F 165 Dword_up_align_loop
6762 165 Dword_align_Ok
677C 165 ByteCopyUp
6784 165 TrailingUpVec
6794 165 TrailingUp0
679C 165 TrailingUp1
67A8 165 TrailingUp2
67BC 165 TrailingUp3
67D4 165 CopyDown
67F9 165 CopyDownNotAligned
6800 165 CopyDownAlignLoop
680D 165 CopyDownAligned
6830 165 TrailingDownVec
6840 165 TrailingDown0
6848 165 TrailingDown1
6858 165 TrailingDown2
686C 165 TrailingDown3
6885 165 XmmMovLargeAlignTest
688D 165 XmmMovAlignLoop
689C 165 XmmMovLargeLoop
690C 165 XmmMovSmallTest
6911 165 XmmMovSmallLoop
6934 165 CopyDownSmall
693C 165 CopyDownDwordLoop
6951 165 CopyDownByteTest
6955 165 CopyDownByteLoop
6964 165 CopyDownReturn
6970 165 XmmCopy
697D 165 XmmCopyAligned
6990 165 XmmCopyLargeLoop
69ED 165 XmmCopySmallTest
6A00 165 XmmCopySmallLoop
6A1B 165 CopyUpDwordMov
6A20 165 CopyUpDwordTest
6A27 165 CopyUpDwordLoop
6A36 165 CopyUpByteTest
6A3D 165 CopyUpByteLoop
6A50 165 CopyUpReturn
6A60 165 XmmCopyUnaligned
6A73 165 XmmAlignByte
6A7C 165 XmmAlignDwordTest
6A81 165 XmmAlignDwordLoop
6A8E 165 XmmAlignAdjustCnt
6AA0 158 __NLG_Notify1
6AB0 158 __NLG_Notify
6ABB 158 __NLG_Go
6AC7 158 __NLG_Dispatch
6AD0 158 __NLG_Call
6AD2 158 __NLG_Return2
6AE0 132 _realloc
6AEB 76 _free
6B06 108 _malloc
6B11 120 ??$__crt_fast_decode_pointer@P6AHI@Z@@YAP6AHI@ZQ6AHI@Z@Z
6B2C 120 ___acrt_initialize_new_handler
6B3B 120 __callnewh
6B67 120 __query_new_handler
6BBE 90 __initterm
6BE9 90 __initterm_e
6C17 67 __seh_filter_dll
6C37 67 __seh_filter_exe
6D7D 68 ??$?RV<lambda_03b1d95aef87969028cfba75ccab2455>@@AAV<lambda_6e4b09c48022b2350581041d5f6b0c4c>@@V<lambda_22bdf7517842c4b3e53723af5aa32b9e>@@@?$__crt_seh_guarded_call@X@@QAEX$$QAV<lambda_03b1d95aef87969028cfba75ccab2455>@@AAV<lambda_6e4b09c48022b2350581041d5f6b0c4c>@@$$QAV<lambda_22bdf7517842c4b3e53723af5aa32b9e>@@@Z
6DCA 68 ??R<lambda_6e4b09c48022b2350581041d5f6b0c4c>@@QBE@XZ
6EB2 68 ?common_exit@@YAXHW4_crt_exit_cleanup_mode@@W4_crt_exit_return_mode@@@Z
6F49 68 ?exit_or_terminate_process@@YAXI@Z
6F7A 68 ?is_managed_app@@YA_NXZ
6FBC 68 ?should_call_terminate_process@@YA_NXZ
6FD5 68 ?try_cor_exit_process@@YAXI@Z
7057 68 ___acrt_initialize_thread_local_exit_callback
7066 68 __cexit
7075 68 __exit
708B 68 __is_c_termination_complete
7092 52 ??$common_configure_argv@D@@YAHW4_crt_argv_mode@@@Z
71CF 52 ??$parse_command_line@D@@YAXPADPAPAD0PAI2@Z
7343 52 ___acrt_allocate_buffer_for_argv
7392 52 __configure_narrow_argv
739D 65 ??$common_initialize_environment_nolock@D@@YAHXZ
73F7 65 ??$create_environment@D@@YAQAPADQAD@Z
74D9 65 ??$free_environment@D@@YAXQAPAD@Z
7508 65 ??$uninitialize_environment_internal@D@@YAXAAPAPAD@Z
7523 65 ??$uninitialize_environment_internal@_W@@YAXAAPAPA_W@Z
753E 65 ___dcrt_uninitialize_environments_nolock
758F 65 __initialize_narrow_environment
7594 123 ??$?RV<lambda_69a2805e680e0e292e8ba93315fe43a8>@@AAV<lambda_f03950bc5685219e0bcd2087efbe011e>@@V<lambda_03fcd07e894ec930e3f35da366ca99d6>@@@?$__crt_seh_guarded_call@H@@QAEH$$QAV<lambda_69a2805e680e0e292e8ba93315fe43a8>@@AAV<lambda_f03950bc5685219e0bcd2087efbe011e>@@$$QAV<lambda_03fcd07e894ec930e3f35da366ca99d6>@@@Z
75EF 123 ??R<lambda_f03950bc5685219e0bcd2087efbe011e>@@QBE@XZ
76C9 123 __execute_onexit_table
7707 123 __initialize_onexit_table
7730 87 _initialize_global_variables
773D 87 _initialize_c
7757 51 ___acrt_uninitialize_command_line
775A 87 _uninitialize_environment
7762 87 _initialize_pointers
7790 87 _uninitialize_vcruntime
7799 87 _uninitialize_allocated_memory
77B0 87 _uninitialize_allocated_io_buffers
7800 87 ??$__crt_fast_encode_pointer@PAX@@YAPAXQAX@Z
781F 87 ??R<lambda_af42a3ee9806e9a7305d451646e05244>@@QBE@AAPAU__crt_multibyte_data@@@Z
784D 87 ___acrt_initialize
785F 87 ___acrt_thread_attach
786A 87 ___acrt_thread_detach
7872 87 ___acrt_uninitialize
78A2 87 ___acrt_uninitialize_critical
78B4 146 _terminate
78F0 50 _abort
7934 140 _strcpy_s
798E 54 _calloc
79A0 125 ??0__crt_cached_ptd_host@@QAE@QAU__crt_locale_pointers@@@Z
7A00 125 ??1__crt_cached_ptd_host@@QAE@XZ
7A40 125 ?force_synchronize_per_thread_data@__crt_cached_ptd_host@@AAEPAU__acrt_ptd@@XZ
7A90 125 ?get_raw_ptd@__crt_cached_ptd_host@@QAEPAU__acrt_ptd@@XZ
7AF0 125 ?update_locale_slow@__crt_cached_ptd_host@@AAEXXZ
7B50 142 _strncmp
7BC8 148 _wcsncmp
7C02 133 __realloc_base
7C6B 77 __free_base
7CA5 109 __malloc_base
7CF3 103 ___acrt_initialize_locks
7D34 103 ___acrt_lock
7D4B 103 ___acrt_uninitialize_locks
7D7C 103 ___acrt_unlock
7D93 127 ??$?RV<lambda_15ade71b0218206bbe3333a0c9b79046>@@AAV<lambda_da44e0f8b0f19ba52fefafb335991732>@@V<lambda_207f2d024fc103971653565357d6cd41>@@@?$__crt_seh_guarded_call@X@@QAEX$$QAV<lambda_15ade71b0218206bbe3333a0c9b79046>@@AAV<lambda_da44e0f8b0f19ba52fefafb335991732>@@$$QAV<lambda_207f2d024fc103971653565357d6cd41>@@@Z
7DE5 127 ??$?RV<lambda_38edbb1296d33220d7e4dd0ed76b244a>@@AAV<lambda_5ce1d447e08cb34b2473517608e21441>@@V<lambda_fb385d3da700c9147fc39e65dd577a8c>@@@?$__crt_seh_guarded_call@X@@QAEX$$QAV<lambda_38edbb1296d33220d7e4dd0ed76b244a>@@AAV<lambda_5ce1d447e08cb34b2473517608e21441>@@$$QAV<lambda_fb385d3da700c9147fc39e65dd577a8c>@@@Z
7E50 127 ??$?RV<lambda_6affb1475c98b40b75cdec977db92e3c>@@AAV<lambda_b8d4b9c228a6ecc3f80208dbb4b4a104>@@V<lambda_608742c3c92a14382c1684fc64f96c88>@@@?$__crt_seh_guarded_call@X@@QAEX$$QAV<lambda_6affb1475c98b40b75cdec977db92e3c>@@AAV<lambda_b8d4b9c228a6ecc3f80208dbb4b4a104>@@$$QAV<lambda_608742c3c92a14382c1684fc64f96c88>@@@Z
7EA5 127 ??$?RV<lambda_a7e850c220f1c8d1e6efeecdedd162c6>@@AAV<lambda_46720907175c18b6c9d2717bc0d2d362>@@V<lambda_9048902d66e8d99359bc9897bbb930a8>@@@?$__crt_seh_guarded_call@X@@QAEX$$QAV<lambda_a7e850c220f1c8d1e6efeecdedd162c6>@@AAV<lambda_46720907175c18b6c9d2717bc0d2d362>@@$$QAV<lambda_9048902d66e8d99359bc9897bbb930a8>@@@Z
7EFF 127 ?construct_ptd@@YAXQAU__acrt_ptd@@QAPAU__crt_locale_data@@@Z
7F98 127 ?destroy_fls@@YGXPAX@Z
7FB9 127 ?destroy_ptd@@YAXQAU__acrt_ptd@@@Z
8086 127 ?replace_current_thread_locale_nolock@@YAXQAU__acrt_ptd@@QAU__crt_locale_data@@@Z
80D1 127 ___acrt_freeptd
80FD 127 ___acrt_getptd
81B8 127 ___acrt_getptd_head
824E 127 ___acrt_getptd_noexit
82FF 127 ___acrt_getptd_noexit_explicit
83A2 127 ___acrt_initialize_ptd
83CE 127 ___acrt_uninitialize_ptd
83E8 126 ___acrt_app_verifier_enabled
83FA 126 ___acrt_is_secure_process
840D 151 ___acrt_get_process_end_policy
8434 92 ?check_synchronize_global_state_index@__crt_cached_ptd_host@@AAEIXZ
845D 92 ___acrt_call_reportfault
8596 92 ___acrt_initialize_invalid_parameter_handler
85A5 92 __invalid_parameter
85DC 92 __invalid_parameter_internal
8659 92 __invalid_parameter_noinfo
8669 92 __invoke_watson
869D 66 ___acrt_errno_from_os_error
86E0 66 ___acrt_errno_map_os_error
8703 66 ___acrt_errno_map_os_error_ptd
8727 66 ___doserrno
873A 66 __errno
874D 55 __calloc_base
87AA 53 ?<lambda_invoker_cdecl>@<lambda_838c7f62c73c983481e27c09e84b0b5d>@@CAHPBX0@Z
87C2 53 ??$__acrt_convert_wcs_mbs_cp@D_WV<lambda_62f6974d9771e494a5ea317cc32e971c>@@U__crt_win32_buffer_internal_dynamic_resizing@@@@YAHQBDAAV?$__crt_win32_buffer@_WU__crt_win32_buffer_internal_dynamic_resizing@@@@ABV<lambda_62f6974d9771e494a5ea317cc32e971c>@@I@Z
8874 53 ??$__acrt_convert_wcs_mbs_cp@_WDV<lambda_28bda7af82a03b66c1cb3803a755f95d>@@U__crt_win32_buffer_internal_dynamic_resizing@@@@YAHQB_WAAV?$__crt_win32_buffer@DU__crt_win32_buffer_internal_dynamic_resizing@@@@ABV<lambda_28bda7af82a03b66c1cb3803a755f95d>@@I@Z
893A 53 ??$__acrt_mbs_to_wcs_cp@U__crt_win32_buffer_internal_dynamic_resizing@@@@YAHQBDAAV?$__crt_win32_buffer@_WU__crt_win32_buffer_internal_dynamic_resizing@@@@I@Z
8957 53 ??$common_expand_argv_wildcards@D@@YAHQAPADQAPAPAD@Z
8AD4 53 ??$copy_and_add_argument_to_buffer@D@@YAHQBD0IAAV?$argument_list@D@?A0x5f5c8891@@@Z
8B85 53 ??$expand_argument_wildcards@D@@YAHQAD0AAV?$argument_list@D@?A0x5f5c8891@@@Z
8E0A 53 ??0_LocaleUpdate@@QAE@QAU__crt_locale_pointers@@@Z
8E8C 53 ??1?$argument_list@D@?A0x5f5c8891@@QAE@XZ
8EB1 81 ??R<lambda_0fec1a7b3f42a53036604e18c2d5e07e>@@QBE@IQB_WQADI@Z
8ED5 53 ?__acrt_get_utf8_acp_compatibility_codepage@@YAIXZ
8F14 53 ?_deallocate@?$__crt_win32_buffer@DU__crt_win32_buffer_internal_dynamic_resizing@@@@AAEXXZ
8F2E 53 ?allocate@?$__crt_win32_buffer@DU__crt_win32_buffer_internal_dynamic_resizing@@@@QAEHI@Z
8F6A 53 ?allocate@?$__crt_win32_buffer@_WU__crt_win32_buffer_internal_dynamic_resizing@@@@QAEHI@Z
8FA9 53 ?allocate@__crt_win32_buffer_internal_dynamic_resizing@@SAHQAPAXIABV__crt_win32_buffer_empty_debug_info@@@Z
8FC8 53 ?expand_if_necessary@?$argument_list@D@?A0x5f5c8891@@AAEHXZ
904F 53 ___acrt_expand_narrow_argv_wildcards
905A 81 ??$__acrt_convert_wcs_mbs_cp@_WDV<lambda_0fec1a7b3f42a53036604e18c2d5e07e>@@U__crt_win32_buffer_no_resizing@@@@YAHQB_WAAV?$__crt_win32_buffer@DU__crt_win32_buffer_no_resizing@@@@ABV<lambda_0fec1a7b3f42a53036604e18c2d5e07e>@@I@Z
911C 81 ?allocate@?$__crt_win32_buffer@DU__crt_win32_buffer_no_resizing@@@@QAEHI@Z
9143 81 ?set_to_nullptr@?$__crt_win32_buffer@DU__crt_win32_buffer_no_resizing@@@@QAEXXZ
9157 81 ___acrt_GetModuleFileNameA
91F8 112 ??$?RV<lambda_ceb1ee4838e85a9d631eb091e2fbe199>@@AAV<lambda_ae742caa10f662c28703da3d2ea5e57e>@@V<lambda_cd08b5d6af4937fe54fc07d0c9bf6b37>@@@?$__crt_seh_guarded_call@X@@QAEX$$QAV<lambda_ceb1ee4838e85a9d631eb091e2fbe199>@@AAV<lambda_ae742caa10f662c28703da3d2ea5e57e>@@$$QAV<lambda_cd08b5d6af4937fe54fc07d0c9bf6b37>@@@Z
9245 112 ??R<lambda_ae742caa10f662c28703da3d2ea5e57e>@@QBE@XZ
92C8 112 ?CPtoLocaleName@@YAPB_WH@Z
9306 112 ?getSystemCP@@YAHH@Z
9377 112 ?setSBCS@@YAXPAU__crt_multibyte_data@@@Z
93DA 112 ?setSBUpLow@@YAXPAU__crt_multibyte_data@@@Z
957F 112 ?setmbcp_internal@@YAHH_NQAU__acrt_ptd@@QAPAU__crt_multibyte_data@@@Z
96D4 112 ?update_thread_multibyte_data_internal@@YAPAU__crt_multibyte_data@@QAU__acrt_ptd@@QAPAU1@@Z
9774 112 ___acrt_initialize_multibyte
97BC 112 ___acrt_update_thread_multibyte_data
97CF 112 __setmbcp_nolock
99D4 112 _memcpy_s
9A55 95 ?x_ismbbtype_l@@YAHPAU__crt_locale_pointers@@IHH@Z
9AA5 95 __ismbblead
9ABD 51 ___acrt_initialize_command_line
9AD6 119 ?filter_mbtowcs_flags@@YAKIK@Z
9B6E 119 ___acrt_MultiByteToWideChar
9B98 150 ?filter_wcstomb_flags@@YAKIK@Z
9C28 150 ___acrt_WideCharToMultiByte
9C94 80 ?find_end_of_double_null_terminated_sequence@@YAPB_WQB_W@Z
9CCB 80 ___dcrt_get_narrow_environment_from_os
9D6B 134 __recalloc_base
9DD8 152 ?try_get_AreFileApisANSI@@YAP6GHXZXZ
9DF2 152 ?try_get_LCMapStringEx@@YAP6GHPB_WK0HPA_WHPAU_nlsversioninfo@@PAXJ@ZXZ
9E0C 152 ?try_get_LocaleNameToLCID@@YAP6GKPB_WK@ZXZ
9E26 152 ?try_get_first_available_module@@YAPAUHINSTANCE__@@QBW4module_id@?A0x391cf84c@@0@Z
9EF1 152 ?try_get_function@@YAPAXW4function_id@?A0x391cf84c@@QBDQBW4module_id@2@2@Z
9F76 152 ___acrt_AppPolicyGetProcessTerminationMethodInternal@4
9FB6 152 ___acrt_AreFileApisANSI@0
9FD5 152 ___acrt_FlsAlloc@4
A014 152 ___acrt_FlsFree@4
A053 152 ___acrt_FlsGetValue@4
A092 152 ___acrt_FlsSetValue@8
A0D4 152 ___acrt_InitializeCriticalSectionEx@12
A11F 152 ___acrt_LCMapStringEx@36
A17C 152 ___acrt_LocaleNameToLCID@8
A1AD 152 ___acrt_initialize_winapi_thunks
A1C1 152 ___acrt_uninitialize_winapi_thunks
A1F7 84 ___acrt_initialize_heap
A208 84 ___acrt_uninitialize_heap
A212 93 ?initialize_inherited_file_handles_nolock@@YAXXZ
A2C8 93 ?initialize_stdio_handles_nolock@@YAXXZ
A378 93 ___acrt_initialize_lowio
A3D8 93 ___acrt_uninitialize_lowio
A404 136 ___acrt_execute_initializers
A46C 136 ___acrt_execute_uninitializers
A49D 137 ??$?RV<lambda_cbab9ec6f41b0180b23cc171c22676b0>@@AAV<lambda_44731a7d0e6d81c3e6aa82d741081786>@@V<lambda_4b292cb8dd18144e164572427af410ab>@@@?$__crt_seh_guarded_call@P6AXH@Z@@QAEP6AXH@Z$$QAV<lambda_cbab9ec6f41b0180b23cc171c22676b0>@@AAV<lambda_44731a7d0e6d81c3e6aa82d741081786>@@$$QAV<lambda_4b292cb8dd18144e164572427af410ab>@@@Z
A505 137 ?get_global_action_nolock@@YAPAP6AXH@ZH@Z
A547 137 ?siglookup@@YAPAU__crt_signal_action_t@@HQAU1@@Z
A56F 137 ___acrt_get_sigabrt_handler
A596 137 ___acrt_initialize_signal_handlers
A5B4 137 _raise
A7A6 110 ___acrt_has_user_matherr
A7C3 110 ___acrt_initialize_user_matherr
A7D2 110 ___acrt_invoke_user_matherr
A808 71 ??$?RV<lambda_2866be3712abc81a800a822484c830d8>@@AAV<lambda_39ca0ed439415581b5b15c265174cece>@@V<lambda_2b24c74d71094a6cd0cb82e44167d71b>@@@?$__crt_seh_guarded_call@X@@QAEX$$QAV<lambda_2866be3712abc81a800a822484c830d8>@@AAV<lambda_39ca0ed439415581b5b15c265174cece>@@$$QAV<lambda_2b24c74d71094a6cd0cb82e44167d71b>@@@Z
A894 71 ??$?RV<lambda_2cc53f568c5a2bb6f192f930a45d44ea>@@AAV<lambda_ab61a845afdef5b7c387490eaf3616ee>@@V<lambda_c2ffc0b7726aa6be21d5f0026187e748>@@@?$__crt_seh_guarded_call@X@@QAEX$$QAV<lambda_2cc53f568c5a2bb6f192f930a45d44ea>@@AAV<lambda_ab61a845afdef5b7c387490eaf3616ee>@@$$QAV<lambda_c2ffc0b7726aa6be21d5f0026187e748>@@@Z
A940 71 ?common_flush_all@@YAH_N@Z
A98D 71 ?common_flush_all_should_try_to_flush_stream@@YA_NV__crt_stdio_stream@@QAH@Z
A9BE 71 ?is_stream_flushable_or_commitable@@YA_NJ@Z
A9E1 71 ___acrt_stdio_flush_nolock
AA4A 71 __fflush_nolock
AAAF 71 __flushall
AAB8 46 ___acrt_initialize_stdio
AB80 46 ___acrt_uninitialize_stdio
ABCC 46 __lock_file
ABE0 46 __unlock_file
ABF4 101 ___acrt_update_locale_info
AC21 101 ___acrt_update_locale_info_explicit
AC52 101 ___acrt_update_multibyte_info
AC7F 101 ___acrt_update_multibyte_info_explicit
ACB0 116 __mbtowc_internal
ADE3 72 __fileno
AE0A 154 ??$?RV<lambda_e5124f882df8998aaf41531e079ba474>@@AAV<lambda_3e16ef9562a7dcce91392c22ab16ea36>@@V<lambda_e25ca0880e6ef98be67edffd8c599615>@@@?$__crt_seh_guarded_call@X@@QAEX$$QAV<lambda_e5124f882df8998aaf41531e079ba474>@@AAV<lambda_3e16ef9562a7dcce91392c22ab16ea36>@@$$QAV<lambda_e25ca0880e6ef98be67edffd8c599615>@@@Z
AE78 154 ___acrt_set_locale_changed
AE83 154 ___acrt_uninitialize_locale
AEAA 121 __query_new_mode
AEB1 100 ___acrt_add_locale_ref
AF2E 100 ___acrt_free_locale
B076 100 ___acrt_locale_add_lc_time_reference
B09F 100 ___acrt_locale_free_lc_time_if_unreferenced
B0D0 100 ___acrt_locale_release_lc_time_reference
B0F9 100 ___acrt_release_locale_ref
B17A 100 ___acrt_update_thread_locale_data
B1FB 100 __updatetlocinfoEx_nolock
B250 130 _qsort
B73E 144 ??$common_tcsncpy_s@D@@YAHQADIQBDI@Z
B7F5 144 _strncpy_s
B800 145 _strpbrk
B840 115 __mbsdec
B857 115 __mbsdec_l
B8E4 82 ___acrt_GetStringTypeA
B9E5 82 __freea_crt
BA05 97 ?__acrt_LCMapStringA_stat@@YAHPAU__crt_locale_pointers@@PB_WKPBDHPADHHH@Z
BBF4 97 ___acrt_LCMapStringA
BC3D 118 ?initialize_multibyte@@YAHXZ
BC4C 117 __msize_base
BC7F 96 ?GetTableIndexFromLocaleName@@YAHPB_W@Z
BCCF 96 ___acrt_DownlevelLocaleNameToLCID
BCFB 124 ___acrt_lowio_create_handle_array
BD76 124 ___acrt_lowio_destroy_handle_array
BDAB 124 ___acrt_lowio_ensure_fh_exists
BE49 124 ___acrt_lowio_lock_fh
BE6C 124 ___acrt_lowio_unlock_fh
BE8F 124 __free_osfhnd
BF20 124 __get_osfhandle
BF8A 60 ??$?RV<lambda_9e9de3de5fa147e2223d7db92bc10aa6>@@AAV<lambda_38ce7e780aa69e748d6df282ebc68efe>@@V<lambda_8ca6da459f0f6780f1cff60fdc3d00e5>@@@?$__crt_seh_guarded_call@H@@QAEH$$QAV<lambda_9e9de3de5fa147e2223d7db92bc10aa6>@@AAV<lambda_38ce7e780aa69e748d6df282ebc68efe>@@$$QAV<lambda_8ca6da459f0f6780f1cff60fdc3d00e5>@@@Z
C02C 60 __commit
C0A9 153 ?write_double_translated_ansi_nolock@@YA?AUwrite_result@?A0x17268360@@HQBDIAAV__crt_cached_ptd_host@@@Z
C470 153 ?write_double_translated_unicode_nolock@@YA?AUwrite_result@?A0x17268360@@QBDI@Z
C4D8 153 ?write_requires_double_translation_nolock@@YA_NHAAV__crt_cached_ptd_host@@@Z
C555 153 ?write_text_ansi_nolock@@YA?AUwrite_result@?A0x17268360@@HQBDI@Z
C630 153 ?write_text_utf16le_nolock@@YA?AUwrite_result@?A0x17268360@@HQBDI@Z
C719 153 ?write_text_utf8_nolock@@YA?AUwrite_result@?A0x17268360@@HQBDI@Z
C84B 153 __write_internal
C95C 153 __write_nolock
CB78 59 __fcloseall
CC23 47 ___acrt_stdio_free_buffer_nolock
CC63 94 __isatty
CCB9 70 _fegetround
CCC6 114 ??R<lambda_e96123212306c92459f955e8e4eac55d>@@QBEIPBD@Z
CCF2 114 ?__mbrtowc_utf8@__crt_mbstring@@YAIPA_WPBDIPAU_Mbstatet@@AAV__crt_cached_ptd_host@@@Z
CD35 114 ?__mbsrtowcs_utf8@__crt_mbstring@@YAIPA_WPAPBDIPAU_Mbstatet@@AAV__crt_cached_ptd_host@@@Z
CE3D 88 ___acrt_locale_free_monetary
CF3B 89 ___acrt_locale_free_numeric
CFA4 91 ?free_crt_array_internal@@YAXQAPBXI@Z
CFC9 91 ___acrt_locale_free_time
D0AD 143 ___strncnt
D0C9 149 ___ascii_wcsnicmp
D118 135 __query_app_type
D11E 107 ??$common_lseek_nolock@_J@@YA_JH_JHAAV__crt_cached_ptd_host@@@Z
D1A1 107 __lseeki64_nolock_internal
D1BF 129 __putwch_nolock
D1F1 69 ?_fclose_internal@@YAHQAU_iobuf@@AAV__crt_cached_ptd_host@@@Z
D288 69 ?_fclose_nolock_internal@@YAHQAU_iobuf@@AAV__crt_cached_ptd_host@@@Z
D316 69 _fclose
D350 104 __CIlog10
D38B 104 __CIlog10_default
D39F 104 __log10_default
D460 57 _ceil
D4A0 57 __ceil_pentium4
D57D 45 ?to_abstract_control@@YA?AW4__acrt_fenv_abstract_control@@W4__acrt_fenv_machine_sse_control@@@Z
D62D 45 ?to_abstract_control@@YA?AW4__acrt_fenv_abstract_control@@W4__acrt_fenv_machine_x87_control@@@Z
D6DA 45 ___acrt_fenv_get_common_round_control
D6FC 45 ___acrt_fenv_get_control
D77C 62 ?reset_and_return@__crt_mbstring@@YAIIPAU_Mbstatet@@@Z
D790 62 ?return_illegal_sequence@__crt_mbstring@@YAIPAU_Mbstatet@@AAV__crt_cached_ptd_host@@@Z
D7B2 113 ?__mbrtoc32_utf8@__crt_mbstring@@YAIPA_UPBDIPAU_Mbstatet@@AAV__crt_cached_ptd_host@@@Z
D970 49 ___ascii_strnicmp
D9D1 86 ?__dcrt_lowio_initialize_console_output@@YAXXZ
D9F0 86 ___dcrt_lowio_ensure_console_output_initialized
DA0F 86 ___dcrt_terminate_console_output
DA26 86 ___dcrt_write_console
DA7B 58 ??$?RV<lambda_d422a76eb4c3bf3ad751449ab71a6ea4>@@AAV<lambda_c9ba49e555ba839a7b07aa3fbecb7617>@@V<lambda_9476263c8ee91a25d21c55370bdb50de>@@@?$__crt_seh_guarded_call@H@@QAEH$$QAV<lambda_d422a76eb4c3bf3ad751449ab71a6ea4>@@AAV<lambda_c9ba49e555ba839a7b07aa3fbecb7617>@@$$QAV<lambda_9476263c8ee91a25d21c55370bdb50de>@@@Z
DB0C 58 __close_internal
DBAF 58 __close_nolock_internal
DC4F 141 ?__acrt_stdio_free_stream@@YAXV__crt_stdio_stream@@@Z
DC8A 111 ___acrt_initialize_sse2
DCA0 105 __CIlog10_pentium4
DCB8 105 __log10_pentium4
DF30 44 $$000000
DF50 44 __fFEXP
DFA7 44 __rtinfpopse
DFA9 44 __rtinfnpopse
DFB9 44 __fFLN
E06E 44 __rtinfpop
E070 44 __rtinfnpop
E080 44 __rtforexpinf
E08D 44 __ffexpm1
E140 42 __trandisp1
E1B5 42 __trandisp2
E24F 42 __rttospopde
E254 42 __rttospop
E260 42 __rtnospop
E270 42 __rttosnpop
E271 42 __rtnospopde
E278 42 __rtzeropop
E27A 42 __rtzeronpop
E280 42 __rtzerospop
E28D 42 __rtonepop
E290 42 __rtonenpop
E2A0 42 __tosnan1
E2D0 42 __nosnan2
E2E0 42 __tosnan2
E310 42 __nan2
E350 42 __rtindfpop
E352 42 __rtindfnpop
E363 42 __rttosnpopde
E370 42 __rtatan2inf
E38D 42 __rtchsifneg
E3A0 61 __twoToTOS
E3B5 61 __load_CW
E3CC 61 __convertTOStoQNaN
E3E5 61 __fload_withFB
E428 61 __checkTOS_withFB
E43E 61 __fast_exit
E44B 61 __math_exit
E475 61 __check_overflow_exit
E489 61 __check_range_exit
E530 79 __startTwoArgErrorHandling
E547 79 __startOneArgErrorHandling
E583 98 ___libm_error_support
E777 56 __ceil_default
E835 74 __clrfp
E846 74 __ctrlfp
E870 74 __set_statfp
E8C9 74 __statfp
E8D9 128 __d_inttype
E941 128 __powhlp
EA6C 43 __87except
EB7C 78 __frnd
EB90 75 __errcode
EBC4 75 __except1
EC92 75 __handle_exc
EF12 75 __raise_exc
EF35 75 __raise_exc_ex
F226 75 __set_errno_from_matherr
F257 75 __umatherr
F2F7 147 __decomp
F3C9 147 __set_exp
F3F6 147 __sptype
F459 85 __fpclass
F4FD 9 @_guard_check_icall@4
F510 31 __FindPESection
F560 31 __IsNonwritableInCurrentImage
F620 31 __ValidateImageBase
F651 19 __EH_epilog3
F665 19 __EH_prolog3
F698 19 __EH_prolog3_catch
F6D0 7 __alloca_probe_16
F6E6 7 __alloca_probe_8
F700 10 __alloca_probe
F714 10 cs10
F722 10 cs20
F730 40 __filter_x86_sse2_floating_point_exception
F7B0 5 __ehhandler$_OpenW@4
F7DA 160 __ehhandler$?CallUnexpected@@YAXPBU_s_ESTypeList@@@Z
F7F7 68 __ehhandler$?common_exit@@YAXHW4_crt_exit_cleanup_mode@@W4_crt_exit_return_mode@@@Z
F814 68 __ehhandler$?try_cor_exit_process@@YAXI@Z
F831 65 __ehhandler$___dcrt_uninitialize_environments_nolock
F84E 123 __ehhandler$__execute_onexit_table
F86B 153 __ehhandler$?write_double_translated_ansi_nolock@@YA?AUwrite_result@?A0x17268360@@HQBDIAAV__crt_cached_ptd_host@@@Z
10000 41 __imp__lstrlenW@4
10004 41 __imp__CompareStringW@24
10008 41 __imp__TlsSetValue@8
1000C 41 __imp__SetLastError@4
10010 41 __imp__GetModuleFileNameW@12
10014 41 __imp__InitializeCriticalSection@4
10018 41 __imp__GetCurrentThread@0
1001C 41 __imp__TlsAlloc@0
10020 41 __imp__LoadLibraryW@4
10024 41 __imp__GetProcAddress@8
10028 41 __imp__LCMapStringW@24
1002C 41 __imp__GetModuleHandleW@4
10030 41 __imp__TlsGetValue@4
10034 41 __imp__GetThreadTimes@20
10038 41 __imp__TlsFree@4
1003C 41 __imp__lstrcmpW@8
10040 41 __imp__VirtualQuery@12
10044 41 __imp__CloseHandle@4
10048 41 __imp__UnhandledExceptionFilter@4
1004C 41 __imp__SetUnhandledExceptionFilter@4
10050 41 __imp__GetCurrentProcess@0
10054 41 __imp__TerminateProcess@8
10058 41 __imp__IsProcessorFeaturePresent@4
1005C 41 __imp__QueryPerformanceCounter@4
10060 41 __imp__GetCurrentProcessId@0
10064 41 __imp__GetCurrentThreadId@0
10068 41 __imp__GetSystemTimeAsFileTime@4
1006C 41 __imp__IsDebuggerPresent@0
10070 41 __imp__GetStartupInfoW@4
10074 41 __imp__RtlUnwind@16
10078 41 __imp__RaiseException@16
1007C 41 __imp__GetLastError@0
10080 41 __imp__EnterCriticalSection@4
10084 41 __imp__LeaveCriticalSection@4
10088 41 __imp__DeleteCriticalSection@4
1008C 41 __imp__InitializeCriticalSectionAndSpinCount@8
10090 41 __imp__FreeLibrary@4
10094 41 __imp__LoadLibraryExW@12
10098 41 __imp__ExitProcess@4
1009C 41 __imp__HeapReAlloc@16
100A0 41 __imp__HeapFree@12
100A4 41 __imp__HeapAlloc@12
100A8 41 __imp__FindClose@4
100AC 41 __imp__FindFirstFileExW@24
100B0 41 __imp__FindNextFileW@8
100B4 41 __imp__IsValidCodePage@4
100B8 41 __imp__GetACP@0
100BC 41 __imp__GetOEMCP@0
100C0 41 __imp__GetCPInfo@8
100C4 41 __imp__GetCommandLineA@0
100C8 41 __imp__GetCommandLineW@0
100CC 41 __imp__MultiByteToWideChar@24
100D0 41 __imp__WideCharToMultiByte@32
100D4 41 __imp__GetEnvironmentStringsW@0
100D8 41 __imp__FreeEnvironmentStringsW@4
100DC 41 __imp__GetProcessHeap@0
100E0 41 __imp__GetStdHandle@4
100E4 41 __imp__GetFileType@4
100E8 41 __imp__GetStringTypeW@16
100EC 41 __imp__HeapSize@12
100F0 41 __imp__SetStdHandle@8
100F4 41 __imp__FlushFileBuffers@4
100F8 41 __imp__WriteFile@20
100FC 41 __imp__GetConsoleOutputCP@0
10100 41 __imp__GetConsoleMode@8
10104 41 __imp__SetFilePointerEx@20
10108 41 __imp__CreateFileW@28
1010C 41 __imp__WriteConsoleW@20
10110 41 \177KERNEL32_NULL_THUNK_DATA
10114 25 ___guard_check_icall_fptr
10118 25 ___castguard_check_failure_os_handled_fptr
1011C 26 ___xc_a
10120 26 ___xc_z
10124 26 ___xi_a
10128 118 ___acrt_multibyte_initializer
1012C 139 ___acrt_stdio_initializer
10130 138 ___acrt_tran_sse2_initializer
10134 26 ___xi_z
10138 26 ___xp_a
1013C 99 ___acrt_locale_terminator
10140 63 ___dcrt_console_output_terminator
10144 139 ___acrt_stdio_terminator
10148 26 ___xp_z
1014C 26 ___xt_a
10150 26 ___xt_z
10160 176 __imp__EncodePointer@4
10168 176 __imp__DecodePointer@4
10170 176 __imp__GetModuleHandleExW@12
10178 176 __imp__InitializeSListHead@4
10180 176 __imp__InterlockedFlushSList@4
10188 176 __imp__InterlockedPushEntrySList@8
10190 176 __imp__GetNumaHighestNodeNumber@4
10198 176 __imp__GetLogicalProcessorInformation@8
101A0 176 __imp__SetThreadStackGuarantee@4
101A8 176 __imp__FlsAlloc@4
101B0 176 __imp__FlsGetValue@4
101B8 176 __imp__FlsSetValue@8
101C0 176 __imp__FlsFree@4
101C8 176 __imp__InitializeCriticalSectionEx@12
101D0 176 __imp__CompareStringEx@36
101D8 176 __imp__LCMapStringEx@36
101E0 176 __imp__AcquireSRWLockExclusive@4
101E8 176 __imp__ReleaseSRWLockExclusive@4
101F0 176 __imp__SleepConditionVariableSRW@16
101F8 176 __imp__WakeAllConditionVariable@4
10200 176 __imp__TryAcquireSRWLockExclusive@4
10208 176 __imp__InitializeSRWLock@4
10210 23 _GS_ExceptionPointers
1021C 34 ??_7type_info@@6B@
10220 16 __pDefaultRawDllMain
10228 35 ??_7exception@std@@6B@
10230 35 ??_C@_0BC@EOODALEL@Unknown?5exception@
10248 35 ??_7bad_alloc@std@@6B@
10250 35 ??_C@_0P@GHFPNOJB@bad?5allocation@
10264 35 ??_7bad_array_new_length@std@@6B@
1026C 35 ??_C@_0BF@KINCDENJ@bad?5array?5new?5length@
10284 156 __pDestructExceptionObject
1028C 160 ??_7bad_exception@std@@6B@
10294 160 ??_C@_0O@DPKOEFFH@bad?5exception@
102A8 173 ?tokenTable@@3QBUStringLiteral@@B
10330 173 ?nameTable@@3QBUStringLiteral@@B
105C8 173 ?rttiTable@@3QBUStringLiteral@@B
105F0 173 ?IndirectionName@@3QBUStringLiteral@@B
10620 173 ?PrefixName@@3QBUStringLiteral@@B
10630 173 ??_C@_08EHJDFFNH@__based?$CI@
1063C 173 ??_C@_07KOLFKCDI@__cdecl@
10644 173 ??_C@_08GHMPAG@__pascal@
10650 173 ??_C@_09IFJBGAPI@__stdcall@
1065C 173 ??_C@_0L@NPHFGOKO@__thiscall@
10668 173 ??_C@_0L@JMKHOMEK@__fastcall@
10674 173 ??_C@_0N@BCKKPABJ@__vectorcall@
10684 173 ??_C@_09HIJEGCPM@__clrcall@
10690 173 ??_C@_06GHPCKEAG@__eabi@
10698 173 ??_C@_09IOPIDJLG@__swift_1@
106A4 173 ??_C@_09KFNFGKHF@__swift_2@
106B0 173 ??_C@_09LMMOFLDE@__swift_3@
106BC 173 ??_C@_07JOMMBBKO@__ptr64@
106C4 173 ??_C@_0L@PILCLIHE@__restrict@
106D0 173 ??_C@_0M@GFIIJFMG@__unaligned@
106DC 173 ??_C@_09DHDLOLLB@restrict?$CI@
106E6 173 ??_C@_00CNPNBAHC@@
106E8 173 ??_C@_04NIHEBCM@?5new@
106F0 173 ??_C@_07FPCDHGMM@?5delete@
106F8 173 ??_C@_01NEMOKFLO@?$DN@
106FC 173 ??_C@_02GPIOPFAK@?$DO?$DO@
10700 173 ??_C@_02FODMEDOG@?$DM?$DM@
10704 173 ??_C@_01DCLJPIOD@?$CB@
10708 173 ??_C@_02EGOFBIJA@?$DN?$DN@
1070C 173 ??_C@_02FDNJECIE@?$CB?$DN@
10710 173 ??_C@_02GPECMEKF@?$FL?$FN@
10714 173 ??_C@_08LHJFAFGD@operator@
10720 173 ??_C@_02HBOOOICD@?9?$DO@
10724 173 ??_C@_01NBENCBCI@?$CK@
10728 173 ??_C@_02ECNGHCIF@?$CL?$CL@
1072C 173 ??_C@_02BAABKJLB@?9?9@
10730 173 ??_C@_01JOAMLHOP@?9@
10734 173 ??_C@_01MIFGBAGJ@?$CL@
10738 173 ??_C@_01HNPIGOCE@?$CG@
1073C 173 ??_C@_03MNHNFDLC@?9?$DO?$CK@
10740 173 ??_C@_01KMDKNFGN@?1@
10744 173 ??_C@_01FGNFDNOH@?$CF@
10748 173 ??_C@_01MNNFJEPP@?$DM@
1074C 173 ??_C@_02EHCHHCKH@?$DM?$DN@
10750 173 ??_C@_01PPODPGHN@?$DO@
10754 173 ??_C@_02EEKDKGMJ@?$DO?$DN@
10758 173 ??_C@_01IHBHIGKO@?0@
1075C 173 ??_C@_02HCKGKOFO@?$CI?$CJ@
10760 173 ??_C@_01PJKLJHI@?$HO@
10764 173 ??_C@_01JKBOJNNK@?$FO@
10768 173 ??_C@_01DNKMNLPK@?$HM@
1076C 173 ??_C@_02PPKAJPJL@?$CG?$CG@
10770 173 ??_C@_02NONPIBCD@?$HM?$HM@
10774 173 ??_C@_02FPIMKNGF@?$CK?$DN@
10778 173 ??_C@_02FOEOMHFC@?$CL?$DN@
1077C 173 ??_C@_02FKMDLLOA@?9?$DN@
10780 173 ??_C@_02FJEHGPIO@?1?$DN@
10784 173 ??_C@_02FENAOKFI@?$CF?$DN@
10788 173 ??_C@_03IKFCCPFF@?$DO?$DO?$DN@
1078C 173 ??_C@_03CDNPDDLA@?$DM?$DM?$DN@
10790 173 ??_C@_02FGJGFEAB@?$CG?$DN@
10794 173 ??_C@_02DHLNPPGH@?$HM?$DN@
10798 173 ??_C@_02MHEGNOJ@?$FO?$DN@
1079C 173 ??_C@_09IFPLHPGF@?$GAvftable?8@
107A8 173 ??_C@_09BLBHBJP@?$GAvbtable?8@
107B4 173 ??_C@_07FEEIOKP@?$GAvcall?8@
107BC 173 ??_C@_08LLFFHHDJ@?$GAtypeof?8@
107C8 173 ??_C@_0BF@KDPPACIK@?$GAlocal?5static?5guard?8@
107E0 173 ??_C@_08OBABFOLI@?$GAstring?8@
107EC 173 ??_C@_0BD@JDLKDPAB@?$GAvbase?5destructor?8@
10800 173 ??_C@_0BN@DEGPLNFK@?$GAvector?5deleting?5destructor?8@
10820 173 ??_C@_0BO@OBMKPJIG@?$GAdefault?5constructor?5closure?8@
10840 173 ??_C@_0BN@IMDCHIKM@?$GAscalar?5deleting?5destructor?8@
10860 173 ??_C@_0BO@PFGOCPJJ@?$GAvector?5constructor?5iterator?8@
10880 173 ??_C@_0BN@LFPFMEDL@?$GAvector?5destructor?5iterator?8@
108A0 173 ??_C@_0CE@IKBNEHA@?$GAvector?5vbase?5constructor?5itera@
108C4 173 ??_C@_0BL@NILFHHPC@?$GAvirtual?5displacement?5map?8@
108E0 173 ??_C@_0CB@JONCMFFK@?$GAeh?5vector?5constructor?5iterator@
10904 173 ??_C@_0CA@GCEOPDGL@?$GAeh?5vector?5destructor?5iterator?8@
10924 173 ??_C@_0CH@OOJPLCPH@?$GAeh?5vector?5vbase?5constructor?5it@
1094C 173 ??_C@_0BL@LLKPOHJI@?$GAcopy?5constructor?5closure?8@
10968 173 ??_C@_0BA@KBCDOMBN@?$GAudt?5returning?8@
10978 173 ??_C@_03KLGMFNMG@?$GAEH@
1097C 173 ??_C@_05KHLCHHI@?$GARTTI@
10984 173 ??_C@_0BA@KKLDJDLB@?$GAlocal?5vftable?8@
10994 173 ??_C@_0CE@IIHCMGGL@?$GAlocal?5vftable?5constructor?5clos@
109B8 173 ??_C@_06FHBGPFGH@?5new?$FL?$FN@
109C0 173 ??_C@_09LBNFPBCA@?5delete?$FL?$FN@
109CC 173 ??_C@_0P@HJKNJFNN@?$GAomni?5callsig?8@
109DC 173 ??_C@_0BL@CNOONJFP@?$GAplacement?5delete?5closure?8@
109F8 173 ??_C@_0BN@CKNJLHMB@?$GAplacement?5delete?$FL?$FN?5closure?8@
10A18 173 ??_C@_0CG@CFDHKGGD@?$GAmanaged?5vector?5constructor?5ite@
10A40 173 ??_C@_0CF@IMGKMJNO@?$GAmanaged?5vector?5destructor?5iter@
10A68 173 ??_C@_0CG@HLDDJMAG@?$GAeh?5vector?5copy?5constructor?5ite@
10A90 173 ??_C@_0CM@FCBBDIGB@?$GAeh?5vector?5vbase?5copy?5construct@
10ABC 173 ??_C@_0BL@CLIPGLGB@?$GAdynamic?5initializer?5for?5?8@
10AD8 173 ??_C@_0CB@PDBIFEP@?$GAdynamic?5atexit?5destructor?5for?5@
10AFC 173 ??_C@_0CD@CGAJBKEJ@?$GAvector?5copy?5constructor?5iterat@
10B20 173 ??_C@_0CJ@GJELGAMM@?$GAvector?5vbase?5copy?5constructor?5@
10B4C 173 ??_C@_0CL@FGIJHLCE@?$GAmanaged?5vector?5copy?5constructo@
10B78 173 ??_C@_0BM@PMGGMLDN@?$GAlocal?5static?5thread?5guard?8@
10B94 173 ??_C@_0N@BDNMDMOL@operator?5?$CC?$CC?5@
10BA4 173 ??_C@_0BC@GGEBGALA@operator?5co_await@
10BB8 173 ??_C@_0M@GAAIMMOH@operator?$DM?$DN?$DO@
10BC4 173 ??_C@_0BC@DAFEJGAK@?5Type?5Descriptor?8@
10BD8 173 ??_C@_0BM@LDKODKLH@?5Base?5Class?5Descriptor?5at?5?$CI@
10BF4 173 ??_C@_0BD@LGICGFMM@?5Base?5Class?5Array?8@
10C08 173 ??_C@_0BN@MECKDCOJ@?5Class?5Hierarchy?5Descriptor?8@
10C28 173 ??_C@_0BK@CFCOFLF@?5Complete?5Object?5Locator?8@
10C44 173 ??_C@_0BG@JNJLAMPM@?$GAanonymous?5namespace?8@
10C5C 175 ?module_names@?A0x14174aea@@3QBQB_WB
10C68 175 ??_C@_1DM@KHCHBNEB@?$AAa?$AAp?$AAi?$AA?9?$AAm?$AAs?$AA?9?$AAw?$AAi?$AAn?$AA?9?$AAc?$AAo?$AAr?$AAe@
10CA4 175 ??_C@_1DK@LPPGFMPP@?$AAa?$AAp?$AAi?$AA?9?$AAm?$AAs?$AA?9?$AAw?$AAi?$AAn?$AA?9?$AAc?$AAo?$AAr?$AAe@
10CE0 175 ??_C@_1BC@GDMECMAK@?$AAk?$AAe?$AAr?$AAn?$AAe?$AAl?$AA3?$AA2@
10CF4 175 ??_C@_1BA@PFFKHIOG@?$AAa?$AAp?$AAi?$AA?9?$AAm?$AAs?$AA?9@
10D04 175 ?candidate_modules@?1??try_get_FlsAlloc@@YAP6GKP6GXPAX@Z@ZXZ@4QBW4module_id@?A0x14174aea@@B
10D0C 175 ??_C@_08KNHFBNJ@FlsAlloc@
10D18 175 ?candidate_modules@?1??try_get_FlsFree@@YAP6GHK@ZXZ@4QBW4module_id@?A0x14174aea@@B
10D20 175 ??_C@_07PEJMOBNF@FlsFree@
10D28 175 ?candidate_modules@?1??try_get_FlsGetValue@@YAP6GPAXK@ZXZ@4QBW4module_id@?A0x14174aea@@B
10D30 175 ??_C@_0M@GDNOONDI@FlsGetValue@
10D3C 175 ?candidate_modules@?1??try_get_FlsSetValue@@YAP6GHKPAX@ZXZ@4QBW4module_id@?A0x14174aea@@B
10D44 175 ??_C@_0M@JCPCPOEF@FlsSetValue@
10D50 175 ?candidate_modules@?1??try_get_InitializeCriticalSectionEx@@YAP6GHPAU_RTL_CRITICAL_SECTION@@KK@ZXZ@4QBW4module_id@?A0x14174aea@@B
10D58 175 ??_C@_0BM@HCFOFFN@InitializeCriticalSectionEx@
10D78 67 ___acrt_exception_action_table
10E08 67 ___acrt_signal_action_table_count
10E0C 67 ___acrt_signal_action_first_fpe_index
10E10 67 ___acrt_signal_action_fpe_count
10E14 68 ??_C@_1BI@BGOHAHKC@?$AAm?$AAs?$AAc?$AAo?$AAr?$AAe?$AAe?$AA?4?$AAd?$AAl?$AAl@
10E2C 68 ??_C@_0P@MIGLKIOC@CorExitProcess@
10E40 87 ___acrt_initializers
10EC0 66 ?errtable@@3QBUerrentry@?A0x31fdb9ec@@B
11028 112 ?_mb_locale_names@@3QBQB_WB
11038 112 ??_C@_1M@HPNHIDJI@?$AAj?$AAa?$AA?9?$AAJ?$AAP@
11044 112 ??_C@_1M@BIBDDEMK@?$AAz?$AAh?$AA?9?$AAC?$AAN@
11050 112 ??_C@_1M@JLOOOEGK@?$AAk?$AAo?$AA?9?$AAK?$AAR@
1105C 112 ??_C@_1M@CLNBBOPM@?$AAz?$AAh?$AA?9?$AAT?$AAW@
11068 152 ?module_names@?A0x391cf84c@@3QBQB_WB
110C0 152 ??_C@_1EA@JGEFHKEI@?$AAa?$AAp?$AAi?$AA?9?$AAm?$AAs?$AA?9?$AAw?$AAi?$AAn?$AA?9?$AAc?$AAo?$AAr?$AAe@
11100 152 ??_C@_1DI@KMEPCBPN@?$AAa?$AAp?$AAi?$AA?9?$AAm?$AAs?$AA?9?$AAw?$AAi?$AAn?$AA?9?$AAc?$AAo?$AAr?$AAe@
11138 152 ??_C@_1DI@IJCEHOCB@?$AAa?$AAp?$AAi?$AA?9?$AAm?$AAs?$AA?9?$AAw?$AAi?$AAn?$AA?9?$AAc?$AAo?$AAr?$AAe@
11170 152 ??_C@_1EI@MPIAOHOC@?$AAa?$AAp?$AAi?$AA?9?$AAm?$AAs?$AA?9?$AAw?$AAi?$AAn?$AA?9?$AAc?$AAo?$AAr?$AAe@
111B8 152 ??_C@_1FK@FPHCKFIE@?$AAa?$AAp?$AAi?$AA?9?$AAm?$AAs?$AA?9?$AAw?$AAi?$AAn?$AA?9?$AAc?$AAo?$AAr?$AAe@
11218 152 ??_C@_1EM@DILCGIIO@?$AAa?$AAp?$AAi?$AA?9?$AAm?$AAs?$AA?9?$AAw?$AAi?$AAn?$AA?9?$AAc?$AAo?$AAr?$AAe@
11264 152 ??_C@_1DM@LNCGDDPN@?$AAa?$AAp?$AAi?$AA?9?$AAm?$AAs?$AA?9?$AAw?$AAi?$AAn?$AA?9?$AAc?$AAo?$AAr?$AAe@
112A0 152 ??_C@_1DO@FPAPJEMD@?$AAa?$AAp?$AAi?$AA?9?$AAm?$AAs?$AA?9?$AAw?$AAi?$AAn?$AA?9?$AAc?$AAo?$AAr?$AAe@
112E0 152 ??_C@_1DK@NDHNAHIO@?$AAa?$AAp?$AAi?$AA?9?$AAm?$AAs?$AA?9?$AAw?$AAi?$AAn?$AA?9?$AAc?$AAo?$AAr?$AAe@
1131C 152 ??_C@_1DM@KGHDGBCM@?$AAa?$AAp?$AAi?$AA?9?$AAm?$AAs?$AA?9?$AAw?$AAi?$AAn?$AA?9?$AAc?$AAo?$AAr?$AAe@
11358 152 ??_C@_1EO@IJIOEFOH@?$AAa?$AAp?$AAi?$AA?9?$AAm?$AAs?$AA?9?$AAw?$AAi?$AAn?$AA?9?$AAr?$AAt?$AAc?$AAo@
113A8 152 ??_C@_1FG@HHGEKANL@?$AAa?$AAp?$AAi?$AA?9?$AAm?$AAs?$AA?9?$AAw?$AAi?$AAn?$AA?9?$AAs?$AAe?$AAc?$AAu@
11400 152 ??_C@_1EG@DBIOJECG@?$AAe?$AAx?$AAt?$AA?9?$AAm?$AAs?$AA?9?$AAw?$AAi?$AAn?$AA?9?$AAn?$AAt?$AAu?$AAs@
11448 152 ??_C@_1EO@FIHMJCLF@?$AAe?$AAx?$AAt?$AA?9?$AAm?$AAs?$AA?9?$AAw?$AAi?$AAn?$AA?9?$AAn?$AAt?$AAu?$AAs@
11498 152 ??_C@_1BC@DNHGCMLG@?$AAa?$AAd?$AAv?$AAa?$AAp?$AAi?$AA3?$AA2@
114AC 152 ??_C@_1BG@CJPGBMEF@?$AAk?$AAe?$AAr?$AAn?$AAe?$AAl?$AAb?$AAa?$AAs?$AAe@
114C4 152 ??_C@_1M@OAIMIKLP@?$AAn?$AAt?$AAd?$AAl?$AAl@
114D0 152 ??_C@_1EG@DPGNFKGC@?$AAa?$AAp?$AAi?$AA?9?$AAm?$AAs?$AA?9?$AAw?$AAi?$AAn?$AA?9?$AAa?$AAp?$AAp?$AAm@
11518 152 ??_C@_1O@BCCLBEOE@?$AAu?$AAs?$AAe?$AAr?$AA3?$AA2@
11528 152 ??_C@_1DM@BPJLHKCE@?$AAa?$AAp?$AAi?$AA?9?$AAm?$AAs?$AA?9?$AAw?$AAi?$AAn?$AA?9?$AAc?$AAo?$AAr?$AAe@
11564 152 ??_C@_1BA@IAIFMGEF@?$AAe?$AAx?$AAt?$AA?9?$AAm?$AAs?$AA?9@
11574 152 ?candidate_modules@?1??try_get_AreFileApisANSI@@YAP6GHXZXZ@4QBW4module_id@?A0x391cf84c@@B
11578 152 ??_C@_0BA@FHFNEAED@AreFileApisANSI@
11588 152 ?candidate_modules@?1??try_get_InitializeCriticalSectionEx@@YAP6GHPAU_RTL_CRITICAL_SECTION@@KK@ZXZ@4QBW4module_id@?A0x391cf84c@@B
11590 152 ?candidate_modules@?1??try_get_LCMapStringEx@@YAP6GHPB_WK0HPA_WHPAU_nlsversioninfo@@PAXJ@ZXZ@4QBW4module_id@?A0x391cf84c@@B
11598 152 ??_C@_0O@KKBNKAPF@LCMapStringEx@
115A8 152 ?candidate_modules@?1??try_get_LocaleNameToLCID@@YAP6GKPB_WK@ZXZ@4QBW4module_id@?A0x391cf84c@@B
115B0 152 ??_C@_0BB@HBDEELFH@LocaleNameToLCID@
115C4 152 ?candidate_modules@?1??try_get_AppPolicyGetProcessTerminationMethod@@YAP6GJPAXPAW4AppPolicyProcessTerminationMethod@@@ZXZ@4QBW4module_id@?A0x391cf84c@@B
115C8 152 ??_C@_0CF@OJOFEIGO@AppPolicyGetProcessTerminationM@
115F0 152 ?candidate_modules@?1??try_get_FlsAlloc@@YAP6GKP6GXPAX@Z@ZXZ@4QBW4module_id@?A0x391cf84c@@B
115F8 152 ?candidate_modules@?1??try_get_FlsFree@@YAP6GHK@ZXZ@4QBW4module_id@?A0x391cf84c@@B
11600 152 ?candidate_modules@?1??try_get_FlsGetValue@@YAP6GPAXK@ZXZ@4QBW4module_id@?A0x391cf84c@@B
11608 152 ?candidate_modules@?1??try_get_FlsSetValue@@YAP6GHKPAX@ZXZ@4QBW4module_id@?A0x391cf84c@@B
11610 122 ___lc_time_c
11774 122 ??_C@_03KOEHGMDN@Sun@
11778 122 ??_C@_03PDAGKDH@Mon@
1177C 122 ??_C@_03NAGEINEP@Tue@
11780 122 ??_C@_03MHOMLAJA@Wed@
11784 122 ??_C@_03IOFIKPDN@Thu@
11788 122 ??_C@_03IDIOELNC@Fri@
1178C 122 ??_C@_03FEFJNEK@Sat@
11790 122 ??_C@_06OOPIFAJ@Sunday@
11798 122 ??_C@_06JLEDEDGH@Monday@
117A0 122 ??_C@_07BAAGCFCM@Tuesday@
117A8 122 ??_C@_09DLIGFAKA@Wednesday@
117B4 122 ??_C@_08HACCIKIA@Thursday@
117C0 122 ??_C@_06JECMNKMI@Friday@
117C8 122 ??_C@_08INBOOONO@Saturday@
117D4 122 ??_C@_03JIHJHPIE@Jan@
117D8 122 ??_C@_03HJBDCHOM@Feb@
117DC 122 ??_C@_03ODNJBKGA@Mar@
117E0 122 ??_C@_03LEOLGMJP@Apr@
117E4 122 ??_C@_03CNMDKL@May@
117E8 122 ??_C@_03IDFGHECI@Jun@
117EC 122 ??_C@_03LBGABGKK@Jul@
117F0 122 ??_C@_03IFJFEIGA@Aug@
117F4 122 ??_C@_03GGCAPAJC@Sep@
117F8 122 ??_C@_03BMAOKBAD@Oct@
117FC 122 ??_C@_03JPJOFNIA@Nov@
11800 122 ??_C@_03MKABNOCG@Dec@
11804 122 ??_C@_07CGJPFGJA@January@
1180C 122 ??_C@_08GNJGEPFN@February@
11818 122 ??_C@_05HPCKOFNC@March@
11820 122 ??_C@_05DMJDNLEJ@April@
11828 122 ??_C@_04CNLMGBGM@June@
11830 122 ??_C@_04MIEPOIFP@July@
11838 122 ??_C@_06LBBHFDDG@August@
11840 122 ??_C@_09BHHEALKD@September@
1184C 122 ??_C@_07JJNFCEND@October@
11854 122 ??_C@_08HCHEGEOA@November@
11860 122 ??_C@_08EDHMEBNP@December@
1186C 122 ??_C@_02DEDBPAFC@AM@
11870 122 ??_C@_02CJNFDJBF@PM@
11874 122 ??_C@_08BPBNCDIB@MM?1dd?1yy@
11880 122 ??_C@_0BE@CKGJFCPC@dddd?0?5MMMM?5dd?0?5yyyy@
11894 122 ??_C@_08JCCMCCIL@HH?3mm?3ss@
118A0 122 ??_C@_17MBGCMIPB@?$AAS?$AAu?$AAn@
118A8 122 ??_C@_17KBOMKBF@?$AAM?$AAo?$AAn@
118B0 122 ??_C@_17BMKGEGOJ@?$AAT?$AAu?$AAe@
118B8 122 ??_C@_17CJEDCEPE@?$AAW?$AAe?$AAd@
118C0 122 ??_C@_17PDPHAADD@?$AAT?$AAh?$AAu@
118C8 122 ??_C@_17HFOLPPLP@?$AAF?$AAr?$AAi@
118D0 122 ??_C@_17GGIBDPIH@?$AAS?$AAa?$AAt@
118D8 122 ??_C@_1O@IHNHDHPB@?$AAS?$AAu?$AAn?$AAd?$AAa?$AAy@
118E8 122 ??_C@_1O@MMNBFLIA@?$AAM?$AAo?$AAn?$AAd?$AAa?$AAy@
118F8 122 ??_C@_1BA@ENFBFFEK@?$AAT?$AAu?$AAe?$AAs?$AAd?$AAa?$AAy@
11908 122 ??_C@_1BE@EBOGMDOH@?$AAW?$AAe?$AAd?$AAn?$AAe?$AAs?$AAd?$AAa?$AAy@
1191C 122 ??_C@_1BC@HHMNLIHE@?$AAT?$AAh?$AAu?$AAr?$AAs?$AAd?$AAa?$AAy@
11930 122 ??_C@_1O@PDICJHAG@?$AAF?$AAr?$AAi?$AAd?$AAa?$AAy@
11940 122 ??_C@_1BC@ENMNNPAJ@?$AAS?$AAa?$AAt?$AAu?$AAr?$AAd?$AAa?$AAy@
11954 122 ??_C@_17DKNBKCHM@?$AAJ?$AAa?$AAn@
1195C 122 ??_C@_17LMDJEKJN@?$AAF?$AAe?$AAb@
11964 122 ??_C@_17CKNLEDEC@?$AAM?$AAa?$AAr@
1196C 122 ??_C@_17LFPOIHDD@?$AAA?$AAp?$AAr@
11974 122 ??_C@_17PNNKMEED@?$AAM?$AAa?$AAy@
1197C 122 ??_C@_17KCJGOCPB@?$AAJ?$AAu?$AAn@
11984 122 ??_C@_17IJPCKHK@?$AAJ?$AAu?$AAl@
1198C 122 ??_C@_17ICPELBCN@?$AAA?$AAu?$AAg@
11994 122 ??_C@_17HCHCOKMG@?$AAS?$AAe?$AAp@
1199C 122 ??_C@_17FNLKOI@?$AAO?$AAc?$AAt@
119A4 122 ??_C@_17BBDMLCIG@?$AAN?$AAo?$AAv@
119AC 122 ??_C@_17EGKACKIF@?$AAD?$AAe?$AAc@
119B4 122 ??_C@_1BA@EFMEIEBA@?$AAJ?$AAa?$AAn?$AAu?$AAa?$AAr?$AAy@
119C4 122 ??_C@_1BC@JGDDFFAM@?$AAF?$AAe?$AAb?$AAr?$AAu?$AAa?$AAr?$AAy@
119D8 122 ??_C@_1M@IKEENEDF@?$AAM?$AAa?$AAr?$AAc?$AAh@
119E4 122 ??_C@_1M@GJNLMHFD@?$AAA?$AAp?$AAr?$AAi?$AAl@
119F0 122 ??_C@_19EPFLPGAP@?$AAJ?$AAu?$AAn?$AAe@
119FC 122 ??_C@_19BIFMLPCD@?$AAJ?$AAu?$AAl?$AAy@
11A08 122 ??_C@_1O@PAHLKOAC@?$AAA?$AAu?$AAg?$AAu?$AAs?$AAt@
11A18 122 ??_C@_1BE@DKAAMBJL@?$AAS?$AAe?$AAp?$AAt?$AAe?$AAm?$AAb?$AAe?$AAr@
11A2C 122 ??_C@_1BA@EPANDLNG@?$AAO?$AAc?$AAt?$AAo?$AAb?$AAe?$AAr@
11A3C 122 ??_C@_1BC@BGLIFPF@?$AAN?$AAo?$AAv?$AAe?$AAm?$AAb?$AAe?$AAr@
11A50 122 ??_C@_1BC@FEMKIFH@?$AAD?$AAe?$AAc?$AAe?$AAm?$AAb?$AAe?$AAr@
11A64 122 ??_C@_15ODEHAHHF@?$AAA?$AAM@
11A6C 122 ??_C@_15CLMNNGEL@?$AAP?$AAM@
11A74 122 ??_C@_1BC@IEBCMHCM@?$AAM?$AAM?$AA?1?$AAd?$AAd?$AA?1?$AAy?$AAy@
11A88 122 ??_C@_1CI@KNAKOEBC@?$AAd?$AAd?$AAd?$AAd?$AA?0?$AA?5?$AAM?$AAM?$AAM?$AAM?$AA?5?$AAd?$AAd?$AA?0?$AA?5@
11AB0 122 ??_C@_1BC@GDGBMEMK@?$AAH?$AAH?$AA?3?$AAm?$AAm?$AA?3?$AAs?$AAs@
11AC4 122 ??_C@_1M@BMHNFIME@?$AAe?$AAn?$AA?9?$AAU?$AAS@
11AD0 64 ___newctype
11DD0 64 ___newclmap
11F50 64 ___newcumap
120D0 96 ?LcidToLocaleNameTable@?A0x881e4c05@@3QBULcidToLocaleName@1@B
127F0 96 ??_C@_15EMKDOKLE@?$AAa?$AAr@
127F8 96 ??_C@_15KNPADPLH@?$AAb?$AAg@
12800 96 ??_C@_15EDMHLDMO@?$AAc?$AAa@
12808 96 ??_C@_1O@BPEAJADD@?$AAz?$AAh?$AA?9?$AAC?$AAH?$AAS@
12818 96 ??_C@_15LJNHCMNK@?$AAc?$AAs@
12820 96 ??_C@_15FOMCIDHG@?$AAd?$AAa@
12828 96 ??_C@_15NBKABECB@?$AAd?$AAe@
12830 96 ??_C@_15GHPEIIAO@?$AAe?$AAl@
12838 96 ??_C@_15MNPNEAIF@?$AAe?$AAn@
12840 96 ??_C@_15GPIOMPMH@?$AAe?$AAs@
12848 96 ??_C@_15NGLOAKJC@?$AAf?$AAi@
12850 96 ??_C@_15FBKGNKAM@?$AAf?$AAr@
12858 96 ??_C@_15KGGCNEFK@?$AAh?$AAe@
12860 96 ??_C@_15PGHLIDMF@?$AAh?$AAu@
12868 96 ??_C@_15BIEMAPLM@?$AAi?$AAs@
12870 96 ??_C@_15IFJLDHAF@?$AAi?$AAt@
12878 96 ??_C@_15GEMIOCAG@?$AAj?$AAa@
12880 96 ??_C@_15EPELEGJA@?$AAk?$AAo@
12888 96 ??_C@_15NDDHIMN@?$AAn?$AAl@
12890 96 ??_C@_15BPIGNHCD@?$AAn?$AAo@
12898 96 ??_C@_15DEOPBLCG@?$AAp?$AAl@
128A0 96 ??_C@_15KBECGEFG@?$AAp?$AAt@
128A8 96 ??_C@_15GLJCBFMD@?$AAr?$AAo@
128B0 96 ??_C@_15FEDGKCDI@?$AAr?$AAu@
128B8 96 ??_C@_15GLKMLLHM@?$AAh?$AAr@
128C0 96 ??_C@_15CPKMFBDB@?$AAs?$AAk@
128C8 96 ??_C@_15BAAIOGMK@?$AAs?$AAq@
128D0 96 ??_C@_15INNPNOHD@?$AAs?$AAv@
128D8 96 ??_C@_15CABMMOGH@?$AAt?$AAh@
128E0 96 ??_C@_15BPLIHJJM@?$AAt?$AAr@
128E8 96 ??_C@_15NEOEKKDJ@?$AAu?$AAr@
128F0 96 ??_C@_15NFICGAJK@?$AAi?$AAd@
128F8 96 ??_C@_15PJPFLCCM@?$AAu?$AAk@
12900 96 ??_C@_15HPJPHDM@?$AAb?$AAe@
12908 96 ??_C@_15LCHLGJII@?$AAs?$AAl@
12910 96 ??_C@_15PCFJPHHO@?$AAe?$AAt@
12918 96 ??_C@_15HPFPGODN@?$AAl?$AAv@
12920 96 ??_C@_15NFFGKGLG@?$AAl?$AAt@
12928 96 ??_C@_15BDAKCCHN@?$AAf?$AAa@
12930 96 ??_C@_15NFGIAIAJ@?$AAv?$AAi@
12938 96 ??_C@_15LMKNDMHN@?$AAh?$AAy@
12940 96 ??_C@_15IJBHMCFL@?$AAa?$AAz@
12948 96 ??_C@_15EKOFJABL@?$AAe?$AAu@
12950 96 ??_C@_15BGHADCNK@?$AAm?$AAk@
12958 96 ??_C@_15JDNICKHM@?$AAa?$AAf@
12960 96 ??_C@_15KPJEDBKD@?$AAk?$AAa@
12968 96 ??_C@_15PDNFFFEO@?$AAf?$AAo@
12970 96 ??_C@_15OMLEGLOC@?$AAh?$AAi@
12978 96 ??_C@_15IDNNENKK@?$AAm?$AAs@
12980 96 ??_C@_15MACJNBMH@?$AAk?$AAk@
12988 96 ??_C@_15DKDJEOND@?$AAk?$AAy@
12990 96 ??_C@_15DFGDLJBG@?$AAs?$AAw@
12998 96 ??_C@_15BBFAICNG@?$AAu?$AAz@
129A0 96 ??_C@_15DKNDCGEA@?$AAt?$AAt@
129A8 96 ??_C@_15MGIFMDPL@?$AAp?$AAa@
129B0 96 ??_C@_15HCNDBBA@?$AAg?$AAu@
129B8 96 ??_C@_15FNBEIBON@?$AAt?$AAa@
129C0 96 ??_C@_15NCHGBGLK@?$AAt?$AAe@
129C8 96 ??_C@_15PHPHCBPF@?$AAk?$AAn@
129D0 96 ??_C@_15DLGBCKMP@?$AAm?$AAr@
129D8 96 ??_C@_15EABBLBFF@?$AAs?$AAa@
129E0 96 ??_C@_15CBKOMCOI@?$AAm?$AAn@
129E8 96 ??_C@_15CKDMCJAF@?$AAg?$AAl@
129F0 96 ??_C@_17CNJFBPG@?$AAk?$AAo?$AAk@
129F8 96 ??_C@_17FFBJICPL@?$AAs?$AAy?$AAr@
12A00 96 ??_C@_17KPNDCPAF@?$AAd?$AAi?$AAv@
12A08 96 ??_C@_1M@OKAHONE@?$AAa?$AAr?$AA?9?$AAS?$AAA@
12A14 96 ??_C@_1M@FFFIGIGK@?$AAb?$AAg?$AA?9?$AAB?$AAG@
12A20 96 ??_C@_1M@BJNKEDC@?$AAc?$AAa?$AA?9?$AAE?$AAS@
12A2C 96 ??_C@_1M@IJJHFJHA@?$AAc?$AAs?$AA?9?$AAC?$AAZ@
12A38 96 ??_C@_1M@CLPEOBGI@?$AAd?$AAa?$AA?9?$AAD?$AAK@
12A44 96 ??_C@_1M@MCMADGCB@?$AAd?$AAe?$AA?9?$AAD?$AAE@
12A50 96 ??_C@_1M@OOCKEMAM@?$AAe?$AAl?$AA?9?$AAG?$AAR@
12A5C 96 ??_C@_1M@DDNJFGID@?$AAf?$AAi?$AA?9?$AAF?$AAI@
12A68 96 ??_C@_1M@GLIPPMAC@?$AAf?$AAr?$AA?9?$AAF?$AAR@
12A74 96 ??_C@_1M@GFMCHPE@?$AAh?$AAe?$AA?9?$AAI?$AAL@
12A80 96 ??_C@_1M@MHLPGNKM@?$AAh?$AAu?$AA?9?$AAH?$AAU@
12A8C 96 ??_C@_1M@LPDDNNPN@?$AAi?$AAs?$AA?9?$AAI?$AAS@
12A98 96 ??_C@_1M@MADIPODN@?$AAi?$AAt?$AA?9?$AAI?$AAT@
12AA4 96 ??_C@_1M@IHBJJGG@?$AAn?$AAl?$AA?9?$AAN?$AAL@
12AB0 96 ??_C@_1M@EANAGDL@?$AAn?$AAb?$AA?9?$AAN?$AAO@
12ABC 96 ??_C@_1M@NEIEMEGP@?$AAp?$AAl?$AA?9?$AAP?$AAL@
12AC8 96 ??_C@_1M@BOCFIGEP@?$AAp?$AAt?$AA?9?$AAB?$AAR@
12AD4 96 ??_C@_1M@IMPFOPBG@?$AAr?$AAo?$AA?9?$AAR?$AAO@
12AE0 96 ??_C@_1M@IDNNEJMM@?$AAr?$AAu?$AA?9?$AAR?$AAU@
12AEC 96 ??_C@_1M@LILEEOGM@?$AAh?$AAr?$AA?9?$AAH?$AAR@
12AF8 96 ??_C@_1M@FKIFEHPB@?$AAs?$AAk?$AA?9?$AAS?$AAK@
12B04 96 ??_C@_1M@LJMAMNPJ@?$AAs?$AAq?$AA?9?$AAA?$AAL@
12B10 96 ??_C@_1M@GIAKDKJK@?$AAs?$AAv?$AA?9?$AAS?$AAE@
12B1C 96 ??_C@_1M@MKJKIKCL@?$AAt?$AAh?$AA?9?$AAT?$AAH@
12B28 96 ??_C@_1M@MFLCCMPB@?$AAt?$AAr?$AA?9?$AAT?$AAR@
12B34 96 ??_C@_1M@OIJHDKJN@?$AAu?$AAr?$AA?9?$AAP?$AAK@
12B40 96 ??_C@_1M@LHIPCIEK@?$AAi?$AAd?$AA?9?$AAI?$AAD@
12B4C 96 ??_C@_1M@MFMOBGI@?$AAu?$AAk?$AA?9?$AAU?$AAA@
12B58 96 ??_C@_1M@OBGLJIPL@?$AAb?$AAe?$AA?9?$AAB?$AAY@
12B64 96 ??_C@_1M@BCFAJEAD@?$AAs?$AAl?$AA?9?$AAS?$AAI@
12B70 96 ??_C@_1M@FKFFEDDN@?$AAe?$AAt?$AA?9?$AAE?$AAE@
12B7C 96 ??_C@_1M@KGKKAACI@?$AAl?$AAv?$AA?9?$AAL?$AAV@
12B88 96 ??_C@_1M@IFGBIJO@?$AAl?$AAt?$AA?9?$AAL?$AAT@
12B94 96 ??_C@_1M@FGEAHEDM@?$AAf?$AAa?$AA?9?$AAI?$AAR@
12BA0 96 ??_C@_1M@KBMAIBFN@?$AAv?$AAi?$AA?9?$AAV?$AAN@
12BAC 96 ??_C@_1M@GPCBKDJK@?$AAh?$AAy?$AA?9?$AAA?$AAM@
12BB8 96 ??_C@_1BG@BECMDDJB@?$AAa?$AAz?$AA?9?$AAA?$AAZ?$AA?9?$AAL?$AAa?$AAt?$AAn@
12BD0 96 ??_C@_1M@MAOFCAEA@?$AAe?$AAu?$AA?9?$AAE?$AAS@
12BDC 96 ??_C@_1M@IGHABKPI@?$AAm?$AAk?$AA?9?$AAM?$AAK@
12BE8 96 ??_C@_1M@IAIGNEJG@?$AAt?$AAn?$AA?9?$AAZ?$AAA@
12BF4 96 ??_C@_1M@IIJCOJFA@?$AAx?$AAh?$AA?9?$AAZ?$AAA@
12C00 96 ??_C@_1M@LGPJHNJH@?$AAz?$AAu?$AA?9?$AAZ?$AAA@
12C0C 96 ??_C@_1M@HOKAOIO@?$AAa?$AAf?$AA?9?$AAZ?$AAA@
12C18 96 ??_C@_1M@DPCLHLIE@?$AAk?$AAa?$AA?9?$AAG?$AAE@
12C24 96 ??_C@_1M@BLKMHJBI@?$AAf?$AAo?$AA?9?$AAF?$AAO@
12C30 96 ??_C@_1M@LGGJAPPB@?$AAh?$AAi?$AA?9?$AAI?$AAN@
12C3C 96 ??_C@_1M@FIKPIHFE@?$AAm?$AAt?$AA?9?$AAM?$AAT@
12C48 96 ??_C@_1M@HEGGPBFA@?$AAs?$AAe?$AA?9?$AAN?$AAO@
12C54 96 ??_C@_1M@EIBJEEPA@?$AAm?$AAs?$AA?9?$AAM?$AAY@
12C60 96 ??_C@_1M@FHLBGMPP@?$AAk?$AAk?$AA?9?$AAK?$AAZ@
12C6C 96 ??_C@_1M@NGJJLCGI@?$AAk?$AAy?$AA?9?$AAK?$AAG@
12C78 96 ??_C@_1M@GIENNBFC@?$AAs?$AAw?$AA?9?$AAK?$AAE@
12C84 96 ??_C@_1BG@NDGMJIMJ@?$AAu?$AAz?$AA?9?$AAU?$AAZ?$AA?9?$AAL?$AAa?$AAt?$AAn@
12C9C 96 ??_C@_1M@IDCCIHBC@?$AAt?$AAt?$AA?9?$AAR?$AAU@
12CA8 96 ??_C@_1M@LOICPMOJ@?$AAb?$AAn?$AA?9?$AAI?$AAN@
12CB4 96 ??_C@_1M@KPKKNEAH@?$AAp?$AAa?$AA?9?$AAI?$AAN@
12CC0 96 ??_C@_1M@PJGPPBOG@?$AAg?$AAu?$AA?9?$AAI?$AAN@
12CCC 96 ??_C@_1M@KMKMOPHI@?$AAt?$AAa?$AA?9?$AAI?$AAN@
12CD8 96 ??_C@_1M@KFEHEPAC@?$AAt?$AAe?$AA?9?$AAI?$AAN@
12CE4 96 ??_C@_1M@CDCLMGHI@?$AAk?$AAn?$AA?9?$AAI?$AAN@
12CF0 96 ??_C@_1M@MIODLDKF@?$AAm?$AAl?$AA?9?$AAI?$AAN@
12CFC 96 ??_C@_1M@PBIEACPO@?$AAm?$AAr?$AA?9?$AAI?$AAN@
12D08 96 ??_C@_1M@NIDEAGPH@?$AAs?$AAa?$AA?9?$AAI?$AAN@
12D14 96 ??_C@_1M@FHIHCBIO@?$AAm?$AAn?$AA?9?$AAM?$AAN@
12D20 96 ??_C@_1M@JAIJPENP@?$AAc?$AAy?$AA?9?$AAG?$AAB@
12D2C 96 ??_C@_1M@PHGFBEPN@?$AAg?$AAl?$AA?9?$AAE?$AAS@
12D38 96 ??_C@_1O@KPIPDNCP@?$AAk?$AAo?$AAk?$AA?9?$AAI?$AAN@
12D48 96 ??_C@_1O@KNHJLDJA@?$AAs?$AAy?$AAr?$AA?9?$AAS?$AAY@
12D58 96 ??_C@_1O@MKEKBLAH@?$AAd?$AAi?$AAv?$AA?9?$AAM?$AAV@
12D68 96 ??_C@_1O@OHDCKDDF@?$AAq?$AAu?$AAz?$AA?9?$AAB?$AAO@
12D78 96 ??_C@_1M@LEPJNLFD@?$AAn?$AAs?$AA?9?$AAZ?$AAA@
12D84 96 ??_C@_1M@OMLEIIJB@?$AAm?$AAi?$AA?9?$AAN?$AAZ@
12D90 96 ??_C@_1M@PMPEAILG@?$AAa?$AAr?$AA?9?$AAI?$AAQ@
12D9C 96 ??_C@_1M@CNKPNOEE@?$AAd?$AAe?$AA?9?$AAC?$AAH@
12DA8 96 ??_C@_1M@LKMGMLKO@?$AAe?$AAn?$AA?9?$AAG?$AAB@
12DB4 96 ??_C@_1M@PGKJFFGL@?$AAe?$AAs?$AA?9?$AAM?$AAX@
12DC0 96 ??_C@_1M@DNNANBDC@?$AAf?$AAr?$AA?9?$AAB?$AAE@
12DCC 96 ??_C@_1M@HLGMDFHM@?$AAi?$AAt?$AA?9?$AAC?$AAH@
12DD8 96 ??_C@_1M@CLLBGJH@?$AAn?$AAl?$AA?9?$AAB?$AAE@
12DE4 96 ??_C@_1M@BODBOGLF@?$AAn?$AAn?$AA?9?$AAN?$AAO@
12DF0 96 ??_C@_1M@HFFAHKAD@?$AAp?$AAt?$AA?9?$AAP?$AAT@
12DFC 96 ??_C@_1BG@LNOAKHIE@?$AAs?$AAr?$AA?9?$AAS?$AAP?$AA?9?$AAL?$AAa?$AAt?$AAn@
12E14 96 ??_C@_1M@HBMHBGAK@?$AAs?$AAv?$AA?9?$AAF?$AAI@
12E20 96 ??_C@_1BG@DGCJGJBE@?$AAa?$AAz?$AA?9?$AAA?$AAZ?$AA?9?$AAC?$AAy?$AAr?$AAl@
12E38 96 ??_C@_1M@KEJDAAHB@?$AAs?$AAe?$AA?9?$AAS?$AAE@
12E44 96 ??_C@_1M@HEIBJJAD@?$AAm?$AAs?$AA?9?$AAB?$AAN@
12E50 96 ??_C@_1BG@PBGJMCEM@?$AAu?$AAz?$AA?9?$AAU?$AAZ?$AA?9?$AAC?$AAy?$AAr?$AAl@
12E68 96 ??_C@_1O@LAOBCMDF@?$AAq?$AAu?$AAz?$AA?9?$AAE?$AAC@
12E78 96 ??_C@_1M@POEEMAIO@?$AAa?$AAr?$AA?9?$AAE?$AAG@
12E84 96 ??_C@_1M@EFAKDEDL@?$AAz?$AAh?$AA?9?$AAH?$AAK@
12E90 96 ??_C@_1M@HKKIJHGI@?$AAd?$AAe?$AA?9?$AAA?$AAT@
12E9C 96 ??_C@_1M@KBFBEHJF@?$AAe?$AAn?$AA?9?$AAA?$AAU@
12EA8 96 ??_C@_1M@MNPLFAAH@?$AAe?$AAs?$AA?9?$AAE?$AAS@
12EB4 96 ??_C@_1M@HJOOJFMA@?$AAf?$AAr?$AA?9?$AAC?$AAA@
12EC0 96 ??_C@_1BG@JPOFPNAB@?$AAs?$AAr?$AA?9?$AAS?$AAP?$AA?9?$AAC?$AAy?$AAr?$AAl@
12ED8 96 ??_C@_1M@LNFOCMOB@?$AAs?$AAe?$AA?9?$AAF?$AAI@
12EE4 96 ??_C@_1O@MGJBOAMB@?$AAq?$AAu?$AAz?$AA?9?$AAP?$AAE@
12EF4 96 ??_C@_1M@GJINLBOK@?$AAa?$AAr?$AA?9?$AAL?$AAY@
12F00 96 ??_C@_1M@GGMNHJNL@?$AAz?$AAh?$AA?9?$AAS?$AAG@
12F0C 96 ??_C@_1M@HOIKODND@?$AAd?$AAe?$AA?9?$AAL?$AAU@
12F18 96 ??_C@_1M@DDOCCGFG@?$AAe?$AAn?$AA?9?$AAC?$AAA@
12F24 96 ??_C@_1M@BNOEMJLF@?$AAe?$AAs?$AA?9?$AAG?$AAT@
12F30 96 ??_C@_1M@EOGNKEK@?$AAf?$AAr?$AA?9?$AAC?$AAH@
12F3C 96 ??_C@_1M@FLIDJFHL@?$AAh?$AAr?$AA?9?$AAB?$AAA@
12F48 96 ??_C@_1O@FMCELNAJ@?$AAs?$AAm?$AAj?$AA?9?$AAN?$AAO@
12F58 96 ??_C@_1M@JHGLJMGJ@?$AAa?$AAr?$AA?9?$AAD?$AAZ@
12F64 96 ??_C@_1M@JKKFDCNP@?$AAz?$AAh?$AA?9?$AAM?$AAO@
12F70 96 ??_C@_1M@GEEFALPE@?$AAd?$AAe?$AA?9?$AAL?$AAI@
12F7C 96 ??_C@_1M@IGEOFBG@?$AAe?$AAn?$AA?9?$AAN?$AAZ@
12F88 96 ??_C@_1M@KDBONEHP@?$AAe?$AAs?$AA?9?$AAC?$AAR@
12F94 96 ??_C@_1M@FHMDOHNN@?$AAf?$AAr?$AA?9?$AAL?$AAU@
12FA0 96 ??_C@_1BG@NFKKMAFG@?$AAb?$AAs?$AA?9?$AAB?$AAA?$AA?9?$AAL?$AAa?$AAt?$AAn@
12FB8 96 ??_C@_1O@IMNBEMCI@?$AAs?$AAm?$AAj?$AA?9?$AAS?$AAE@
12FC8 96 ??_C@_1M@DHHMBNDP@?$AAa?$AAr?$AA?9?$AAM?$AAA@
12FD4 96 ??_C@_1M@BNBLJCGH@?$AAe?$AAn?$AA?9?$AAI?$AAE@
12FE0 96 ??_C@_1M@GEPAFMDL@?$AAe?$AAs?$AA?9?$AAP?$AAA@
12FEC 96 ??_C@_1M@OJONDMDL@?$AAf?$AAr?$AA?9?$AAM?$AAC@
12FF8 96 ??_C@_1BG@OBCNFJB@?$AAs?$AAr?$AA?9?$AAB?$AAA?$AA?9?$AAL?$AAa?$AAt?$AAn@
13010 96 ??_C@_1O@KEMEEGPO@?$AAs?$AAm?$AAa?$AA?9?$AAN?$AAO@
13020 96 ??_C@_1M@ELMGFODK@?$AAa?$AAr?$AA?9?$AAT?$AAN@
1302C 96 ??_C@_1M@BHDLHFAF@?$AAe?$AAn?$AA?9?$AAZ?$AAA@
13038 96 ??_C@_1M@BMGIGLIF@?$AAe?$AAs?$AA?9?$AAD?$AAO@
13044 96 ??_C@_1BG@CMBHIPBE@?$AAs?$AAr?$AA?9?$AAB?$AAA?$AA?9?$AAC?$AAy?$AAr?$AAl@
1305C 96 ??_C@_1O@HEDBLHNP@?$AAs?$AAm?$AAa?$AA?9?$AAS?$AAE@
1306C 96 ??_C@_1M@DAGCADIM@?$AAa?$AAr?$AA?9?$AAO?$AAM@
13078 96 ??_C@_1M@FODLMICG@?$AAe?$AAn?$AA?9?$AAJ?$AAM@
13084 96 ??_C@_1M@DNMLCIHB@?$AAe?$AAs?$AA?9?$AAV?$AAE@
13090 96 ??_C@_1O@EOKHMKJK@?$AAs?$AAm?$AAs?$AA?9?$AAF?$AAI@
130A0 96 ??_C@_1M@CAFJMKOF@?$AAa?$AAr?$AA?9?$AAY?$AAE@
130AC 96 ??_C@_1M@CBFHIJLI@?$AAe?$AAn?$AA?9?$AAC?$AAB@
130B8 96 ??_C@_1M@BGNFLDN@?$AAe?$AAs?$AA?9?$AAC?$AAO@
130C4 96 ??_C@_1O@JMPHMAMC@?$AAs?$AAm?$AAn?$AA?9?$AAF?$AAI@
130D4 96 ??_C@_1M@JLANABKE@?$AAa?$AAr?$AA?9?$AAS?$AAY@
130E0 96 ??_C@_1M@HPKGCFGN@?$AAe?$AAn?$AA?9?$AAB?$AAZ@
130EC 96 ??_C@_1M@OLJCMLGM@?$AAe?$AAs?$AA?9?$AAP?$AAE@
130F8 96 ??_C@_1M@MKKGFKLE@?$AAa?$AAr?$AA?9?$AAJ?$AAO@
13104 96 ??_C@_1M@EKPGLDNI@?$AAe?$AAn?$AA?9?$AAT?$AAT@
13110 96 ??_C@_1M@OONGHFHE@?$AAe?$AAs?$AA?9?$AAA?$AAR@
1311C 96 ??_C@_1M@OOJFGBHE@?$AAa?$AAr?$AA?9?$AAL?$AAB@
13128 96 ??_C@_1M@GCEJHNEG@?$AAe?$AAn?$AA?9?$AAZ?$AAW@
13134 96 ??_C@_1M@JNOCAHJI@?$AAe?$AAs?$AA?9?$AAE?$AAC@
13140 96 ??_C@_1M@JEFHPGGB@?$AAa?$AAr?$AA?9?$AAK?$AAW@
1314C 96 ??_C@_1M@MLKIBJOJ@?$AAe?$AAn?$AA?9?$AAP?$AAH@
13158 96 ??_C@_1M@BDNIPEND@?$AAe?$AAs?$AA?9?$AAC?$AAL@
13164 96 ??_C@_1M@MPNMEKBD@?$AAa?$AAr?$AA?9?$AAA?$AAE@
13170 96 ??_C@_1M@KBJALCPI@?$AAe?$AAs?$AA?9?$AAU?$AAY@
1317C 96 ??_C@_1M@LLCCOAGA@?$AAa?$AAr?$AA?9?$AAB?$AAH@
13188 96 ??_C@_1M@PBFNCDEL@?$AAe?$AAs?$AA?9?$AAP?$AAY@
13194 96 ??_C@_1M@EDGINPNP@?$AAa?$AAr?$AA?9?$AAQ?$AAA@
131A0 96 ??_C@_1M@MKDBIIJI@?$AAe?$AAs?$AA?9?$AAB?$AAO@
131AC 96 ??_C@_1M@CPKKEBLD@?$AAe?$AAs?$AA?9?$AAS?$AAV@
131B8 96 ??_C@_1M@NDBGMMJL@?$AAe?$AAs?$AA?9?$AAH?$AAN@
131C4 96 ??_C@_1M@JIJIBHDP@?$AAe?$AAs?$AA?9?$AAN?$AAI@
131D0 96 ??_C@_1M@CGFMKEEK@?$AAe?$AAs?$AA?9?$AAP?$AAR@
131DC 96 ??_C@_1O@ICJHKIIK@?$AAz?$AAh?$AA?9?$AAC?$AAH?$AAT@
131EC 96 ??_C@_15CLNEJCE@?$AAs?$AAr@
131F8 96 ?LocaleNameToIndexTable@?A0x881e4c05@@3QBULocaleNameIndex@1@B
13918 96 ??_C@_1M@KAHEKEIG@?$AAa?$AAf?$AA?9?$AAz?$AAa@
13924 96 ??_C@_1M@GIECOABL@?$AAa?$AAr?$AA?9?$AAa?$AAe@
13930 96 ??_C@_1M@BMLMEKGI@?$AAa?$AAr?$AA?9?$AAb?$AAh@
1393C 96 ??_C@_1M@DAPFDGGB@?$AAa?$AAr?$AA?9?$AAd?$AAz@
13948 96 ??_C@_1M@FJNKGKIG@?$AAa?$AAr?$AA?9?$AAe?$AAg@
13954 96 ??_C@_1M@FLGKKCLO@?$AAa?$AAr?$AA?9?$AAi?$AAq@
13960 96 ??_C@_1M@GNDIPALM@?$AAa?$AAr?$AA?9?$AAj?$AAo@
1396C 96 ??_C@_1M@DDMJFMGJ@?$AAa?$AAr?$AA?9?$AAk?$AAw@
13978 96 ??_C@_1M@EJALMLHM@?$AAa?$AAr?$AA?9?$AAl?$AAb@
13984 96 ??_C@_1M@MOBDBLOC@?$AAa?$AAr?$AA?9?$AAl?$AAy@
13990 96 ??_C@_1M@JAOCLHDH@?$AAa?$AAr?$AA?9?$AAm?$AAa@
1399C 96 ??_C@_1M@JHPMKJIE@?$AAa?$AAr?$AA?9?$AAo?$AAm@
139A8 96 ??_C@_1M@OEPGHFNH@?$AAa?$AAr?$AA?9?$AAq?$AAa@
139B4 96 ??_C@_1M@KJDONENM@?$AAa?$AAr?$AA?9?$AAs?$AAa@
139C0 96 ??_C@_1M@DMJDKLKM@?$AAa?$AAr?$AA?9?$AAs?$AAy@
139CC 96 ??_C@_1M@OMFIPEDC@?$AAa?$AAr?$AA?9?$AAt?$AAn@
139D8 96 ??_C@_1M@IHMHGAON@?$AAa?$AAr?$AA?9?$AAy?$AAe@
139E4 96 ??_C@_1BG@KDCPGJGB@?$AAa?$AAz?$AA?9?$AAa?$AAz?$AA?9?$AAc?$AAy?$AAr?$AAl@
139FC 96 ??_C@_1BG@IBCKDDOE@?$AAa?$AAz?$AA?9?$AAa?$AAz?$AA?9?$AAl?$AAa?$AAt?$AAn@
13A14 96 ??_C@_1M@EGPFDCPD@?$AAb?$AAe?$AA?9?$AAb?$AAy@
13A20 96 ??_C@_1M@PCMGMCGC@?$AAb?$AAg?$AA?9?$AAb?$AAg@
13A2C 96 ??_C@_1M@BJBMFGOB@?$AAb?$AAn?$AA?9?$AAi?$AAn@
13A38 96 ??_C@_1BG@EAKMMACD@?$AAb?$AAs?$AA?9?$AAb?$AAa?$AA?9?$AAl?$AAa?$AAt?$AAn@
13A50 96 ??_C@_1M@KGADAODK@?$AAc?$AAa?$AA?9?$AAe?$AAs@
13A5C 96 ??_C@_1M@COAJPDHI@?$AAc?$AAs?$AA?9?$AAc?$AAz@
13A68 96 ??_C@_1M@DHBHFONH@?$AAc?$AAy?$AA?9?$AAg?$AAb@
13A74 96 ??_C@_1M@IMGKELGA@?$AAd?$AAa?$AA?9?$AAd?$AAk@
13A80 96 ??_C@_1M@NNDGDNGA@?$AAd?$AAe?$AA?9?$AAa?$AAt@
13A8C 96 ??_C@_1M@IKDBHEEM@?$AAd?$AAe?$AA?9?$AAc?$AAh@
13A98 96 ??_C@_1M@GFFOJMCJ@?$AAd?$AAe?$AA?9?$AAd?$AAe@
13AA4 96 ??_C@_1M@MDNLKBPM@?$AAd?$AAe?$AA?9?$AAl?$AAi@
13AB0 96 ??_C@_1M@NJBEEJNL@?$AAd?$AAe?$AA?9?$AAl?$AAu@
13ABC 96 ??_C@_1O@GNNELBAP@?$AAd?$AAi?$AAv?$AA?9?$AAm?$AAv@
13ACC 96 ??_C@_1M@EJLEOGAE@?$AAe?$AAl?$AA?9?$AAg?$AAr@
13AD8 96 ??_C@_1M@GMPONJN@?$AAe?$AAn?$AA?9?$AAa?$AAu@
13AE4 96 ??_C@_1M@NIDIIPGF@?$AAe?$AAn?$AA?9?$AAb?$AAz@
13AF0 96 ??_C@_1M@JEHMIMFO@?$AAe?$AAn?$AA?9?$AAc?$AAa@
13AFC 96 ??_C@_1M@IGMJCDLA@?$AAe?$AAn?$AA?9?$AAc?$AAb@
13B08 96 ??_C@_1M@BNFIGBKG@?$AAe?$AAn?$AA?9?$AAg?$AAb@
13B14 96 ??_C@_1M@LKIFDIGP@?$AAe?$AAn?$AA?9?$AAi?$AAe@
13B20 96 ??_C@_1M@PJKFGCCO@?$AAe?$AAn?$AA?9?$AAj?$AAm@
13B2C 96 ??_C@_1M@KPPKEPBO@?$AAe?$AAn?$AA?9?$AAn?$AAz@
13B38 96 ??_C@_1M@GMDGLDOB@?$AAe?$AAn?$AA?9?$AAp?$AAh@
13B44 96 ??_C@_1M@ONGIBJNA@?$AAe?$AAn?$AA?9?$AAt?$AAt@
13B50 96 ??_C@_1M@LLODPCMM@?$AAe?$AAn?$AA?9?$AAu?$AAs@
13B5C 96 ??_C@_1M@LAKFNPAN@?$AAe?$AAn?$AA?9?$AAz?$AAa@
13B68 96 ??_C@_1M@MFNHNHEO@?$AAe?$AAn?$AA?9?$AAz?$AAw@
13B74 96 ??_C@_1M@EJEINPHM@?$AAe?$AAs?$AA?9?$AAa?$AAr@
13B80 96 ??_C@_1M@GNKPCCJA@?$AAe?$AAs?$AA?9?$AAb?$AAo@
13B8C 96 ??_C@_1M@LEEGFONL@?$AAe?$AAs?$AA?9?$AAc?$AAl@
13B98 96 ??_C@_1M@KGPDPBDF@?$AAe?$AAs?$AA?9?$AAc?$AAo@
13BA4 96 ??_C@_1M@EIAHOHH@?$AAe?$AAs?$AA?9?$AAc?$AAr@
13BB0 96 ??_C@_1M@LLPGMBIN@?$AAe?$AAs?$AA?9?$AAd?$AAo@
13BBC 96 ??_C@_1M@DKHMKNJA@?$AAe?$AAs?$AA?9?$AAe?$AAc@
13BC8 96 ??_C@_1M@GKGFPKAP@?$AAe?$AAs?$AA?9?$AAe?$AAs@
13BD4 96 ??_C@_1M@LKHKGDLN@?$AAe?$AAs?$AA?9?$AAg?$AAt@
13BE0 96 ??_C@_1M@HEIIGGJD@?$AAe?$AAs?$AA?9?$AAh?$AAn@
13BEC 96 ??_C@_1M@FBDHPPGD@?$AAe?$AAs?$AA?9?$AAm?$AAx@
13BF8 96 ??_C@_1M@DPAGLNDH@?$AAe?$AAs?$AA?9?$AAn?$AAi@
13C04 96 ??_C@_1M@MDGOPGDD@?$AAe?$AAs?$AA?9?$AAp?$AAa@
13C10 96 ??_C@_1M@EMAMGBGE@?$AAe?$AAs?$AA?9?$AAp?$AAe@
13C1C 96 ??_C@_1M@IBMCAOEC@?$AAe?$AAs?$AA?9?$AAp?$AAr@
13C28 96 ??_C@_1M@FGMDIJED@?$AAe?$AAs?$AA?9?$AAp?$AAy@
13C34 96 ??_C@_1M@IIDEOLLL@?$AAe?$AAs?$AA?9?$AAs?$AAv@
13C40 96 ??_C@_1M@GAOBIPA@?$AAe?$AAs?$AA?9?$AAu?$AAy@
13C4C 96 ??_C@_1M@JKFFICHJ@?$AAe?$AAs?$AA?9?$AAv?$AAe@
13C58 96 ??_C@_1M@PNMLOJDF@?$AAe?$AAt?$AA?9?$AAe?$AAe@
13C64 96 ??_C@_1M@GHHLIKEI@?$AAe?$AAu?$AA?9?$AAe?$AAs@
13C70 96 ??_C@_1M@PBNONODE@?$AAf?$AAa?$AA?9?$AAi?$AAr@
13C7C 96 ??_C@_1M@JEEHPMIL@?$AAf?$AAi?$AA?9?$AAf?$AAi@
13C88 96 ??_C@_1M@LMDCNDBA@?$AAf?$AAo?$AA?9?$AAf?$AAo@
13C94 96 ??_C@_1M@JKEOHLDK@?$AAf?$AAr?$AA?9?$AAb?$AAe@
13CA0 96 ??_C@_1M@NOHADPMI@?$AAf?$AAr?$AA?9?$AAc?$AAa@
13CAC 96 ??_C@_1M@KDHIHAEC@?$AAf?$AAr?$AA?9?$AAc?$AAh@
13CB8 96 ??_C@_1M@MMBBFGAK@?$AAf?$AAr?$AA?9?$AAf?$AAr@
13CC4 96 ??_C@_1M@PAFNENNF@?$AAf?$AAr?$AA?9?$AAl?$AAu@
13CD0 96 ??_C@_1M@EOHDJGDD@?$AAf?$AAr?$AA?9?$AAm?$AAc@
13CDC 96 ??_C@_1M@FAPLLOPF@?$AAg?$AAl?$AA?9?$AAe?$AAs@
13CE8 96 ??_C@_1M@FOPBFLOO@?$AAg?$AAu?$AA?9?$AAi?$AAn@
13CF4 96 ??_C@_1M@KBMCINPM@?$AAh?$AAe?$AA?9?$AAi?$AAl@
13D00 96 ??_C@_1M@BBPHKFPJ@?$AAh?$AAi?$AA?9?$AAi?$AAn@
13D0C 96 ??_C@_1M@PMBNDPHD@?$AAh?$AAr?$AA?9?$AAb?$AAa@
13D18 96 ??_C@_1M@BPCKOEGE@?$AAh?$AAr?$AA?9?$AAh?$AAr@
13D24 96 ??_C@_1M@GACBMHKE@?$AAh?$AAu?$AA?9?$AAh?$AAu@
13D30 96 ??_C@_1M@MILPAJJC@?$AAh?$AAy?$AA?9?$AAa?$AAm@
13D3C 96 ??_C@_1M@BABBICEC@?$AAi?$AAd?$AA?9?$AAi?$AAd@
13D48 96 ??_C@_1M@BIKNHHPF@?$AAi?$AAs?$AA?9?$AAi?$AAs@
13D54 96 ??_C@_1M@NMPCJPHE@?$AAi?$AAt?$AA?9?$AAc?$AAh@
13D60 96 ??_C@_1M@GHKGFEDF@?$AAi?$AAt?$AA?9?$AAi?$AAt@
13D6C 96 ??_C@_1M@NIEJCJJA@?$AAj?$AAa?$AA?9?$AAj?$AAp@
13D78 96 ??_C@_1M@JILFNBIM@?$AAk?$AAa?$AA?9?$AAg?$AAe@
13D84 96 ??_C@_1M@PACPMGPH@?$AAk?$AAk?$AA?9?$AAk?$AAz@
13D90 96 ??_C@_1M@IELFGMHA@?$AAk?$AAn?$AA?9?$AAi?$AAn@
13D9C 96 ??_C@_1O@IBBJHCH@?$AAk?$AAo?$AAk?$AA?9?$AAi?$AAn@
13DAC 96 ??_C@_1M@DMHAEOGC@?$AAk?$AAo?$AA?9?$AAk?$AAr@
13DB8 96 ??_C@_1M@HBAHBIGA@?$AAk?$AAy?$AA?9?$AAk?$AAg@
13DC4 96 ??_C@_1M@KPMILCJG@?$AAl?$AAt?$AA?9?$AAl?$AAt@
13DD0 96 ??_C@_1M@BDEKKCA@?$AAl?$AAv?$AA?9?$AAl?$AAv@
13DDC 96 ??_C@_1M@ELCKCCJJ@?$AAm?$AAi?$AA?9?$AAn?$AAz@
13DE8 96 ??_C@_1M@CBOOLAPA@?$AAm?$AAk?$AA?9?$AAm?$AAk@
13DF4 96 ??_C@_1M@GPHNBJKN@?$AAm?$AAl?$AA?9?$AAi?$AAn@
13E00 96 ??_C@_1M@PABJILIG@?$AAm?$AAn?$AA?9?$AAm?$AAn@
13E0C 96 ??_C@_1M@FGBKKIPG@?$AAm?$AAr?$AA?9?$AAi?$AAn@
13E18 96 ??_C@_1M@NDBPDDAL@?$AAm?$AAs?$AA?9?$AAb?$AAn@
13E24 96 ??_C@_1M@OPIHOOPI@?$AAm?$AAs?$AA?9?$AAm?$AAy@
13E30 96 ??_C@_1M@PPDBCNFM@?$AAm?$AAt?$AA?9?$AAm?$AAt@
13E3C 96 ??_C@_1M@KDJDKMDD@?$AAn?$AAb?$AA?9?$AAn?$AAo@
13E48 96 ??_C@_1M@KFCFLMJP@?$AAn?$AAl?$AA?9?$AAb?$AAe@
13E54 96 ??_C@_1M@KPOPDDGO@?$AAn?$AAl?$AA?9?$AAn?$AAl@
13E60 96 ??_C@_1M@LJKPEMLN@?$AAn?$AAn?$AA?9?$AAn?$AAo@
13E6C 96 ??_C@_1M@BDGHHBFL@?$AAn?$AAs?$AA?9?$AAz?$AAa@
13E78 96 ??_C@_1M@IDEHOAP@?$AAp?$AAa?$AA?9?$AAi?$AAn@
13E84 96 ??_C@_1M@HDBKGOGH@?$AAp?$AAl?$AA?9?$AAp?$AAl@
13E90 96 ??_C@_1M@LJLLCMEH@?$AAp?$AAt?$AA?9?$AAb?$AAr@
13E9C 96 ??_C@_1M@NCMONAAL@?$AAp?$AAt?$AA?9?$AAp?$AAt@
13EA8 96 ??_C@_1O@EAKMAJDN@?$AAq?$AAu?$AAz?$AA?9?$AAb?$AAo@
13EB8 96 ??_C@_1O@BHHPIGDN@?$AAq?$AAu?$AAz?$AA?9?$AAe?$AAc@
13EC8 96 ??_C@_1O@GBAPEKMJ@?$AAq?$AAu?$AAz?$AA?9?$AAp?$AAe@
13ED8 96 ??_C@_1M@CLGLEFBO@?$AAr?$AAo?$AA?9?$AAr?$AAo@
13EE4 96 ??_C@_1M@CEEDODME@?$AAr?$AAu?$AA?9?$AAr?$AAu@
13EF0 96 ??_C@_1M@HPKKKMPP@?$AAs?$AAa?$AA?9?$AAi?$AAn@
13EFC 96 ??_C@_1M@BKMAIGOJ@?$AAs?$AAe?$AA?9?$AAf?$AAi@
13F08 96 ??_C@_1M@NDPIFLFI@?$AAs?$AAe?$AA?9?$AAn?$AAo@
13F14 96 ??_C@_1M@DANKKHJ@?$AAs?$AAe?$AA?9?$AAs?$AAe@
13F20 96 ??_C@_1M@PNBLONPJ@?$AAs?$AAk?$AA?9?$AAs?$AAk@
13F2C 96 ??_C@_1M@LFMODOAL@?$AAs?$AAl?$AA?9?$AAs?$AAi@
13F38 96 ??_C@_1O@DFKOMPG@?$AAs?$AAm?$AAa?$AA?9?$AAn?$AAo@
13F48 96 ??_C@_1O@NDKPBNNH@?$AAs?$AAm?$AAa?$AA?9?$AAs?$AAe@
13F58 96 ??_C@_1O@PLLKBHAB@?$AAs?$AAm?$AAj?$AA?9?$AAn?$AAo@
13F68 96 ??_C@_1O@CLEPOGCA@?$AAs?$AAm?$AAj?$AA?9?$AAs?$AAe@
13F78 96 ??_C@_1O@DLGJGKMK@?$AAs?$AAm?$AAn?$AA?9?$AAf?$AAi@
13F88 96 ??_C@_1O@OJDJGAJC@?$AAs?$AAm?$AAs?$AA?9?$AAf?$AAi@
13F98 96 ??_C@_1M@BOFOGHPB@?$AAs?$AAq?$AA?9?$AAa?$AAl@
13FA4 96 ??_C@_1BG@LJBBIPGB@?$AAs?$AAr?$AA?9?$AAb?$AAa?$AA?9?$AAc?$AAy?$AAr?$AAl@
13FBC 96 ??_C@_1BG@JLBENFOE@?$AAs?$AAr?$AA?9?$AAb?$AAa?$AA?9?$AAl?$AAa?$AAt?$AAn@
13FD4 96 ??_C@_1BG@KODPNHE@?$AAs?$AAr?$AA?9?$AAs?$AAp?$AA?9?$AAc?$AAy?$AAr?$AAl@
13FEC 96 ??_C@_1BG@CIOGKHPB@?$AAs?$AAr?$AA?9?$AAs?$AAp?$AA?9?$AAl?$AAa?$AAt?$AAn@
14004 96 ??_C@_1M@NGFJLMAC@?$AAs?$AAv?$AA?9?$AAf?$AAi@
14010 96 ??_C@_1M@MPJEJAJC@?$AAs?$AAv?$AA?9?$AAs?$AAe@
1401C 96 ??_C@_1M@MPNDHLFK@?$AAs?$AAw?$AA?9?$AAk?$AAe@
14028 96 ??_C@_1O@KOHBJJI@?$AAs?$AAy?$AAr?$AA?9?$AAs?$AAy@
14038 96 ??_C@_1M@LDCEFHA@?$AAt?$AAa?$AA?9?$AAi?$AAn@
14044 96 ??_C@_1M@CNJOFAK@?$AAt?$AAe?$AA?9?$AAi?$AAn@
14050 96 ??_C@_1M@GNAECACD@?$AAt?$AAh?$AA?9?$AAt?$AAh@
1405C 96 ??_C@_1M@CHBIHOJO@?$AAt?$AAn?$AA?9?$AAz?$AAa@
14068 96 ??_C@_1M@GCCMIGPJ@?$AAt?$AAr?$AA?9?$AAt?$AAr@
14074 96 ??_C@_1M@CELMCNBK@?$AAt?$AAt?$AA?9?$AAr?$AAu@
14080 96 ??_C@_1M@KLMCELGA@?$AAu?$AAk?$AA?9?$AAu?$AAa@
1408C 96 ??_C@_1M@EPAJJAJF@?$AAu?$AAr?$AA?9?$AAp?$AAk@
14098 96 ??_C@_1BG@GEGPMCDJ@?$AAu?$AAz?$AA?9?$AAu?$AAz?$AA?9?$AAc?$AAy?$AAr?$AAl@
140B0 96 ??_C@_1BG@EGGKJILM@?$AAu?$AAz?$AA?9?$AAu?$AAz?$AA?9?$AAl?$AAa?$AAt?$AAn@
140C8 96 ??_C@_1M@GFOCLFF@?$AAv?$AAi?$AA?9?$AAv?$AAn@
140D4 96 ??_C@_1M@CPAMEDFI@?$AAx?$AAh?$AA?9?$AAz?$AAa@
140E0 96 ??_C@_1O@EBKIFIGN@?$AAz?$AAh?$AA?9?$AAc?$AAh?$AAs@
140F0 96 ??_C@_1O@NMHPGANE@?$AAz?$AAh?$AA?9?$AAc?$AAh?$AAt@
14100 96 ??_C@_1M@LPINJOMC@?$AAz?$AAh?$AA?9?$AAc?$AAn@
1410C 96 ??_C@_1M@OCJEJODD@?$AAz?$AAh?$AA?9?$AAh?$AAk@
14118 96 ??_C@_1M@DNDLJINH@?$AAz?$AAh?$AA?9?$AAm?$AAo@
14124 96 ??_C@_1M@MBFDNDND@?$AAz?$AAh?$AA?9?$AAs?$AAg@
14130 96 ??_C@_1M@IMEPLEPE@?$AAz?$AAh?$AA?9?$AAt?$AAw@
1413C 96 ??_C@_1M@BBGHNHJP@?$AAz?$AAu?$AA?9?$AAz?$AAa@
14150 104 LOG_name
14160 57 _One
14170 57 _Bns
14180 57 _Zero
14190 57 _S
141A0 57 _NegZero
141A8 86 ??_C@_1BA@BALFACEM@?$AAC?$AAO?$AAN?$AAO?$AAU?$AAT?$AA$@
141C0 105 emask
141D0 105 CC
141E0 105 Magic
141F0 105 hi_mask
14200 105 LOG10_2
14210 105 place_L
14230 105 One
14240 105 Zero
14250 105 Two52
14260 105 Infs
14270 105 NaN
14280 105 coeff
142C0 44 __infinity
142CA 44 __minfinity
142D4 44 __logemax
142DE 44 _log2max
142E8 44 _smallarg
142F2 44 _half
142FA 44 __OP_EXPjmptab
14320 42 __indefinite
1432A 42 __piby2
14334 42 __piby4
1433E 42 One
14346 42 Three
1434E 42 XAMtoTagTab
14360 61 One
14368 61 __DEFAULT_CW_in_mem
1436A 61 __pi_by_2_to_61
14374 61 DblMax
1437C 61 DblMin
14384 61 IeeeAdjO
1438C 61 IeeeAdjU
14394 61 _infinity
1439C 61 _zero
143A4 98 ??_C@_03MGHMBJCF@log@
143A8 98 ??_C@_05HGHHAHAP@log10@
143B0 98 ??_C@_03KHJOGHMM@exp@
143B4 98 ??_C@_03JGHBODFD@pow@
143B8 98 ??_C@_04FIHNOPOL@asin@
143C0 98 ??_C@_04PDIFKINK@acos@
143C8 98 ??_C@_04EIAKFFMI@sqrt@
143D0 98 __real@3ff0000000000000
143D8 74 _over
143E4 74 _under
143F0 106 ___acrt_log10_table_t
14800 106 ___acrt_log10_table_cb
14C10 128 __real@3fe0000000000000
14C18 75 ?_names@?1??_get_fname@@9@4QBU<unnamed-type-_names>@?1??1@YAPADI@Z@B
14D00 75 ??_C@_04COOMCNPB@sinh@
14D08 75 ??_C@_04HPJJNFIM@cosh@
14D10 75 ??_C@_04FJHINJAO@tanh@
14D18 75 ??_C@_04MLLJIGOK@atan@
14D20 75 ??_C@_05KNGEOGJB@atan2@
14D28 75 ??_C@_03BLEJJJBH@sin@
14D2C 75 ??_C@_03LALBNOCG@cos@
14D30 75 ??_C@_03IIINPABG@tan@
14D34 75 ??_C@_04GFPJNGEK@ceil@
14D3C 75 ??_C@_05PBJFFIGL@floor@
14D44 75 ??_C@_04ODHECPBC@fabs@
14D4C 75 ??_C@_04EHEDPDJG@modf@
14D54 75 ??_C@_05CEJMAHNP@ldexp@
14D5C 75 ??_C@_05KBKMEMPO@_cabs@
14D64 75 ??_C@_06MEIMCGCF@_hypot@
14D6C 75 ??_C@_04KEPJIHGP@fmod@
14D74 75 ??_C@_05GKKHEGJL@frexp@
14D7C 75 ??_C@_03MJLDFKDL@_y0@
14D80 75 ??_C@_03NAKIGLHK@_y1@
14D84 75 ??_C@_03ONILCKOB@_yn@
14D88 75 ??_C@_05JGDBENOH@_logb@
14D90 75 ??_C@_0L@KDOEJCKC@_nextafter@
14DA0 147 __d_inf
14DA8 147 __d_max
14DB0 147 __d_mzero
14DC0 21 two32
14DC4 21 two63
14DC8 21 _NaN
14DCC 5 ??_C@_15EFLNJKHH@?$AA?$CF?$AAu@
14DD4 5 ??_C@_11LOCGONAA@@
14DD8 5 ??_C@_1M@OFJLCCLD@?$AAA?$AAl?$AAi?$AAg?$AAn@
14DE4 5 ??_C@_1DI@GCKLIMEF@?$AAA?$AAl?$AAi?$AAg?$AAn?$AA?5?$AAb?$AAl?$AAo?$AAc?$AAk?$AA?5?$AAf?$AAo?$AAr@
14E1C 5 ??_C@_1DE@BGKMIKPD@?$AAE?$AAu?$AAg?$AAe?$AAn?$AAe?$AA?5?$AAR?$AAo?$AAs?$AAh?$AAa?$AAl?$AA?5?$AA?$CG@
14E50 5 ??_C@_1BI@JMKBMFLI@?$AAR?$AAi?$AAg?$AAh?$AAt?$AAM?$AAa?$AAr?$AAg?$AAi?$AAn@
14E68 5 ??_C@_1BC@PKHIBLMF@?$AAR?$AAe?$AAf?$AAo?$AAr?$AAm?$AAa?$AAt@
14E7C 5 ??_C@_1BE@NIKLIADP@?$AAS?$AAm?$AAa?$AAr?$AAt?$AAM?$AAo?$AAd?$AAe@
14E90 5 ??_C@_1BA@MANOLHD@?$AAJ?$AAu?$AAs?$AAt?$AAi?$AAf?$AAy@
14EA0 5 _MenuGuid
14EB0 5 _MainGuid
14EC4 5 ??_7PluginCheckBoxBinding@@6B@
14ED0 5 ??_7PluginIntEditFieldBinding@@6B@
14ED8 5 _DialogGuid
14EE8 177 ??_C@_0BG@JGJIBIIG@Wrapper_EncodePointer@
14F00 177 ??_C@_0BG@OMFOEGFD@Wrapper_DecodePointer@
14F18 177 ??_C@_0BL@BBEHGDBL@Wrapper_GetModuleHandleExW@
14F34 177 ??_C@_0BM@EDOCFJPK@Wrapper_InitializeSListHead@
14F50 177 ??_C@_0BO@MMMKJFKC@Wrapper_InterlockedFlushSList@
14F70 177 ??_C@_0CC@NAEDINGB@Wrapper_InterlockedPushEntrySLi@
14F94 177 ??_C@_0CB@CBAMEEON@Wrapper_GetNumaHighestNodeNumbe@
14FB8 177 ??_C@_0CH@OPPPOLHC@Wrapper_GetLogicalProcessorInfo@
14FE0 177 ??_C@_0CA@MMHMBOOA@Wrapper_SetThreadStackGuarantee@
15000 177 ??_C@_0CE@LIGPHONN@Wrapper_InitializeCriticalSecti@
15024 177 ??_C@_1CM@BFAMBNFD@?$AA?$CB?$AAx?$AA?9?$AAs?$AAy?$AAs?$AA?9?$AAd?$AAe?$AAf?$AAa?$AAu?$AAl?$AAt?$AA?9@
15050 177 ??_C@_0BI@OMKKJAOO@Wrapper_CompareStringEx@
15068 177 ??_C@_0BG@OHLPLANO@Wrapper_LCMapStringEx@
15080 177 ??_C@_0CC@PDCHIDAD@Wrapper_SleepConditionVariableS@
150A4 177 ??_C@_0CB@MCGLLAP@Wrapper_WakeAllConditionVariabl@
150C8 177 ??_C@_0CA@DKBCMHCP@Wrapper_AcquireSRWLockExclusive@
150E8 177 ??_C@_0CA@KKENLMMH@Wrapper_ReleaseSRWLockExclusive@
15108 177 ??_C@_0CD@HMIPNKOD@Wrapper_TryAcquireSRWLockExclus@
1512C 177 ??_C@_0BK@DDPOCJPI@Wrapper_InitializeSRWLock@
15148 177 ??_C@_0BB@OCIMNOFH@Wrapper_FlsAlloc@
1515C 177 ??_C@_0BE@MINHNHKC@Wrapper_FlsGetValue@
15170 177 ??_C@_0BE@DJPLMENP@Wrapper_FlsSetValue@
15184 177 ??_C@_0BA@BHMHFMJC@Wrapper_FlsFree@
15194 177 ?kernel32@modules@@3QB_WB
151A8 28 __load_config_used
152C0 34 ??_R4type_info@@6B@
152D4 34 ??_R3type_info@@8
152E4 34 ??_R2type_info@@8
152EC 34 ??_R1A@?0A@EA@type_info@@8
15308 35 ??_R4exception@std@@6B@
1531C 35 ??_R3exception@std@@8
1532C 35 ??_R2exception@std@@8
15334 35 ??_R1A@?0A@EA@exception@std@@8
15350 35 ??_R4bad_array_new_length@std@@6B@
15364 35 ??_R3bad_array_new_length@std@@8
15374 35 ??_R2bad_array_new_length@std@@8
15384 35 ??_R1A@?0A@EA@bad_array_new_length@std@@8
153A0 35 ??_R1A@?0A@EA@bad_alloc@std@@8
153BC 35 ??_R3bad_alloc@std@@8
153CC 35 ??_R2bad_alloc@std@@8
153D8 35 ??_R4bad_alloc@std@@6B@
153EC 160 ??_R4bad_exception@std@@6B@
15400 160 ??_R3bad_exception@std@@8
15410 160 ??_R2bad_exception@std@@8
1541C 160 ??_R1A@?0A@EA@bad_exception@std@@8
15438 5 ??_R3PluginIntEditFieldBinding@@8
15448 5 ??_R4PluginIntEditFieldBinding@@6B@
1545C 5 ??_R3DialogAPIBinding@@8
1546C 5 ??_R1A@?0A@EA@PluginCheckBoxBinding@@8
15488 5 ??_R1A@?0A@EA@PluginIntEditFieldBinding@@8
154A4 5 ??_R3PluginCheckBoxBinding@@8
154B4 5 ??_R2DialogAPIBinding@@8
154BC 5 ??_R2PluginIntEditFieldBinding@@8
154C8 5 ??_R4PluginCheckBoxBinding@@6B@
154DC 5 ??_R2PluginCheckBoxBinding@@8
154E8 5 ??_R1A@?0A@EA@DialogAPIBinding@@8
15504 3 ___safe_se_handler_table
15530 3 ___volatile_metadata
158CC 27 ___rtc_iaa
158D0 27 ___rtc_izz
158D4 27 ___rtc_taa
158D8 27 ___rtc_tzz
158E0 5 __ehfuncinfo$_OpenW@4
15904 5 __unwindtable$_OpenW@4
15918 16 __sehtable$?dllmain_crt_process_attach@@YAHQAUHINSTANCE__@@QAX@Z
15938 16 __sehtable$?dllmain_crt_process_detach@@YAH_N@Z
15960 16 __sehtable$?dllmain_dispatch@@YAHQAUHINSTANCE__@@KQAX@Z
1597C 35 __TI2?AVbad_alloc@std@@
1598C 35 __CTA2?AVbad_alloc@std@@
15998 35 __CT??_R0?AVbad_alloc@std@@@8??0bad_alloc@std@@QAE@ABV01@@Z12
159B4 35 __CT??_R0?AVexception@std@@@8??0exception@std@@QAE@ABV01@@Z12
159D0 35 __TI3?AVbad_array_new_length@std@@
159E0 35 __CTA3?AVbad_array_new_length@std@@
159F0 35 __CT??_R0?AVbad_array_new_length@std@@@8??0bad_array_new_length@std@@QAE@ABV01@@Z12
15A10 38 __sehtable$___scrt_is_nonwritable_in_current_image
15A30 156 __sehtable$___DestructExceptionObject
15A50 160 __sehtable$?FrameUnwindToState@__FrameHandler3@@SAXPAUEHRegistrationNode@@PAXPBU_s_FuncInfo@@H@Z
15A78 160 __sehtable$?CallCatchBlock@@YAPAXPAUEHExceptionRecord@@PAUEHRegistrationNode@@PAU_CONTEXT@@PBU_s_FuncInfo@@PAXHK@Z
15AA0 160 __catchsym$?CallUnexpected@@YAXPBU_s_ESTypeList@@@Z$2
15AB0 160 __unwindtable$?CallUnexpected@@YAXPBU_s_ESTypeList@@@Z
15AC0 160 __tryblocktable$?CallUnexpected@@YAXPBU_s_ESTypeList@@@Z
15AD4 160 __ehfuncinfo$?CallUnexpected@@YAXPBU_s_ESTypeList@@@Z
15AF8 160 __sehtable$??$BuildCatchObjectHelperInternal@V__FrameHandler3@@@@YAHPAUEHExceptionRecord@@PAXPBU_s_HandlerType@@PBU_s_CatchableType@@@Z
15B18 160 __sehtable$??$BuildCatchObjectInternal@V__FrameHandler3@@@@YAXPAUEHExceptionRecord@@PAXPBU_s_HandlerType@@PBU_s_CatchableType@@@Z
15B34 160 __TI2?AVbad_exception@std@@
15B44 160 __CTA2?AVbad_exception@std@@
15B50 160 __CT??_R0?AVbad_exception@std@@@8??0bad_exception@std@@QAE@ABV01@@Z12
15B70 120 __sehtable$__query_new_handler
15B8C 153 __ehfuncinfo$?write_double_translated_ansi_nolock@@YA?AUwrite_result@?A0x17268360@@HQBDIAAV__crt_cached_ptd_host@@@Z
15BB0 68 __unwindtable$?common_exit@@YAXHW4_crt_exit_cleanup_mode@@W4_crt_exit_return_mode@@@Z
15BB8 68 __ehfuncinfo$?common_exit@@YAXHW4_crt_exit_cleanup_mode@@W4_crt_exit_return_mode@@@Z
15BE0 68 __sehtable$??R<lambda_6e4b09c48022b2350581041d5f6b0c4c>@@QBE@XZ
15C00 68 __sehtable$??$?RV<lambda_03b1d95aef87969028cfba75ccab2455>@@AAV<lambda_6e4b09c48022b2350581041d5f6b0c4c>@@V<lambda_22bdf7517842c4b3e53723af5aa32b9e>@@@?$__crt_seh_guarded_call@X@@QAEX$$QAV<lambda_03b1d95aef87969028cfba75ccab2455>@@AAV<lambda_6e4b09c48022b2350581041d5f6b0c4c>@@$$QAV<lambda_22bdf7517842c4b3e53723af5aa32b9e>@@@Z
15C1C 65 __unwindtable$___dcrt_uninitialize_environments_nolock
15C2C 65 __ehfuncinfo$___dcrt_uninitialize_environments_nolock
15C50 123 __unwindtable$__execute_onexit_table
15C58 123 __ehfuncinfo$__execute_onexit_table
15C80 123 __sehtable$??$?RV<lambda_69a2805e680e0e292e8ba93315fe43a8>@@AAV<lambda_f03950bc5685219e0bcd2087efbe011e>@@V<lambda_03fcd07e894ec930e3f35da366ca99d6>@@@?$__crt_seh_guarded_call@H@@QAEH$$QAV<lambda_69a2805e680e0e292e8ba93315fe43a8>@@AAV<lambda_f03950bc5685219e0bcd2087efbe011e>@@$$QAV<lambda_03fcd07e894ec930e3f35da366ca99d6>@@@Z
15CA0 146 __sehtable$_terminate
15CC0 127 __sehtable$??$?RV<lambda_15ade71b0218206bbe3333a0c9b79046>@@AAV<lambda_da44e0f8b0f19ba52fefafb335991732>@@V<lambda_207f2d024fc103971653565357d6cd41>@@@?$__crt_seh_guarded_call@X@@QAEX$$QAV<lambda_15ade71b0218206bbe3333a0c9b79046>@@AAV<lambda_da44e0f8b0f19ba52fefafb335991732>@@$$QAV<lambda_207f2d024fc103971653565357d6cd41>@@@Z
15CE0 127 __sehtable$??$?RV<lambda_a7e850c220f1c8d1e6efeecdedd162c6>@@AAV<lambda_46720907175c18b6c9d2717bc0d2d362>@@V<lambda_9048902d66e8d99359bc9897bbb930a8>@@@?$__crt_seh_guarded_call@X@@QAEX$$QAV<lambda_a7e850c220f1c8d1e6efeecdedd162c6>@@AAV<lambda_46720907175c18b6c9d2717bc0d2d362>@@$$QAV<lambda_9048902d66e8d99359bc9897bbb930a8>@@@Z
15D00 127 __sehtable$??$?RV<lambda_38edbb1296d33220d7e4dd0ed76b244a>@@AAV<lambda_5ce1d447e08cb34b2473517608e21441>@@V<lambda_fb385d3da700c9147fc39e65dd577a8c>@@@?$__crt_seh_guarded_call@X@@QAEX$$QAV<lambda_38edbb1296d33220d7e4dd0ed76b244a>@@AAV<lambda_5ce1d447e08cb34b2473517608e21441>@@$$QAV<lambda_fb385d3da700c9147fc39e65dd577a8c>@@@Z
15D20 127 __sehtable$??$?RV<lambda_6affb1475c98b40b75cdec977db92e3c>@@AAV<lambda_b8d4b9c228a6ecc3f80208dbb4b4a104>@@V<lambda_608742c3c92a14382c1684fc64f96c88>@@@?$__crt_seh_guarded_call@X@@QAEX$$QAV<lambda_6affb1475c98b40b75cdec977db92e3c>@@AAV<lambda_b8d4b9c228a6ecc3f80208dbb4b4a104>@@$$QAV<lambda_608742c3c92a14382c1684fc64f96c88>@@@Z
15D40 112 __sehtable$?update_thread_multibyte_data_internal@@YAPAU__crt_multibyte_data@@QAU__acrt_ptd@@QAPAU1@@Z
15D60 112 __sehtable$??$?RV<lambda_ceb1ee4838e85a9d631eb091e2fbe199>@@AAV<lambda_ae742caa10f662c28703da3d2ea5e57e>@@V<lambda_cd08b5d6af4937fe54fc07d0c9bf6b37>@@@?$__crt_seh_guarded_call@X@@QAEX$$QAV<lambda_ceb1ee4838e85a9d631eb091e2fbe199>@@AAV<lambda_ae742caa10f662c28703da3d2ea5e57e>@@$$QAV<lambda_cd08b5d6af4937fe54fc07d0c9bf6b37>@@@Z
15D80 93 __sehtable$___acrt_initialize_lowio
15DA0 137 __sehtable$_raise
15DC0 137 __sehtable$??$?RV<lambda_cbab9ec6f41b0180b23cc171c22676b0>@@AAV<lambda_44731a7d0e6d81c3e6aa82d741081786>@@V<lambda_4b292cb8dd18144e164572427af410ab>@@@?$__crt_seh_guarded_call@P6AXH@Z@@QAEP6AXH@Z$$QAV<lambda_cbab9ec6f41b0180b23cc171c22676b0>@@AAV<lambda_44731a7d0e6d81c3e6aa82d741081786>@@$$QAV<lambda_4b292cb8dd18144e164572427af410ab>@@@Z
15DE0 71 __sehtable$??$?RV<lambda_2866be3712abc81a800a822484c830d8>@@AAV<lambda_39ca0ed439415581b5b15c265174cece>@@V<lambda_2b24c74d71094a6cd0cb82e44167d71b>@@@?$__crt_seh_guarded_call@X@@QAEX$$QAV<lambda_2866be3712abc81a800a822484c830d8>@@AAV<lambda_39ca0ed439415581b5b15c265174cece>@@$$QAV<lambda_2b24c74d71094a6cd0cb82e44167d71b>@@@Z
15E00 71 __sehtable$??$?RV<lambda_2cc53f568c5a2bb6f192f930a45d44ea>@@AAV<lambda_ab61a845afdef5b7c387490eaf3616ee>@@V<lambda_c2ffc0b7726aa6be21d5f0026187e748>@@@?$__crt_seh_guarded_call@X@@QAEX$$QAV<lambda_2cc53f568c5a2bb6f192f930a45d44ea>@@AAV<lambda_ab61a845afdef5b7c387490eaf3616ee>@@$$QAV<lambda_c2ffc0b7726aa6be21d5f0026187e748>@@@Z
15E20 154 __sehtable$??$?RV<lambda_e5124f882df8998aaf41531e079ba474>@@AAV<lambda_3e16ef9562a7dcce91392c22ab16ea36>@@V<lambda_e25ca0880e6ef98be67edffd8c599615>@@@?$__crt_seh_guarded_call@X@@QAEX$$QAV<lambda_e5124f882df8998aaf41531e079ba474>@@AAV<lambda_3e16ef9562a7dcce91392c22ab16ea36>@@$$QAV<lambda_e25ca0880e6ef98be67edffd8c599615>@@@Z
15E40 100 __sehtable$___acrt_update_thread_locale_data
15E60 124 __sehtable$___acrt_lowio_ensure_fh_exists
15E80 60 __sehtable$??$?RV<lambda_9e9de3de5fa147e2223d7db92bc10aa6>@@AAV<lambda_38ce7e780aa69e748d6df282ebc68efe>@@V<lambda_8ca6da459f0f6780f1cff60fdc3d00e5>@@@?$__crt_seh_guarded_call@H@@QAEH$$QAV<lambda_9e9de3de5fa147e2223d7db92bc10aa6>@@AAV<lambda_38ce7e780aa69e748d6df282ebc68efe>@@$$QAV<lambda_8ca6da459f0f6780f1cff60fdc3d00e5>@@@Z
15EA0 153 __sehtable$__write_internal
15EC0 59 __sehtable$__fcloseall
15EE0 69 __sehtable$?_fclose_internal@@YAHQAU_iobuf@@AAV__crt_cached_ptd_host@@@Z
15F00 58 __sehtable$??$?RV<lambda_d422a76eb4c3bf3ad751449ab71a6ea4>@@AAV<lambda_c9ba49e555ba839a7b07aa3fbecb7617>@@V<lambda_9476263c8ee91a25d21c55370bdb50de>@@@?$__crt_seh_guarded_call@H@@QAEH$$QAV<lambda_d422a76eb4c3bf3ad751449ab71a6ea4>@@AAV<lambda_c9ba49e555ba839a7b07aa3fbecb7617>@@$$QAV<lambda_9476263c8ee91a25d21c55370bdb50de>@@@Z
15F20 31 __sehtable$__IsNonwritableInCurrentImage
15F40 4 .edata
15F68 4 rgpv
15F78 4 rgszName
15F88 4 rgwOrd
15F90 4 szName
15F9A 4 $N00001
15FA9 4 $N00002
15FB8 4 $N00003
15FBE 4 $N00004
15FD0 41 __IMPORT_DESCRIPTOR_KERNEL32
15FE4 41 __NULL_IMPORT_DESCRIPTOR
16226 41 .idata$6
17000 22 ___security_cookie
17040 22 ___security_cookie_complement
17044 38 ___scrt_native_dllmain_reason
17050 11 ___isa_inverted
17058 11 ___isa_enabled
17060 167 ?__vcrt_flsindex@@3KA
17070 158 __NLG_Destination
17080 50 ___abort_behavior
17090 127 ?__acrt_flsindex@@3KA
17094 66 ?errno_no_memory@@3HA
17098 66 ?doserrno_no_memory@@3KA
170A0 112 ___acrt_initial_multibyte_data
172C0 112 __mbctypes
173C8 112 __mbcasemaps
174C8 112 ?__rgctypeflag@@3PADA
174D0 112 ?__rgcode_page_info@@3PAUcode_page_info@@A
175C0 122 ___acrt_initial_locale_data
17678 122 ___acrt_initial_locale_pointers
17680 122 ___acrt_wide_c_locale_string
17688 46 __iob
17730 83 ___globallocalestatus
17738 102 ___acrt_lconv_c
17788 102 ___acrt_lconv_static_decimal
1778C 102 ___acrt_lconv_static_W_decimal
17790 131 __lookuptrailbytes
17890 86 ?__dcrt_lowio_console_output_handle@@3PAXA
178A0 20 __fltused
178B0 35 ??_R0?AVbad_alloc@std@@@8
178CC 35 ??_R0?AVexception@std@@@8
178E8 35 ??_R0?AVbad_array_new_length@std@@@8
17910 160 ??_R0?AVbad_exception@std@@@8
17930 34 ??_R0?AVtype_info@@@8
17948 5 ??_R0?AVPluginIntEditFieldBinding@@@8
17970 5 ??_R0?AVDialogAPIBinding@@@8
17990 5 ??_R0?AVPluginCheckBoxBinding@@@8
179B8 23 _GS_ExceptionRecord
17A08 23 _GS_ContextRecord
17CD4 16 ?__proc_attached@@3HA
17CD8 36 ?__type_info_root_node@@3U__type_info_node@@A
17CE0 12 ?_OptionsStorage@?1??__local_stdio_printf_options@@9@4_KA
17CE8 12 ?_OptionsStorage@?1??__local_stdio_scanf_options@@9@4_KA
17CF0 38 ___scrt_current_native_startup_state
17CF4 38 ___scrt_native_startup_lock
17CF8 38 ?is_initialized_as_dll@@3_NA
17CF9 38 ?module_local_atexit_table_initialized@@3_NA
17CFC 38 ?module_local_atexit_table@@3U_onexit_table_t@@A
17D08 38 ?module_local_at_quick_exit_table@@3U_onexit_table_t@@A
17D14 39 ___scrt_debugger_hook_flag
17D18 11 ___avx10_version
17D1C 11 ___isa_available
17D20 11 ___favor
17D24 156 ?__WinRTOutOfMemoryExceptionCallback@@3P6GPAXXZA
17D28 167 ?__vcrt_startup_thread_ptd@@3U__vcrt_ptd@@A
17D50 168 ___pPurecall
17D54 173 ?pArgList@UnDecorator@@0PAVReplicator@@A
17D58 173 ?pZNameList@UnDecorator@@0PAVReplicator@@A
17D5C 173 ?pTemplateArgList@UnDecorator@@0PAVReplicator@@A
17D60 173 ?gName@UnDecorator@@0PBDB
17D64 173 ?name@UnDecorator@@0PBDB
17D68 173 ?disableFlags@UnDecorator@@0KA
17D6C 173 ?fExplicitTemplateParams@UnDecorator@@0_NA
17D6D 173 ?fGetTemplateArgumentList@UnDecorator@@0_NA
17D70 173 ?m_pGetParameter@UnDecorator@@0P6APADJ@ZA
17D74 173 ?m_CHPENameOffset@UnDecorator@@0KA
17D78 173 ?m_recursionLevel@UnDecorator@@0KA
17D7C 173 ?heap@@3V_HeapManager@@A
17D90 163 ___vcrt_lock_table
17DA8 163 ___vcrt_locks_initialized
17DAC 175 ?module_handles@@3PAPAUHINSTANCE__@@A
17DB8 175 ?function_pointers@@3PAPAXA
17DCC 120 ?__acrt_new_handler@@3V?$dual_state_global@P6AHI@Z@__crt_state_management@@A
17DD0 68 ?c_termination_complete@@3JA
17DD4 68 ?thread_local_exit_callback_func@@3P6GXPAXK0@ZA
17DD8 68 ?c_exit_complete@?1???R<lambda_6e4b09c48022b2350581041d5f6b0c4c>@@QBE@XZ@4_NA
17DE0 52 ?program_name@?1???$common_configure_argv@D@@YAHW4_crt_argv_mode@@@Z@4PADA
17EE8 65 __environ_table
17EEC 65 __wenviron_table
17EF0 65 ___dcrt_initial_wide_environment
17EF4 65 ___dcrt_initial_narrow_environment
17EF8 123 ___acrt_atexit_table
17F04 123 ___acrt_at_quick_exit_table
17F10 103 ?__acrt_lock_table@@3PAU_RTL_CRITICAL_SECTION@@A
18060 103 ?__acrt_locks_initialized@@3IA
18064 92 ?__acrt_invalid_parameter_handler@@3V?$dual_state_global@P6AXPB_W00II@Z@__crt_state_management@@A
18068 112 __mbctype
1806C 112 __mbcasemap
18070 112 ___acrt_current_multibyte_data
18074 112 ?fSystemSet@@3HA
18078 112 ?initialized@?1??__acrt_initialize_multibyte@@9@4_NA
1807C 51 __pgmptr
18080 51 ___argc
18084 51 ___argv
18088 51 ___wargv
1808C 51 __acmdln
18090 51 __wcmdln
18098 152 ?module_handles@@3PAPAUHINSTANCE__@@A
180F0 152 ?encoded_function_pointers@@3PAPAXA
1817C 84 ___acrt_heap
18180 93 ___pioinfo
18380 93 __nhandle
18384 137 ?ctrlc_action@@3V?$dual_state_global@P6AXH@Z@__crt_state_management@@A
18388 137 ?ctrlbreak_action@@3V?$dual_state_global@P6AXH@Z@__crt_state_management@@A
1838C 137 ?abort_action@@3V?$dual_state_global@P6AXH@Z@__crt_state_management@@A
18390 137 ?term_action@@3V?$dual_state_global@P6AXH@Z@__crt_state_management@@A
18394 110 ?user_matherr@@3V?$dual_state_global@P6AHPAU_exception@@@Z@__crt_state_management@@A
18398 122 ___acrt_current_locale_data
1839C 46 __nstream
183A0 46 ___piob
183A4 48 ___acrt_stdout_buffer
183A8 48 ___acrt_stderr_buffer
183AC 116 ?internal_state@?1??_mbtowc_internal@@9@4U_Mbstatet@@A
183B4 154 ___acrt_locale_changed_data
183B8 121 ?__acrt_global_new_mode@@3V?$dual_state_global@J@__crt_state_management@@A
183BC 102 ___acrt_lconv_static_null
183C0 102 ___acrt_lconv_static_W_null
183C4 135 ?__acrt_app_type@@3W4_crt_app_type@@A
183C8 113 ?internal_pst@?1??__mbrtoc32_utf8@__crt_mbstring@@YAIPA_UPBDIPAU_Mbstatet@@AAV__crt_cached_ptd_host@@@Z@4U3@A
183D0 73 ___fastflag
183D4 98 __pmatherr_set
183D8 5 ?FSF@@3UFarStandardFunctions@@A
184A0 5 ?PsInfo@@3UPluginStartupInfo@@A
1852C 5 ?PluginMenuStrings@?1??GetPluginInfoW@@9@4@4PAPB_WA
18530 177 ?FunctionPointer@?1??Wrapper_FlsAlloc@@9@4@4Q6GKP6GXPAX@Z@ZA
18534 177 ?FunctionPointer@?1??Wrapper_CompareStringEx@@9@36@4Q6GHPB_WK0H0HPAU_nlsversioninfo@@PAXJ@ZA
18538 177 ?FunctionPointer@?1??Wrapper_InitializeSListHead@@9@4@4Q6GXPAT_SLIST_HEADER@@@ZA
1853C 177 ?$S11@?1??Wrapper_InitializeCriticalSectionEx@@9@12@4IA
18540 177 ?$S6@?1??Wrapper_InterlockedFlushSList@@9@4@4IA
18544 177 ?FunctionPointer@?1??Wrapper_WakeAllConditionVariable@@9@4@4Q6GXPAU_RTL_CONDITION_VARIABLE@@@ZA
18548 177 ?$S4@?1??Wrapper_GetModuleHandleExW@@9@12@4IA
1854C 177 ?Cookie@?1??XorPointer@@YAPAXPAX@Z@4IB
18550 177 ?FunctionPointer@?1??Wrapper_GetLogicalProcessorInformation@@9@8@4Q6GHPAU_SYSTEM_LOGICAL_PROCESSOR_INFORMATION@@PAK@ZA
18554 177 ?$S1@?1??XorPointer@@YAPAXPAX@Z@4IA
18558 177 ?FunctionPointer@?1??Wrapper_SleepConditionVariableSRW@@9@16@4Q6GHPAU_RTL_CONDITION_VARIABLE@@PAU_RTL_SRWLOCK@@KK@ZA
1855C 177 ?$S13@?1??Wrapper_LCMapStringEx@@9@36@4IA
18560 177 ?$S10@?1??Wrapper_SetThreadStackGuarantee@@9@4@4IA
18564 177 ?FunctionPointer@?1??Wrapper_TryAcquireSRWLockExclusive@@9@4@4Q6GEPAU_RTL_SRWLOCK@@@ZA
18568 177 ?$S12@?1??Wrapper_CompareStringEx@@9@36@4IA
1856C 177 ?$S16@?1??Wrapper_AcquireSRWLockExclusive@@9@4@4IA
18570 177 ?FunctionPointer@?1??Wrapper_GetModuleHandleExW@@9@12@4Q6GHKPB_WPAPAUHINSTANCE__@@@ZA
18574 177 ?$S7@?1??Wrapper_InterlockedPushEntrySList@@9@8@4IA
18578 177 ?$S9@?1??Wrapper_GetLogicalProcessorInformation@@9@8@4IA
1857C 177 ?$S23@?1??Wrapper_FlsFree@@9@4@4IA
18580 177 ?$S8@?1??Wrapper_GetNumaHighestNodeNumber@@9@4@4IA
18584 177 ?$S5@?1??Wrapper_InitializeSListHead@@9@4@4IA
18588 177 ?FunctionPointer@?1??Wrapper_FlsGetValue@@9@4@4Q6GPAXK@ZA
1858C 177 ?FunctionPointer@?1??Wrapper_DecodePointer@@9@4@4Q6GPAXPAX@ZA
18590 177 ?FunctionPointer@?1??Wrapper_SetThreadStackGuarantee@@9@4@4Q6GHPAK@ZA
18594 177 ?$S14@?1??Wrapper_SleepConditionVariableSRW@@9@16@4IA
18598 177 ?$S21@?1??Wrapper_FlsGetValue@@9@4@4IA
1859C 177 ?$S18@?1??Wrapper_TryAcquireSRWLockExclusive@@9@4@4IA
185A0 177 ?$S15@?1??Wrapper_WakeAllConditionVariable@@9@4@4IA
185A4 177 ?FunctionPointer@?1??Wrapper_FlsFree@@9@4@4Q6GHK@ZA
185A8 177 ?$S3@?1??Wrapper_DecodePointer@@9@4@4IA
185AC 177 ?$S20@?1??Wrapper_FlsAlloc@@9@4@4IA
185B0 177 ?$S19@?1??Wrapper_InitializeSRWLock@@9@4@4IA
185B4 177 ?FunctionPointer@?1??Wrapper_InterlockedFlushSList@@9@4@4Q6GPAU_SINGLE_LIST_ENTRY@@PAT_SLIST_HEADER@@@ZA
185B8 177 ?FunctionPointer@?1??Wrapper_InterlockedPushEntrySList@@9@8@4Q6GPAU_SINGLE_LIST_ENTRY@@PAT_SLIST_HEADER@@PAU2@@ZA
185BC 177 ?$S17@?1??Wrapper_ReleaseSRWLockExclusive@@9@4@4IA
185C0 177 ?$S2@?1??Wrapper_EncodePointer@@9@4@4IA
185C4 177 ?FunctionPointer@?1??Wrapper_InitializeSRWLock@@9@4@4Q6GXPAU_RTL_SRWLOCK@@@ZA
185C8 177 ?Ptr@?1???R<lambda_1>@?1??XorPointer@@YAPAXPAX@Z@QBE@XZ@4PAXA
185CC 177 ?FunctionPointer@?1??Wrapper_EncodePointer@@9@4@4Q6GPAXPAX@ZA
185D0 177 ?$S22@?1??Wrapper_FlsSetValue@@9@8@4IA
185D4 177 ?FunctionPointer@?1??Wrapper_InitializeCriticalSectionEx@@9@12@4Q6GHPAU_RTL_CRITICAL_SECTION@@KK@ZA
185D8 177 ?FunctionPointer@?1??Wrapper_ReleaseSRWLockExclusive@@9@4@4Q6GXPAU_RTL_SRWLOCK@@@ZA
185DC 177 ?FunctionPointer@?1??Wrapper_LCMapStringEx@@9@36@4Q6GHPB_WK0HPA_WHPAU_nlsversioninfo@@PAXJ@ZA
185E0 177 ?FunctionPointer@?1??Wrapper_GetNumaHighestNodeNumber@@9@4@4Q6GHPAK@ZA
185E4 177 ?FunctionPointer@?1??Wrapper_AcquireSRWLockExclusive@@9@4@4Q6GXPAU_RTL_SRWLOCK@@@ZA
185E8 177 ?FunctionPointer@?1??Wrapper_FlsSetValue@@9@8@4Q6GHKPAX@ZA
185EC 2 ___scrt_ucrt_dll_is_in_use
185F0 2 ___dyn_tls_init_callback
185F4 2 __pmatherr
185F8 2 ___use_sse2_mathfcns
19060 6 $R000000
