MINIMAP

FILES
0 <absolute>
1 <common>
2 <linker-defined>
3 LIBCMT:alloca16.obj
4 LIBCMT:argv_mode.obj
5 LIBCMT:checkcfg.obj
6 LIBCMT:chkstk.obj
7 LIBCMT:cpu_disp.obj
8 LIBCMT:default_local_stdio_options.obj
9 LIBCMT:delete_scalar.obj
10 LIBCMT:delete_scalar_size.obj
11 LIBCMT:dll_dllmain.obj
12 LIBCMT:dyn_tls_init.obj
13 LIBCMT:ehprolg3.obj
14 LIBCMT:fltused.obj
15 LIBCMT:ftol2.obj
16 LIBCMT:gs_cookie.obj
17 LIBCMT:gs_report.obj
18 LIBCMT:gs_support.obj
19 LIBCMT:guard_support.obj
20 LIBCMT:initializers.obj
21 LIBCMT:initsect.obj
22 LIBCMT:loadcfg.obj
23 LIBCMT:pesect.obj
24 LIBCMT:secchk.obj
25 LIBCMT:sehprolg4.obj
26 LIBCMT:std_type_info_static.obj
27 LIBCMT:tncleanup.obj
28 LIBCMT:ucrt_detection.obj
29 LIBCMT:utility.obj
30 LIBCMT:utility_desktop.obj
31 LIBCMT:x86_exception_filter.obj
32 LuaMacro.exp
33 LuaMacro.res
34 kernel32:KERNEL32.dll
35 libucrt:87disp.obj
36 libucrt:87except.obj
37 libucrt:87tran.obj
38 libucrt:_fenvutils.obj
39 libucrt:_file.obj
40 libucrt:_freebuf.obj
41 libucrt:_sftbuf.obj
42 libucrt:_strnicm.obj
43 libucrt:abort.obj
44 libucrt:argv_data.obj
45 libucrt:argv_parsing.obj
46 libucrt:argv_wildcards.obj
47 libucrt:calloc.obj
48 libucrt:calloc_base.obj
49 libucrt:ceil.obj
50 libucrt:ceil_pentium4.obj
51 libucrt:close.obj
52 libucrt:closeall.obj
53 libucrt:commit.obj
54 libucrt:common.obj
55 libucrt:common_utf8.obj
56 libucrt:console_output_initializer.obj
57 libucrt:ctype.obj
58 libucrt:environment_initialization.obj
59 libucrt:errno.obj
60 libucrt:exception_filter.obj
61 libucrt:exit.obj
62 libucrt:fclose.obj
63 libucrt:fegetround.obj
64 libucrt:fflush.obj
65 libucrt:fileno.obj
66 libucrt:fp_flags.obj
67 libucrt:fpctrl.obj
68 libucrt:fpexcept.obj
69 libucrt:free.obj
70 libucrt:free_base.obj
71 libucrt:frnd.obj
72 libucrt:genexcep.obj
73 libucrt:get_environment_from_os.obj
74 libucrt:getmodulefilenamea.obj
75 libucrt:getstringtypea.obj
76 libucrt:glstatus.obj
77 libucrt:heap_handle.obj
78 libucrt:ieeemisc.obj
79 libucrt:initcon.obj
80 libucrt:initialization.obj
81 libucrt:initmon.obj
82 libucrt:initnum.obj
83 libucrt:initterm.obj
84 libucrt:inittime.obj
85 libucrt:invalid_parameter.obj
86 libucrt:ioinit.obj
87 libucrt:isatty.obj
88 libucrt:ismbbyte.obj
89 libucrt:lcidtoname_downlevel.obj
90 libucrt:lcmapstringa.obj
91 libucrt:libm_error.obj
92 libucrt:locale_initializer.obj
93 libucrt:locale_refcounting.obj
94 libucrt:locale_update.obj
95 libucrt:localeconv.obj
96 libucrt:locks.obj
97 libucrt:log10_impl.obj
98 libucrt:log10_pentium4.obj
99 libucrt:log10_tables.obj
100 libucrt:lseek.obj
101 libucrt:malloc.obj
102 libucrt:malloc_base.obj
103 libucrt:matherr.obj
104 libucrt:mathfcns.obj
105 libucrt:mbctype.obj
106 libucrt:mbrtoc32.obj
107 libucrt:mbrtowc.obj
108 libucrt:mbsdec.obj
109 libucrt:mbtowc.obj
110 libucrt:msize.obj
111 libucrt:multibyte_initializer.obj
112 libucrt:multibytetowidechar.obj
113 libucrt:new_handler.obj
114 libucrt:new_mode.obj
115 libucrt:nlsdata.obj
116 libucrt:onexit.obj
117 libucrt:osfinfo.obj
118 libucrt:output.obj
119 libucrt:peb_access.obj
120 libucrt:per_thread_data.obj
121 libucrt:powhlp.obj
122 libucrt:putwch.obj
123 libucrt:qsort.obj
124 libucrt:read.obj
125 libucrt:realloc_base.obj
126 libucrt:recalloc.obj
127 libucrt:report_runtime_error.obj
128 libucrt:shared_initialization.obj
129 libucrt:signal.obj
130 libucrt:sse2_initializer.obj
131 libucrt:stdio_initializer.obj
132 libucrt:strcpy_s.obj
133 libucrt:stream.obj
134 libucrt:strncmp.obj
135 libucrt:strncnt.obj
136 libucrt:strncpy_s.obj
137 libucrt:strpbrk.obj
138 libucrt:terminate.obj
139 libucrt:util.obj
140 libucrt:wcsncmp.obj
141 libucrt:wcsnicmp.obj
142 libucrt:widechartomultibyte.obj
143 libucrt:win_policies.obj
144 libucrt:winapi_thunks.obj
145 libucrt:write.obj
146 libucrt:wsetlocale.obj
147 libvcruntime:chandler4.obj
148 libvcruntime:ehhelpers.obj
149 libvcruntime:ehstate.obj
150 libvcruntime:exsup.obj
151 libvcruntime:exsup4.obj
152 libvcruntime:frame.obj
153 libvcruntime:initialization.obj
154 libvcruntime:jbcxrval.obj
155 libvcruntime:locks.obj
156 libvcruntime:lowhelpr.obj
157 libvcruntime:memcpy.obj
158 libvcruntime:memset.obj
159 libvcruntime:per_thread_data.obj
160 libvcruntime:purevirt_data.obj
161 libvcruntime:std_exception.obj
162 libvcruntime:std_type_info.obj
163 libvcruntime:throw.obj
164 libvcruntime:trnsctrl.obj
165 libvcruntime:undname.obj
166 libvcruntime:unexpected.obj
167 libvcruntime:wcsrchr.obj
168 libvcruntime:winapi_downlevel.obj
169 lua51:lua51.dll
170 luafar3:luafar3.dll
171 luaplug.obj
172 vc_crt_fix.obj
173 vc_crt_fix_impl.obj

SYMBOLS
0 0 ___AbsoluteZero
A 0 ___safe_se_handler_count
100 0 ___guard_flags
1000 171 _lstop
1030 171 _laction
1060 171 _DlgProc@16
10C0 171 _DllMain@12
11F0 171 _luaopen_luaplug
1240 171 _InitLuaState2
1280 171 _GetLuaState
12C0 171 _GetGlobalInfoW@4
1350 171 _SetStartupInfoW@4
1470 171 _GetPluginInfoW@4
14C0 171 _ProcessSynchroEventW@4
1520 171 _GetMinFarVersionW@0
1530 171 _OpenW@4
1730 171 _GetFindDataW@4
1790 171 _FreeFindDataW@4
17E0 171 _ClosePanelW@4
1830 171 _GetFilesW@4
1890 171 _GetOpenPanelInfoW@4
18E0 171 _ExitFARW@4
1930 171 _CompareW@4
1990 171 _ConfigureW@4
19F0 171 _DeleteFilesW@4
1A50 171 _MakeDirectoryW@4
1AB0 171 _ProcessPanelEventW@4
1B10 171 _ProcessHostFileW@4
1B70 171 _ProcessPanelInputW@4
1BD0 171 _PutFilesW@4
1C30 171 _SetDirectoryW@4
1C90 171 _SetFindListW@4
1CF0 171 _ProcessEditorInputW@4
1D50 171 _ProcessEditorEventW@4
1DB0 171 _ProcessViewerEventW@4
1E10 171 _ProcessDialogEventW@4
1E70 171 _GetContentFieldsW@4
1ED0 171 _GetContentDataW@4
1F40 171 _FreeContentDataW@4
1F90 171 _AnalyseW@4
2000 171 _CloseAnalyseW@4
2050 171 _ProcessConsoleInputW@4
20B0 173 _Wrapper_EncodePointer@4
2100 173 ?impl@implementation@?1??Wrapper_DecodePointer@@YGPAXPAX@Z@SGPAX0@Z
2170 173 _Wrapper_DecodePointer@4
21C0 173 _Wrapper_GetModuleHandleExW@12
2210 173 ?impl@implementation@?1??Wrapper_GetModuleHandleExW@@YGHKPB_WPAPAUHINSTANCE__@@@Z@SGHK01@Z
22E0 173 _Wrapper_InitializeSListHead@4
2330 173 ?impl@implementation@?1??Wrapper_InitializeSListHead@@YGXPAT_SLIST_HEADER@@@Z@SGX0@Z
2350 173 _Wrapper_InterlockedFlushSList@4
23A0 173 ?impl@implementation@?1??Wrapper_InterlockedFlushSList@@YGPAU_SINGLE_LIST_ENTRY@@PAT_SLIST_HEADER@@@Z@SGPAU3@0@Z
2410 173 _Wrapper_InterlockedPushEntrySList@8
2460 173 ?impl@implementation@?1??Wrapper_InterlockedPushEntrySList@@YGPAU_SINGLE_LIST_ENTRY@@PAT_SLIST_HEADER@@PAU3@@Z@SGPAU3@01@Z
24C0 173 _Wrapper_GetNumaHighestNodeNumber@4
2510 173 ?impl@implementation@?1??Wrapper_GetNumaHighestNodeNumber@@YGHPAK@Z@SGH0@Z
2530 173 _Wrapper_GetLogicalProcessorInformation@8
2580 173 ?impl@implementation@?1??Wrapper_GetLogicalProcessorInformation@@YGHPAU_SYSTEM_LOGICAL_PROCESSOR_INFORMATION@@PAK@Z@SGH01@Z
2590 173 _Wrapper_SetThreadStackGuarantee@4
25E0 173 ?impl@implementation@?1??Wrapper_SetThreadStackGuarantee@@YGHPAK@Z@SGH0@Z
25F0 173 _Wrapper_InitializeCriticalSectionEx@12
2640 173 ?impl@implementation@?1??Wrapper_InitializeCriticalSectionEx@@YGHPAU_RTL_CRITICAL_SECTION@@KK@Z@SGH0KK@Z
2670 173 _Wrapper_CompareStringEx@36
26C0 173 ?impl@implementation@?1??Wrapper_CompareStringEx@@YGHPB_WK0H0HPAU_nlsversioninfo@@PAXJ@Z@SGH0K0H0H12J@Z
2720 173 _Wrapper_LCMapStringEx@36
2770 173 ?impl@implementation@?1??Wrapper_LCMapStringEx@@YGHPB_WK0HPA_WHPAU_nlsversioninfo@@PAXJ@Z@SGH0K0H1H23J@Z
27D0 173 _Wrapper_SleepConditionVariableSRW@16
2820 173 ?impl@implementation@?1??Wrapper_SleepConditionVariableSRW@@YGHPAU_RTL_CONDITION_VARIABLE@@PAU_RTL_SRWLOCK@@KK@Z@SGH01KK@Z
2830 173 _Wrapper_WakeAllConditionVariable@4
2880 173 ?impl@implementation@?1??Wrapper_AcquireSRWLockExclusive@@YGXPAU_RTL_SRWLOCK@@@Z@SGX0@Z
2890 173 _Wrapper_AcquireSRWLockExclusive@4
28E0 173 _Wrapper_ReleaseSRWLockExclusive@4
2930 173 _Wrapper_TryAcquireSRWLockExclusive@4
2980 173 ?impl@implementation@?1??Wrapper_TryAcquireSRWLockExclusive@@YGEPAU_RTL_SRWLOCK@@@Z@SGE0@Z
2990 173 _Wrapper_InitializeSRWLock@4
29E0 173 ?impl@implementation@?1??Wrapper_InitializeSRWLock@@YGXPAU_RTL_SRWLOCK@@@Z@SGX0@Z
29F0 173 _Wrapper_FlsAlloc@4
2A40 173 ?impl@implementation@?1??Wrapper_FlsAlloc@@YGKP6GXPAX@Z@Z@SGK1@Z
2A50 173 _Wrapper_FlsGetValue@4
2AA0 173 ?impl@implementation@?1??Wrapper_FlsGetValue@@YGPAXK@Z@SGPAXK@Z
2AB0 173 _Wrapper_FlsSetValue@8
2B00 173 ?impl@implementation@?1??Wrapper_FlsSetValue@@YGHKPAX@Z@SGHK0@Z
2B10 173 _Wrapper_FlsFree@4
2B60 173 ?impl@implementation@?1??Wrapper_FlsFree@@YGHK@Z@SGHK@Z
2B70 24 @__security_check_cookie@4
2B7E 11 ?dllmain_crt_dispatch@@YGHQAUHINSTANCE__@@KQAX@Z
2BD1 11 ?dllmain_crt_process_attach@@YAHQAUHINSTANCE__@@QAX@Z
2CD8 11 ?dllmain_crt_process_detach@@YAH_N@Z
2D88 11 ?dllmain_dispatch@@YAHQAUHINSTANCE__@@KQAX@Z
2E93 11 ?dllmain_raw@@YGHQAUHINSTANCE__@@KQAX@Z
2EBE 11 __DllMainCRTStartup@12
2EE1 17 ___raise_securityfailure
2F09 17 ___report_gsfailure
3004 18 ___get_entropy
3051 18 ___security_init_cookie
309C 27 ?__scrt_initialize_type_info@@YAXXZ
30A8 27 ?__scrt_uninitialize_type_info@@YAXXZ
30B4 8 ___local_stdio_printf_options
30BA 8 ___local_stdio_scanf_options
30C0 8 ___scrt_initialize_default_local_stdio_options
30DD 29 ?find_pe_section@@YAPAU_IMAGE_SECTION_HEADER@@QAEI@Z
3121 29 ___scrt_acquire_startup_lock
3153 29 ___scrt_dllmain_after_initialize_c
317E 29 ___scrt_dllmain_before_initialize_c
318C 29 ___scrt_dllmain_crt_thread_attach
31AB 29 ___scrt_dllmain_crt_thread_detach
31B8 29 ___scrt_dllmain_exception_filter
31EC 29 ___scrt_dllmain_uninitialize_c
320F 29 ___scrt_dllmain_uninitialize_critical
321C 29 ___scrt_initialize_crt
3255 29 ___scrt_initialize_onexit_tables
32DC 29 ___scrt_is_nonwritable_in_current_image
3370 29 ___scrt_release_startup_lock
338D 29 ___scrt_uninitialize_crt
33B5 12 ___scrt_get_dyn_tls_init_callback
33BB 30 ___scrt_fastfail
34D0 30 __crt_debugger_hook
34D8 21 __RTC_Initialize
3504 21 __RTC_Terminate
3530 25 __SEH_prolog4
3575 19 @_guard_check_icall_nop@4
3578 7 ___isa_available_init
38A5 4 __get_startup_argv_mode
38A9 28 ___scrt_is_ucrt_dll_in_use
38B5 167 _wcsrchr
3958 164 ?GetRangeOfTrysToCheck@__FrameHandler3@@SA?AU?$pair@Viterator@TryBlockMap@__FrameHandler3@@V123@@std@@AAVTryBlockMap@1@HPAXPBU_s_FuncInfo@@H@Z
39C7 164 ?_CallCatchBlock2@@YAPAXPAUEHRegistrationNode@@PBU_s_FuncInfo@@PAXHK@Z
3A24 164 ?_CallSETranslator@@YAHPAUEHExceptionRecord@@PAUEHRegistrationNode@@PAX2PBU_s_FuncInfo@@H1@Z
3B14 164 ?_JumpToContinuation@@YGXPAXPAUEHRegistrationNode@@@Z
3B44 164 ?_UnwindNestedFrames@@YGXPAUEHRegistrationNode@@PAUEHExceptionRecord@@@Z
3B98 164 __CatchGuardHandler
3BC9 164 __CreateFrameInfo
3BED 164 __FindAndUnlinkFrame
3C35 164 __TranslatorGuardHandler
3CD4 164 ___CxxFrameHandler3
3D10 147 _ValidateLocalCookies
3D50 147 __except_handler4
3EAE 162 ___std_type_info_compare
3EEA 162 ___std_type_info_destroy_list
3F0D 153 ___vcrt_initialize
3F2C 153 ___vcrt_thread_attach
3F37 153 ___vcrt_thread_detach
3F3F 153 ___vcrt_uninitialize
3F56 153 ___vcrt_uninitialize_critical
3F5E 148 ___DestructExceptionObject
3FFF 148 ?_CallMemberFunction0@@YGXQAX0@Z
400C 148 ?_FilterSetCurrentException@@YAKPAU_EXCEPTION_POINTERS@@E@Z
4064 148 __IsExceptionObjectToBeDestroyed
408A 148 ___AdjustPointer
40AF 148 ___FrameUnwindFilter
4105 148 ___std_terminate
4110 158 _memset
4155 158 XMMMov
4190 158 LargeRangeBytes
41CD 158 XmmMovSmall
41E0 158 XmmSmallLoop
41E5 158 MidRangeBytes
4201 158 XMMTrailingBytes
4215 158 SmallMov
421D 158 ByteLoop
422B 158 DwordTest
423B 158 QwordTest
4250 158 QwordLoop
4263 158 toend
426A 159 ___vcrt_freefls@4
4286 159 ___vcrt_freeptd_for_this_thread
42B1 159 ___vcrt_getptd
42BF 159 ___vcrt_getptd_noexit
4351 159 ___vcrt_initialize_ptd
4384 159 ___vcrt_uninitialize_ptd
439F 152 ??$BuildCatchObjectHelperInternal@V__FrameHandler3@@@@YAHPAUEHExceptionRecord@@PAXPBU_s_HandlerType@@PBU_s_CatchableType@@@Z
44DD 152 ??$BuildCatchObjectInternal@V__FrameHandler3@@@@YAXPAUEHExceptionRecord@@PAXPBU_s_HandlerType@@PBU_s_CatchableType@@@Z
4576 152 ??$CatchIt@V__FrameHandler3@@@@YAXPAUEHExceptionRecord@@PAUEHRegistrationNode@@PAU_CONTEXT@@PAXPBU_s_FuncInfo@@PBU_s_HandlerType@@PBU_s_CatchableType@@PBU_s_TryBlockMapEntry@@H1EE@Z
45F6 152 ??$FindHandler@V__FrameHandler3@@@@YAXPAUEHExceptionRecord@@PAUEHRegistrationNode@@PAU_CONTEXT@@PAXPBU_s_FuncInfo@@EH1@Z
499B 152 ??$FindHandlerForForeignException@V__FrameHandler3@@@@YAXPAUEHExceptionRecord@@PAUEHRegistrationNode@@PAU_CONTEXT@@PAXPBU_s_FuncInfo@@HH1@Z
4AD1 152 ??$TypeMatchHelper@V__FrameHandler3@@@@YAHPBU_s_HandlerType@@PBU_s_CatchableType@@PBU_s_ThrowInfo@@@Z
4B5F 152 ??$__InternalCxxFrameHandler@V__FrameHandler3@@@@YA?AW4_EXCEPTION_DISPOSITION@@PAUEHExceptionRecord@@PAUEHRegistrationNode@@PAU_CONTEXT@@PAXPBU_s_FuncInfo@@H1E@Z
4C61 152 ??$__InternalCxxFrameHandlerWrapper@V__FrameHandler3@@@@YA?AW4_EXCEPTION_DISPOSITION@@PAUEHExceptionRecord@@PAUEHRegistrationNode@@PAU_CONTEXT@@PAXPBU_s_FuncInfo@@H1E@Z
4C6A 152 ??0bad_exception@std@@QAE@ABV01@@Z
4C85 152 ??0bad_exception@std@@QAE@XZ
4C9D 152 ??0exception@std@@QAE@ABV01@@Z
4CC9 152 ??1bad_exception@std@@UAE@XZ
4CDA 152 ??8type_info@@QBE_NABV0@@Z
4CF9 152 ??_Ebad_exception@std@@UAEPAXI@Z
4D26 152 ?CallCatchBlock@@YAPAXPAUEHExceptionRecord@@PAUEHRegistrationNode@@PAU_CONTEXT@@PBU_s_FuncInfo@@PAXHK@Z
4EF5 152 ?CallUnexpected@@YAXPBU_s_ESTypeList@@@Z
4F15 152 __catch$?CallUnexpected@@YAXPBU_s_ESTypeList@@@Z$0
4F34 152 ?ExFilterRethrow@@YAHPAU_EXCEPTION_POINTERS@@@Z
4F7E 152 ?FrameUnwindToEmptyState@__FrameHandler3@@SAXPAUEHRegistrationNode@@PAXPBU_s_FuncInfo@@@Z
4F96 152 ?FrameUnwindToState@__FrameHandler3@@SAXPAUEHRegistrationNode@@PAXPBU_s_FuncInfo@@H@Z
507E 152 ?IsInExceptionSpec@@YAEPAUEHExceptionRecord@@PBU_s_ESTypeList@@@Z
5118 152 ?_CallMemberFunction1@@YGXQAX00@Z
5128 152 ?_CallMemberFunction2@@YGXQAX00H@Z
513B 152 ?getESTypes@__FrameHandler3@@SAPBU_s_ESTypeList@@PBU_s_FuncInfo@@@Z
5146 152 ?what@exception@std@@UBEPBDXZ
5160 156 __CallSettingFrame@12
5187 156 __NLG_Return
519F 156 _NLG_Continue
51AC 154 ___except_validate_context_record
51E0 151 __local_unwind4
5212 151 _lu_top
5271 151 _lu_done
5280 151 $$000000
52D0 151 @_EH4_CallFilterFunc@8
52F0 151 @_EH4_TransferToHandler@8
5310 151 @_EH4_GlobalUnwind2@8
5325 151 ReturnPoint
5330 151 @_EH4_LocalUnwind@16
5347 155 ___vcrt_initialize_locks
5383 155 ___vcrt_uninitialize_locks
53B2 168 ?try_get_function@@YAPAXW4function_id@?A0x14174aea@@QBDQBW4module_id@2@2@Z
5452 168 ?try_load_library_from_system_directory@@YAPAUHINSTANCE__@@QB_W@Z
549D 168 ___vcrt_FlsAlloc
54D8 168 ___vcrt_FlsFree
5513 168 ___vcrt_FlsGetValue
554E 168 ___vcrt_FlsSetValue
558C 168 ___vcrt_InitializeCriticalSectionEx
55D3 166 _unexpected
55F0 149 ?GetCurrentState@__FrameHandler3@@SAHPAUEHRegistrationNode@@PAXPBU_s_FuncInfo@@@Z
560D 149 ?SetState@__FrameHandler3@@SAXPAUEHRegistrationNode@@PBU_s_FuncInfo@@H@Z
561B 161 ___std_exception_copy
567E 161 ___std_exception_destroy
569D 163 __CxxThrowException@8
5710 157 _memcpy
5730 157 CopyUp
5754 157 CopyUpLargeMov
5767 157 CopyUpSSE2Check
5780 157 AtomChk
57A6 157 PalignHead4
57B9 157 PalignHead8
57D0 157 PalignLoop
57E2 157 MovPalign12
57EC 157 PalignLoop12
583D 157 MovPalign8
5848 157 PalignLoop8
5896 157 MovPalign4
58A0 157 PalignLoop4
58EC 157 PalignTail
5904 157 PalignTail4
5917 157 PalignTail8
592E 157 PalignTailLE3
5937 157 Dword_align
593F 157 Dword_up_align_loop
5952 157 Dword_align_Ok
596C 157 ByteCopyUp
5974 157 TrailingUpVec
5984 157 TrailingUp0
598C 157 TrailingUp1
5998 157 TrailingUp2
59AC 157 TrailingUp3
59C4 157 CopyDown
59E9 157 CopyDownNotAligned
59F0 157 CopyDownAlignLoop
59FD 157 CopyDownAligned
5A20 157 TrailingDownVec
5A30 157 TrailingDown0
5A38 157 TrailingDown1
5A48 157 TrailingDown2
5A5C 157 TrailingDown3
5A75 157 XmmMovLargeAlignTest
5A7D 157 XmmMovAlignLoop
5A8C 157 XmmMovLargeLoop
5AFC 157 XmmMovSmallTest
5B01 157 XmmMovSmallLoop
5B24 157 CopyDownSmall
5B2C 157 CopyDownDwordLoop
5B41 157 CopyDownByteTest
5B45 157 CopyDownByteLoop
5B54 157 CopyDownReturn
5B60 157 XmmCopy
5B6D 157 XmmCopyAligned
5B80 157 XmmCopyLargeLoop
5BDD 157 XmmCopySmallTest
5BF0 157 XmmCopySmallLoop
5C0B 157 CopyUpDwordMov
5C10 157 CopyUpDwordTest
5C17 157 CopyUpDwordLoop
5C26 157 CopyUpByteTest
5C2D 157 CopyUpByteLoop
5C40 157 CopyUpReturn
5C50 157 XmmCopyUnaligned
5C63 157 XmmAlignByte
5C6C 157 XmmAlignDwordTest
5C71 157 XmmAlignDwordLoop
5C7E 157 XmmAlignAdjustCnt
5C90 150 __NLG_Notify1
5CA0 150 __NLG_Notify
5CAB 150 __NLG_Go
5CB7 150 __NLG_Dispatch
5CC0 150 __NLG_Call
5CC2 150 __NLG_Return2
5CD0 69 _free
5CEB 129 ??$?RV<lambda_cbab9ec6f41b0180b23cc171c22676b0>@@AAV<lambda_44731a7d0e6d81c3e6aa82d741081786>@@V<lambda_4b292cb8dd18144e164572427af410ab>@@@?$__crt_seh_guarded_call@P6AXH@Z@@QAEP6AXH@Z$$QAV<lambda_cbab9ec6f41b0180b23cc171c22676b0>@@AAV<lambda_44731a7d0e6d81c3e6aa82d741081786>@@$$QAV<lambda_4b292cb8dd18144e164572427af410ab>@@@Z
5D53 113 ??$__crt_fast_decode_pointer@P6AHI@Z@@YAP6AHI@ZQ6AHI@Z@Z
5D6E 129 ??$__crt_fast_encode_pointer@P6AXH@Z@@YAP6AXH@ZQ6AXH@Z@Z
5D8D 129 ?ctrlevent_capture@@YGHK@Z
5E3B 129 ?get_global_action_nolock@@YAPAP6AXH@ZH@Z
5E7D 129 ?siglookup@@YAPAU__crt_signal_action_t@@HQAU1@@Z
5EA5 129 ?signal_failed@@YAP6AXH@ZH@Z
5ED7 129 ___acrt_get_sigabrt_handler
5EFE 129 ___acrt_initialize_signal_handlers
5F1C 129 _raise
610E 129 _signal
62D2 101 _malloc
62DD 83 __initterm
6308 83 __initterm_e
6336 60 __seh_filter_dll
6356 60 __seh_filter_exe
649C 61 ??$?RV<lambda_03b1d95aef87969028cfba75ccab2455>@@AAV<lambda_6e4b09c48022b2350581041d5f6b0c4c>@@V<lambda_22bdf7517842c4b3e53723af5aa32b9e>@@@?$__crt_seh_guarded_call@X@@QAEX$$QAV<lambda_03b1d95aef87969028cfba75ccab2455>@@AAV<lambda_6e4b09c48022b2350581041d5f6b0c4c>@@$$QAV<lambda_22bdf7517842c4b3e53723af5aa32b9e>@@@Z
64E9 61 ??R<lambda_6e4b09c48022b2350581041d5f6b0c4c>@@QBE@XZ
65D1 61 ?common_exit@@YAXHW4_crt_exit_cleanup_mode@@W4_crt_exit_return_mode@@@Z
6668 61 ?exit_or_terminate_process@@YAXI@Z
6699 61 ?is_managed_app@@YA_NXZ
66DB 61 ?should_call_terminate_process@@YA_NXZ
66F4 61 ?try_cor_exit_process@@YAXI@Z
6776 61 ___acrt_initialize_thread_local_exit_callback
6785 61 __cexit
6794 61 __exit
67AA 61 __is_c_termination_complete
67B1 45 ??$common_configure_argv@D@@YAHW4_crt_argv_mode@@@Z
68EE 45 ??$parse_command_line@D@@YAXPADPAPAD0PAI2@Z
6A62 45 ___acrt_allocate_buffer_for_argv
6AB1 45 __configure_narrow_argv
6ABC 58 ??$common_initialize_environment_nolock@D@@YAHXZ
6B16 58 ??$create_environment@D@@YAQAPADQAD@Z
6BF8 58 ??$free_environment@D@@YAXQAPAD@Z
6C27 58 ??$uninitialize_environment_internal@D@@YAXAAPAPAD@Z
6C42 58 ??$uninitialize_environment_internal@_W@@YAXAAPAPA_W@Z
6C5D 58 ___dcrt_uninitialize_environments_nolock
6CAE 58 __initialize_narrow_environment
6CB3 116 ??$?RV<lambda_69a2805e680e0e292e8ba93315fe43a8>@@AAV<lambda_f03950bc5685219e0bcd2087efbe011e>@@V<lambda_03fcd07e894ec930e3f35da366ca99d6>@@@?$__crt_seh_guarded_call@H@@QAEH$$QAV<lambda_69a2805e680e0e292e8ba93315fe43a8>@@AAV<lambda_f03950bc5685219e0bcd2087efbe011e>@@$$QAV<lambda_03fcd07e894ec930e3f35da366ca99d6>@@@Z
6D0E 116 ??R<lambda_f03950bc5685219e0bcd2087efbe011e>@@QBE@XZ
6DE8 116 __execute_onexit_table
6E26 116 __initialize_onexit_table
6E4F 80 _initialize_global_variables
6E5C 80 _initialize_c
6E76 44 ___acrt_uninitialize_command_line
6E79 80 _uninitialize_environment
6E81 80 _initialize_pointers
6EAF 80 _uninitialize_vcruntime
6EB8 80 _uninitialize_allocated_memory
6ECF 80 _uninitialize_allocated_io_buffers
6F1F 80 ??R<lambda_af42a3ee9806e9a7305d451646e05244>@@QBE@AAPAU__crt_multibyte_data@@@Z
6F4D 80 ___acrt_initialize
6F5F 80 ___acrt_thread_attach
6F6A 80 ___acrt_thread_detach
6F72 80 ___acrt_uninitialize
6FA2 80 ___acrt_uninitialize_critical
6FB4 138 _terminate
6FF0 43 _abort
7034 132 _strcpy_s
708E 47 _calloc
70A0 118 ??0__crt_cached_ptd_host@@QAE@QAU__crt_locale_pointers@@@Z
7100 118 ??1__crt_cached_ptd_host@@QAE@XZ
7140 118 ?force_synchronize_per_thread_data@__crt_cached_ptd_host@@AAEPAU__acrt_ptd@@XZ
7190 118 ?get_raw_ptd@__crt_cached_ptd_host@@QAEPAU__acrt_ptd@@XZ
71F0 118 ?update_locale_slow@__crt_cached_ptd_host@@AAEXXZ
7250 134 _strncmp
72C8 140 _wcsncmp
7302 70 __free_base
733C 85 ?check_synchronize_global_state_index@__crt_cached_ptd_host@@AAEIXZ
7365 85 ___acrt_call_reportfault
749E 85 ___acrt_initialize_invalid_parameter_handler
74AD 85 __invalid_parameter
74E4 85 __invalid_parameter_internal
7561 85 __invalid_parameter_noinfo
7571 85 __invoke_watson
75A5 59 ___acrt_errno_from_os_error
75E8 59 ___acrt_errno_map_os_error
760B 59 ___acrt_errno_map_os_error_ptd
762F 59 ___doserrno
7642 59 __errno
7655 102 __malloc_base
76A3 120 ??$?RV<lambda_15ade71b0218206bbe3333a0c9b79046>@@AAV<lambda_da44e0f8b0f19ba52fefafb335991732>@@V<lambda_207f2d024fc103971653565357d6cd41>@@@?$__crt_seh_guarded_call@X@@QAEX$$QAV<lambda_15ade71b0218206bbe3333a0c9b79046>@@AAV<lambda_da44e0f8b0f19ba52fefafb335991732>@@$$QAV<lambda_207f2d024fc103971653565357d6cd41>@@@Z
76F5 120 ??$?RV<lambda_38edbb1296d33220d7e4dd0ed76b244a>@@AAV<lambda_5ce1d447e08cb34b2473517608e21441>@@V<lambda_fb385d3da700c9147fc39e65dd577a8c>@@@?$__crt_seh_guarded_call@X@@QAEX$$QAV<lambda_38edbb1296d33220d7e4dd0ed76b244a>@@AAV<lambda_5ce1d447e08cb34b2473517608e21441>@@$$QAV<lambda_fb385d3da700c9147fc39e65dd577a8c>@@@Z
7760 120 ??$?RV<lambda_6affb1475c98b40b75cdec977db92e3c>@@AAV<lambda_b8d4b9c228a6ecc3f80208dbb4b4a104>@@V<lambda_608742c3c92a14382c1684fc64f96c88>@@@?$__crt_seh_guarded_call@X@@QAEX$$QAV<lambda_6affb1475c98b40b75cdec977db92e3c>@@AAV<lambda_b8d4b9c228a6ecc3f80208dbb4b4a104>@@$$QAV<lambda_608742c3c92a14382c1684fc64f96c88>@@@Z
77B5 120 ??$?RV<lambda_a7e850c220f1c8d1e6efeecdedd162c6>@@AAV<lambda_46720907175c18b6c9d2717bc0d2d362>@@V<lambda_9048902d66e8d99359bc9897bbb930a8>@@@?$__crt_seh_guarded_call@X@@QAEX$$QAV<lambda_a7e850c220f1c8d1e6efeecdedd162c6>@@AAV<lambda_46720907175c18b6c9d2717bc0d2d362>@@$$QAV<lambda_9048902d66e8d99359bc9897bbb930a8>@@@Z
780F 120 ?construct_ptd@@YAXQAU__acrt_ptd@@QAPAU__crt_locale_data@@@Z
78A8 120 ?destroy_fls@@YGXPAX@Z
78C9 120 ?destroy_ptd@@YAXQAU__acrt_ptd@@@Z
7996 120 ?replace_current_thread_locale_nolock@@YAXQAU__acrt_ptd@@QAU__crt_locale_data@@@Z
79E1 120 ___acrt_freeptd
7A0D 120 ___acrt_getptd
7AC8 120 ___acrt_getptd_head
7B5E 120 ___acrt_getptd_noexit
7C0F 120 ___acrt_getptd_noexit_explicit
7CB2 120 ___acrt_initialize_ptd
7CDE 120 ___acrt_uninitialize_ptd
7CF8 96 ___acrt_initialize_locks
7D39 96 ___acrt_lock
7D50 96 ___acrt_uninitialize_locks
7D81 96 ___acrt_unlock
7D98 119 ___acrt_app_verifier_enabled
7DAA 119 ___acrt_is_secure_process
7DBD 143 ___acrt_get_process_end_policy
7DE4 48 __calloc_base
7E41 46 ?<lambda_invoker_cdecl>@<lambda_838c7f62c73c983481e27c09e84b0b5d>@@CAHPBX0@Z
7E59 46 ??$__acrt_convert_wcs_mbs_cp@D_WV<lambda_62f6974d9771e494a5ea317cc32e971c>@@U__crt_win32_buffer_internal_dynamic_resizing@@@@YAHQBDAAV?$__crt_win32_buffer@_WU__crt_win32_buffer_internal_dynamic_resizing@@@@ABV<lambda_62f6974d9771e494a5ea317cc32e971c>@@I@Z
7F0B 46 ??$__acrt_convert_wcs_mbs_cp@_WDV<lambda_28bda7af82a03b66c1cb3803a755f95d>@@U__crt_win32_buffer_internal_dynamic_resizing@@@@YAHQB_WAAV?$__crt_win32_buffer@DU__crt_win32_buffer_internal_dynamic_resizing@@@@ABV<lambda_28bda7af82a03b66c1cb3803a755f95d>@@I@Z
7FD1 46 ??$__acrt_mbs_to_wcs_cp@U__crt_win32_buffer_internal_dynamic_resizing@@@@YAHQBDAAV?$__crt_win32_buffer@_WU__crt_win32_buffer_internal_dynamic_resizing@@@@I@Z
7FEE 46 ??$common_expand_argv_wildcards@D@@YAHQAPADQAPAPAD@Z
816B 46 ??$copy_and_add_argument_to_buffer@D@@YAHQBD0IAAV?$argument_list@D@?A0x5f5c8891@@@Z
821C 46 ??$expand_argument_wildcards@D@@YAHQAD0AAV?$argument_list@D@?A0x5f5c8891@@@Z
84A1 46 ??0_LocaleUpdate@@QAE@QAU__crt_locale_pointers@@@Z
8523 46 ??1?$argument_list@D@?A0x5f5c8891@@QAE@XZ
8548 74 ??R<lambda_0fec1a7b3f42a53036604e18c2d5e07e>@@QBE@IQB_WQADI@Z
856C 46 ?__acrt_get_utf8_acp_compatibility_codepage@@YAIXZ
85AB 46 ?_deallocate@?$__crt_win32_buffer@DU__crt_win32_buffer_internal_dynamic_resizing@@@@AAEXXZ
85C5 46 ?allocate@?$__crt_win32_buffer@DU__crt_win32_buffer_internal_dynamic_resizing@@@@QAEHI@Z
8601 46 ?allocate@?$__crt_win32_buffer@_WU__crt_win32_buffer_internal_dynamic_resizing@@@@QAEHI@Z
8640 46 ?allocate@__crt_win32_buffer_internal_dynamic_resizing@@SAHQAPAXIABV__crt_win32_buffer_empty_debug_info@@@Z
865F 46 ?expand_if_necessary@?$argument_list@D@?A0x5f5c8891@@AAEHXZ
86E6 46 ___acrt_expand_narrow_argv_wildcards
86F1 74 ??$__acrt_convert_wcs_mbs_cp@_WDV<lambda_0fec1a7b3f42a53036604e18c2d5e07e>@@U__crt_win32_buffer_no_resizing@@@@YAHQB_WAAV?$__crt_win32_buffer@DU__crt_win32_buffer_no_resizing@@@@ABV<lambda_0fec1a7b3f42a53036604e18c2d5e07e>@@I@Z
87B3 74 ?allocate@?$__crt_win32_buffer@DU__crt_win32_buffer_no_resizing@@@@QAEHI@Z
87DA 74 ?set_to_nullptr@?$__crt_win32_buffer@DU__crt_win32_buffer_no_resizing@@@@QAEXXZ
87EE 74 ___acrt_GetModuleFileNameA
888F 105 ??$?RV<lambda_ceb1ee4838e85a9d631eb091e2fbe199>@@AAV<lambda_ae742caa10f662c28703da3d2ea5e57e>@@V<lambda_cd08b5d6af4937fe54fc07d0c9bf6b37>@@@?$__crt_seh_guarded_call@X@@QAEX$$QAV<lambda_ceb1ee4838e85a9d631eb091e2fbe199>@@AAV<lambda_ae742caa10f662c28703da3d2ea5e57e>@@$$QAV<lambda_cd08b5d6af4937fe54fc07d0c9bf6b37>@@@Z
88DC 105 ??R<lambda_ae742caa10f662c28703da3d2ea5e57e>@@QBE@XZ
895F 105 ?CPtoLocaleName@@YAPB_WH@Z
899D 105 ?getSystemCP@@YAHH@Z
8A0E 105 ?setSBCS@@YAXPAU__crt_multibyte_data@@@Z
8A71 105 ?setSBUpLow@@YAXPAU__crt_multibyte_data@@@Z
8C16 105 ?setmbcp_internal@@YAHH_NQAU__acrt_ptd@@QAPAU__crt_multibyte_data@@@Z
8D6B 105 ?update_thread_multibyte_data_internal@@YAPAU__crt_multibyte_data@@QAU__acrt_ptd@@QAPAU1@@Z
8E0B 105 ___acrt_initialize_multibyte
8E53 105 ___acrt_update_thread_multibyte_data
8E66 105 __setmbcp_nolock
906B 105 _memcpy_s
90EC 88 ?x_ismbbtype_l@@YAHPAU__crt_locale_pointers@@IHH@Z
913C 88 __ismbblead
9154 44 ___acrt_initialize_command_line
916D 112 ?filter_mbtowcs_flags@@YAKIK@Z
9205 112 ___acrt_MultiByteToWideChar
922F 142 ?filter_wcstomb_flags@@YAKIK@Z
92BF 142 ___acrt_WideCharToMultiByte
932B 73 ?find_end_of_double_null_terminated_sequence@@YAPB_WQB_W@Z
9362 73 ___dcrt_get_narrow_environment_from_os
9402 126 __recalloc_base
946F 144 ?try_get_AreFileApisANSI@@YAP6GHXZXZ
9489 144 ?try_get_LCMapStringEx@@YAP6GHPB_WK0HPA_WHPAU_nlsversioninfo@@PAXJ@ZXZ
94A3 144 ?try_get_LocaleNameToLCID@@YAP6GKPB_WK@ZXZ
94BD 144 ?try_get_first_available_module@@YAPAUHINSTANCE__@@QBW4module_id@?A0x391cf84c@@0@Z
9588 144 ?try_get_function@@YAPAXW4function_id@?A0x391cf84c@@QBDQBW4module_id@2@2@Z
960D 144 ___acrt_AppPolicyGetProcessTerminationMethodInternal@4
964D 144 ___acrt_AreFileApisANSI@0
966C 144 ___acrt_FlsAlloc@4
96AB 144 ___acrt_FlsFree@4
96EA 144 ___acrt_FlsGetValue@4
9729 144 ___acrt_FlsSetValue@8
976B 144 ___acrt_InitializeCriticalSectionEx@12
97B6 144 ___acrt_LCMapStringEx@36
9813 144 ___acrt_LocaleNameToLCID@8
9844 144 ___acrt_initialize_winapi_thunks
9858 144 ___acrt_uninitialize_winapi_thunks
988E 77 ___acrt_initialize_heap
989F 77 ___acrt_uninitialize_heap
98A9 86 ?initialize_inherited_file_handles_nolock@@YAXXZ
995F 86 ?initialize_stdio_handles_nolock@@YAXXZ
9A0F 86 ___acrt_initialize_lowio
9A6F 86 ___acrt_uninitialize_lowio
9A9B 128 ___acrt_execute_initializers
9B03 128 ___acrt_execute_uninitializers
9B34 113 ___acrt_initialize_new_handler
9B43 113 __callnewh
9B6F 113 __query_new_handler
9BC6 103 ___acrt_has_user_matherr
9BE3 103 ___acrt_initialize_user_matherr
9BF2 103 ___acrt_invoke_user_matherr
9C28 64 ??$?RV<lambda_2866be3712abc81a800a822484c830d8>@@AAV<lambda_39ca0ed439415581b5b15c265174cece>@@V<lambda_2b24c74d71094a6cd0cb82e44167d71b>@@@?$__crt_seh_guarded_call@X@@QAEX$$QAV<lambda_2866be3712abc81a800a822484c830d8>@@AAV<lambda_39ca0ed439415581b5b15c265174cece>@@$$QAV<lambda_2b24c74d71094a6cd0cb82e44167d71b>@@@Z
9CB4 64 ??$?RV<lambda_2cc53f568c5a2bb6f192f930a45d44ea>@@AAV<lambda_ab61a845afdef5b7c387490eaf3616ee>@@V<lambda_c2ffc0b7726aa6be21d5f0026187e748>@@@?$__crt_seh_guarded_call@X@@QAEX$$QAV<lambda_2cc53f568c5a2bb6f192f930a45d44ea>@@AAV<lambda_ab61a845afdef5b7c387490eaf3616ee>@@$$QAV<lambda_c2ffc0b7726aa6be21d5f0026187e748>@@@Z
9D60 64 ?common_flush_all@@YAH_N@Z
9DAD 64 ?common_flush_all_should_try_to_flush_stream@@YA_NV__crt_stdio_stream@@QAH@Z
9DDE 64 ?is_stream_flushable_or_commitable@@YA_NJ@Z
9E01 64 ___acrt_stdio_flush_nolock
9E6A 64 __fflush_nolock
9ECF 64 __flushall
9ED8 39 ___acrt_initialize_stdio
9FA0 39 ___acrt_uninitialize_stdio
9FEC 39 __lock_file
A000 39 __unlock_file
A014 94 ___acrt_update_locale_info
A041 94 ___acrt_update_locale_info_explicit
A072 94 ___acrt_update_multibyte_info
A09F 94 ___acrt_update_multibyte_info_explicit
A0D0 109 __mbtowc_internal
A203 65 __fileno
A22A 146 ??$?RV<lambda_e5124f882df8998aaf41531e079ba474>@@AAV<lambda_3e16ef9562a7dcce91392c22ab16ea36>@@V<lambda_e25ca0880e6ef98be67edffd8c599615>@@@?$__crt_seh_guarded_call@X@@QAEX$$QAV<lambda_e5124f882df8998aaf41531e079ba474>@@AAV<lambda_3e16ef9562a7dcce91392c22ab16ea36>@@$$QAV<lambda_e25ca0880e6ef98be67edffd8c599615>@@@Z
A298 146 ___acrt_set_locale_changed
A2A3 146 ___acrt_uninitialize_locale
A2CA 114 __query_new_mode
A2D1 93 ___acrt_add_locale_ref
A34E 93 ___acrt_free_locale
A496 93 ___acrt_locale_add_lc_time_reference
A4BF 93 ___acrt_locale_free_lc_time_if_unreferenced
A4F0 93 ___acrt_locale_release_lc_time_reference
A519 93 ___acrt_release_locale_ref
A59A 93 ___acrt_update_thread_locale_data
A61B 93 __updatetlocinfoEx_nolock
A670 123 _qsort
AB5E 136 ??$common_tcsncpy_s@D@@YAHQADIQBDI@Z
AC15 136 _strncpy_s
AC20 137 _strpbrk
AC60 108 __mbsdec
AC77 108 __mbsdec_l
AD04 75 ___acrt_GetStringTypeA
AE05 75 __freea_crt
AE25 90 ?__acrt_LCMapStringA_stat@@YAHPAU__crt_locale_pointers@@PB_WKPBDHPADHHH@Z
B014 90 ___acrt_LCMapStringA
B05D 111 ?initialize_multibyte@@YAHXZ
B06C 110 __msize_base
B09F 125 __realloc_base
B108 89 ?GetTableIndexFromLocaleName@@YAHPB_W@Z
B158 89 ___acrt_DownlevelLocaleNameToLCID
B184 117 ___acrt_lowio_create_handle_array
B1FF 117 ___acrt_lowio_destroy_handle_array
B234 117 ___acrt_lowio_ensure_fh_exists
B2D2 117 ___acrt_lowio_lock_fh
B2F5 117 ___acrt_lowio_unlock_fh
B318 117 __free_osfhnd
B3A9 117 __get_osfhandle
B413 53 ??$?RV<lambda_9e9de3de5fa147e2223d7db92bc10aa6>@@AAV<lambda_38ce7e780aa69e748d6df282ebc68efe>@@V<lambda_8ca6da459f0f6780f1cff60fdc3d00e5>@@@?$__crt_seh_guarded_call@H@@QAEH$$QAV<lambda_9e9de3de5fa147e2223d7db92bc10aa6>@@AAV<lambda_38ce7e780aa69e748d6df282ebc68efe>@@$$QAV<lambda_8ca6da459f0f6780f1cff60fdc3d00e5>@@@Z
B4B5 53 __commit
B532 145 ?write_double_translated_ansi_nolock@@YA?AUwrite_result@?A0x17268360@@HQBDIAAV__crt_cached_ptd_host@@@Z
B8F9 145 ?write_double_translated_unicode_nolock@@YA?AUwrite_result@?A0x17268360@@QBDI@Z
B961 145 ?write_requires_double_translation_nolock@@YA_NHAAV__crt_cached_ptd_host@@@Z
B9DE 145 ?write_text_ansi_nolock@@YA?AUwrite_result@?A0x17268360@@HQBDI@Z
BAB9 145 ?write_text_utf16le_nolock@@YA?AUwrite_result@?A0x17268360@@HQBDI@Z
BBA2 145 ?write_text_utf8_nolock@@YA?AUwrite_result@?A0x17268360@@HQBDI@Z
BCD4 145 __write_internal
BDE5 145 __write_nolock
C001 52 __fcloseall
C0AC 40 ___acrt_stdio_free_buffer_nolock
C0EC 87 __isatty
C142 63 _fegetround
C14F 107 ??R<lambda_e96123212306c92459f955e8e4eac55d>@@QBEIPBD@Z
C17B 107 ?__mbrtowc_utf8@__crt_mbstring@@YAIPA_WPBDIPAU_Mbstatet@@AAV__crt_cached_ptd_host@@@Z
C1BE 107 ?__mbsrtowcs_utf8@__crt_mbstring@@YAIPA_WPAPBDIPAU_Mbstatet@@AAV__crt_cached_ptd_host@@@Z
C2C6 81 ___acrt_locale_free_monetary
C3C4 82 ___acrt_locale_free_numeric
C42D 84 ?free_crt_array_internal@@YAXQAPBXI@Z
C452 84 ___acrt_locale_free_time
C536 135 ___strncnt
C552 141 ___ascii_wcsnicmp
C5A1 127 __query_app_type
C5A7 100 ??$common_lseek_nolock@_J@@YA_JH_JHAAV__crt_cached_ptd_host@@@Z
C62A 100 __lseeki64_nolock_internal
C648 122 __putwch_nolock
C67A 62 ?_fclose_internal@@YAHQAU_iobuf@@AAV__crt_cached_ptd_host@@@Z
C711 62 ?_fclose_nolock_internal@@YAHQAU_iobuf@@AAV__crt_cached_ptd_host@@@Z
C79F 62 _fclose
C7D0 97 __CIlog10
C80B 97 __CIlog10_default
C81F 97 __log10_default
C8E0 50 _ceil
C920 50 __ceil_pentium4
C9FD 38 ?to_abstract_control@@YA?AW4__acrt_fenv_abstract_control@@W4__acrt_fenv_machine_sse_control@@@Z
CAAD 38 ?to_abstract_control@@YA?AW4__acrt_fenv_abstract_control@@W4__acrt_fenv_machine_x87_control@@@Z
CB5A 38 ___acrt_fenv_get_common_round_control
CB7C 38 ___acrt_fenv_get_control
CBFC 55 ?reset_and_return@__crt_mbstring@@YAIIPAU_Mbstatet@@@Z
CC10 55 ?return_illegal_sequence@__crt_mbstring@@YAIPAU_Mbstatet@@AAV__crt_cached_ptd_host@@@Z
CC32 106 ?__mbrtoc32_utf8@__crt_mbstring@@YAIPA_UPBDIPAU_Mbstatet@@AAV__crt_cached_ptd_host@@@Z
CDF0 42 ___ascii_strnicmp
CE51 79 ?__dcrt_lowio_initialize_console_output@@YAXXZ
CE70 79 ___dcrt_lowio_ensure_console_output_initialized
CE8F 79 ___dcrt_terminate_console_output
CEA6 79 ___dcrt_write_console
CEFB 51 ??$?RV<lambda_d422a76eb4c3bf3ad751449ab71a6ea4>@@AAV<lambda_c9ba49e555ba839a7b07aa3fbecb7617>@@V<lambda_9476263c8ee91a25d21c55370bdb50de>@@@?$__crt_seh_guarded_call@H@@QAEH$$QAV<lambda_d422a76eb4c3bf3ad751449ab71a6ea4>@@AAV<lambda_c9ba49e555ba839a7b07aa3fbecb7617>@@$$QAV<lambda_9476263c8ee91a25d21c55370bdb50de>@@@Z
CF8C 51 __close_internal
D02F 51 __close_nolock_internal
D0CF 133 ?__acrt_stdio_free_stream@@YAXV__crt_stdio_stream@@@Z
D10A 104 ___acrt_initialize_sse2
D120 98 __CIlog10_pentium4
D138 98 __log10_pentium4
D3B0 37 $$000000
D3D0 37 __fFEXP
D427 37 __rtinfpopse
D429 37 __rtinfnpopse
D439 37 __fFLN
D4EE 37 __rtinfpop
D4F0 37 __rtinfnpop
D500 37 __rtforexpinf
D50D 37 __ffexpm1
D5C0 35 __trandisp1
D635 35 __trandisp2
D6CF 35 __rttospopde
D6D4 35 __rttospop
D6E0 35 __rtnospop
D6F0 35 __rttosnpop
D6F1 35 __rtnospopde
D6F8 35 __rtzeropop
D6FA 35 __rtzeronpop
D700 35 __rtzerospop
D70D 35 __rtonepop
D710 35 __rtonenpop
D720 35 __tosnan1
D750 35 __nosnan2
D760 35 __tosnan2
D790 35 __nan2
D7D0 35 __rtindfpop
D7D2 35 __rtindfnpop
D7E3 35 __rttosnpopde
D7F0 35 __rtatan2inf
D80D 35 __rtchsifneg
D820 54 __twoToTOS
D835 54 __load_CW
D84C 54 __convertTOStoQNaN
D865 54 __fload_withFB
D8A8 54 __checkTOS_withFB
D8BE 54 __fast_exit
D8CB 54 __math_exit
D8F5 54 __check_overflow_exit
D909 54 __check_range_exit
D9B0 72 __startTwoArgErrorHandling
D9C7 72 __startOneArgErrorHandling
DA03 91 ___libm_error_support
DBF7 49 __ceil_default
DCB5 67 __clrfp
DCC6 67 __ctrlfp
DCF0 67 __set_statfp
DD49 67 __statfp
DD59 121 __d_inttype
DDC1 121 __powhlp
DEEC 36 __87except
DFFC 71 __frnd
E010 68 __errcode
E044 68 __except1
E112 68 __handle_exc
E392 68 __raise_exc
E3B5 68 __raise_exc_ex
E6A6 68 __set_errno_from_matherr
E6D7 68 __umatherr
E777 139 __decomp
E849 139 __set_exp
E876 139 __sptype
E8D9 78 __fpclass
E97D 5 @_guard_check_icall@4
E990 23 __FindPESection
E9E0 23 __IsNonwritableInCurrentImage
EAA0 23 __ValidateImageBase
EAD1 26 ??_Etype_info@@UAEPAXI@Z
EAF4 10 ??3@YAXPAXI@Z
EB02 13 __EH_epilog3
EB16 13 __EH_prolog3
EB49 13 __EH_prolog3_catch
EB80 3 __alloca_probe_16
EB96 3 __alloca_probe_8
EBB0 6 __alloca_probe
EBC4 6 cs10
EBD2 6 cs20
EBE0 9 ??3@YAXPAX@Z
EBF0 31 __filter_x86_sse2_floating_point_exception
EC68 152 __ehhandler$?CallUnexpected@@YAXPBU_s_ESTypeList@@@Z
EC85 61 __ehhandler$?common_exit@@YAXHW4_crt_exit_cleanup_mode@@W4_crt_exit_return_mode@@@Z
ECA2 61 __ehhandler$?try_cor_exit_process@@YAXI@Z
ECBF 58 __ehhandler$___dcrt_uninitialize_environments_nolock
ECDC 116 __ehhandler$__execute_onexit_table
ECF9 145 __ehhandler$?write_double_translated_ansi_nolock@@YA?AUwrite_result@?A0x17268360@@HQBDIAAV__crt_cached_ptd_host@@@Z
F000 34 __imp__TryEnterCriticalSection@4
F004 34 __imp__GetModuleFileNameW@12
F008 34 __imp__LeaveCriticalSection@4
F00C 34 __imp__InitializeCriticalSection@4
F010 34 __imp__DeleteCriticalSection@4
F014 34 __imp__CompareStringW@24
F018 34 __imp__TlsSetValue@8
F01C 34 __imp__SetLastError@4
F020 34 __imp__GetCurrentThread@0
F024 34 __imp__TlsAlloc@0
F028 34 __imp__LoadLibraryW@4
F02C 34 __imp__GetProcAddress@8
F030 34 __imp__LCMapStringW@24
F034 34 __imp__GetModuleHandleW@4
F038 34 __imp__TlsGetValue@4
F03C 34 __imp__GetThreadTimes@20
F040 34 __imp__TlsFree@4
F044 34 __imp__lstrcmpW@8
F048 34 __imp__VirtualQuery@12
F04C 34 __imp__CloseHandle@4
F050 34 __imp__CreateFileW@28
F054 34 __imp__SetFilePointerEx@20
F058 34 __imp__GetConsoleMode@8
F05C 34 __imp__GetConsoleOutputCP@0
F060 34 __imp__WriteFile@20
F064 34 __imp__FlushFileBuffers@4
F068 34 __imp__SetStdHandle@8
F06C 34 __imp__HeapReAlloc@16
F070 34 __imp__HeapSize@12
F074 34 __imp__GetStringTypeW@16
F078 34 __imp__GetFileType@4
F07C 34 __imp__GetStdHandle@4
F080 34 __imp__GetProcessHeap@0
F084 34 __imp__FreeEnvironmentStringsW@4
F088 34 __imp__GetEnvironmentStringsW@0
F08C 34 __imp__WideCharToMultiByte@32
F090 34 __imp__MultiByteToWideChar@24
F094 34 __imp__GetCommandLineW@0
F098 34 __imp__GetCommandLineA@0
F09C 34 __imp__GetCPInfo@8
F0A0 34 __imp__GetOEMCP@0
F0A4 34 __imp__GetACP@0
F0A8 34 __imp__IsValidCodePage@4
F0AC 34 __imp__FindNextFileW@8
F0B0 34 __imp__FindFirstFileExW@24
F0B4 34 __imp__FindClose@4
F0B8 34 __imp__HeapAlloc@12
F0BC 34 __imp__HeapFree@12
F0C0 34 __imp__ExitProcess@4
F0C4 34 __imp__SetConsoleCtrlHandler@8
F0C8 34 __imp__RaiseException@16
F0CC 34 __imp__LoadLibraryExW@12
F0D0 34 __imp__FreeLibrary@4
F0D4 34 __imp__WriteConsoleW@20
F0D8 34 __imp__InitializeCriticalSectionAndSpinCount@8
F0DC 34 __imp__EnterCriticalSection@4
F0E0 34 __imp__GetLastError@0
F0E4 34 __imp__UnhandledExceptionFilter@4
F0E8 34 __imp__SetUnhandledExceptionFilter@4
F0EC 34 __imp__GetCurrentProcess@0
F0F0 34 __imp__TerminateProcess@8
F0F4 34 __imp__IsProcessorFeaturePresent@4
F0F8 34 __imp__QueryPerformanceCounter@4
F0FC 34 __imp__GetCurrentProcessId@0
F100 34 __imp__GetCurrentThreadId@0
F104 34 __imp__GetSystemTimeAsFileTime@4
F108 34 __imp__IsDebuggerPresent@0
F10C 34 __imp__GetStartupInfoW@4
F110 34 __imp__RtlUnwind@16
F114 34 \177KERNEL32_NULL_THUNK_DATA
F118 169 __imp__lua_setfield
F11C 169 __imp__luaL_error
F120 169 __imp__luaL_newstate
F124 169 __imp__luaL_ref
F128 169 __imp__lua_newuserdata
F12C 169 __imp__lua_pushboolean
F130 169 __imp__lua_sethook
F134 169 __imp__lua_close
F138 169 __imp__lua_getfield
F13C 169 __imp__lua_toboolean
F140 169 __imp__lua_settop
F144 169 __imp__lua_pushcclosure
F148 169 \177lua51_NULL_THUNK_DATA
F14C 170 __imp__LF_GetPluginInfo
F150 170 __imp__LF_ProcessEditorEvent
F154 170 __imp__LF_GetContentData
F158 170 __imp__LF_ProcessViewerEvent
F15C 170 __imp__LF_GetContentFields
F160 170 __imp__LF_ProcessHostFile
F164 170 __imp__LF_FreeFindData
F168 170 __imp__LF_GetOpenPanelInfo
F16C 170 __imp__LF_ExitFAR
F170 170 __imp__LF_SetDirectory
F174 170 __imp__LF_Open
F178 170 __imp__LF_InitLuaState1
F17C 170 __imp__LF_FreeContentData
F180 170 __imp__LF_Configure
F184 170 __imp__LF_InitLuaState2
F188 170 __imp__LF_PutFiles
F18C 170 __imp__LF_ProcessPanelInput
F190 170 __imp__LF_DeleteFiles
F194 170 __imp__LF_ClosePanel
F198 170 __imp__LF_ProcessSynchroEvent
F19C 170 __imp__LF_MakeDirectory
F1A0 170 __imp__LF_ProcessEditorInput
F1A4 170 __imp__LF_ProcessPanelEvent
F1A8 170 __imp__LF_GetFiles
F1AC 170 __imp__LF_DlgProc
F1B0 170 __imp__LF_ProcessDialogEvent
F1B4 170 __imp__LF_GetFindData
F1B8 170 __imp__LF_GetGlobalInfo
F1BC 170 __imp__LF_RunLuafarInit
F1C0 170 __imp__LF_Compare
F1C4 170 __imp__LF_Analyse
F1C8 170 __imp__LF_RunDefaultScript
F1CC 170 __imp__LF_SetFindList
F1D0 170 __imp__LF_CloseAnalyse
F1D4 170 __imp__LF_ProcessConsoleInput
F1D8 170 \177luafar3_NULL_THUNK_DATA
F1DC 19 ___guard_check_icall_fptr
F1E0 19 ___castguard_check_failure_os_handled_fptr
F1E4 20 ___xc_a
F1E8 20 ___xc_z
F1EC 20 ___xi_a
F1F0 111 ___acrt_multibyte_initializer
F1F4 131 ___acrt_stdio_initializer
F1F8 130 ___acrt_tran_sse2_initializer
F1FC 20 ___xi_z
F200 20 ___xp_a
F204 92 ___acrt_locale_terminator
F208 56 ___dcrt_console_output_terminator
F20C 131 ___acrt_stdio_terminator
F210 20 ___xp_z
F214 20 ___xt_a
F218 20 ___xt_z
F220 172 __imp__EncodePointer@4
F228 172 __imp__DecodePointer@4
F230 172 __imp__GetModuleHandleExW@12
F238 172 __imp__InitializeSListHead@4
F240 172 __imp__InterlockedFlushSList@4
F248 172 __imp__InterlockedPushEntrySList@8
F250 172 __imp__GetNumaHighestNodeNumber@4
F258 172 __imp__GetLogicalProcessorInformation@8
F260 172 __imp__SetThreadStackGuarantee@4
F268 172 __imp__FlsAlloc@4
F270 172 __imp__FlsGetValue@4
F278 172 __imp__FlsSetValue@8
F280 172 __imp__FlsFree@4
F288 172 __imp__InitializeCriticalSectionEx@12
F290 172 __imp__CompareStringEx@36
F298 172 __imp__LCMapStringEx@36
F2A0 172 __imp__AcquireSRWLockExclusive@4
F2A8 172 __imp__ReleaseSRWLockExclusive@4
F2B0 172 __imp__SleepConditionVariableSRW@16
F2B8 172 __imp__WakeAllConditionVariable@4
F2C0 172 __imp__TryAcquireSRWLockExclusive@4
F2C8 172 __imp__InitializeSRWLock@4
F2D0 11 __pDefaultRawDllMain
F2D4 17 _GS_ExceptionPointers
F2DC 148 __pDestructExceptionObject
F2E4 152 ??_7exception@std@@6B@
F2EC 152 ??_C@_0BC@EOODALEL@Unknown?5exception@
F304 152 ??_7bad_exception@std@@6B@
F30C 152 ??_C@_0O@DPKOEFFH@bad?5exception@
F320 165 ?tokenTable@@3QBUStringLiteral@@B
F3A8 165 ?nameTable@@3QBUStringLiteral@@B
F640 165 ?rttiTable@@3QBUStringLiteral@@B
F668 165 ?IndirectionName@@3QBUStringLiteral@@B
F698 165 ?PrefixName@@3QBUStringLiteral@@B
F6A8 165 ??_C@_08EHJDFFNH@__based?$CI@
F6B4 165 ??_C@_07KOLFKCDI@__cdecl@
F6BC 165 ??_C@_08GHMPAG@__pascal@
F6C8 165 ??_C@_09IFJBGAPI@__stdcall@
F6D4 165 ??_C@_0L@NPHFGOKO@__thiscall@
F6E0 165 ??_C@_0L@JMKHOMEK@__fastcall@
F6EC 165 ??_C@_0N@BCKKPABJ@__vectorcall@
F6FC 165 ??_C@_09HIJEGCPM@__clrcall@
F708 165 ??_C@_06GHPCKEAG@__eabi@
F710 165 ??_C@_09IOPIDJLG@__swift_1@
F71C 165 ??_C@_09KFNFGKHF@__swift_2@
F728 165 ??_C@_09LMMOFLDE@__swift_3@
F734 165 ??_C@_07JOMMBBKO@__ptr64@
F73C 165 ??_C@_0L@PILCLIHE@__restrict@
F748 165 ??_C@_0M@GFIIJFMG@__unaligned@
F754 165 ??_C@_09DHDLOLLB@restrict?$CI@
F75E 165 ??_C@_00CNPNBAHC@@
F760 165 ??_C@_04NIHEBCM@?5new@
F768 165 ??_C@_07FPCDHGMM@?5delete@
F770 165 ??_C@_01NEMOKFLO@?$DN@
F774 165 ??_C@_02GPIOPFAK@?$DO?$DO@
F778 165 ??_C@_02FODMEDOG@?$DM?$DM@
F77C 165 ??_C@_01DCLJPIOD@?$CB@
F780 165 ??_C@_02EGOFBIJA@?$DN?$DN@
F784 165 ??_C@_02FDNJECIE@?$CB?$DN@
F788 165 ??_C@_02GPECMEKF@?$FL?$FN@
F78C 165 ??_C@_08LHJFAFGD@operator@
F798 165 ??_C@_02HBOOOICD@?9?$DO@
F79C 165 ??_C@_01NBENCBCI@?$CK@
F7A0 165 ??_C@_02ECNGHCIF@?$CL?$CL@
F7A4 165 ??_C@_02BAABKJLB@?9?9@
F7A8 165 ??_C@_01JOAMLHOP@?9@
F7AC 165 ??_C@_01MIFGBAGJ@?$CL@
F7B0 165 ??_C@_01HNPIGOCE@?$CG@
F7B4 165 ??_C@_03MNHNFDLC@?9?$DO?$CK@
F7B8 165 ??_C@_01KMDKNFGN@?1@
F7BC 165 ??_C@_01FGNFDNOH@?$CF@
F7C0 165 ??_C@_01MNNFJEPP@?$DM@
F7C4 165 ??_C@_02EHCHHCKH@?$DM?$DN@
F7C8 165 ??_C@_01PPODPGHN@?$DO@
F7CC 165 ??_C@_02EEKDKGMJ@?$DO?$DN@
F7D0 165 ??_C@_01IHBHIGKO@?0@
F7D4 165 ??_C@_02HCKGKOFO@?$CI?$CJ@
F7D8 165 ??_C@_01PJKLJHI@?$HO@
F7DC 165 ??_C@_01JKBOJNNK@?$FO@
F7E0 165 ??_C@_01DNKMNLPK@?$HM@
F7E4 165 ??_C@_02PPKAJPJL@?$CG?$CG@
F7E8 165 ??_C@_02NONPIBCD@?$HM?$HM@
F7EC 165 ??_C@_02FPIMKNGF@?$CK?$DN@
F7F0 165 ??_C@_02FOEOMHFC@?$CL?$DN@
F7F4 165 ??_C@_02FKMDLLOA@?9?$DN@
F7F8 165 ??_C@_02FJEHGPIO@?1?$DN@
F7FC 165 ??_C@_02FENAOKFI@?$CF?$DN@
F800 165 ??_C@_03IKFCCPFF@?$DO?$DO?$DN@
F804 165 ??_C@_03CDNPDDLA@?$DM?$DM?$DN@
F808 165 ??_C@_02FGJGFEAB@?$CG?$DN@
F80C 165 ??_C@_02DHLNPPGH@?$HM?$DN@
F810 165 ??_C@_02MHEGNOJ@?$FO?$DN@
F814 165 ??_C@_09IFPLHPGF@?$GAvftable?8@
F820 165 ??_C@_09BLBHBJP@?$GAvbtable?8@
F82C 165 ??_C@_07FEEIOKP@?$GAvcall?8@
F834 165 ??_C@_08LLFFHHDJ@?$GAtypeof?8@
F840 165 ??_C@_0BF@KDPPACIK@?$GAlocal?5static?5guard?8@
F858 165 ??_C@_08OBABFOLI@?$GAstring?8@
F864 165 ??_C@_0BD@JDLKDPAB@?$GAvbase?5destructor?8@
F878 165 ??_C@_0BN@DEGPLNFK@?$GAvector?5deleting?5destructor?8@
F898 165 ??_C@_0BO@OBMKPJIG@?$GAdefault?5constructor?5closure?8@
F8B8 165 ??_C@_0BN@IMDCHIKM@?$GAscalar?5deleting?5destructor?8@
F8D8 165 ??_C@_0BO@PFGOCPJJ@?$GAvector?5constructor?5iterator?8@
F8F8 165 ??_C@_0BN@LFPFMEDL@?$GAvector?5destructor?5iterator?8@
F918 165 ??_C@_0CE@IKBNEHA@?$GAvector?5vbase?5constructor?5itera@
F93C 165 ??_C@_0BL@NILFHHPC@?$GAvirtual?5displacement?5map?8@
F958 165 ??_C@_0CB@JONCMFFK@?$GAeh?5vector?5constructor?5iterator@
F97C 165 ??_C@_0CA@GCEOPDGL@?$GAeh?5vector?5destructor?5iterator?8@
F99C 165 ??_C@_0CH@OOJPLCPH@?$GAeh?5vector?5vbase?5constructor?5it@
F9C4 165 ??_C@_0BL@LLKPOHJI@?$GAcopy?5constructor?5closure?8@
F9E0 165 ??_C@_0BA@KBCDOMBN@?$GAudt?5returning?8@
F9F0 165 ??_C@_03KLGMFNMG@?$GAEH@
F9F4 165 ??_C@_05KHLCHHI@?$GARTTI@
F9FC 165 ??_C@_0BA@KKLDJDLB@?$GAlocal?5vftable?8@
FA0C 165 ??_C@_0CE@IIHCMGGL@?$GAlocal?5vftable?5constructor?5clos@
FA30 165 ??_C@_06FHBGPFGH@?5new?$FL?$FN@
FA38 165 ??_C@_09LBNFPBCA@?5delete?$FL?$FN@
FA44 165 ??_C@_0P@HJKNJFNN@?$GAomni?5callsig?8@
FA54 165 ??_C@_0BL@CNOONJFP@?$GAplacement?5delete?5closure?8@
FA70 165 ??_C@_0BN@CKNJLHMB@?$GAplacement?5delete?$FL?$FN?5closure?8@
FA90 165 ??_C@_0CG@CFDHKGGD@?$GAmanaged?5vector?5constructor?5ite@
FAB8 165 ??_C@_0CF@IMGKMJNO@?$GAmanaged?5vector?5destructor?5iter@
FAE0 165 ??_C@_0CG@HLDDJMAG@?$GAeh?5vector?5copy?5constructor?5ite@
FB08 165 ??_C@_0CM@FCBBDIGB@?$GAeh?5vector?5vbase?5copy?5construct@
FB34 165 ??_C@_0BL@CLIPGLGB@?$GAdynamic?5initializer?5for?5?8@
FB50 165 ??_C@_0CB@PDBIFEP@?$GAdynamic?5atexit?5destructor?5for?5@
FB74 165 ??_C@_0CD@CGAJBKEJ@?$GAvector?5copy?5constructor?5iterat@
FB98 165 ??_C@_0CJ@GJELGAMM@?$GAvector?5vbase?5copy?5constructor?5@
FBC4 165 ??_C@_0CL@FGIJHLCE@?$GAmanaged?5vector?5copy?5constructo@
FBF0 165 ??_C@_0BM@PMGGMLDN@?$GAlocal?5static?5thread?5guard?8@
FC0C 165 ??_C@_0N@BDNMDMOL@operator?5?$CC?$CC?5@
FC1C 165 ??_C@_0BC@GGEBGALA@operator?5co_await@
FC30 165 ??_C@_0M@GAAIMMOH@operator?$DM?$DN?$DO@
FC3C 165 ??_C@_0BC@DAFEJGAK@?5Type?5Descriptor?8@
FC50 165 ??_C@_0BM@LDKODKLH@?5Base?5Class?5Descriptor?5at?5?$CI@
FC6C 165 ??_C@_0BD@LGICGFMM@?5Base?5Class?5Array?8@
FC80 165 ??_C@_0BN@MECKDCOJ@?5Class?5Hierarchy?5Descriptor?8@
FCA0 165 ??_C@_0BK@CFCOFLF@?5Complete?5Object?5Locator?8@
FCBC 165 ??_C@_0BG@JNJLAMPM@?$GAanonymous?5namespace?8@
FCD4 168 ?module_names@?A0x14174aea@@3QBQB_WB
FCE0 168 ??_C@_1DM@KHCHBNEB@?$AAa?$AAp?$AAi?$AA?9?$AAm?$AAs?$AA?9?$AAw?$AAi?$AAn?$AA?9?$AAc?$AAo?$AAr?$AAe@
FD1C 168 ??_C@_1DK@LPPGFMPP@?$AAa?$AAp?$AAi?$AA?9?$AAm?$AAs?$AA?9?$AAw?$AAi?$AAn?$AA?9?$AAc?$AAo?$AAr?$AAe@
FD58 168 ??_C@_1BC@GDMECMAK@?$AAk?$AAe?$AAr?$AAn?$AAe?$AAl?$AA3?$AA2@
FD6C 168 ??_C@_1BA@PFFKHIOG@?$AAa?$AAp?$AAi?$AA?9?$AAm?$AAs?$AA?9@
FD7C 168 ?candidate_modules@?1??try_get_FlsAlloc@@YAP6GKP6GXPAX@Z@ZXZ@4QBW4module_id@?A0x14174aea@@B
FD84 168 ??_C@_08KNHFBNJ@FlsAlloc@
FD90 168 ?candidate_modules@?1??try_get_FlsFree@@YAP6GHK@ZXZ@4QBW4module_id@?A0x14174aea@@B
FD98 168 ??_C@_07PEJMOBNF@FlsFree@
FDA0 168 ?candidate_modules@?1??try_get_FlsGetValue@@YAP6GPAXK@ZXZ@4QBW4module_id@?A0x14174aea@@B
FDA8 168 ??_C@_0M@GDNOONDI@FlsGetValue@
FDB4 168 ?candidate_modules@?1??try_get_FlsSetValue@@YAP6GHKPAX@ZXZ@4QBW4module_id@?A0x14174aea@@B
FDBC 168 ??_C@_0M@JCPCPOEF@FlsSetValue@
FDC8 168 ?candidate_modules@?1??try_get_InitializeCriticalSectionEx@@YAP6GHPAU_RTL_CRITICAL_SECTION@@KK@ZXZ@4QBW4module_id@?A0x14174aea@@B
FDD0 168 ??_C@_0BM@HCFOFFN@InitializeCriticalSectionEx@
FDF0 60 ___acrt_exception_action_table
FE80 60 ___acrt_signal_action_table_count
FE84 60 ___acrt_signal_action_table_size
FE88 60 ___acrt_signal_action_first_fpe_index
FE8C 60 ___acrt_signal_action_fpe_count
FE90 61 ??_C@_1BI@BGOHAHKC@?$AAm?$AAs?$AAc?$AAo?$AAr?$AAe?$AAe?$AA?4?$AAd?$AAl?$AAl@
FEA8 61 ??_C@_0P@MIGLKIOC@CorExitProcess@
FEB8 80 ___acrt_initializers
FF38 59 ?errtable@@3QBUerrentry@?A0x31fdb9ec@@B
100A0 105 ?_mb_locale_names@@3QBQB_WB
100B0 105 ??_C@_1M@HPNHIDJI@?$AAj?$AAa?$AA?9?$AAJ?$AAP@
100BC 105 ??_C@_1M@BIBDDEMK@?$AAz?$AAh?$AA?9?$AAC?$AAN@
100C8 105 ??_C@_1M@JLOOOEGK@?$AAk?$AAo?$AA?9?$AAK?$AAR@
100D4 105 ??_C@_1M@CLNBBOPM@?$AAz?$AAh?$AA?9?$AAT?$AAW@
100E0 144 ?module_names@?A0x391cf84c@@3QBQB_WB
10138 144 ??_C@_1EA@JGEFHKEI@?$AAa?$AAp?$AAi?$AA?9?$AAm?$AAs?$AA?9?$AAw?$AAi?$AAn?$AA?9?$AAc?$AAo?$AAr?$AAe@
10178 144 ??_C@_1DI@KMEPCBPN@?$AAa?$AAp?$AAi?$AA?9?$AAm?$AAs?$AA?9?$AAw?$AAi?$AAn?$AA?9?$AAc?$AAo?$AAr?$AAe@
101B0 144 ??_C@_1DI@IJCEHOCB@?$AAa?$AAp?$AAi?$AA?9?$AAm?$AAs?$AA?9?$AAw?$AAi?$AAn?$AA?9?$AAc?$AAo?$AAr?$AAe@
101E8 144 ??_C@_1EI@MPIAOHOC@?$AAa?$AAp?$AAi?$AA?9?$AAm?$AAs?$AA?9?$AAw?$AAi?$AAn?$AA?9?$AAc?$AAo?$AAr?$AAe@
10230 144 ??_C@_1FK@FPHCKFIE@?$AAa?$AAp?$AAi?$AA?9?$AAm?$AAs?$AA?9?$AAw?$AAi?$AAn?$AA?9?$AAc?$AAo?$AAr?$AAe@
10290 144 ??_C@_1EM@DILCGIIO@?$AAa?$AAp?$AAi?$AA?9?$AAm?$AAs?$AA?9?$AAw?$AAi?$AAn?$AA?9?$AAc?$AAo?$AAr?$AAe@
102DC 144 ??_C@_1DM@LNCGDDPN@?$AAa?$AAp?$AAi?$AA?9?$AAm?$AAs?$AA?9?$AAw?$AAi?$AAn?$AA?9?$AAc?$AAo?$AAr?$AAe@
10318 144 ??_C@_1DO@FPAPJEMD@?$AAa?$AAp?$AAi?$AA?9?$AAm?$AAs?$AA?9?$AAw?$AAi?$AAn?$AA?9?$AAc?$AAo?$AAr?$AAe@
10358 144 ??_C@_1DK@NDHNAHIO@?$AAa?$AAp?$AAi?$AA?9?$AAm?$AAs?$AA?9?$AAw?$AAi?$AAn?$AA?9?$AAc?$AAo?$AAr?$AAe@
10394 144 ??_C@_1DM@KGHDGBCM@?$AAa?$AAp?$AAi?$AA?9?$AAm?$AAs?$AA?9?$AAw?$AAi?$AAn?$AA?9?$AAc?$AAo?$AAr?$AAe@
103D0 144 ??_C@_1EO@IJIOEFOH@?$AAa?$AAp?$AAi?$AA?9?$AAm?$AAs?$AA?9?$AAw?$AAi?$AAn?$AA?9?$AAr?$AAt?$AAc?$AAo@
10420 144 ??_C@_1FG@HHGEKANL@?$AAa?$AAp?$AAi?$AA?9?$AAm?$AAs?$AA?9?$AAw?$AAi?$AAn?$AA?9?$AAs?$AAe?$AAc?$AAu@
10478 144 ??_C@_1EG@DBIOJECG@?$AAe?$AAx?$AAt?$AA?9?$AAm?$AAs?$AA?9?$AAw?$AAi?$AAn?$AA?9?$AAn?$AAt?$AAu?$AAs@
104C0 144 ??_C@_1EO@FIHMJCLF@?$AAe?$AAx?$AAt?$AA?9?$AAm?$AAs?$AA?9?$AAw?$AAi?$AAn?$AA?9?$AAn?$AAt?$AAu?$AAs@
10510 144 ??_C@_1BC@DNHGCMLG@?$AAa?$AAd?$AAv?$AAa?$AAp?$AAi?$AA3?$AA2@
10524 144 ??_C@_1BG@CJPGBMEF@?$AAk?$AAe?$AAr?$AAn?$AAe?$AAl?$AAb?$AAa?$AAs?$AAe@
1053C 144 ??_C@_1M@OAIMIKLP@?$AAn?$AAt?$AAd?$AAl?$AAl@
10548 144 ??_C@_1EG@DPGNFKGC@?$AAa?$AAp?$AAi?$AA?9?$AAm?$AAs?$AA?9?$AAw?$AAi?$AAn?$AA?9?$AAa?$AAp?$AAp?$AAm@
10590 144 ??_C@_1O@BCCLBEOE@?$AAu?$AAs?$AAe?$AAr?$AA3?$AA2@
105A0 144 ??_C@_1DM@BPJLHKCE@?$AAa?$AAp?$AAi?$AA?9?$AAm?$AAs?$AA?9?$AAw?$AAi?$AAn?$AA?9?$AAc?$AAo?$AAr?$AAe@
105DC 144 ??_C@_1BA@IAIFMGEF@?$AAe?$AAx?$AAt?$AA?9?$AAm?$AAs?$AA?9@
105EC 144 ?candidate_modules@?1??try_get_AreFileApisANSI@@YAP6GHXZXZ@4QBW4module_id@?A0x391cf84c@@B
105F0 144 ??_C@_0BA@FHFNEAED@AreFileApisANSI@
10600 144 ?candidate_modules@?1??try_get_InitializeCriticalSectionEx@@YAP6GHPAU_RTL_CRITICAL_SECTION@@KK@ZXZ@4QBW4module_id@?A0x391cf84c@@B
10608 144 ?candidate_modules@?1??try_get_LCMapStringEx@@YAP6GHPB_WK0HPA_WHPAU_nlsversioninfo@@PAXJ@ZXZ@4QBW4module_id@?A0x391cf84c@@B
10610 144 ??_C@_0O@KKBNKAPF@LCMapStringEx@
10620 144 ?candidate_modules@?1??try_get_LocaleNameToLCID@@YAP6GKPB_WK@ZXZ@4QBW4module_id@?A0x391cf84c@@B
10628 144 ??_C@_0BB@HBDEELFH@LocaleNameToLCID@
1063C 144 ?candidate_modules@?1??try_get_AppPolicyGetProcessTerminationMethod@@YAP6GJPAXPAW4AppPolicyProcessTerminationMethod@@@ZXZ@4QBW4module_id@?A0x391cf84c@@B
10640 144 ??_C@_0CF@OJOFEIGO@AppPolicyGetProcessTerminationM@
10668 144 ?candidate_modules@?1??try_get_FlsAlloc@@YAP6GKP6GXPAX@Z@ZXZ@4QBW4module_id@?A0x391cf84c@@B
10670 144 ?candidate_modules@?1??try_get_FlsFree@@YAP6GHK@ZXZ@4QBW4module_id@?A0x391cf84c@@B
10678 144 ?candidate_modules@?1??try_get_FlsGetValue@@YAP6GPAXK@ZXZ@4QBW4module_id@?A0x391cf84c@@B
10680 144 ?candidate_modules@?1??try_get_FlsSetValue@@YAP6GHKPAX@ZXZ@4QBW4module_id@?A0x391cf84c@@B
10688 115 ___lc_time_c
107EC 115 ??_C@_03KOEHGMDN@Sun@
107F0 115 ??_C@_03PDAGKDH@Mon@
107F4 115 ??_C@_03NAGEINEP@Tue@
107F8 115 ??_C@_03MHOMLAJA@Wed@
107FC 115 ??_C@_03IOFIKPDN@Thu@
10800 115 ??_C@_03IDIOELNC@Fri@
10804 115 ??_C@_03FEFJNEK@Sat@
10808 115 ??_C@_06OOPIFAJ@Sunday@
10810 115 ??_C@_06JLEDEDGH@Monday@
10818 115 ??_C@_07BAAGCFCM@Tuesday@
10820 115 ??_C@_09DLIGFAKA@Wednesday@
1082C 115 ??_C@_08HACCIKIA@Thursday@
10838 115 ??_C@_06JECMNKMI@Friday@
10840 115 ??_C@_08INBOOONO@Saturday@
1084C 115 ??_C@_03JIHJHPIE@Jan@
10850 115 ??_C@_03HJBDCHOM@Feb@
10854 115 ??_C@_03ODNJBKGA@Mar@
10858 115 ??_C@_03LEOLGMJP@Apr@
1085C 115 ??_C@_03CNMDKL@May@
10860 115 ??_C@_03IDFGHECI@Jun@
10864 115 ??_C@_03LBGABGKK@Jul@
10868 115 ??_C@_03IFJFEIGA@Aug@
1086C 115 ??_C@_03GGCAPAJC@Sep@
10870 115 ??_C@_03BMAOKBAD@Oct@
10874 115 ??_C@_03JPJOFNIA@Nov@
10878 115 ??_C@_03MKABNOCG@Dec@
1087C 115 ??_C@_07CGJPFGJA@January@
10884 115 ??_C@_08GNJGEPFN@February@
10890 115 ??_C@_05HPCKOFNC@March@
10898 115 ??_C@_05DMJDNLEJ@April@
108A0 115 ??_C@_04CNLMGBGM@June@
108A8 115 ??_C@_04MIEPOIFP@July@
108B0 115 ??_C@_06LBBHFDDG@August@
108B8 115 ??_C@_09BHHEALKD@September@
108C4 115 ??_C@_07JJNFCEND@October@
108CC 115 ??_C@_08HCHEGEOA@November@
108D8 115 ??_C@_08EDHMEBNP@December@
108E4 115 ??_C@_02DEDBPAFC@AM@
108E8 115 ??_C@_02CJNFDJBF@PM@
108EC 115 ??_C@_08BPBNCDIB@MM?1dd?1yy@
108F8 115 ??_C@_0BE@CKGJFCPC@dddd?0?5MMMM?5dd?0?5yyyy@
1090C 115 ??_C@_08JCCMCCIL@HH?3mm?3ss@
10918 115 ??_C@_17MBGCMIPB@?$AAS?$AAu?$AAn@
10920 115 ??_C@_17KBOMKBF@?$AAM?$AAo?$AAn@
10928 115 ??_C@_17BMKGEGOJ@?$AAT?$AAu?$AAe@
10930 115 ??_C@_17CJEDCEPE@?$AAW?$AAe?$AAd@
10938 115 ??_C@_17PDPHAADD@?$AAT?$AAh?$AAu@
10940 115 ??_C@_17HFOLPPLP@?$AAF?$AAr?$AAi@
10948 115 ??_C@_17GGIBDPIH@?$AAS?$AAa?$AAt@
10950 115 ??_C@_1O@IHNHDHPB@?$AAS?$AAu?$AAn?$AAd?$AAa?$AAy@
10960 115 ??_C@_1O@MMNBFLIA@?$AAM?$AAo?$AAn?$AAd?$AAa?$AAy@
10970 115 ??_C@_1BA@ENFBFFEK@?$AAT?$AAu?$AAe?$AAs?$AAd?$AAa?$AAy@
10980 115 ??_C@_1BE@EBOGMDOH@?$AAW?$AAe?$AAd?$AAn?$AAe?$AAs?$AAd?$AAa?$AAy@
10994 115 ??_C@_1BC@HHMNLIHE@?$AAT?$AAh?$AAu?$AAr?$AAs?$AAd?$AAa?$AAy@
109A8 115 ??_C@_1O@PDICJHAG@?$AAF?$AAr?$AAi?$AAd?$AAa?$AAy@
109B8 115 ??_C@_1BC@ENMNNPAJ@?$AAS?$AAa?$AAt?$AAu?$AAr?$AAd?$AAa?$AAy@
109CC 115 ??_C@_17DKNBKCHM@?$AAJ?$AAa?$AAn@
109D4 115 ??_C@_17LMDJEKJN@?$AAF?$AAe?$AAb@
109DC 115 ??_C@_17CKNLEDEC@?$AAM?$AAa?$AAr@
109E4 115 ??_C@_17LFPOIHDD@?$AAA?$AAp?$AAr@
109EC 115 ??_C@_17PNNKMEED@?$AAM?$AAa?$AAy@
109F4 115 ??_C@_17KCJGOCPB@?$AAJ?$AAu?$AAn@
109FC 115 ??_C@_17IJPCKHK@?$AAJ?$AAu?$AAl@
10A04 115 ??_C@_17ICPELBCN@?$AAA?$AAu?$AAg@
10A0C 115 ??_C@_17HCHCOKMG@?$AAS?$AAe?$AAp@
10A14 115 ??_C@_17FNLKOI@?$AAO?$AAc?$AAt@
10A1C 115 ??_C@_17BBDMLCIG@?$AAN?$AAo?$AAv@
10A24 115 ??_C@_17EGKACKIF@?$AAD?$AAe?$AAc@
10A2C 115 ??_C@_1BA@EFMEIEBA@?$AAJ?$AAa?$AAn?$AAu?$AAa?$AAr?$AAy@
10A3C 115 ??_C@_1BC@JGDDFFAM@?$AAF?$AAe?$AAb?$AAr?$AAu?$AAa?$AAr?$AAy@
10A50 115 ??_C@_1M@IKEENEDF@?$AAM?$AAa?$AAr?$AAc?$AAh@
10A5C 115 ??_C@_1M@GJNLMHFD@?$AAA?$AAp?$AAr?$AAi?$AAl@
10A68 115 ??_C@_19EPFLPGAP@?$AAJ?$AAu?$AAn?$AAe@
10A74 115 ??_C@_19BIFMLPCD@?$AAJ?$AAu?$AAl?$AAy@
10A80 115 ??_C@_1O@PAHLKOAC@?$AAA?$AAu?$AAg?$AAu?$AAs?$AAt@
10A90 115 ??_C@_1BE@DKAAMBJL@?$AAS?$AAe?$AAp?$AAt?$AAe?$AAm?$AAb?$AAe?$AAr@
10AA4 115 ??_C@_1BA@EPANDLNG@?$AAO?$AAc?$AAt?$AAo?$AAb?$AAe?$AAr@
10AB4 115 ??_C@_1BC@BGLIFPF@?$AAN?$AAo?$AAv?$AAe?$AAm?$AAb?$AAe?$AAr@
10AC8 115 ??_C@_1BC@FEMKIFH@?$AAD?$AAe?$AAc?$AAe?$AAm?$AAb?$AAe?$AAr@
10ADC 115 ??_C@_15ODEHAHHF@?$AAA?$AAM@
10AE4 115 ??_C@_15CLMNNGEL@?$AAP?$AAM@
10AEC 115 ??_C@_1BC@IEBCMHCM@?$AAM?$AAM?$AA?1?$AAd?$AAd?$AA?1?$AAy?$AAy@
10B00 115 ??_C@_1CI@KNAKOEBC@?$AAd?$AAd?$AAd?$AAd?$AA?0?$AA?5?$AAM?$AAM?$AAM?$AAM?$AA?5?$AAd?$AAd?$AA?0?$AA?5@
10B28 115 ??_C@_1BC@GDGBMEMK@?$AAH?$AAH?$AA?3?$AAm?$AAm?$AA?3?$AAs?$AAs@
10B3C 115 ??_C@_1M@BMHNFIME@?$AAe?$AAn?$AA?9?$AAU?$AAS@
10B48 57 ___newctype
10E48 57 ___newclmap
10FC8 57 ___newcumap
11148 89 ?LcidToLocaleNameTable@?A0x881e4c05@@3QBULcidToLocaleName@1@B
11868 89 ??_C@_15EMKDOKLE@?$AAa?$AAr@
11870 89 ??_C@_15KNPADPLH@?$AAb?$AAg@
11878 89 ??_C@_15EDMHLDMO@?$AAc?$AAa@
11880 89 ??_C@_1O@BPEAJADD@?$AAz?$AAh?$AA?9?$AAC?$AAH?$AAS@
11890 89 ??_C@_15LJNHCMNK@?$AAc?$AAs@
11898 89 ??_C@_15FOMCIDHG@?$AAd?$AAa@
118A0 89 ??_C@_15NBKABECB@?$AAd?$AAe@
118A8 89 ??_C@_15GHPEIIAO@?$AAe?$AAl@
118B0 89 ??_C@_15MNPNEAIF@?$AAe?$AAn@
118B8 89 ??_C@_15GPIOMPMH@?$AAe?$AAs@
118C0 89 ??_C@_15NGLOAKJC@?$AAf?$AAi@
118C8 89 ??_C@_15FBKGNKAM@?$AAf?$AAr@
118D0 89 ??_C@_15KGGCNEFK@?$AAh?$AAe@
118D8 89 ??_C@_15PGHLIDMF@?$AAh?$AAu@
118E0 89 ??_C@_15BIEMAPLM@?$AAi?$AAs@
118E8 89 ??_C@_15IFJLDHAF@?$AAi?$AAt@
118F0 89 ??_C@_15GEMIOCAG@?$AAj?$AAa@
118F8 89 ??_C@_15EPELEGJA@?$AAk?$AAo@
11900 89 ??_C@_15NDDHIMN@?$AAn?$AAl@
11908 89 ??_C@_15BPIGNHCD@?$AAn?$AAo@
11910 89 ??_C@_15DEOPBLCG@?$AAp?$AAl@
11918 89 ??_C@_15KBECGEFG@?$AAp?$AAt@
11920 89 ??_C@_15GLJCBFMD@?$AAr?$AAo@
11928 89 ??_C@_15FEDGKCDI@?$AAr?$AAu@
11930 89 ??_C@_15GLKMLLHM@?$AAh?$AAr@
11938 89 ??_C@_15CPKMFBDB@?$AAs?$AAk@
11940 89 ??_C@_15BAAIOGMK@?$AAs?$AAq@
11948 89 ??_C@_15INNPNOHD@?$AAs?$AAv@
11950 89 ??_C@_15CABMMOGH@?$AAt?$AAh@
11958 89 ??_C@_15BPLIHJJM@?$AAt?$AAr@
11960 89 ??_C@_15NEOEKKDJ@?$AAu?$AAr@
11968 89 ??_C@_15NFICGAJK@?$AAi?$AAd@
11970 89 ??_C@_15PJPFLCCM@?$AAu?$AAk@
11978 89 ??_C@_15HPJPHDM@?$AAb?$AAe@
11980 89 ??_C@_15LCHLGJII@?$AAs?$AAl@
11988 89 ??_C@_15PCFJPHHO@?$AAe?$AAt@
11990 89 ??_C@_15HPFPGODN@?$AAl?$AAv@
11998 89 ??_C@_15NFFGKGLG@?$AAl?$AAt@
119A0 89 ??_C@_15BDAKCCHN@?$AAf?$AAa@
119A8 89 ??_C@_15NFGIAIAJ@?$AAv?$AAi@
119B0 89 ??_C@_15LMKNDMHN@?$AAh?$AAy@
119B8 89 ??_C@_15IJBHMCFL@?$AAa?$AAz@
119C0 89 ??_C@_15EKOFJABL@?$AAe?$AAu@
119C8 89 ??_C@_15BGHADCNK@?$AAm?$AAk@
119D0 89 ??_C@_15JDNICKHM@?$AAa?$AAf@
119D8 89 ??_C@_15KPJEDBKD@?$AAk?$AAa@
119E0 89 ??_C@_15PDNFFFEO@?$AAf?$AAo@
119E8 89 ??_C@_15OMLEGLOC@?$AAh?$AAi@
119F0 89 ??_C@_15IDNNENKK@?$AAm?$AAs@
119F8 89 ??_C@_15MACJNBMH@?$AAk?$AAk@
11A00 89 ??_C@_15DKDJEOND@?$AAk?$AAy@
11A08 89 ??_C@_15DFGDLJBG@?$AAs?$AAw@
11A10 89 ??_C@_15BBFAICNG@?$AAu?$AAz@
11A18 89 ??_C@_15DKNDCGEA@?$AAt?$AAt@
11A20 89 ??_C@_15MGIFMDPL@?$AAp?$AAa@
11A28 89 ??_C@_15HCNDBBA@?$AAg?$AAu@
11A30 89 ??_C@_15FNBEIBON@?$AAt?$AAa@
11A38 89 ??_C@_15NCHGBGLK@?$AAt?$AAe@
11A40 89 ??_C@_15PHPHCBPF@?$AAk?$AAn@
11A48 89 ??_C@_15DLGBCKMP@?$AAm?$AAr@
11A50 89 ??_C@_15EABBLBFF@?$AAs?$AAa@
11A58 89 ??_C@_15CBKOMCOI@?$AAm?$AAn@
11A60 89 ??_C@_15CKDMCJAF@?$AAg?$AAl@
11A68 89 ??_C@_17CNJFBPG@?$AAk?$AAo?$AAk@
11A70 89 ??_C@_17FFBJICPL@?$AAs?$AAy?$AAr@
11A78 89 ??_C@_17KPNDCPAF@?$AAd?$AAi?$AAv@
11A80 89 ??_C@_11LOCGONAA@@
11A84 89 ??_C@_1M@OKAHONE@?$AAa?$AAr?$AA?9?$AAS?$AAA@
11A90 89 ??_C@_1M@FFFIGIGK@?$AAb?$AAg?$AA?9?$AAB?$AAG@
11A9C 89 ??_C@_1M@BJNKEDC@?$AAc?$AAa?$AA?9?$AAE?$AAS@
11AA8 89 ??_C@_1M@IJJHFJHA@?$AAc?$AAs?$AA?9?$AAC?$AAZ@
11AB4 89 ??_C@_1M@CLPEOBGI@?$AAd?$AAa?$AA?9?$AAD?$AAK@
11AC0 89 ??_C@_1M@MCMADGCB@?$AAd?$AAe?$AA?9?$AAD?$AAE@
11ACC 89 ??_C@_1M@OOCKEMAM@?$AAe?$AAl?$AA?9?$AAG?$AAR@
11AD8 89 ??_C@_1M@DDNJFGID@?$AAf?$AAi?$AA?9?$AAF?$AAI@
11AE4 89 ??_C@_1M@GLIPPMAC@?$AAf?$AAr?$AA?9?$AAF?$AAR@
11AF0 89 ??_C@_1M@GFMCHPE@?$AAh?$AAe?$AA?9?$AAI?$AAL@
11AFC 89 ??_C@_1M@MHLPGNKM@?$AAh?$AAu?$AA?9?$AAH?$AAU@
11B08 89 ??_C@_1M@LPDDNNPN@?$AAi?$AAs?$AA?9?$AAI?$AAS@
11B14 89 ??_C@_1M@MADIPODN@?$AAi?$AAt?$AA?9?$AAI?$AAT@
11B20 89 ??_C@_1M@IHBJJGG@?$AAn?$AAl?$AA?9?$AAN?$AAL@
11B2C 89 ??_C@_1M@EANAGDL@?$AAn?$AAb?$AA?9?$AAN?$AAO@
11B38 89 ??_C@_1M@NEIEMEGP@?$AAp?$AAl?$AA?9?$AAP?$AAL@
11B44 89 ??_C@_1M@BOCFIGEP@?$AAp?$AAt?$AA?9?$AAB?$AAR@
11B50 89 ??_C@_1M@IMPFOPBG@?$AAr?$AAo?$AA?9?$AAR?$AAO@
11B5C 89 ??_C@_1M@IDNNEJMM@?$AAr?$AAu?$AA?9?$AAR?$AAU@
11B68 89 ??_C@_1M@LILEEOGM@?$AAh?$AAr?$AA?9?$AAH?$AAR@
11B74 89 ??_C@_1M@FKIFEHPB@?$AAs?$AAk?$AA?9?$AAS?$AAK@
11B80 89 ??_C@_1M@LJMAMNPJ@?$AAs?$AAq?$AA?9?$AAA?$AAL@
11B8C 89 ??_C@_1M@GIAKDKJK@?$AAs?$AAv?$AA?9?$AAS?$AAE@
11B98 89 ??_C@_1M@MKJKIKCL@?$AAt?$AAh?$AA?9?$AAT?$AAH@
11BA4 89 ??_C@_1M@MFLCCMPB@?$AAt?$AAr?$AA?9?$AAT?$AAR@
11BB0 89 ??_C@_1M@OIJHDKJN@?$AAu?$AAr?$AA?9?$AAP?$AAK@
11BBC 89 ??_C@_1M@LHIPCIEK@?$AAi?$AAd?$AA?9?$AAI?$AAD@
11BC8 89 ??_C@_1M@MFMOBGI@?$AAu?$AAk?$AA?9?$AAU?$AAA@
11BD4 89 ??_C@_1M@OBGLJIPL@?$AAb?$AAe?$AA?9?$AAB?$AAY@
11BE0 89 ??_C@_1M@BCFAJEAD@?$AAs?$AAl?$AA?9?$AAS?$AAI@
11BEC 89 ??_C@_1M@FKFFEDDN@?$AAe?$AAt?$AA?9?$AAE?$AAE@
11BF8 89 ??_C@_1M@KGKKAACI@?$AAl?$AAv?$AA?9?$AAL?$AAV@
11C04 89 ??_C@_1M@IFGBIJO@?$AAl?$AAt?$AA?9?$AAL?$AAT@
11C10 89 ??_C@_1M@FGEAHEDM@?$AAf?$AAa?$AA?9?$AAI?$AAR@
11C1C 89 ??_C@_1M@KBMAIBFN@?$AAv?$AAi?$AA?9?$AAV?$AAN@
11C28 89 ??_C@_1M@GPCBKDJK@?$AAh?$AAy?$AA?9?$AAA?$AAM@
11C34 89 ??_C@_1BG@BECMDDJB@?$AAa?$AAz?$AA?9?$AAA?$AAZ?$AA?9?$AAL?$AAa?$AAt?$AAn@
11C4C 89 ??_C@_1M@MAOFCAEA@?$AAe?$AAu?$AA?9?$AAE?$AAS@
11C58 89 ??_C@_1M@IGHABKPI@?$AAm?$AAk?$AA?9?$AAM?$AAK@
11C64 89 ??_C@_1M@IAIGNEJG@?$AAt?$AAn?$AA?9?$AAZ?$AAA@
11C70 89 ??_C@_1M@IIJCOJFA@?$AAx?$AAh?$AA?9?$AAZ?$AAA@
11C7C 89 ??_C@_1M@LGPJHNJH@?$AAz?$AAu?$AA?9?$AAZ?$AAA@
11C88 89 ??_C@_1M@HOKAOIO@?$AAa?$AAf?$AA?9?$AAZ?$AAA@
11C94 89 ??_C@_1M@DPCLHLIE@?$AAk?$AAa?$AA?9?$AAG?$AAE@
11CA0 89 ??_C@_1M@BLKMHJBI@?$AAf?$AAo?$AA?9?$AAF?$AAO@
11CAC 89 ??_C@_1M@LGGJAPPB@?$AAh?$AAi?$AA?9?$AAI?$AAN@
11CB8 89 ??_C@_1M@FIKPIHFE@?$AAm?$AAt?$AA?9?$AAM?$AAT@
11CC4 89 ??_C@_1M@HEGGPBFA@?$AAs?$AAe?$AA?9?$AAN?$AAO@
11CD0 89 ??_C@_1M@EIBJEEPA@?$AAm?$AAs?$AA?9?$AAM?$AAY@
11CDC 89 ??_C@_1M@FHLBGMPP@?$AAk?$AAk?$AA?9?$AAK?$AAZ@
11CE8 89 ??_C@_1M@NGJJLCGI@?$AAk?$AAy?$AA?9?$AAK?$AAG@
11CF4 89 ??_C@_1M@GIENNBFC@?$AAs?$AAw?$AA?9?$AAK?$AAE@
11D00 89 ??_C@_1BG@NDGMJIMJ@?$AAu?$AAz?$AA?9?$AAU?$AAZ?$AA?9?$AAL?$AAa?$AAt?$AAn@
11D18 89 ??_C@_1M@IDCCIHBC@?$AAt?$AAt?$AA?9?$AAR?$AAU@
11D24 89 ??_C@_1M@LOICPMOJ@?$AAb?$AAn?$AA?9?$AAI?$AAN@
11D30 89 ??_C@_1M@KPKKNEAH@?$AAp?$AAa?$AA?9?$AAI?$AAN@
11D3C 89 ??_C@_1M@PJGPPBOG@?$AAg?$AAu?$AA?9?$AAI?$AAN@
11D48 89 ??_C@_1M@KMKMOPHI@?$AAt?$AAa?$AA?9?$AAI?$AAN@
11D54 89 ??_C@_1M@KFEHEPAC@?$AAt?$AAe?$AA?9?$AAI?$AAN@
11D60 89 ??_C@_1M@CDCLMGHI@?$AAk?$AAn?$AA?9?$AAI?$AAN@
11D6C 89 ??_C@_1M@MIODLDKF@?$AAm?$AAl?$AA?9?$AAI?$AAN@
11D78 89 ??_C@_1M@PBIEACPO@?$AAm?$AAr?$AA?9?$AAI?$AAN@
11D84 89 ??_C@_1M@NIDEAGPH@?$AAs?$AAa?$AA?9?$AAI?$AAN@
11D90 89 ??_C@_1M@FHIHCBIO@?$AAm?$AAn?$AA?9?$AAM?$AAN@
11D9C 89 ??_C@_1M@JAIJPENP@?$AAc?$AAy?$AA?9?$AAG?$AAB@
11DA8 89 ??_C@_1M@PHGFBEPN@?$AAg?$AAl?$AA?9?$AAE?$AAS@
11DB4 89 ??_C@_1O@KPIPDNCP@?$AAk?$AAo?$AAk?$AA?9?$AAI?$AAN@
11DC4 89 ??_C@_1O@KNHJLDJA@?$AAs?$AAy?$AAr?$AA?9?$AAS?$AAY@
11DD4 89 ??_C@_1O@MKEKBLAH@?$AAd?$AAi?$AAv?$AA?9?$AAM?$AAV@
11DE4 89 ??_C@_1O@OHDCKDDF@?$AAq?$AAu?$AAz?$AA?9?$AAB?$AAO@
11DF4 89 ??_C@_1M@LEPJNLFD@?$AAn?$AAs?$AA?9?$AAZ?$AAA@
11E00 89 ??_C@_1M@OMLEIIJB@?$AAm?$AAi?$AA?9?$AAN?$AAZ@
11E0C 89 ??_C@_1M@PMPEAILG@?$AAa?$AAr?$AA?9?$AAI?$AAQ@
11E18 89 ??_C@_1M@CNKPNOEE@?$AAd?$AAe?$AA?9?$AAC?$AAH@
11E24 89 ??_C@_1M@LKMGMLKO@?$AAe?$AAn?$AA?9?$AAG?$AAB@
11E30 89 ??_C@_1M@PGKJFFGL@?$AAe?$AAs?$AA?9?$AAM?$AAX@
11E3C 89 ??_C@_1M@DNNANBDC@?$AAf?$AAr?$AA?9?$AAB?$AAE@
11E48 89 ??_C@_1M@HLGMDFHM@?$AAi?$AAt?$AA?9?$AAC?$AAH@
11E54 89 ??_C@_1M@CLLBGJH@?$AAn?$AAl?$AA?9?$AAB?$AAE@
11E60 89 ??_C@_1M@BODBOGLF@?$AAn?$AAn?$AA?9?$AAN?$AAO@
11E6C 89 ??_C@_1M@HFFAHKAD@?$AAp?$AAt?$AA?9?$AAP?$AAT@
11E78 89 ??_C@_1BG@LNOAKHIE@?$AAs?$AAr?$AA?9?$AAS?$AAP?$AA?9?$AAL?$AAa?$AAt?$AAn@
11E90 89 ??_C@_1M@HBMHBGAK@?$AAs?$AAv?$AA?9?$AAF?$AAI@
11E9C 89 ??_C@_1BG@DGCJGJBE@?$AAa?$AAz?$AA?9?$AAA?$AAZ?$AA?9?$AAC?$AAy?$AAr?$AAl@
11EB4 89 ??_C@_1M@KEJDAAHB@?$AAs?$AAe?$AA?9?$AAS?$AAE@
11EC0 89 ??_C@_1M@HEIBJJAD@?$AAm?$AAs?$AA?9?$AAB?$AAN@
11ECC 89 ??_C@_1BG@PBGJMCEM@?$AAu?$AAz?$AA?9?$AAU?$AAZ?$AA?9?$AAC?$AAy?$AAr?$AAl@
11EE4 89 ??_C@_1O@LAOBCMDF@?$AAq?$AAu?$AAz?$AA?9?$AAE?$AAC@
11EF4 89 ??_C@_1M@POEEMAIO@?$AAa?$AAr?$AA?9?$AAE?$AAG@
11F00 89 ??_C@_1M@EFAKDEDL@?$AAz?$AAh?$AA?9?$AAH?$AAK@
11F0C 89 ??_C@_1M@HKKIJHGI@?$AAd?$AAe?$AA?9?$AAA?$AAT@
11F18 89 ??_C@_1M@KBFBEHJF@?$AAe?$AAn?$AA?9?$AAA?$AAU@
11F24 89 ??_C@_1M@MNPLFAAH@?$AAe?$AAs?$AA?9?$AAE?$AAS@
11F30 89 ??_C@_1M@HJOOJFMA@?$AAf?$AAr?$AA?9?$AAC?$AAA@
11F3C 89 ??_C@_1BG@JPOFPNAB@?$AAs?$AAr?$AA?9?$AAS?$AAP?$AA?9?$AAC?$AAy?$AAr?$AAl@
11F54 89 ??_C@_1M@LNFOCMOB@?$AAs?$AAe?$AA?9?$AAF?$AAI@
11F60 89 ??_C@_1O@MGJBOAMB@?$AAq?$AAu?$AAz?$AA?9?$AAP?$AAE@
11F70 89 ??_C@_1M@GJINLBOK@?$AAa?$AAr?$AA?9?$AAL?$AAY@
11F7C 89 ??_C@_1M@GGMNHJNL@?$AAz?$AAh?$AA?9?$AAS?$AAG@
11F88 89 ??_C@_1M@HOIKODND@?$AAd?$AAe?$AA?9?$AAL?$AAU@
11F94 89 ??_C@_1M@DDOCCGFG@?$AAe?$AAn?$AA?9?$AAC?$AAA@
11FA0 89 ??_C@_1M@BNOEMJLF@?$AAe?$AAs?$AA?9?$AAG?$AAT@
11FAC 89 ??_C@_1M@EOGNKEK@?$AAf?$AAr?$AA?9?$AAC?$AAH@
11FB8 89 ??_C@_1M@FLIDJFHL@?$AAh?$AAr?$AA?9?$AAB?$AAA@
11FC4 89 ??_C@_1O@FMCELNAJ@?$AAs?$AAm?$AAj?$AA?9?$AAN?$AAO@
11FD4 89 ??_C@_1M@JHGLJMGJ@?$AAa?$AAr?$AA?9?$AAD?$AAZ@
11FE0 89 ??_C@_1M@JKKFDCNP@?$AAz?$AAh?$AA?9?$AAM?$AAO@
11FEC 89 ??_C@_1M@GEEFALPE@?$AAd?$AAe?$AA?9?$AAL?$AAI@
11FF8 89 ??_C@_1M@IGEOFBG@?$AAe?$AAn?$AA?9?$AAN?$AAZ@
12004 89 ??_C@_1M@KDBONEHP@?$AAe?$AAs?$AA?9?$AAC?$AAR@
12010 89 ??_C@_1M@FHMDOHNN@?$AAf?$AAr?$AA?9?$AAL?$AAU@
1201C 89 ??_C@_1BG@NFKKMAFG@?$AAb?$AAs?$AA?9?$AAB?$AAA?$AA?9?$AAL?$AAa?$AAt?$AAn@
12034 89 ??_C@_1O@IMNBEMCI@?$AAs?$AAm?$AAj?$AA?9?$AAS?$AAE@
12044 89 ??_C@_1M@DHHMBNDP@?$AAa?$AAr?$AA?9?$AAM?$AAA@
12050 89 ??_C@_1M@BNBLJCGH@?$AAe?$AAn?$AA?9?$AAI?$AAE@
1205C 89 ??_C@_1M@GEPAFMDL@?$AAe?$AAs?$AA?9?$AAP?$AAA@
12068 89 ??_C@_1M@OJONDMDL@?$AAf?$AAr?$AA?9?$AAM?$AAC@
12074 89 ??_C@_1BG@OBCNFJB@?$AAs?$AAr?$AA?9?$AAB?$AAA?$AA?9?$AAL?$AAa?$AAt?$AAn@
1208C 89 ??_C@_1O@KEMEEGPO@?$AAs?$AAm?$AAa?$AA?9?$AAN?$AAO@
1209C 89 ??_C@_1M@ELMGFODK@?$AAa?$AAr?$AA?9?$AAT?$AAN@
120A8 89 ??_C@_1M@BHDLHFAF@?$AAe?$AAn?$AA?9?$AAZ?$AAA@
120B4 89 ??_C@_1M@BMGIGLIF@?$AAe?$AAs?$AA?9?$AAD?$AAO@
120C0 89 ??_C@_1BG@CMBHIPBE@?$AAs?$AAr?$AA?9?$AAB?$AAA?$AA?9?$AAC?$AAy?$AAr?$AAl@
120D8 89 ??_C@_1O@HEDBLHNP@?$AAs?$AAm?$AAa?$AA?9?$AAS?$AAE@
120E8 89 ??_C@_1M@DAGCADIM@?$AAa?$AAr?$AA?9?$AAO?$AAM@
120F4 89 ??_C@_1M@FODLMICG@?$AAe?$AAn?$AA?9?$AAJ?$AAM@
12100 89 ??_C@_1M@DNMLCIHB@?$AAe?$AAs?$AA?9?$AAV?$AAE@
1210C 89 ??_C@_1O@EOKHMKJK@?$AAs?$AAm?$AAs?$AA?9?$AAF?$AAI@
1211C 89 ??_C@_1M@CAFJMKOF@?$AAa?$AAr?$AA?9?$AAY?$AAE@
12128 89 ??_C@_1M@CBFHIJLI@?$AAe?$AAn?$AA?9?$AAC?$AAB@
12134 89 ??_C@_1M@BGNFLDN@?$AAe?$AAs?$AA?9?$AAC?$AAO@
12140 89 ??_C@_1O@JMPHMAMC@?$AAs?$AAm?$AAn?$AA?9?$AAF?$AAI@
12150 89 ??_C@_1M@JLANABKE@?$AAa?$AAr?$AA?9?$AAS?$AAY@
1215C 89 ??_C@_1M@HPKGCFGN@?$AAe?$AAn?$AA?9?$AAB?$AAZ@
12168 89 ??_C@_1M@OLJCMLGM@?$AAe?$AAs?$AA?9?$AAP?$AAE@
12174 89 ??_C@_1M@MKKGFKLE@?$AAa?$AAr?$AA?9?$AAJ?$AAO@
12180 89 ??_C@_1M@EKPGLDNI@?$AAe?$AAn?$AA?9?$AAT?$AAT@
1218C 89 ??_C@_1M@OONGHFHE@?$AAe?$AAs?$AA?9?$AAA?$AAR@
12198 89 ??_C@_1M@OOJFGBHE@?$AAa?$AAr?$AA?9?$AAL?$AAB@
121A4 89 ??_C@_1M@GCEJHNEG@?$AAe?$AAn?$AA?9?$AAZ?$AAW@
121B0 89 ??_C@_1M@JNOCAHJI@?$AAe?$AAs?$AA?9?$AAE?$AAC@
121BC 89 ??_C@_1M@JEFHPGGB@?$AAa?$AAr?$AA?9?$AAK?$AAW@
121C8 89 ??_C@_1M@MLKIBJOJ@?$AAe?$AAn?$AA?9?$AAP?$AAH@
121D4 89 ??_C@_1M@BDNIPEND@?$AAe?$AAs?$AA?9?$AAC?$AAL@
121E0 89 ??_C@_1M@MPNMEKBD@?$AAa?$AAr?$AA?9?$AAA?$AAE@
121EC 89 ??_C@_1M@KBJALCPI@?$AAe?$AAs?$AA?9?$AAU?$AAY@
121F8 89 ??_C@_1M@LLCCOAGA@?$AAa?$AAr?$AA?9?$AAB?$AAH@
12204 89 ??_C@_1M@PBFNCDEL@?$AAe?$AAs?$AA?9?$AAP?$AAY@
12210 89 ??_C@_1M@EDGINPNP@?$AAa?$AAr?$AA?9?$AAQ?$AAA@
1221C 89 ??_C@_1M@MKDBIIJI@?$AAe?$AAs?$AA?9?$AAB?$AAO@
12228 89 ??_C@_1M@CPKKEBLD@?$AAe?$AAs?$AA?9?$AAS?$AAV@
12234 89 ??_C@_1M@NDBGMMJL@?$AAe?$AAs?$AA?9?$AAH?$AAN@
12240 89 ??_C@_1M@JIJIBHDP@?$AAe?$AAs?$AA?9?$AAN?$AAI@
1224C 89 ??_C@_1M@CGFMKEEK@?$AAe?$AAs?$AA?9?$AAP?$AAR@
12258 89 ??_C@_1O@ICJHKIIK@?$AAz?$AAh?$AA?9?$AAC?$AAH?$AAT@
12268 89 ??_C@_15CLNEJCE@?$AAs?$AAr@
12270 89 ?LocaleNameToIndexTable@?A0x881e4c05@@3QBULocaleNameIndex@1@B
12990 89 ??_C@_1M@KAHEKEIG@?$AAa?$AAf?$AA?9?$AAz?$AAa@
1299C 89 ??_C@_1M@GIECOABL@?$AAa?$AAr?$AA?9?$AAa?$AAe@
129A8 89 ??_C@_1M@BMLMEKGI@?$AAa?$AAr?$AA?9?$AAb?$AAh@
129B4 89 ??_C@_1M@DAPFDGGB@?$AAa?$AAr?$AA?9?$AAd?$AAz@
129C0 89 ??_C@_1M@FJNKGKIG@?$AAa?$AAr?$AA?9?$AAe?$AAg@
129CC 89 ??_C@_1M@FLGKKCLO@?$AAa?$AAr?$AA?9?$AAi?$AAq@
129D8 89 ??_C@_1M@GNDIPALM@?$AAa?$AAr?$AA?9?$AAj?$AAo@
129E4 89 ??_C@_1M@DDMJFMGJ@?$AAa?$AAr?$AA?9?$AAk?$AAw@
129F0 89 ??_C@_1M@EJALMLHM@?$AAa?$AAr?$AA?9?$AAl?$AAb@
129FC 89 ??_C@_1M@MOBDBLOC@?$AAa?$AAr?$AA?9?$AAl?$AAy@
12A08 89 ??_C@_1M@JAOCLHDH@?$AAa?$AAr?$AA?9?$AAm?$AAa@
12A14 89 ??_C@_1M@JHPMKJIE@?$AAa?$AAr?$AA?9?$AAo?$AAm@
12A20 89 ??_C@_1M@OEPGHFNH@?$AAa?$AAr?$AA?9?$AAq?$AAa@
12A2C 89 ??_C@_1M@KJDONENM@?$AAa?$AAr?$AA?9?$AAs?$AAa@
12A38 89 ??_C@_1M@DMJDKLKM@?$AAa?$AAr?$AA?9?$AAs?$AAy@
12A44 89 ??_C@_1M@OMFIPEDC@?$AAa?$AAr?$AA?9?$AAt?$AAn@
12A50 89 ??_C@_1M@IHMHGAON@?$AAa?$AAr?$AA?9?$AAy?$AAe@
12A5C 89 ??_C@_1BG@KDCPGJGB@?$AAa?$AAz?$AA?9?$AAa?$AAz?$AA?9?$AAc?$AAy?$AAr?$AAl@
12A74 89 ??_C@_1BG@IBCKDDOE@?$AAa?$AAz?$AA?9?$AAa?$AAz?$AA?9?$AAl?$AAa?$AAt?$AAn@
12A8C 89 ??_C@_1M@EGPFDCPD@?$AAb?$AAe?$AA?9?$AAb?$AAy@
12A98 89 ??_C@_1M@PCMGMCGC@?$AAb?$AAg?$AA?9?$AAb?$AAg@
12AA4 89 ??_C@_1M@BJBMFGOB@?$AAb?$AAn?$AA?9?$AAi?$AAn@
12AB0 89 ??_C@_1BG@EAKMMACD@?$AAb?$AAs?$AA?9?$AAb?$AAa?$AA?9?$AAl?$AAa?$AAt?$AAn@
12AC8 89 ??_C@_1M@KGADAODK@?$AAc?$AAa?$AA?9?$AAe?$AAs@
12AD4 89 ??_C@_1M@COAJPDHI@?$AAc?$AAs?$AA?9?$AAc?$AAz@
12AE0 89 ??_C@_1M@DHBHFONH@?$AAc?$AAy?$AA?9?$AAg?$AAb@
12AEC 89 ??_C@_1M@IMGKELGA@?$AAd?$AAa?$AA?9?$AAd?$AAk@
12AF8 89 ??_C@_1M@NNDGDNGA@?$AAd?$AAe?$AA?9?$AAa?$AAt@
12B04 89 ??_C@_1M@IKDBHEEM@?$AAd?$AAe?$AA?9?$AAc?$AAh@
12B10 89 ??_C@_1M@GFFOJMCJ@?$AAd?$AAe?$AA?9?$AAd?$AAe@
12B1C 89 ??_C@_1M@MDNLKBPM@?$AAd?$AAe?$AA?9?$AAl?$AAi@
12B28 89 ??_C@_1M@NJBEEJNL@?$AAd?$AAe?$AA?9?$AAl?$AAu@
12B34 89 ??_C@_1O@GNNELBAP@?$AAd?$AAi?$AAv?$AA?9?$AAm?$AAv@
12B44 89 ??_C@_1M@EJLEOGAE@?$AAe?$AAl?$AA?9?$AAg?$AAr@
12B50 89 ??_C@_1M@GMPONJN@?$AAe?$AAn?$AA?9?$AAa?$AAu@
12B5C 89 ??_C@_1M@NIDIIPGF@?$AAe?$AAn?$AA?9?$AAb?$AAz@
12B68 89 ??_C@_1M@JEHMIMFO@?$AAe?$AAn?$AA?9?$AAc?$AAa@
12B74 89 ??_C@_1M@IGMJCDLA@?$AAe?$AAn?$AA?9?$AAc?$AAb@
12B80 89 ??_C@_1M@BNFIGBKG@?$AAe?$AAn?$AA?9?$AAg?$AAb@
12B8C 89 ??_C@_1M@LKIFDIGP@?$AAe?$AAn?$AA?9?$AAi?$AAe@
12B98 89 ??_C@_1M@PJKFGCCO@?$AAe?$AAn?$AA?9?$AAj?$AAm@
12BA4 89 ??_C@_1M@KPPKEPBO@?$AAe?$AAn?$AA?9?$AAn?$AAz@
12BB0 89 ??_C@_1M@GMDGLDOB@?$AAe?$AAn?$AA?9?$AAp?$AAh@
12BBC 89 ??_C@_1M@ONGIBJNA@?$AAe?$AAn?$AA?9?$AAt?$AAt@
12BC8 89 ??_C@_1M@LLODPCMM@?$AAe?$AAn?$AA?9?$AAu?$AAs@
12BD4 89 ??_C@_1M@LAKFNPAN@?$AAe?$AAn?$AA?9?$AAz?$AAa@
12BE0 89 ??_C@_1M@MFNHNHEO@?$AAe?$AAn?$AA?9?$AAz?$AAw@
12BEC 89 ??_C@_1M@EJEINPHM@?$AAe?$AAs?$AA?9?$AAa?$AAr@
12BF8 89 ??_C@_1M@GNKPCCJA@?$AAe?$AAs?$AA?9?$AAb?$AAo@
12C04 89 ??_C@_1M@LEEGFONL@?$AAe?$AAs?$AA?9?$AAc?$AAl@
12C10 89 ??_C@_1M@KGPDPBDF@?$AAe?$AAs?$AA?9?$AAc?$AAo@
12C1C 89 ??_C@_1M@EIAHOHH@?$AAe?$AAs?$AA?9?$AAc?$AAr@
12C28 89 ??_C@_1M@LLPGMBIN@?$AAe?$AAs?$AA?9?$AAd?$AAo@
12C34 89 ??_C@_1M@DKHMKNJA@?$AAe?$AAs?$AA?9?$AAe?$AAc@
12C40 89 ??_C@_1M@GKGFPKAP@?$AAe?$AAs?$AA?9?$AAe?$AAs@
12C4C 89 ??_C@_1M@LKHKGDLN@?$AAe?$AAs?$AA?9?$AAg?$AAt@
12C58 89 ??_C@_1M@HEIIGGJD@?$AAe?$AAs?$AA?9?$AAh?$AAn@
12C64 89 ??_C@_1M@FBDHPPGD@?$AAe?$AAs?$AA?9?$AAm?$AAx@
12C70 89 ??_C@_1M@DPAGLNDH@?$AAe?$AAs?$AA?9?$AAn?$AAi@
12C7C 89 ??_C@_1M@MDGOPGDD@?$AAe?$AAs?$AA?9?$AAp?$AAa@
12C88 89 ??_C@_1M@EMAMGBGE@?$AAe?$AAs?$AA?9?$AAp?$AAe@
12C94 89 ??_C@_1M@IBMCAOEC@?$AAe?$AAs?$AA?9?$AAp?$AAr@
12CA0 89 ??_C@_1M@FGMDIJED@?$AAe?$AAs?$AA?9?$AAp?$AAy@
12CAC 89 ??_C@_1M@IIDEOLLL@?$AAe?$AAs?$AA?9?$AAs?$AAv@
12CB8 89 ??_C@_1M@GAOBIPA@?$AAe?$AAs?$AA?9?$AAu?$AAy@
12CC4 89 ??_C@_1M@JKFFICHJ@?$AAe?$AAs?$AA?9?$AAv?$AAe@
12CD0 89 ??_C@_1M@PNMLOJDF@?$AAe?$AAt?$AA?9?$AAe?$AAe@
12CDC 89 ??_C@_1M@GHHLIKEI@?$AAe?$AAu?$AA?9?$AAe?$AAs@
12CE8 89 ??_C@_1M@PBNONODE@?$AAf?$AAa?$AA?9?$AAi?$AAr@
12CF4 89 ??_C@_1M@JEEHPMIL@?$AAf?$AAi?$AA?9?$AAf?$AAi@
12D00 89 ??_C@_1M@LMDCNDBA@?$AAf?$AAo?$AA?9?$AAf?$AAo@
12D0C 89 ??_C@_1M@JKEOHLDK@?$AAf?$AAr?$AA?9?$AAb?$AAe@
12D18 89 ??_C@_1M@NOHADPMI@?$AAf?$AAr?$AA?9?$AAc?$AAa@
12D24 89 ??_C@_1M@KDHIHAEC@?$AAf?$AAr?$AA?9?$AAc?$AAh@
12D30 89 ??_C@_1M@MMBBFGAK@?$AAf?$AAr?$AA?9?$AAf?$AAr@
12D3C 89 ??_C@_1M@PAFNENNF@?$AAf?$AAr?$AA?9?$AAl?$AAu@
12D48 89 ??_C@_1M@EOHDJGDD@?$AAf?$AAr?$AA?9?$AAm?$AAc@
12D54 89 ??_C@_1M@FAPLLOPF@?$AAg?$AAl?$AA?9?$AAe?$AAs@
12D60 89 ??_C@_1M@FOPBFLOO@?$AAg?$AAu?$AA?9?$AAi?$AAn@
12D6C 89 ??_C@_1M@KBMCINPM@?$AAh?$AAe?$AA?9?$AAi?$AAl@
12D78 89 ??_C@_1M@BBPHKFPJ@?$AAh?$AAi?$AA?9?$AAi?$AAn@
12D84 89 ??_C@_1M@PMBNDPHD@?$AAh?$AAr?$AA?9?$AAb?$AAa@
12D90 89 ??_C@_1M@BPCKOEGE@?$AAh?$AAr?$AA?9?$AAh?$AAr@
12D9C 89 ??_C@_1M@GACBMHKE@?$AAh?$AAu?$AA?9?$AAh?$AAu@
12DA8 89 ??_C@_1M@MILPAJJC@?$AAh?$AAy?$AA?9?$AAa?$AAm@
12DB4 89 ??_C@_1M@BABBICEC@?$AAi?$AAd?$AA?9?$AAi?$AAd@
12DC0 89 ??_C@_1M@BIKNHHPF@?$AAi?$AAs?$AA?9?$AAi?$AAs@
12DCC 89 ??_C@_1M@NMPCJPHE@?$AAi?$AAt?$AA?9?$AAc?$AAh@
12DD8 89 ??_C@_1M@GHKGFEDF@?$AAi?$AAt?$AA?9?$AAi?$AAt@
12DE4 89 ??_C@_1M@NIEJCJJA@?$AAj?$AAa?$AA?9?$AAj?$AAp@
12DF0 89 ??_C@_1M@JILFNBIM@?$AAk?$AAa?$AA?9?$AAg?$AAe@
12DFC 89 ??_C@_1M@PACPMGPH@?$AAk?$AAk?$AA?9?$AAk?$AAz@
12E08 89 ??_C@_1M@IELFGMHA@?$AAk?$AAn?$AA?9?$AAi?$AAn@
12E14 89 ??_C@_1O@IBBJHCH@?$AAk?$AAo?$AAk?$AA?9?$AAi?$AAn@
12E24 89 ??_C@_1M@DMHAEOGC@?$AAk?$AAo?$AA?9?$AAk?$AAr@
12E30 89 ??_C@_1M@HBAHBIGA@?$AAk?$AAy?$AA?9?$AAk?$AAg@
12E3C 89 ??_C@_1M@KPMILCJG@?$AAl?$AAt?$AA?9?$AAl?$AAt@
12E48 89 ??_C@_1M@BDEKKCA@?$AAl?$AAv?$AA?9?$AAl?$AAv@
12E54 89 ??_C@_1M@ELCKCCJJ@?$AAm?$AAi?$AA?9?$AAn?$AAz@
12E60 89 ??_C@_1M@CBOOLAPA@?$AAm?$AAk?$AA?9?$AAm?$AAk@
12E6C 89 ??_C@_1M@GPHNBJKN@?$AAm?$AAl?$AA?9?$AAi?$AAn@
12E78 89 ??_C@_1M@PABJILIG@?$AAm?$AAn?$AA?9?$AAm?$AAn@
12E84 89 ??_C@_1M@FGBKKIPG@?$AAm?$AAr?$AA?9?$AAi?$AAn@
12E90 89 ??_C@_1M@NDBPDDAL@?$AAm?$AAs?$AA?9?$AAb?$AAn@
12E9C 89 ??_C@_1M@OPIHOOPI@?$AAm?$AAs?$AA?9?$AAm?$AAy@
12EA8 89 ??_C@_1M@PPDBCNFM@?$AAm?$AAt?$AA?9?$AAm?$AAt@
12EB4 89 ??_C@_1M@KDJDKMDD@?$AAn?$AAb?$AA?9?$AAn?$AAo@
12EC0 89 ??_C@_1M@KFCFLMJP@?$AAn?$AAl?$AA?9?$AAb?$AAe@
12ECC 89 ??_C@_1M@KPOPDDGO@?$AAn?$AAl?$AA?9?$AAn?$AAl@
12ED8 89 ??_C@_1M@LJKPEMLN@?$AAn?$AAn?$AA?9?$AAn?$AAo@
12EE4 89 ??_C@_1M@BDGHHBFL@?$AAn?$AAs?$AA?9?$AAz?$AAa@
12EF0 89 ??_C@_1M@IDEHOAP@?$AAp?$AAa?$AA?9?$AAi?$AAn@
12EFC 89 ??_C@_1M@HDBKGOGH@?$AAp?$AAl?$AA?9?$AAp?$AAl@
12F08 89 ??_C@_1M@LJLLCMEH@?$AAp?$AAt?$AA?9?$AAb?$AAr@
12F14 89 ??_C@_1M@NCMONAAL@?$AAp?$AAt?$AA?9?$AAp?$AAt@
12F20 89 ??_C@_1O@EAKMAJDN@?$AAq?$AAu?$AAz?$AA?9?$AAb?$AAo@
12F30 89 ??_C@_1O@BHHPIGDN@?$AAq?$AAu?$AAz?$AA?9?$AAe?$AAc@
12F40 89 ??_C@_1O@GBAPEKMJ@?$AAq?$AAu?$AAz?$AA?9?$AAp?$AAe@
12F50 89 ??_C@_1M@CLGLEFBO@?$AAr?$AAo?$AA?9?$AAr?$AAo@
12F5C 89 ??_C@_1M@CEEDODME@?$AAr?$AAu?$AA?9?$AAr?$AAu@
12F68 89 ??_C@_1M@HPKKKMPP@?$AAs?$AAa?$AA?9?$AAi?$AAn@
12F74 89 ??_C@_1M@BKMAIGOJ@?$AAs?$AAe?$AA?9?$AAf?$AAi@
12F80 89 ??_C@_1M@NDPIFLFI@?$AAs?$AAe?$AA?9?$AAn?$AAo@
12F8C 89 ??_C@_1M@DANKKHJ@?$AAs?$AAe?$AA?9?$AAs?$AAe@
12F98 89 ??_C@_1M@PNBLONPJ@?$AAs?$AAk?$AA?9?$AAs?$AAk@
12FA4 89 ??_C@_1M@LFMODOAL@?$AAs?$AAl?$AA?9?$AAs?$AAi@
12FB0 89 ??_C@_1O@DFKOMPG@?$AAs?$AAm?$AAa?$AA?9?$AAn?$AAo@
12FC0 89 ??_C@_1O@NDKPBNNH@?$AAs?$AAm?$AAa?$AA?9?$AAs?$AAe@
12FD0 89 ??_C@_1O@PLLKBHAB@?$AAs?$AAm?$AAj?$AA?9?$AAn?$AAo@
12FE0 89 ??_C@_1O@CLEPOGCA@?$AAs?$AAm?$AAj?$AA?9?$AAs?$AAe@
12FF0 89 ??_C@_1O@DLGJGKMK@?$AAs?$AAm?$AAn?$AA?9?$AAf?$AAi@
13000 89 ??_C@_1O@OJDJGAJC@?$AAs?$AAm?$AAs?$AA?9?$AAf?$AAi@
13010 89 ??_C@_1M@BOFOGHPB@?$AAs?$AAq?$AA?9?$AAa?$AAl@
1301C 89 ??_C@_1BG@LJBBIPGB@?$AAs?$AAr?$AA?9?$AAb?$AAa?$AA?9?$AAc?$AAy?$AAr?$AAl@
13034 89 ??_C@_1BG@JLBENFOE@?$AAs?$AAr?$AA?9?$AAb?$AAa?$AA?9?$AAl?$AAa?$AAt?$AAn@
1304C 89 ??_C@_1BG@KODPNHE@?$AAs?$AAr?$AA?9?$AAs?$AAp?$AA?9?$AAc?$AAy?$AAr?$AAl@
13064 89 ??_C@_1BG@CIOGKHPB@?$AAs?$AAr?$AA?9?$AAs?$AAp?$AA?9?$AAl?$AAa?$AAt?$AAn@
1307C 89 ??_C@_1M@NGFJLMAC@?$AAs?$AAv?$AA?9?$AAf?$AAi@
13088 89 ??_C@_1M@MPJEJAJC@?$AAs?$AAv?$AA?9?$AAs?$AAe@
13094 89 ??_C@_1M@MPNDHLFK@?$AAs?$AAw?$AA?9?$AAk?$AAe@
130A0 89 ??_C@_1O@KOHBJJI@?$AAs?$AAy?$AAr?$AA?9?$AAs?$AAy@
130B0 89 ??_C@_1M@LDCEFHA@?$AAt?$AAa?$AA?9?$AAi?$AAn@
130BC 89 ??_C@_1M@CNJOFAK@?$AAt?$AAe?$AA?9?$AAi?$AAn@
130C8 89 ??_C@_1M@GNAECACD@?$AAt?$AAh?$AA?9?$AAt?$AAh@
130D4 89 ??_C@_1M@CHBIHOJO@?$AAt?$AAn?$AA?9?$AAz?$AAa@
130E0 89 ??_C@_1M@GCCMIGPJ@?$AAt?$AAr?$AA?9?$AAt?$AAr@
130EC 89 ??_C@_1M@CELMCNBK@?$AAt?$AAt?$AA?9?$AAr?$AAu@
130F8 89 ??_C@_1M@KLMCELGA@?$AAu?$AAk?$AA?9?$AAu?$AAa@
13104 89 ??_C@_1M@EPAJJAJF@?$AAu?$AAr?$AA?9?$AAp?$AAk@
13110 89 ??_C@_1BG@GEGPMCDJ@?$AAu?$AAz?$AA?9?$AAu?$AAz?$AA?9?$AAc?$AAy?$AAr?$AAl@
13128 89 ??_C@_1BG@EGGKJILM@?$AAu?$AAz?$AA?9?$AAu?$AAz?$AA?9?$AAl?$AAa?$AAt?$AAn@
13140 89 ??_C@_1M@GFOCLFF@?$AAv?$AAi?$AA?9?$AAv?$AAn@
1314C 89 ??_C@_1M@CPAMEDFI@?$AAx?$AAh?$AA?9?$AAz?$AAa@
13158 89 ??_C@_1O@EBKIFIGN@?$AAz?$AAh?$AA?9?$AAc?$AAh?$AAs@
13168 89 ??_C@_1O@NMHPGANE@?$AAz?$AAh?$AA?9?$AAc?$AAh?$AAt@
13178 89 ??_C@_1M@LPINJOMC@?$AAz?$AAh?$AA?9?$AAc?$AAn@
13184 89 ??_C@_1M@OCJEJODD@?$AAz?$AAh?$AA?9?$AAh?$AAk@
13190 89 ??_C@_1M@DNDLJINH@?$AAz?$AAh?$AA?9?$AAm?$AAo@
1319C 89 ??_C@_1M@MBFDNDND@?$AAz?$AAh?$AA?9?$AAs?$AAg@
131A8 89 ??_C@_1M@IMEPLEPE@?$AAz?$AAh?$AA?9?$AAt?$AAw@
131B4 89 ??_C@_1M@BBGHNHJP@?$AAz?$AAu?$AA?9?$AAz?$AAa@
131C0 97 LOG_name
131D0 50 _One
131E0 50 _Bns
131F0 50 _Zero
13200 50 _S
13210 50 _NegZero
13218 79 ??_C@_1BA@BALFACEM@?$AAC?$AAO?$AAN?$AAO?$AAU?$AAT?$AA$@
13230 98 emask
13240 98 CC
13250 98 Magic
13260 98 hi_mask
13270 98 LOG10_2
13280 98 place_L
132A0 98 One
132B0 98 Zero
132C0 98 Two52
132D0 98 Infs
132E0 98 NaN
132F0 98 coeff
13330 37 __infinity
1333A 37 __minfinity
13344 37 __logemax
1334E 37 _log2max
13358 37 _smallarg
13362 37 _half
1336A 37 __OP_EXPjmptab
13390 35 __indefinite
1339A 35 __piby2
133A4 35 __piby4
133AE 35 One
133B6 35 Three
133BE 35 XAMtoTagTab
133D0 54 One
133D8 54 __DEFAULT_CW_in_mem
133DA 54 __pi_by_2_to_61
133E4 54 DblMax
133EC 54 DblMin
133F4 54 IeeeAdjO
133FC 54 IeeeAdjU
13404 54 _infinity
1340C 54 _zero
13414 91 ??_C@_03MGHMBJCF@log@
13418 91 ??_C@_05HGHHAHAP@log10@
13420 91 ??_C@_03KHJOGHMM@exp@
13424 91 ??_C@_03JGHBODFD@pow@
13428 91 ??_C@_04FIHNOPOL@asin@
13430 91 ??_C@_04PDIFKINK@acos@
13438 91 ??_C@_04EIAKFFMI@sqrt@
13440 91 __real@3ff0000000000000
13448 67 _over
13454 67 _under
13460 99 ___acrt_log10_table_t
13870 99 ___acrt_log10_table_cb
13C80 121 __real@3fe0000000000000
13C88 68 ?_names@?1??_get_fname@@9@4QBU<unnamed-type-_names>@?1??1@YAPADI@Z@B
13D70 68 ??_C@_04COOMCNPB@sinh@
13D78 68 ??_C@_04HPJJNFIM@cosh@
13D80 68 ??_C@_04FJHINJAO@tanh@
13D88 68 ??_C@_04MLLJIGOK@atan@
13D90 68 ??_C@_05KNGEOGJB@atan2@
13D98 68 ??_C@_03BLEJJJBH@sin@
13D9C 68 ??_C@_03LALBNOCG@cos@
13DA0 68 ??_C@_03IIINPABG@tan@
13DA4 68 ??_C@_04GFPJNGEK@ceil@
13DAC 68 ??_C@_05PBJFFIGL@floor@
13DB4 68 ??_C@_04ODHECPBC@fabs@
13DBC 68 ??_C@_04EHEDPDJG@modf@
13DC4 68 ??_C@_05CEJMAHNP@ldexp@
13DCC 68 ??_C@_05KBKMEMPO@_cabs@
13DD4 68 ??_C@_06MEIMCGCF@_hypot@
13DDC 68 ??_C@_04KEPJIHGP@fmod@
13DE4 68 ??_C@_05GKKHEGJL@frexp@
13DEC 68 ??_C@_03MJLDFKDL@_y0@
13DF0 68 ??_C@_03NAKIGLHK@_y1@
13DF4 68 ??_C@_03ONILCKOB@_yn@
13DF8 68 ??_C@_05JGDBENOH@_logb@
13E00 68 ??_C@_0L@KDOEJCKC@_nextafter@
13E10 139 __d_inf
13E18 139 __d_max
13E20 139 __d_mzero
13E2C 26 ??_7type_info@@6B@
13E30 15 two32
13E34 15 two63
13E38 15 _NaN
13E3C 171 ??_C@_0N@IHACIAEK@interrupted?$CB@
13E4C 171 ??_C@_08LOAFAMNO@_luaplug@
13E58 171 ??_C@_0BB@NFAIBGGI@RecreateLuaState@
13E6C 171 ??_C@_0BE@CHABKMMA@IsLuaStateRecreated@
13E80 173 ??_C@_0BG@JGJIBIIG@Wrapper_EncodePointer@
13E98 173 ??_C@_0BG@OMFOEGFD@Wrapper_DecodePointer@
13EB0 173 ??_C@_0BL@BBEHGDBL@Wrapper_GetModuleHandleExW@
13ECC 173 ??_C@_0BM@EDOCFJPK@Wrapper_InitializeSListHead@
13EE8 173 ??_C@_0BO@MMMKJFKC@Wrapper_InterlockedFlushSList@
13F08 173 ??_C@_0CC@NAEDINGB@Wrapper_InterlockedPushEntrySLi@
13F2C 173 ??_C@_0CB@CBAMEEON@Wrapper_GetNumaHighestNodeNumbe@
13F50 173 ??_C@_0CH@OPPPOLHC@Wrapper_GetLogicalProcessorInfo@
13F78 173 ??_C@_0CA@MMHMBOOA@Wrapper_SetThreadStackGuarantee@
13F98 173 ??_C@_0CE@LIGPHONN@Wrapper_InitializeCriticalSecti@
13FBC 173 ??_C@_1CM@BFAMBNFD@?$AA?$CB?$AAx?$AA?9?$AAs?$AAy?$AAs?$AA?9?$AAd?$AAe?$AAf?$AAa?$AAu?$AAl?$AAt?$AA?9@
13FE8 173 ??_C@_0BI@OMKKJAOO@Wrapper_CompareStringEx@
14000 173 ??_C@_0BG@OHLPLANO@Wrapper_LCMapStringEx@
14018 173 ??_C@_0CC@PDCHIDAD@Wrapper_SleepConditionVariableS@
1403C 173 ??_C@_0CB@MCGLLAP@Wrapper_WakeAllConditionVariabl@
14060 173 ??_C@_0CA@DKBCMHCP@Wrapper_AcquireSRWLockExclusive@
14080 173 ??_C@_0CA@KKENLMMH@Wrapper_ReleaseSRWLockExclusive@
140A0 173 ??_C@_0CD@HMIPNKOD@Wrapper_TryAcquireSRWLockExclus@
140C4 173 ??_C@_0BK@DDPOCJPI@Wrapper_InitializeSRWLock@
140E0 173 ??_C@_0BB@OCIMNOFH@Wrapper_FlsAlloc@
140F4 173 ??_C@_0BE@MINHNHKC@Wrapper_FlsGetValue@
14108 173 ??_C@_0BE@DJPLMENP@Wrapper_FlsSetValue@
1411C 173 ??_C@_0BA@BHMHFMJC@Wrapper_FlsFree@
1412C 173 ?kernel32@modules@@3QB_WB
14140 22 __load_config_used
14280 152 ??_R4exception@std@@6B@
14294 152 ??_R3exception@std@@8
142A4 152 ??_R2exception@std@@8
142AC 152 ??_R1A@?0A@EA@exception@std@@8
142C8 152 ??_R4bad_exception@std@@6B@
142DC 152 ??_R3bad_exception@std@@8
142EC 152 ??_R2bad_exception@std@@8
142F8 152 ??_R1A@?0A@EA@bad_exception@std@@8
14314 26 ??_R4type_info@@6B@
14328 26 ??_R3type_info@@8
14338 26 ??_R2type_info@@8
14340 26 ??_R1A@?0A@EA@type_info@@8
1435C 2 ___safe_se_handler_table
14384 2 ___volatile_metadata
14724 21 ___rtc_iaa
14728 21 ___rtc_izz
1472C 21 ___rtc_taa
14730 21 ___rtc_tzz
14738 11 __sehtable$?dllmain_crt_process_attach@@YAHQAUHINSTANCE__@@QAX@Z
14758 11 __sehtable$?dllmain_crt_process_detach@@YAH_N@Z
14780 11 __sehtable$?dllmain_dispatch@@YAHQAUHINSTANCE__@@KQAX@Z
147A0 29 __sehtable$___scrt_is_nonwritable_in_current_image
147C0 148 __sehtable$___DestructExceptionObject
147E0 152 __sehtable$?FrameUnwindToState@__FrameHandler3@@SAXPAUEHRegistrationNode@@PAXPBU_s_FuncInfo@@H@Z
14808 152 __sehtable$?CallCatchBlock@@YAPAXPAUEHExceptionRecord@@PAUEHRegistrationNode@@PAU_CONTEXT@@PBU_s_FuncInfo@@PAXHK@Z
14830 152 __catchsym$?CallUnexpected@@YAXPBU_s_ESTypeList@@@Z$2
14840 152 __unwindtable$?CallUnexpected@@YAXPBU_s_ESTypeList@@@Z
14850 152 __tryblocktable$?CallUnexpected@@YAXPBU_s_ESTypeList@@@Z
14864 152 __ehfuncinfo$?CallUnexpected@@YAXPBU_s_ESTypeList@@@Z
14888 152 __sehtable$??$BuildCatchObjectHelperInternal@V__FrameHandler3@@@@YAHPAUEHExceptionRecord@@PAXPBU_s_HandlerType@@PBU_s_CatchableType@@@Z
148A8 152 __sehtable$??$BuildCatchObjectInternal@V__FrameHandler3@@@@YAXPAUEHExceptionRecord@@PAXPBU_s_HandlerType@@PBU_s_CatchableType@@@Z
148C4 152 __TI2?AVbad_exception@std@@
148D4 152 __CTA2?AVbad_exception@std@@
148E0 152 __CT??_R0?AVbad_exception@std@@@8??0bad_exception@std@@QAE@ABV01@@Z12
148FC 152 __CT??_R0?AVexception@std@@@8??0exception@std@@QAE@ABV01@@Z12
14918 129 __sehtable$_signal
14938 129 __sehtable$_raise
14958 129 __sehtable$?ctrlevent_capture@@YGHK@Z
14978 129 __sehtable$??$?RV<lambda_cbab9ec6f41b0180b23cc171c22676b0>@@AAV<lambda_44731a7d0e6d81c3e6aa82d741081786>@@V<lambda_4b292cb8dd18144e164572427af410ab>@@@?$__crt_seh_guarded_call@P6AXH@Z@@QAEP6AXH@Z$$QAV<lambda_cbab9ec6f41b0180b23cc171c22676b0>@@AAV<lambda_44731a7d0e6d81c3e6aa82d741081786>@@$$QAV<lambda_4b292cb8dd18144e164572427af410ab>@@@Z
14994 145 __ehfuncinfo$?write_double_translated_ansi_nolock@@YA?AUwrite_result@?A0x17268360@@HQBDIAAV__crt_cached_ptd_host@@@Z
149B8 61 __unwindtable$?common_exit@@YAXHW4_crt_exit_cleanup_mode@@W4_crt_exit_return_mode@@@Z
149C0 61 __ehfuncinfo$?common_exit@@YAXHW4_crt_exit_cleanup_mode@@W4_crt_exit_return_mode@@@Z
149E8 61 __sehtable$??R<lambda_6e4b09c48022b2350581041d5f6b0c4c>@@QBE@XZ
14A08 61 __sehtable$??$?RV<lambda_03b1d95aef87969028cfba75ccab2455>@@AAV<lambda_6e4b09c48022b2350581041d5f6b0c4c>@@V<lambda_22bdf7517842c4b3e53723af5aa32b9e>@@@?$__crt_seh_guarded_call@X@@QAEX$$QAV<lambda_03b1d95aef87969028cfba75ccab2455>@@AAV<lambda_6e4b09c48022b2350581041d5f6b0c4c>@@$$QAV<lambda_22bdf7517842c4b3e53723af5aa32b9e>@@@Z
14A24 58 __unwindtable$___dcrt_uninitialize_environments_nolock
14A34 58 __ehfuncinfo$___dcrt_uninitialize_environments_nolock
14A58 116 __unwindtable$__execute_onexit_table
14A60 116 __ehfuncinfo$__execute_onexit_table
14A88 116 __sehtable$??$?RV<lambda_69a2805e680e0e292e8ba93315fe43a8>@@AAV<lambda_f03950bc5685219e0bcd2087efbe011e>@@V<lambda_03fcd07e894ec930e3f35da366ca99d6>@@@?$__crt_seh_guarded_call@H@@QAEH$$QAV<lambda_69a2805e680e0e292e8ba93315fe43a8>@@AAV<lambda_f03950bc5685219e0bcd2087efbe011e>@@$$QAV<lambda_03fcd07e894ec930e3f35da366ca99d6>@@@Z
14AA8 138 __sehtable$_terminate
14AC8 120 __sehtable$??$?RV<lambda_15ade71b0218206bbe3333a0c9b79046>@@AAV<lambda_da44e0f8b0f19ba52fefafb335991732>@@V<lambda_207f2d024fc103971653565357d6cd41>@@@?$__crt_seh_guarded_call@X@@QAEX$$QAV<lambda_15ade71b0218206bbe3333a0c9b79046>@@AAV<lambda_da44e0f8b0f19ba52fefafb335991732>@@$$QAV<lambda_207f2d024fc103971653565357d6cd41>@@@Z
14AE8 120 __sehtable$??$?RV<lambda_a7e850c220f1c8d1e6efeecdedd162c6>@@AAV<lambda_46720907175c18b6c9d2717bc0d2d362>@@V<lambda_9048902d66e8d99359bc9897bbb930a8>@@@?$__crt_seh_guarded_call@X@@QAEX$$QAV<lambda_a7e850c220f1c8d1e6efeecdedd162c6>@@AAV<lambda_46720907175c18b6c9d2717bc0d2d362>@@$$QAV<lambda_9048902d66e8d99359bc9897bbb930a8>@@@Z
14B08 120 __sehtable$??$?RV<lambda_38edbb1296d33220d7e4dd0ed76b244a>@@AAV<lambda_5ce1d447e08cb34b2473517608e21441>@@V<lambda_fb385d3da700c9147fc39e65dd577a8c>@@@?$__crt_seh_guarded_call@X@@QAEX$$QAV<lambda_38edbb1296d33220d7e4dd0ed76b244a>@@AAV<lambda_5ce1d447e08cb34b2473517608e21441>@@$$QAV<lambda_fb385d3da700c9147fc39e65dd577a8c>@@@Z
14B28 120 __sehtable$??$?RV<lambda_6affb1475c98b40b75cdec977db92e3c>@@AAV<lambda_b8d4b9c228a6ecc3f80208dbb4b4a104>@@V<lambda_608742c3c92a14382c1684fc64f96c88>@@@?$__crt_seh_guarded_call@X@@QAEX$$QAV<lambda_6affb1475c98b40b75cdec977db92e3c>@@AAV<lambda_b8d4b9c228a6ecc3f80208dbb4b4a104>@@$$QAV<lambda_608742c3c92a14382c1684fc64f96c88>@@@Z
14B48 105 __sehtable$?update_thread_multibyte_data_internal@@YAPAU__crt_multibyte_data@@QAU__acrt_ptd@@QAPAU1@@Z
14B68 105 __sehtable$??$?RV<lambda_ceb1ee4838e85a9d631eb091e2fbe199>@@AAV<lambda_ae742caa10f662c28703da3d2ea5e57e>@@V<lambda_cd08b5d6af4937fe54fc07d0c9bf6b37>@@@?$__crt_seh_guarded_call@X@@QAEX$$QAV<lambda_ceb1ee4838e85a9d631eb091e2fbe199>@@AAV<lambda_ae742caa10f662c28703da3d2ea5e57e>@@$$QAV<lambda_cd08b5d6af4937fe54fc07d0c9bf6b37>@@@Z
14B88 86 __sehtable$___acrt_initialize_lowio
14BA8 113 __sehtable$__query_new_handler
14BC8 64 __sehtable$??$?RV<lambda_2866be3712abc81a800a822484c830d8>@@AAV<lambda_39ca0ed439415581b5b15c265174cece>@@V<lambda_2b24c74d71094a6cd0cb82e44167d71b>@@@?$__crt_seh_guarded_call@X@@QAEX$$QAV<lambda_2866be3712abc81a800a822484c830d8>@@AAV<lambda_39ca0ed439415581b5b15c265174cece>@@$$QAV<lambda_2b24c74d71094a6cd0cb82e44167d71b>@@@Z
14BE8 64 __sehtable$??$?RV<lambda_2cc53f568c5a2bb6f192f930a45d44ea>@@AAV<lambda_ab61a845afdef5b7c387490eaf3616ee>@@V<lambda_c2ffc0b7726aa6be21d5f0026187e748>@@@?$__crt_seh_guarded_call@X@@QAEX$$QAV<lambda_2cc53f568c5a2bb6f192f930a45d44ea>@@AAV<lambda_ab61a845afdef5b7c387490eaf3616ee>@@$$QAV<lambda_c2ffc0b7726aa6be21d5f0026187e748>@@@Z
14C08 146 __sehtable$??$?RV<lambda_e5124f882df8998aaf41531e079ba474>@@AAV<lambda_3e16ef9562a7dcce91392c22ab16ea36>@@V<lambda_e25ca0880e6ef98be67edffd8c599615>@@@?$__crt_seh_guarded_call@X@@QAEX$$QAV<lambda_e5124f882df8998aaf41531e079ba474>@@AAV<lambda_3e16ef9562a7dcce91392c22ab16ea36>@@$$QAV<lambda_e25ca0880e6ef98be67edffd8c599615>@@@Z
14C28 93 __sehtable$___acrt_update_thread_locale_data
14C48 117 __sehtable$___acrt_lowio_ensure_fh_exists
14C68 53 __sehtable$??$?RV<lambda_9e9de3de5fa147e2223d7db92bc10aa6>@@AAV<lambda_38ce7e780aa69e748d6df282ebc68efe>@@V<lambda_8ca6da459f0f6780f1cff60fdc3d00e5>@@@?$__crt_seh_guarded_call@H@@QAEH$$QAV<lambda_9e9de3de5fa147e2223d7db92bc10aa6>@@AAV<lambda_38ce7e780aa69e748d6df282ebc68efe>@@$$QAV<lambda_8ca6da459f0f6780f1cff60fdc3d00e5>@@@Z
14C88 145 __sehtable$__write_internal
14CA8 52 __sehtable$__fcloseall
14CC8 62 __sehtable$?_fclose_internal@@YAHQAU_iobuf@@AAV__crt_cached_ptd_host@@@Z
14CE8 51 __sehtable$??$?RV<lambda_d422a76eb4c3bf3ad751449ab71a6ea4>@@AAV<lambda_c9ba49e555ba839a7b07aa3fbecb7617>@@V<lambda_9476263c8ee91a25d21c55370bdb50de>@@@?$__crt_seh_guarded_call@H@@QAEH$$QAV<lambda_d422a76eb4c3bf3ad751449ab71a6ea4>@@AAV<lambda_c9ba49e555ba839a7b07aa3fbecb7617>@@$$QAV<lambda_9476263c8ee91a25d21c55370bdb50de>@@@Z
14D08 23 __sehtable$__IsNonwritableInCurrentImage
14D30 32 .edata
14D58 32 rgpv
14DE0 32 rgszName
14E68 32 rgwOrd
14EAC 32 szName
14EB9 32 $N00001
14EC2 32 $N00002
14ED0 32 $N00003
14EDC 32 $N00004
14EE5 32 $N00005
14EF0 32 $N00006
14EFD 32 $N00007
14F06 32 $N00008
14F17 32 $N00009
14F25 32 $N00010
14F35 32 $N00011
14F47 32 $N00012
14F51 32 $N00013
14F5E 32 $N00014
14F6D 32 $N00015
14F79 32 $N00016
14F8B 32 $N00017
14F9D 32 $N00018
14FAC 32 $N00019
14FBB 32 $N00020
14FC1 32 $N00021
14FD6 32 $N00022
14FEA 32 $N00023
14FFE 32 $N00024
15012 32 $N00025
15023 32 $N00026
15036 32 $N00027
15049 32 $N00028
1505E 32 $N00029
15072 32 $N00030
1507C 32 $N00031
1508A 32 $N00032
15097 32 $N00033
150A7 32 $N00034
150B8 34 __IMPORT_DESCRIPTOR_KERNEL32
150CC 169 __IMPORT_DESCRIPTOR_lua51
150E0 170 __IMPORT_DESCRIPTOR_luafar3
150F4 34 __NULL_IMPORT_DESCRIPTOR
1543C 34 .idata$6
15504 169 .idata$6
157B6 170 .idata$6
16000 16 ___security_cookie
16040 16 ___security_cookie_complement
16044 29 ___scrt_native_dllmain_reason
16050 7 ___isa_inverted
16058 7 ___isa_enabled
16060 159 ?__vcrt_flsindex@@3KA
16070 150 __NLG_Destination
16080 43 ___abort_behavior
16090 59 ?errno_no_memory@@3HA
16094 59 ?doserrno_no_memory@@3KA
16098 120 ?__acrt_flsindex@@3KA
160A0 105 ___acrt_initial_multibyte_data
162C0 105 __mbctypes
163C8 105 __mbcasemaps
164C8 105 ?__rgctypeflag@@3PADA
164D0 105 ?__rgcode_page_info@@3PAUcode_page_info@@A
165C0 115 ___acrt_initial_locale_data
16678 115 ___acrt_initial_locale_pointers
16680 115 ___acrt_wide_c_locale_string
16688 39 __iob
16730 76 ___globallocalestatus
16738 95 ___acrt_lconv_c
16788 95 ___acrt_lconv_static_decimal
1678C 95 ___acrt_lconv_static_W_decimal
16790 124 __lookuptrailbytes
16890 79 ?__dcrt_lowio_console_output_handle@@3PAXA
168A0 14 __fltused
168B0 152 ??_R0?AVbad_exception@std@@@8
168D0 152 ??_R0?AVexception@std@@@8
168EC 26 ??_R0?AVtype_info@@@8
16908 11 ?__proc_attached@@3HA
16910 17 _GS_ExceptionRecord
16960 17 _GS_ContextRecord
16C30 27 ?__type_info_root_node@@3U__type_info_node@@A
16C38 8 ?_OptionsStorage@?1??__local_stdio_printf_options@@9@4_KA
16C40 8 ?_OptionsStorage@?1??__local_stdio_scanf_options@@9@4_KA
16C48 29 ___scrt_current_native_startup_state
16C4C 29 ___scrt_native_startup_lock
16C50 29 ?is_initialized_as_dll@@3_NA
16C51 29 ?module_local_atexit_table_initialized@@3_NA
16C54 29 ?module_local_atexit_table@@3U_onexit_table_t@@A
16C60 29 ?module_local_at_quick_exit_table@@3U_onexit_table_t@@A
16C6C 30 ___scrt_debugger_hook_flag
16C70 7 ___avx10_version
16C74 7 ___isa_available
16C78 7 ___favor
16C7C 148 ?__WinRTOutOfMemoryExceptionCallback@@3P6GPAXXZA
16C80 159 ?__vcrt_startup_thread_ptd@@3U__vcrt_ptd@@A
16CA8 165 ?pArgList@UnDecorator@@0PAVReplicator@@A
16CAC 165 ?pZNameList@UnDecorator@@0PAVReplicator@@A
16CB0 165 ?pTemplateArgList@UnDecorator@@0PAVReplicator@@A
16CB4 165 ?gName@UnDecorator@@0PBDB
16CB8 165 ?name@UnDecorator@@0PBDB
16CBC 165 ?disableFlags@UnDecorator@@0KA
16CC0 165 ?fExplicitTemplateParams@UnDecorator@@0_NA
16CC1 165 ?fGetTemplateArgumentList@UnDecorator@@0_NA
16CC4 165 ?m_pGetParameter@UnDecorator@@0P6APADJ@ZA
16CC8 165 ?m_CHPENameOffset@UnDecorator@@0KA
16CCC 165 ?m_recursionLevel@UnDecorator@@0KA
16CD0 165 ?heap@@3V_HeapManager@@A
16CE4 155 ___vcrt_lock_table
16CFC 155 ___vcrt_locks_initialized
16D00 168 ?module_handles@@3PAPAUHINSTANCE__@@A
16D0C 168 ?function_pointers@@3PAPAXA
16D20 160 ___pPurecall
16D24 129 ?console_ctrl_handler_installed@@3_NA
16D28 129 ?ctrlc_action@@3V?$dual_state_global@P6AXH@Z@__crt_state_management@@A
16D2C 129 ?ctrlbreak_action@@3V?$dual_state_global@P6AXH@Z@__crt_state_management@@A
16D30 129 ?abort_action@@3V?$dual_state_global@P6AXH@Z@__crt_state_management@@A
16D34 129 ?term_action@@3V?$dual_state_global@P6AXH@Z@__crt_state_management@@A
16D38 61 ?c_termination_complete@@3JA
16D3C 61 ?thread_local_exit_callback_func@@3P6GXPAXK0@ZA
16D40 61 ?c_exit_complete@?1???R<lambda_6e4b09c48022b2350581041d5f6b0c4c>@@QBE@XZ@4_NA
16D48 45 ?program_name@?1???$common_configure_argv@D@@YAHW4_crt_argv_mode@@@Z@4PADA
16E50 58 __environ_table
16E54 58 __wenviron_table
16E58 58 ___dcrt_initial_wide_environment
16E5C 58 ___dcrt_initial_narrow_environment
16E60 116 ___acrt_atexit_table
16E6C 116 ___acrt_at_quick_exit_table
16E78 85 ?__acrt_invalid_parameter_handler@@3V?$dual_state_global@P6AXPB_W00II@Z@__crt_state_management@@A
16E80 96 ?__acrt_lock_table@@3PAU_RTL_CRITICAL_SECTION@@A
16FD0 96 ?__acrt_locks_initialized@@3IA
16FD4 105 __mbctype
16FD8 105 __mbcasemap
16FDC 105 ___acrt_current_multibyte_data
16FE0 105 ?fSystemSet@@3HA
16FE4 105 ?initialized@?1??__acrt_initialize_multibyte@@9@4_NA
16FE8 44 __pgmptr
16FEC 44 ___argc
16FF0 44 ___argv
16FF4 44 ___wargv
16FF8 44 __acmdln
16FFC 44 __wcmdln
17000 144 ?module_handles@@3PAPAUHINSTANCE__@@A
17058 144 ?encoded_function_pointers@@3PAPAXA
170E4 77 ___acrt_heap
170E8 86 ___pioinfo
172E8 86 __nhandle
172EC 113 ?__acrt_new_handler@@3V?$dual_state_global@P6AHI@Z@__crt_state_management@@A
172F0 103 ?user_matherr@@3V?$dual_state_global@P6AHPAU_exception@@@Z@__crt_state_management@@A
172F4 115 ___acrt_current_locale_data
172F8 39 __nstream
172FC 39 ___piob
17300 41 ___acrt_stdout_buffer
17304 41 ___acrt_stderr_buffer
17308 109 ?internal_state@?1??_mbtowc_internal@@9@4U_Mbstatet@@A
17310 146 ___acrt_locale_changed_data
17314 114 ?__acrt_global_new_mode@@3V?$dual_state_global@J@__crt_state_management@@A
17318 95 ___acrt_lconv_static_null
1731C 95 ___acrt_lconv_static_W_null
17320 127 ?__acrt_app_type@@3W4_crt_app_type@@A
17324 106 ?internal_pst@?1??__mbrtoc32_utf8@__crt_mbstring@@YAIPA_UPBDIPAU_Mbstatet@@AAV__crt_cached_ptd_host@@@Z@4U3@A
1732C 66 ___fastflag
17330 91 __pmatherr_set
17334 171 ?nest@?1??GetContentDataW@@9@9
17338 171 _G
17798 173 ?FunctionPointer@?1??Wrapper_FlsAlloc@@9@4@4Q6GKP6GXPAX@Z@ZA
1779C 173 ?FunctionPointer@?1??Wrapper_CompareStringEx@@9@36@4Q6GHPB_WK0H0HPAU_nlsversioninfo@@PAXJ@ZA
177A0 173 ?FunctionPointer@?1??Wrapper_InitializeSListHead@@9@4@4Q6GXPAT_SLIST_HEADER@@@ZA
177A4 173 ?$S11@?1??Wrapper_InitializeCriticalSectionEx@@9@12@4IA
177A8 173 ?$S6@?1??Wrapper_InterlockedFlushSList@@9@4@4IA
177AC 173 ?FunctionPointer@?1??Wrapper_WakeAllConditionVariable@@9@4@4Q6GXPAU_RTL_CONDITION_VARIABLE@@@ZA
177B0 173 ?$S4@?1??Wrapper_GetModuleHandleExW@@9@12@4IA
177B4 173 ?Cookie@?1??XorPointer@@YAPAXPAX@Z@4IB
177B8 173 ?FunctionPointer@?1??Wrapper_GetLogicalProcessorInformation@@9@8@4Q6GHPAU_SYSTEM_LOGICAL_PROCESSOR_INFORMATION@@PAK@ZA
177BC 173 ?$S1@?1??XorPointer@@YAPAXPAX@Z@4IA
177C0 173 ?FunctionPointer@?1??Wrapper_SleepConditionVariableSRW@@9@16@4Q6GHPAU_RTL_CONDITION_VARIABLE@@PAU_RTL_SRWLOCK@@KK@ZA
177C4 173 ?$S13@?1??Wrapper_LCMapStringEx@@9@36@4IA
177C8 173 ?$S10@?1??Wrapper_SetThreadStackGuarantee@@9@4@4IA
177CC 173 ?FunctionPointer@?1??Wrapper_TryAcquireSRWLockExclusive@@9@4@4Q6GEPAU_RTL_SRWLOCK@@@ZA
177D0 173 ?$S12@?1??Wrapper_CompareStringEx@@9@36@4IA
177D4 173 ?$S16@?1??Wrapper_AcquireSRWLockExclusive@@9@4@4IA
177D8 173 ?FunctionPointer@?1??Wrapper_GetModuleHandleExW@@9@12@4Q6GHKPB_WPAPAUHINSTANCE__@@@ZA
177DC 173 ?$S7@?1??Wrapper_InterlockedPushEntrySList@@9@8@4IA
177E0 173 ?$S9@?1??Wrapper_GetLogicalProcessorInformation@@9@8@4IA
177E4 173 ?$S23@?1??Wrapper_FlsFree@@9@4@4IA
177E8 173 ?$S8@?1??Wrapper_GetNumaHighestNodeNumber@@9@4@4IA
177EC 173 ?$S5@?1??Wrapper_InitializeSListHead@@9@4@4IA
177F0 173 ?FunctionPointer@?1??Wrapper_FlsGetValue@@9@4@4Q6GPAXK@ZA
177F4 173 ?FunctionPointer@?1??Wrapper_DecodePointer@@9@4@4Q6GPAXPAX@ZA
177F8 173 ?FunctionPointer@?1??Wrapper_SetThreadStackGuarantee@@9@4@4Q6GHPAK@ZA
177FC 173 ?$S14@?1??Wrapper_SleepConditionVariableSRW@@9@16@4IA
17800 173 ?$S21@?1??Wrapper_FlsGetValue@@9@4@4IA
17804 173 ?$S18@?1??Wrapper_TryAcquireSRWLockExclusive@@9@4@4IA
17808 173 ?$S15@?1??Wrapper_WakeAllConditionVariable@@9@4@4IA
1780C 173 ?FunctionPointer@?1??Wrapper_FlsFree@@9@4@4Q6GHK@ZA
17810 173 ?$S3@?1??Wrapper_DecodePointer@@9@4@4IA
17814 173 ?$S20@?1??Wrapper_FlsAlloc@@9@4@4IA
17818 173 ?$S19@?1??Wrapper_InitializeSRWLock@@9@4@4IA
1781C 173 ?FunctionPointer@?1??Wrapper_InterlockedFlushSList@@9@4@4Q6GPAU_SINGLE_LIST_ENTRY@@PAT_SLIST_HEADER@@@ZA
17820 173 ?FunctionPointer@?1??Wrapper_InterlockedPushEntrySList@@9@8@4Q6GPAU_SINGLE_LIST_ENTRY@@PAT_SLIST_HEADER@@PAU2@@ZA
17824 173 ?$S17@?1??Wrapper_ReleaseSRWLockExclusive@@9@4@4IA
17828 173 ?$S2@?1??Wrapper_EncodePointer@@9@4@4IA
1782C 173 ?FunctionPointer@?1??Wrapper_InitializeSRWLock@@9@4@4Q6GXPAU_RTL_SRWLOCK@@@ZA
17830 173 ?Ptr@?1???R<lambda_1>@?1??XorPointer@@YAPAXPAX@Z@QBE@XZ@4PAXA
17834 173 ?FunctionPointer@?1??Wrapper_EncodePointer@@9@4@4Q6GPAXPAX@ZA
17838 173 ?$S22@?1??Wrapper_FlsSetValue@@9@8@4IA
1783C 173 ?FunctionPointer@?1??Wrapper_InitializeCriticalSectionEx@@9@12@4Q6GHPAU_RTL_CRITICAL_SECTION@@KK@ZA
17840 173 ?FunctionPointer@?1??Wrapper_ReleaseSRWLockExclusive@@9@4@4Q6GXPAU_RTL_SRWLOCK@@@ZA
17844 173 ?FunctionPointer@?1??Wrapper_LCMapStringEx@@9@36@4Q6GHPB_WK0HPA_WHPAU_nlsversioninfo@@PAXJ@ZA
17848 173 ?FunctionPointer@?1??Wrapper_GetNumaHighestNodeNumber@@9@4@4Q6GHPAK@ZA
1784C 173 ?FunctionPointer@?1??Wrapper_AcquireSRWLockExclusive@@9@4@4Q6GXPAU_RTL_SRWLOCK@@@ZA
17850 173 ?FunctionPointer@?1??Wrapper_FlsSetValue@@9@8@4Q6GHKPAX@ZA
17854 1 ___scrt_ucrt_dll_is_in_use
17858 1 ___dyn_tls_init_callback
1785C 1 __pmatherr
17860 1 ___use_sse2_mathfcns
18060 33 $R000000
